
 RUN  v1.6.1 C:/Users/denni/OneDrive/Documents/piano-app

stdout | src/test/playback-manager.test.js > PlaybackManager > State Management > should load recording
[PlaybackManager] Loading recording: Test with 0 events

stdout | src/test/playback-manager.test.js > PlaybackManager > Playback > should start playback
[PlaybackManager] Loading recording: Test with 1 events
[PlaybackManager] Starting playback, recording has 1 events, waitForInput: false
[PlaybackManager] Scheduling events from index 0 to 0
[PlaybackManager] Effective start time: 1000 Current time: 1000
[PlaybackManager] Firing immediate event at index 0 type: noteOn note: 60
[PlaybackManager] Firing event: { type: 'noteOn', note: 60, index: 0 }

stdout | src/test/playback-manager.test.js > PlaybackManager > Playback > should pause playback
[PlaybackManager] Loading recording: Test with 1 events
[PlaybackManager] Starting playback, recording has 1 events, waitForInput: false
[PlaybackManager] Scheduling events from index 0 to 0
[PlaybackManager] Effective start time: 1000 Current time: 1000
[PlaybackManager] Firing immediate event at index 0 type: noteOn note: 60
[PlaybackManager] Firing event: { type: 'noteOn', note: 60, index: 0 }

stdout | src/test/playback-manager.test.js > PlaybackManager > Playback > should resume playback after pause
[PlaybackManager] Loading recording: Test with 1 events
[PlaybackManager] Starting playback, recording has 1 events, waitForInput: false
[PlaybackManager] Scheduling events from index 0 to 0
[PlaybackManager] Effective start time: 1000 Current time: 1000
[PlaybackManager] Firing immediate event at index 0 type: noteOn note: 60
[PlaybackManager] Firing event: { type: 'noteOn', note: 60, index: 0 }
[PlaybackManager] Scheduling events from index 1 to 0
[PlaybackManager] Effective start time: 1000 Current time: 1000

stdout | src/test/playback-manager.test.js > PlaybackManager > Playback > should stop playback
[PlaybackManager] Loading recording: Test with 1 events
[PlaybackManager] Starting playback, recording has 1 events, waitForInput: false
[PlaybackManager] Scheduling events from index 0 to 0
[PlaybackManager] Effective start time: 1000 Current time: 1000
[PlaybackManager] Firing immediate event at index 0 type: noteOn note: 60
[PlaybackManager] Firing event: { type: 'noteOn', note: 60, index: 0 }

stdout | src/test/playback-manager.test.js > PlaybackManager > Event Emission > should emit events during playback
[PlaybackManager] Loading recording: Test with 1 events
[PlaybackManager] Starting playback, recording has 1 events, waitForInput: false
[PlaybackManager] Scheduling events from index 0 to 0
[PlaybackManager] Effective start time: 1000 Current time: 1000
[PlaybackManager] Firing immediate event at index 0 type: noteOn note: 60
[PlaybackManager] Firing event: { type: 'noteOn', note: 60, index: 0 }

stdout | src/test/playback-manager.test.js > PlaybackManager > Event Emission > should emit progress events
[PlaybackManager] Loading recording: Test with 1 events
[PlaybackManager] Starting playback, recording has 1 events, waitForInput: false
[PlaybackManager] Scheduling events from index 0 to 0
[PlaybackManager] Effective start time: 1000 Current time: 1000
[PlaybackManager] Firing immediate event at index 0 type: noteOn note: 60
[PlaybackManager] Firing event: { type: 'noteOn', note: 60, index: 0 }

stdout | src/test/playback-manager.test.js > PlaybackManager > Event Emission > should emit complete event when playback finishes
[PlaybackManager] Loading recording: Test with 1 events
[PlaybackManager] Starting playback, recording has 1 events, waitForInput: false
[PlaybackManager] Scheduling events from index 0 to 0
[PlaybackManager] Effective start time: 1000 Current time: 1000
[PlaybackManager] Firing immediate event at index 0 type: noteOn note: 60
[PlaybackManager] Firing event: { type: 'noteOn', note: 60, index: 0 }

stdout | src/test/playback-manager.test.js > PlaybackManager > Event Emission > should emit stop event when stopped
[PlaybackManager] Loading recording: Test with 0 events

stdout | src/test/playback-manager.test.js > PlaybackManager > Event Scheduling > should schedule events with correct timing
[PlaybackManager] Loading recording: Test with 2 events
[PlaybackManager] Starting playback, recording has 2 events, waitForInput: false
[PlaybackManager] Scheduling events from index 0 to 1
[PlaybackManager] Effective start time: 1000 Current time: 1000
[PlaybackManager] Firing immediate event at index 0 type: noteOn note: 60
[PlaybackManager] Firing event: { type: 'noteOn', note: 60, index: 0 }
[PlaybackManager] Scheduling event at index 1 with delay 500 ms

stdout | src/test/playback-manager.test.js > PlaybackManager > Event Scheduling > should handle empty recordings
[PlaybackManager] Loading recording: Test with 0 events
[PlaybackManager] Starting playback, recording has 0 events, waitForInput: false
[PlaybackManager] Scheduling events from index 0 to -1
[PlaybackManager] Effective start time: 1000 Current time: 1000

stdout | src/test/playback-manager.test.js > PlaybackManager > Progress Tracking > should track playback progress
[PlaybackManager] Loading recording: Test with 2 events
[PlaybackManager] Starting playback, recording has 2 events, waitForInput: false
[PlaybackManager] Scheduling events from index 0 to 1
[PlaybackManager] Effective start time: 1000 Current time: 1000
[PlaybackManager] Firing immediate event at index 0 type: noteOn note: 60
[PlaybackManager] Firing event: { type: 'noteOn', note: 60, index: 0 }
[PlaybackManager] Scheduling event at index 1 with delay 500 ms

stdout | src/test/playback-manager.test.js > PlaybackManager > Progress Tracking > should return current playback time
[PlaybackManager] Loading recording: Test with 1 events

stdout | src/test/playback-manager.test.js > PlaybackManager > Playback Rate > should adjust timing for playback rate
[PlaybackManager] Loading recording: Test with 1 events
[PlaybackManager] Starting playback, recording has 1 events, waitForInput: false
[PlaybackManager] Scheduling events from index 0 to 0
[PlaybackManager] Effective start time: 1000 Current time: 1000
[PlaybackManager] Firing immediate event at index 0 type: noteOn note: 60
[PlaybackManager] Firing event: { type: 'noteOn', note: 60, index: 0 }

stdout | src/test/playback-manager.test.js > PlaybackManager > Seek > should seek to specific time
[PlaybackManager] Loading recording: Test with 2 events

stdout | src/test/playback-manager.test.js > PlaybackManager > Cleanup > should clear scheduled timeouts on stop
[PlaybackManager] Loading recording: Test with 1 events
[PlaybackManager] Starting playback, recording has 1 events, waitForInput: false
[PlaybackManager] Scheduling events from index 0 to 0
[PlaybackManager] Effective start time: 1000 Current time: 1000
[PlaybackManager] Firing immediate event at index 0 type: noteOn note: 60
[PlaybackManager] Firing event: { type: 'noteOn', note: 60, index: 0 }

stdout | src/test/playback-manager.test.js > PlaybackManager > Cleanup > should clear scheduled timeouts on pause
[PlaybackManager] Loading recording: Test with 1 events
[PlaybackManager] Starting playback, recording has 1 events, waitForInput: false
[PlaybackManager] Scheduling events from index 0 to 0
[PlaybackManager] Effective start time: 1000 Current time: 1000
[PlaybackManager] Firing immediate event at index 0 type: noteOn note: 60
[PlaybackManager] Firing event: { type: 'noteOn', note: 60, index: 0 }

 Γ£ô src/test/recording-format.test.js  (27 tests) 14ms
 Γ£ô src/test/playback-manager.test.js  (24 tests) 76ms
 Γ£ô src/test/ChordPracticeIntegration.test.js  (15 tests) 52ms
stdout | src/test/ChordPracticeIntegration.test.js > Chord Practice Integration - Matching Logic > Chord Name Comparison > should match F Major exactly
[Test] Testing exact chord name matching
[Test] WHY: Chord practice mode requires exact name matching to advance
[Test] IMPORTANCE: Users need accurate progression advancement for effective practice
[Test] MIDI Notes: F3=53, A3=57, C4=60
[music-theory] identifyChord called { activeNotes: [ 53, 57, 60 ], length: 3 }
[music-theory] identifyChord: pitch classes { activeNotes: [ 53, 57, 60 ], pitchClasses: [ 5, 9, 0 ] }
[music-theory] identifyChord: MATCH FOUND! {
  root: 'F',
  type: 'major',
  pitchClasses: [ 5, 9, 0 ],
  targetNotes: [ 'F', 'A', 'C' ]
}
[music-theory] identifyChord: inversion calculation { bassMidi: 53, bassNoteIndex: 5, rootIndex: 5, interval: 0 }
[music-theory] identifyChord: returning {
  root: 'F',
  type: 'major',
  name: 'F Major',
  inversion: 'Root Position'
}
[Test] Γ£à F Major matched exactly

stdout | src/test/ChordPracticeIntegration.test.js > Chord Practice Integration - Matching Logic > Chord Name Comparison > should match C Major exactly
[Test] Testing C Major exact matching
[Test] WHY: Validates matching works for different chord positions in progression
[Test] IMPORTANCE: Ensures progression advancement works for all chords, not just first
[Test] MIDI Notes: C4=60, E4=64, G4=67
[music-theory] identifyChord called { activeNotes: [ 60, 64, 67 ], length: 3 }
[music-theory] identifyChord: pitch classes { activeNotes: [ 60, 64, 67 ], pitchClasses: [ 0, 4, 7 ] }
[music-theory] identifyChord: MATCH FOUND! {
  root: 'C',
  type: 'major',
  pitchClasses: [ 0, 4, 7 ],
  targetNotes: [ 'C', 'E', 'G' ]
}
[music-theory] identifyChord: inversion calculation { bassMidi: 60, bassNoteIndex: 0, rootIndex: 0, interval: 0 }
[music-theory] identifyChord: returning {
  root: 'C',
  type: 'major',
  name: 'C Major',
  inversion: 'Root Position'
}
[Test] Γ£à C Major matched exactly

stdout | src/test/ChordPracticeIntegration.test.js > Chord Practice Integration - Matching Logic > Chord Name Comparison > should match A# Major exactly
[Test] Testing A# Major exact matching with sharp root
[Test] WHY: Validates matching works with sharp/flat roots
[Test] IMPORTANCE: Ensures all chromatic roots work in chord practice mode
[Test] MIDI Notes: A#3=58, D4=62, F4=65
[music-theory] identifyChord called { activeNotes: [ 58, 62, 65 ], length: 3 }
[music-theory] identifyChord: pitch classes { activeNotes: [ 58, 62, 65 ], pitchClasses: [ 10, 2, 5 ] }
[music-theory] identifyChord: MATCH FOUND! {
  root: 'A#',
  type: 'major',
  pitchClasses: [ 10, 2, 5 ],
  targetNotes: [ 'A#', 'D', 'F' ]
}
[music-theory] identifyChord: inversion calculation { bassMidi: 58, bassNoteIndex: 10, rootIndex: 10, interval: 0 }
[music-theory] identifyChord: returning {
  root: 'A#',
  type: 'major',
  name: 'A# Major',
  inversion: 'Root Position'
}
[Test] Γ£à A# Major matched exactly

stdout | src/test/ChordPracticeIntegration.test.js > Chord Practice Integration - Matching Logic > Progression Matching > should match first chord in I IV V I progression
[music-theory] identifyChord called { activeNotes: [ 53, 57, 60 ], length: 3 }
[music-theory] identifyChord: pitch classes { activeNotes: [ 53, 57, 60 ], pitchClasses: [ 5, 9, 0 ] }
[music-theory] identifyChord: MATCH FOUND! {
  root: 'F',
  type: 'major',
  pitchClasses: [ 5, 9, 0 ],
  targetNotes: [ 'F', 'A', 'C' ]
}
[music-theory] identifyChord: inversion calculation { bassMidi: 53, bassNoteIndex: 5, rootIndex: 5, interval: 0 }
[music-theory] identifyChord: returning {
  root: 'F',
  type: 'major',
  name: 'F Major',
  inversion: 'Root Position'
}

stdout | src/test/ChordPracticeIntegration.test.js > Chord Practice Integration - Matching Logic > Progression Matching > should match second chord in I IV V I progression
[music-theory] identifyChord called { activeNotes: [ 58, 62, 65 ], length: 3 }
[music-theory] identifyChord: pitch classes { activeNotes: [ 58, 62, 65 ], pitchClasses: [ 10, 2, 5 ] }
[music-theory] identifyChord: MATCH FOUND! {
  root: 'A#',
  type: 'major',
  pitchClasses: [ 10, 2, 5 ],
  targetNotes: [ 'A#', 'D', 'F' ]
}
[music-theory] identifyChord: inversion calculation { bassMidi: 58, bassNoteIndex: 10, rootIndex: 10, interval: 0 }
[music-theory] identifyChord: returning {
  root: 'A#',
  type: 'major',
  name: 'A# Major',
  inversion: 'Root Position'
}

stdout | src/test/ChordPracticeIntegration.test.js > Chord Practice Integration - Matching Logic > Progression Matching > should match third chord in I IV V I progression
[music-theory] identifyChord called { activeNotes: [ 60, 64, 67 ], length: 3 }
[music-theory] identifyChord: pitch classes { activeNotes: [ 60, 64, 67 ], pitchClasses: [ 0, 4, 7 ] }
[music-theory] identifyChord: MATCH FOUND! {
  root: 'C',
  type: 'major',
  pitchClasses: [ 0, 4, 7 ],
  targetNotes: [ 'C', 'E', 'G' ]
}
[music-theory] identifyChord: inversion calculation { bassMidi: 60, bassNoteIndex: 0, rootIndex: 0, interval: 0 }
[music-theory] identifyChord: returning {
  root: 'C',
  type: 'major',
  name: 'C Major',
  inversion: 'Root Position'
}

stdout | src/test/ChordPracticeIntegration.test.js > Chord Practice Integration - Matching Logic > Edge Cases for Matching > should not match wrong chord
[Test] Testing edge case: wrong chord played
[Test] WHY: Users will play wrong chords - app must not advance progression
[Test] IMPORTANCE: Prevents false progression advancement
[Test] Scenario: Target is F Major, user plays C Major
[music-theory] identifyChord called { activeNotes: [ 60, 64, 67 ], length: 3 }
[music-theory] identifyChord: pitch classes { activeNotes: [ 60, 64, 67 ], pitchClasses: [ 0, 4, 7 ] }
[music-theory] identifyChord: MATCH FOUND! {
  root: 'C',
  type: 'major',
  pitchClasses: [ 0, 4, 7 ],
  targetNotes: [ 'C', 'E', 'G' ]
}
[music-theory] identifyChord: inversion calculation { bassMidi: 60, bassNoteIndex: 0, rootIndex: 0, interval: 0 }
[music-theory] identifyChord: returning {
  root: 'C',
  type: 'major',
  name: 'C Major',
  inversion: 'Root Position'
}
[Test] Γ£à Wrong chord correctly does not match target

stdout | src/test/ChordPracticeIntegration.test.js > Chord Practice Integration - Matching Logic > Edge Cases for Matching > should handle null detection gracefully
[Test] Testing edge case: null detection (insufficient notes)
[Test] WHY: Users may play partial chords - app must handle gracefully
[Test] IMPORTANCE: Prevents crashes and false matches when no chord detected
[Test] Scenario: Only 2 notes played - should return null
[music-theory] identifyChord called { activeNotes: [ 53, 57 ], length: 2 }
[music-theory] identifyChord: insufficient notes { activeNotes: [ 53, 57 ], length: 2 }
[Test] Γ£à Null detection handled gracefully

stdout | src/test/ChordPracticeIntegration.test.js > Chord Practice Integration - Matching Logic > Edge Cases for Matching > should handle empty activeNotes
[music-theory] identifyChord called { activeNotes: [], length: 0 }
[music-theory] identifyChord: insufficient notes { activeNotes: [], length: 0 }

stdout | src/test/ChordPracticeIntegration.test.js > Chord Practice Integration - Matching Logic > Edge Cases for Matching > should require at least 3 notes for detection
[Test] Testing minimum note requirement (3 notes)
[Test] WHY: Prevents false positives from intervals/dyads
[Test] IMPORTANCE: Ensures only complete chords are detected
[Test] Testing: 1 note, 2 notes (should fail), 3 notes (should work)
[music-theory] identifyChord called { activeNotes: [ 53 ], length: 1 }
[music-theory] identifyChord: insufficient notes { activeNotes: [ 53 ], length: 1 }
[music-theory] identifyChord called { activeNotes: [ 53, 57 ], length: 2 }
[music-theory] identifyChord: insufficient notes { activeNotes: [ 53, 57 ], length: 2 }
[music-theory] identifyChord called { activeNotes: [ 53, 57, 60 ], length: 3 }
[music-theory] identifyChord: pitch classes { activeNotes: [ 53, 57, 60 ], pitchClasses: [ 5, 9, 0 ] }
[music-theory] identifyChord: MATCH FOUND! {
  root: 'F',
  type: 'major',
  pitchClasses: [ 5, 9, 0 ],
  targetNotes: [ 'F', 'A', 'C' ]
}
[music-theory] identifyChord: inversion calculation { bassMidi: 53, bassNoteIndex: 5, rootIndex: 5, interval: 0 }
[music-theory] identifyChord: returning {
  root: 'F',
  type: 'major',
  name: 'F Major',
  inversion: 'Root Position'
}
[Test] Γ£à Minimum 3 note requirement enforced correctly

stdout | src/test/ChordPracticeIntegration.test.js > Chord Practice Integration - Matching Logic > Chord Name Format Verification > should verify identifyChord returns correct format
[music-theory] identifyChord called { activeNotes: [ 53, 57, 60 ], length: 3 }
[music-theory] identifyChord: pitch classes { activeNotes: [ 53, 57, 60 ], pitchClasses: [ 5, 9, 0 ] }
[music-theory] identifyChord: MATCH FOUND! {
  root: 'F',
  type: 'major',
  pitchClasses: [ 5, 9, 0 ],
  targetNotes: [ 'F', 'A', 'C' ]
}
[music-theory] identifyChord: inversion calculation { bassMidi: 53, bassNoteIndex: 5, rootIndex: 5, interval: 0 }
[music-theory] identifyChord: returning {
  root: 'F',
  type: 'major',
  name: 'F Major',
  inversion: 'Root Position'
}

stdout | src/test/ChordPracticeIntegration.test.js > Chord Practice Integration - Matching Logic > Chord Name Format Verification > should verify all chord types return correct format
[music-theory] identifyChord called { activeNotes: [ 48, 52, 55 ], length: 3 }
[music-theory] identifyChord: pitch classes { activeNotes: [ 48, 52, 55 ], pitchClasses: [ 0, 4, 7 ] }
[music-theory] identifyChord: MATCH FOUND! {
  root: 'C',
  type: 'major',
  pitchClasses: [ 0, 4, 7 ],
  targetNotes: [ 'C', 'E', 'G' ]
}
[music-theory] identifyChord: inversion calculation { bassMidi: 48, bassNoteIndex: 0, rootIndex: 0, interval: 0 }
[music-theory] identifyChord: returning {
  root: 'C',
  type: 'major',
  name: 'C Major',
  inversion: 'Root Position'
}
[music-theory] identifyChord called { activeNotes: [ 48, 51, 55 ], length: 3 }
[music-theory] identifyChord: pitch classes { activeNotes: [ 48, 51, 55 ], pitchClasses: [ 0, 3, 7 ] }
[music-theory] identifyChord: MATCH FOUND! {
  root: 'C',
  type: 'minor',
  pitchClasses: [ 0, 3, 7 ],
  targetNotes: [ 'C', 'D#', 'G' ]
}
[music-theory] identifyChord: inversion calculation { bassMidi: 48, bassNoteIndex: 0, rootIndex: 0, interval: 0 }
[music-theory] identifyChord: returning {
  root: 'C',
  type: 'minor',
  name: 'C Minor',
  inversion: 'Root Position'
}
[music-theory] identifyChord called { activeNotes: [ 53, 57, 60 ], length: 3 }
[music-theory] identifyChord: pitch classes { activeNotes: [ 53, 57, 60 ], pitchClasses: [ 5, 9, 0 ] }
[music-theory] identifyChord: MATCH FOUND! {
  root: 'F',
  type: 'major',
  pitchClasses: [ 5, 9, 0 ],
  targetNotes: [ 'F', 'A', 'C' ]
}
[music-theory] identifyChord: inversion calculation { bassMidi: 53, bassNoteIndex: 5, rootIndex: 5, interval: 0 }
[music-theory] identifyChord: returning {
  root: 'F',
  type: 'major',
  name: 'F Major',
  inversion: 'Root Position'
}
[music-theory] identifyChord called { activeNotes: [ 60, 64, 67 ], length: 3 }
[music-theory] identifyChord: pitch classes { activeNotes: [ 60, 64, 67 ], pitchClasses: [ 0, 4, 7 ] }
[music-theory] identifyChord: MATCH FOUND! {
  root: 'C',
  type: 'major',
  pitchClasses: [ 0, 4, 7 ],
  targetNotes: [ 'C', 'E', 'G' ]
}
[music-theory] identifyChord: inversion calculation { bassMidi: 60, bassNoteIndex: 0, rootIndex: 0, interval: 0 }
[music-theory] identifyChord: returning {
  root: 'C',
  type: 'major',
  name: 'C Major',
  inversion: 'Root Position'
}

stdout | src/test/ChordPracticeIntegration.test.js > Chord Practice Integration - Matching Logic > Real-world MIDI Note Ranges > should detect F Major in low octave (C2-C4 range)
[Test] Testing F Major detection in low octave (left hand range)
[Test] WHY: Left hand typically plays in lower octaves - must work correctly
[Test] IMPORTANCE: Ensures chord practice works for left-hand chord practice
[Test] MIDI Range: C2-C4 (36-60), Testing F2-A2-C3
[music-theory] identifyChord called { activeNotes: [ 41, 45, 48 ], length: 3 }
[music-theory] identifyChord: pitch classes { activeNotes: [ 41, 45, 48 ], pitchClasses: [ 5, 9, 0 ] }
[music-theory] identifyChord: MATCH FOUND! {
  root: 'F',
  type: 'major',
  pitchClasses: [ 5, 9, 0 ],
  targetNotes: [ 'F', 'A', 'C' ]
}
[music-theory] identifyChord: inversion calculation { bassMidi: 41, bassNoteIndex: 5, rootIndex: 5, interval: 0 }
[music-theory] identifyChord: returning {
  root: 'F',
  type: 'major',
  name: 'F Major',
  inversion: 'Root Position'
}
[Test] Γ£à F Major detected correctly in low octave

stdout | src/test/ChordPracticeIntegration.test.js > Chord Practice Integration - Matching Logic > Real-world MIDI Note Ranges > should detect F Major in middle octave (C4-C6 range)
[Test] Testing F Major detection in middle/high octave (right hand range)
[Test] WHY: Right hand typically plays in higher octaves - must work correctly
[Test] IMPORTANCE: Ensures chord practice works for right-hand chord practice
[Test] MIDI Range: C4-C6 (60-84), Testing F4-A4-C5
[music-theory] identifyChord called { activeNotes: [ 65, 69, 72 ], length: 3 }
[music-theory] identifyChord: pitch classes { activeNotes: [ 65, 69, 72 ], pitchClasses: [ 5, 9, 0 ] }
[music-theory] identifyChord: MATCH FOUND! {
  root: 'F',
  type: 'major',
  pitchClasses: [ 5, 9, 0 ],
  targetNotes: [ 'F', 'A', 'C' ]
}
[music-theory] identifyChord: inversion calculation { bassMidi: 65, bassNoteIndex: 5, rootIndex: 5, interval: 0 }
[music-theory] identifyChord: returning {
  root: 'F',
  type: 'major',
  name: 'F Major',
  inversion: 'Root Position'
}
[Test] Γ£à F Major detected correctly in middle/high octave

stdout | src/test/ChordPracticeIntegration.test.js > Chord Practice Integration - Matching Logic > Real-world MIDI Note Ranges > should detect F Major across octaves
[Test] Testing F Major detection across multiple octaves
[Test] WHY: Real MIDI input often spans multiple octaves
[Test] IMPORTANCE: Ensures detection is octave-independent (pitch class based)
[Test] MIDI Notes: F2=41, A3=57, C5=72 (spans 3 octaves)
[music-theory] identifyChord called { activeNotes: [ 41, 57, 72 ], length: 3 }
[music-theory] identifyChord: pitch classes { activeNotes: [ 41, 57, 72 ], pitchClasses: [ 5, 9, 0 ] }
[music-theory] identifyChord: MATCH FOUND! {
  root: 'F',
  type: 'major',
  pitchClasses: [ 5, 9, 0 ],
  targetNotes: [ 'F', 'A', 'C' ]
}
[music-theory] identifyChord: inversion calculation { bassMidi: 41, bassNoteIndex: 5, rootIndex: 5, interval: 0 }
[music-theory] identifyChord: returning {
  root: 'F',
  type: 'major',
  name: 'F Major',
  inversion: 'Root Position'
}
[Test] Γ£à F Major detected correctly across octaves

stdout | src/test/SusChords.test.js > Sus Chords Support > getChordNotes - Sus Chords > should generate correct notes for C Sus2
[Test] Testing C Sus2 note generation
[Test] WHY: Sus2 chords use intervals [2, 7] - Root, Major 2nd, Perfect 5th
[Test] IMPORTANCE: Ensures core interval definitions are correct for sus2
[Test] Expected: [C, D, G], Got: [ 'C', 'D', 'G' ]
[Test] Γ£à C Sus2 note generation correct

stdout | src/test/SusChords.test.js > Sus Chords Support > getChordNotes - Sus Chords > should generate correct notes for C Sus4
[Test] Testing C Sus4 note generation
[Test] WHY: Sus4 chords use intervals [5, 7] - Root, Perfect 4th, Perfect 5th
[Test] IMPORTANCE: Ensures core interval definitions are correct for sus4
[Test] Expected: [C, F, G], Got: [ 'C', 'F', 'G' ]
[Test] Γ£à C Sus4 note generation correct

stdout | src/test/SusChords.test.js > Sus Chords Support > getChordNotes - Sus Chords > should generate correct notes for F# Sus2
[Test] Testing F# Sus2 note generation with sharp root
[Test] WHY: Validates sus2 works with all 12 chromatic roots
[Test] IMPORTANCE: Ensures sharp/flat handling works correctly
[Test] Expected: [F#, G#, C#], Got: [ 'F#', 'G#', 'C#' ]
[Test] Γ£à F# Sus2 note generation correct

stdout | src/test/SusChords.test.js > Sus Chords Support > getChordNotes - Sus Chords > should generate correct notes for Bb Sus4
[Test] Testing Bb Sus4 note generation with flat root
[Test] WHY: Validates sus4 works with flat notation
[Test] IMPORTANCE: Ensures flat roots are handled correctly
[Test] NOTE: D# and Eb are enharmonically equivalent - both are valid
[Test] Got notes: [ 'Bb', 'D#', 'F' ]
[Test] Γ£à Bb Sus4 note generation correct (D#/Eb are enharmonically equivalent)

stdout | src/test/SusChords.test.js > Sus Chords Support > getChordNotes - Sus Chords > should handle all 12 roots for sus2
[Test] Testing sus2 generation for all 12 chromatic roots
[Test] WHY: Ensures sus2 works consistently across all keys
[Test] IMPORTANCE: Validates no edge cases are missed for any root note
[Test] Γ£à All 12 roots generate valid sus2 chords

stdout | src/test/SusChords.test.js > Sus Chords Support > getChordNotes - Sus Chords > should handle all 12 roots for sus4
[Test] Testing sus4 generation for all 12 chromatic roots
[Test] WHY: Ensures sus4 works consistently across all keys
[Test] IMPORTANCE: Validates no edge cases are missed for any root note
[Test] Γ£à All 12 roots generate valid sus4 chords

stdout | src/test/SusChords.test.js > Sus Chords Support > identifyChord - Sus Chords Detection > sus2 Chord Detection > should identify C Sus2 from MIDI notes 60, 62, 67
[Test] Testing C Sus2 detection from MIDI notes
[Test] WHY: This is the core functionality - detecting sus2 chords from MIDI input
[Test] IMPORTANCE: Users need to see "C Sus2" when they play C-D-G on their keyboard
[Test] MIDI Notes: C4=60, D4=62, G4=67
[music-theory] identifyChord called { activeNotes: [ 60, 62, 67 ], length: 3 }
[music-theory] identifyChord: pitch classes { activeNotes: [ 60, 62, 67 ], pitchClasses: [ 0, 2, 7 ] }
[music-theory] identifyChord: MATCH FOUND! {
  root: 'C',
  type: 'sus2',
  pitchClasses: [ 0, 2, 7 ],
  targetNotes: [ 'C', 'D', 'G' ]
}
[music-theory] identifyChord: inversion calculation { bassMidi: 60, bassNoteIndex: 0, rootIndex: 0, interval: 0 }
[music-theory] identifyChord: returning { root: 'C', type: 'sus2', name: 'C Sus2', inversion: 'Root Position' }
[Test] Γ£à C Sus2 correctly detected: { root: 'C', type: 'sus2', name: 'C Sus2', inversion: 'Root Position' }

stdout | src/test/SusChords.test.js > Sus Chords Support > identifyChord - Sus Chords Detection > sus2 Chord Detection > should identify G Sus2 from MIDI notes 67, 69, 74
[Test] Testing G Sus2 detection (note: ambiguous with D Sus4)
[Test] WHY: Validates sus2 detection works for different roots
[Test] IMPORTANCE: Ensures detection works (note: G Sus2 = G-A-D, same notes as D Sus4 = D-G-A)
[Test] MIDI Notes: G4=67, A4=69, D5=74
[Test] NOTE: These notes can be interpreted as either G Sus2 or D Sus4 - both are valid!
[music-theory] identifyChord called { activeNotes: [ 67, 69, 74 ], length: 3 }
[music-theory] identifyChord: pitch classes { activeNotes: [ 67, 69, 74 ], pitchClasses: [ 7, 9, 2 ] }
[music-theory] identifyChord: MATCH FOUND! {
  root: 'D',
  type: 'sus4',
  pitchClasses: [ 7, 9, 2 ],
  targetNotes: [ 'D', 'G', 'A' ]
}
[music-theory] identifyChord: inversion calculation { bassMidi: 67, bassNoteIndex: 7, rootIndex: 2, interval: 5 }
[music-theory] identifyChord: returning { root: 'D', type: 'sus4', name: 'D Sus4', inversion: '1st Inversion' }
[Test] Γ£à Chord correctly detected (ambiguous - both interpretations valid): { root: 'D', type: 'sus4', name: 'D Sus4', inversion: '1st Inversion' }

stdout | src/test/SusChords.test.js > Sus Chords Support > identifyChord - Sus Chords Detection > sus2 Chord Detection > should identify F# Sus2 from MIDI notes 66, 68, 73
[Test] Testing F# Sus2 detection (note: ambiguous with C# Sus4)
[Test] WHY: Validates sus2 works with sharp/flat roots
[Test] IMPORTANCE: Ensures all chromatic roots are supported
[Test] MIDI Notes: F#4=66, G#4=68, C#5=73
[Test] NOTE: These notes can be interpreted as either F# Sus2 or C# Sus4 - both are valid!
[music-theory] identifyChord called { activeNotes: [ 66, 68, 73 ], length: 3 }
[music-theory] identifyChord: pitch classes { activeNotes: [ 66, 68, 73 ], pitchClasses: [ 6, 8, 1 ] }
[music-theory] identifyChord: MATCH FOUND! {
  root: 'C#',
  type: 'sus4',
  pitchClasses: [ 6, 8, 1 ],
  targetNotes: [ 'C#', 'F#', 'G#' ]
}
[music-theory] identifyChord: inversion calculation { bassMidi: 66, bassNoteIndex: 6, rootIndex: 1, interval: 5 }
[music-theory] identifyChord: returning {
  root: 'C#',
  type: 'sus4',
  name: 'C# Sus4',
  inversion: '1st Inversion'
}
[Test] Γ£à Chord correctly detected (ambiguous - both interpretations valid): {
  root: 'C#',
  type: 'sus4',
  name: 'C# Sus4',
  inversion: '1st Inversion'
}

stdout | src/test/SusChords.test.js > Sus Chords Support > identifyChord - Sus Chords Detection > sus4 Chord Detection > should identify C Sus4 from MIDI notes 60, 65, 67
[Test] Testing C Sus4 detection from MIDI notes
[Test] WHY: This is the core functionality - detecting sus4 chords from MIDI input
[Test] IMPORTANCE: Users need to see "C Sus4" when they play C-F-G on their keyboard
[Test] MIDI Notes: C4=60, F4=65, G4=67
[music-theory] identifyChord called { activeNotes: [ 60, 65, 67 ], length: 3 }
[music-theory] identifyChord: pitch classes { activeNotes: [ 60, 65, 67 ], pitchClasses: [ 0, 5, 7 ] }
[music-theory] identifyChord: MATCH FOUND! {
  root: 'C',
  type: 'sus4',
  pitchClasses: [ 0, 5, 7 ],
  targetNotes: [ 'C', 'F', 'G' ]
}
[music-theory] identifyChord: inversion calculation { bassMidi: 60, bassNoteIndex: 0, rootIndex: 0, interval: 0 }
[music-theory] identifyChord: returning { root: 'C', type: 'sus4', name: 'C Sus4', inversion: 'Root Position' }
[Test] Γ£à C Sus4 correctly detected: { root: 'C', type: 'sus4', name: 'C Sus4', inversion: 'Root Position' }

stdout | src/test/SusChords.test.js > Sus Chords Support > identifyChord - Sus Chords Detection > sus4 Chord Detection > should identify D Sus4 from MIDI notes 62, 67, 69
[Test] Testing D Sus4 detection
[Test] WHY: Validates sus4 detection works for different roots
[Test] IMPORTANCE: Ensures detection is not hardcoded to C
[Test] MIDI Notes: D4=62, G4=67, A4=69
[music-theory] identifyChord called { activeNotes: [ 62, 67, 69 ], length: 3 }
[music-theory] identifyChord: pitch classes { activeNotes: [ 62, 67, 69 ], pitchClasses: [ 2, 7, 9 ] }
[music-theory] identifyChord: MATCH FOUND! {
  root: 'D',
  type: 'sus4',
  pitchClasses: [ 2, 7, 9 ],
  targetNotes: [ 'D', 'G', 'A' ]
}
[music-theory] identifyChord: inversion calculation { bassMidi: 62, bassNoteIndex: 2, rootIndex: 2, interval: 0 }
[music-theory] identifyChord: returning { root: 'D', type: 'sus4', name: 'D Sus4', inversion: 'Root Position' }
[Test] Γ£à D Sus4 correctly detected: { root: 'D', type: 'sus4', name: 'D Sus4', inversion: 'Root Position' }

stdout | src/test/SusChords.test.js > Sus Chords Support > identifyChord - Sus Chords Detection > sus4 Chord Detection > should identify A Sus4 from MIDI notes 69, 74, 76
[Test] Testing A Sus4 detection (note: ambiguous with D Sus2)
[Test] WHY: Validates sus4 works across different octaves
[Test] IMPORTANCE: Ensures octave independence works correctly
[Test] MIDI Notes: A4=69, D5=74, E5=76
[Test] NOTE: These notes can be interpreted as either A Sus4 or D Sus2 - both are valid!
[music-theory] identifyChord called { activeNotes: [ 69, 74, 76 ], length: 3 }
[music-theory] identifyChord: pitch classes { activeNotes: [ 69, 74, 76 ], pitchClasses: [ 9, 2, 4 ] }
[music-theory] identifyChord: MATCH FOUND! {
  root: 'D',
  type: 'sus2',
  pitchClasses: [ 9, 2, 4 ],
  targetNotes: [ 'D', 'E', 'A' ]
}
[music-theory] identifyChord: inversion calculation { bassMidi: 69, bassNoteIndex: 9, rootIndex: 2, interval: 7 }
[music-theory] identifyChord: returning { root: 'D', type: 'sus2', name: 'D Sus2', inversion: '2nd Inversion' }
[Test] Γ£à Chord correctly detected (ambiguous - both interpretations valid): { root: 'D', type: 'sus2', name: 'D Sus2', inversion: '2nd Inversion' }

stdout | src/test/SusChords.test.js > Sus Chords Support > identifyChord - Sus Chords Detection > Different Octaves > should identify sus2 across different octaves
[Test] Testing sus2 detection across multiple octaves
[Test] WHY: Real MIDI input often spans multiple octaves
[Test] IMPORTANCE: Ensures chord detection is octave-independent (pitch class based)
[Test] MIDI Notes: C3=48, D4=62, G5=79 (spans 3 octaves)
[music-theory] identifyChord called { activeNotes: [ 48, 62, 79 ], length: 3 }
[music-theory] identifyChord: pitch classes { activeNotes: [ 48, 62, 79 ], pitchClasses: [ 0, 2, 7 ] }
[music-theory] identifyChord: MATCH FOUND! {
  root: 'C',
  type: 'sus2',
  pitchClasses: [ 0, 2, 7 ],
  targetNotes: [ 'C', 'D', 'G' ]
}
[music-theory] identifyChord: inversion calculation { bassMidi: 48, bassNoteIndex: 0, rootIndex: 0, interval: 0 }
[music-theory] identifyChord: returning { root: 'C', type: 'sus2', name: 'C Sus2', inversion: 'Root Position' }
[Test] Γ£à Sus2 detected correctly across octaves: { root: 'C', type: 'sus2', name: 'C Sus2', inversion: 'Root Position' }

stdout | src/test/SusChords.test.js > Sus Chords Support > identifyChord - Sus Chords Detection > Different Octaves > should identify sus4 across different octaves
[Test] Testing sus4 detection across multiple octaves
[Test] WHY: Real MIDI input often spans multiple octaves
[Test] IMPORTANCE: Ensures chord detection is octave-independent (pitch class based)
[Test] MIDI Notes: C2=36, F3=53, G4=67 (spans 3 octaves)
[music-theory] identifyChord called { activeNotes: [ 36, 53, 67 ], length: 3 }
[music-theory] identifyChord: pitch classes { activeNotes: [ 36, 53, 67 ], pitchClasses: [ 0, 5, 7 ] }
[music-theory] identifyChord: MATCH FOUND! {
  root: 'C',
  type: 'sus4',
  pitchClasses: [ 0, 5, 7 ],
  targetNotes: [ 'C', 'F', 'G' ]
}
[music-theory] identifyChord: inversion calculation { bassMidi: 36, bassNoteIndex: 0, rootIndex: 0, interval: 0 }
[music-theory] identifyChord: returning { root: 'C', type: 'sus4', name: 'C Sus4', inversion: 'Root Position' }
[Test] Γ£à Sus4 detected correctly across octaves: { root: 'C', type: 'sus4', name: 'C Sus4', inversion: 'Root Position' }

stdout | src/test/SusChords.test.js > Sus Chords Support > identifyChord - Sus Chords Inversions > sus2 Inversions > should identify C Sus2 in root position
[Test] Testing C Sus2 root position detection
[Test] WHY: Root position is the most common sus2 voicing
[Test] IMPORTANCE: Ensures basic inversion detection works for sus2
[Test] MIDI Notes: C4=60, D4=62, G4=67 (root in bass)
[music-theory] identifyChord called { activeNotes: [ 60, 62, 67 ], length: 3 }
[music-theory] identifyChord: pitch classes { activeNotes: [ 60, 62, 67 ], pitchClasses: [ 0, 2, 7 ] }
[music-theory] identifyChord: MATCH FOUND! {
  root: 'C',
  type: 'sus2',
  pitchClasses: [ 0, 2, 7 ],
  targetNotes: [ 'C', 'D', 'G' ]
}
[music-theory] identifyChord: inversion calculation { bassMidi: 60, bassNoteIndex: 0, rootIndex: 0, interval: 0 }
[music-theory] identifyChord: returning { root: 'C', type: 'sus2', name: 'C Sus2', inversion: 'Root Position' }
[Test] Γ£à C Sus2 root position correctly identified

stdout | src/test/SusChords.test.js > Sus Chords Support > identifyChord - Sus Chords Inversions > sus2 Inversions > should identify C Sus2 in 1st inversion (2nd in bass)
[Test] Testing C Sus2 1st inversion detection
[Test] WHY: Inversions are common in real music - 2nd in bass creates different sound
[Test] IMPORTANCE: Users need accurate inversion feedback for learning
[Test] MIDI Notes: D4=62, G4=67, C5=72 (2nd in bass)
[music-theory] identifyChord called { activeNotes: [ 62, 67, 72 ], length: 3 }
[music-theory] identifyChord: pitch classes { activeNotes: [ 62, 67, 72 ], pitchClasses: [ 2, 7, 0 ] }
[music-theory] identifyChord: MATCH FOUND! {
  root: 'C',
  type: 'sus2',
  pitchClasses: [ 2, 7, 0 ],
  targetNotes: [ 'C', 'D', 'G' ]
}
[music-theory] identifyChord: inversion calculation { bassMidi: 62, bassNoteIndex: 2, rootIndex: 0, interval: 2 }
[music-theory] identifyChord: returning { root: 'C', type: 'sus2', name: 'C Sus2', inversion: '1st Inversion' }
[Test] Γ£à C Sus2 1st inversion correctly identified

stdout | src/test/SusChords.test.js > Sus Chords Support > identifyChord - Sus Chords Inversions > sus2 Inversions > should identify C Sus2 in 2nd inversion (5th in bass)
[Test] Testing C Sus2 2nd inversion detection
[Test] WHY: 5th in bass is another common sus2 voicing
[Test] IMPORTANCE: Complete inversion support enables full chord practice
[Test] MIDI Notes: G4=67, C5=72, D5=74 (5th in bass)
[music-theory] identifyChord called { activeNotes: [ 67, 72, 74 ], length: 3 }
[music-theory] identifyChord: pitch classes { activeNotes: [ 67, 72, 74 ], pitchClasses: [ 7, 0, 2 ] }
[music-theory] identifyChord: MATCH FOUND! {
  root: 'C',
  type: 'sus2',
  pitchClasses: [ 7, 0, 2 ],
  targetNotes: [ 'C', 'D', 'G' ]
}
[music-theory] identifyChord: inversion calculation { bassMidi: 67, bassNoteIndex: 7, rootIndex: 0, interval: 7 }
[music-theory] identifyChord: returning { root: 'C', type: 'sus2', name: 'C Sus2', inversion: '2nd Inversion' }
[Test] Γ£à C Sus2 2nd inversion correctly identified

stdout | src/test/SusChords.test.js > Sus Chords Support > identifyChord - Sus Chords Inversions > sus4 Inversions > should identify C Sus4 in root position
[Test] Testing C Sus4 root position detection
[Test] WHY: Root position is the most common sus4 voicing
[Test] IMPORTANCE: Ensures basic inversion detection works for sus4
[Test] MIDI Notes: C4=60, F4=65, G4=67 (root in bass)
[music-theory] identifyChord called { activeNotes: [ 60, 65, 67 ], length: 3 }
[music-theory] identifyChord: pitch classes { activeNotes: [ 60, 65, 67 ], pitchClasses: [ 0, 5, 7 ] }
[music-theory] identifyChord: MATCH FOUND! {
  root: 'C',
  type: 'sus4',
  pitchClasses: [ 0, 5, 7 ],
  targetNotes: [ 'C', 'F', 'G' ]
}
[music-theory] identifyChord: inversion calculation { bassMidi: 60, bassNoteIndex: 0, rootIndex: 0, interval: 0 }
[music-theory] identifyChord: returning { root: 'C', type: 'sus4', name: 'C Sus4', inversion: 'Root Position' }
[Test] Γ£à C Sus4 root position correctly identified

stdout | src/test/SusChords.test.js > Sus Chords Support > identifyChord - Sus Chords Inversions > sus4 Inversions > should identify C Sus4 in 1st inversion (4th in bass)
[Test] Testing C Sus4 1st inversion detection
[Test] WHY: Inversions are common in real music - 4th in bass creates different sound
[Test] IMPORTANCE: Users need accurate inversion feedback for learning
[Test] MIDI Notes: F4=65, G4=67, C5=72 (4th in bass)
[music-theory] identifyChord called { activeNotes: [ 65, 67, 72 ], length: 3 }
[music-theory] identifyChord: pitch classes { activeNotes: [ 65, 67, 72 ], pitchClasses: [ 5, 7, 0 ] }
[music-theory] identifyChord: MATCH FOUND! {
  root: 'C',
  type: 'sus4',
  pitchClasses: [ 5, 7, 0 ],
  targetNotes: [ 'C', 'F', 'G' ]
}
[music-theory] identifyChord: inversion calculation { bassMidi: 65, bassNoteIndex: 5, rootIndex: 0, interval: 5 }
[music-theory] identifyChord: returning { root: 'C', type: 'sus4', name: 'C Sus4', inversion: '1st Inversion' }
[Test] Γ£à C Sus4 1st inversion correctly identified

stdout | src/test/SusChords.test.js > Sus Chords Support > identifyChord - Sus Chords Inversions > sus4 Inversions > should identify C Sus4 in 2nd inversion (5th in bass)
[Test] Testing C Sus4 2nd inversion detection
[Test] WHY: 5th in bass is another common sus4 voicing
[Test] IMPORTANCE: Complete inversion support enables full chord practice
[Test] MIDI Notes: G4=67, C5=72, F5=77 (5th in bass)
[music-theory] identifyChord called { activeNotes: [ 67, 72, 77 ], length: 3 }
[music-theory] identifyChord: pitch classes { activeNotes: [ 67, 72, 77 ], pitchClasses: [ 7, 0, 5 ] }
[music-theory] identifyChord: MATCH FOUND! {
  root: 'C',
  type: 'sus4',
  pitchClasses: [ 7, 0, 5 ],
  targetNotes: [ 'C', 'F', 'G' ]
}
[music-theory] identifyChord: inversion calculation { bassMidi: 67, bassNoteIndex: 7, rootIndex: 0, interval: 7 }
[music-theory] identifyChord: returning { root: 'C', type: 'sus4', name: 'C Sus4', inversion: '2nd Inversion' }
[Test] Γ£à C Sus4 2nd inversion correctly identified

stdout | src/test/SusChords.test.js > Sus Chords Support > parseChordName - Sus Chords > Short Format (e.g., "Csus2") > should parse "Csus2" correctly
[Test] Testing short format parsing: "Csus2"
[Test] WHY: Users often type chords in short format (common in chord charts)
[Test] IMPORTANCE: Enables users to input sus chords in familiar notation
[Test] Γ£à "Csus2" parsed correctly: { root: 'C', chordType: 'sus2' }

stdout | src/test/SusChords.test.js > Sus Chords Support > parseChordName - Sus Chords > Short Format (e.g., "Csus2") > should parse "Csus4" correctly
[Test] Testing short format parsing: "Csus4"
[Test] WHY: Users often type chords in short format (common in chord charts)
[Test] IMPORTANCE: Enables users to input sus chords in familiar notation
[Test] Γ£à "Csus4" parsed correctly: { root: 'C', chordType: 'sus4' }

stdout | src/test/SusChords.test.js > Sus Chords Support > parseChordName - Sus Chords > Short Format (e.g., "Csus2") > should parse "F#sus2" correctly
[Test] Testing short format with sharp: "F#sus2"
[Test] WHY: Validates parsing works with sharp/flat roots
[Test] IMPORTANCE: Ensures all chromatic roots are parseable
[Test] Γ£à "F#sus2" parsed correctly: { root: 'F#', chordType: 'sus2' }

stdout | src/test/SusChords.test.js > Sus Chords Support > parseChordName - Sus Chords > Full Format (e.g., "C Sus2") > should parse "C Sus2" correctly
[Test] Testing full format parsing: "C Sus2"
[Test] WHY: Full format is more readable and matches display format
[Test] IMPORTANCE: Enables consistency between input and display
[Test] Γ£à "C Sus2" parsed correctly: { root: 'C', chordType: 'sus2' }

stdout | src/test/SusChords.test.js > Sus Chords Support > parseChordName - Sus Chords > Full Format (e.g., "C Sus2") > should parse "C Sus4" correctly
[Test] Testing full format parsing: "C Sus4"
[Test] WHY: Full format is more readable and matches display format
[Test] IMPORTANCE: Enables consistency between input and display
[Test] Γ£à "C Sus4" parsed correctly: { root: 'C', chordType: 'sus4' }

stdout | src/test/SusChords.test.js > Sus Chords Support > parseChordName - Sus Chords > Alternative Formats > should parse "C Sus 2" (with space) correctly
[Test] Testing alternative format: "C Sus 2" (space between Sus and number)
[Test] WHY: Users may type with spaces in different places
[Test] IMPORTANCE: Makes the parser more forgiving and user-friendly
[Test] Γ£à "C Sus 2" parsed correctly: { root: 'C', chordType: 'sus2' }

stdout | src/test/SusChords.test.js > Sus Chords Support > parseChordName - Sus Chords > Alternative Formats > should parse "C Suspended 2" correctly
[Test] Testing full word format: "C Suspended 2"
[Test] WHY: Some users prefer full word notation
[Test] IMPORTANCE: Supports multiple user preferences and notation styles
[Test] Γ£à "C Suspended 2" parsed correctly: { root: 'C', chordType: 'sus2' }

stdout | src/test/SusChords.test.js > Sus Chords Support > findPotentialChords - Sus Chords Suggestions > should suggest C Sus2 when C and D are played
[Test] Testing chord suggestions for partial sus2 (missing 5th)
[Test] WHY: Users often play partial chords - suggestions help them complete them
[Test] IMPORTANCE: Enhances learning by showing what chord could be completed
[Test] MIDI Notes: C4=60, D4=62 (missing G)
[Test] Γ£à C Sus2 suggested when C and D are played

stdout | src/test/SusChords.test.js > Sus Chords Support > findPotentialChords - Sus Chords Suggestions > should suggest C Sus4 when C and F are played
[Test] Testing chord suggestions for partial sus4 (missing 5th)
[Test] WHY: Users often play partial chords - suggestions help them complete them
[Test] IMPORTANCE: Enhances learning by showing what chord could be completed
[Test] MIDI Notes: C4=60, F4=65 (missing G)
[Test] Γ£à C Sus4 suggested when C and F are played

stdout | src/test/SusChords.test.js > Sus Chords Support > Integration with Existing Functionality > should work with getChordNotesAsMidi for sus2
[Test] Testing MIDI note generation for sus2 chords
[Test] WHY: MIDI generation is used for playback and visual highlighting
[Test] IMPORTANCE: Ensures sus2 chords can be played back and displayed correctly
[Test] Γ£à Sus2 MIDI generation works correctly: [ 60, 62, 67 ] pitch classes: [ 0, 2, 7 ]

stdout | src/test/SusChords.test.js > Sus Chords Support > Integration with Existing Functionality > should work with getChordNotesAsMidi for sus4
[Test] Testing MIDI note generation for sus4 chords
[Test] WHY: MIDI generation is used for playback and visual highlighting
[Test] IMPORTANCE: Ensures sus4 chords can be played back and displayed correctly
[Test] Γ£à Sus4 MIDI generation works correctly: [ 60, 65, 67 ] pitch classes: [ 0, 5, 7 ]

stdout | src/test/SusChords.test.js > Sus Chords Support > Integration with Existing Functionality > should work with getChordNotesAsMidi inversions for sus2
[Test] Testing MIDI note generation for sus2 inversions
[Test] WHY: Inversions need correct MIDI generation for playback
[Test] IMPORTANCE: Enables practice of sus2 chords in different voicings
[Test] Γ£à Sus2 inversion MIDI generation works correctly: [ 62, 67, 72 ]

stdout | src/test/SusChords.test.js > Sus Chords Support > Integration with Existing Functionality > should work with getChordNotesAsMidi inversions for sus4
[Test] Testing MIDI note generation for sus4 inversions
[Test] WHY: Inversions need correct MIDI generation for playback
[Test] IMPORTANCE: Enables practice of sus4 chords in different voicings
[Test] Γ£à Sus4 inversion MIDI generation works correctly: [ 65, 67, 72 ]

 Γ£ô src/test/SusChords.test.js  (33 tests) 87ms
 Γ£ô src/test/ChordPractice.test.js  (18 tests) 63ms
stdout | src/test/ChordPractice.test.js > Chord Practice Mode - F Major Detection > F Major Chord Detection > should detect F Major from MIDI notes 41, 45, 48 (F2, A2, C3)
[Test] Testing F Major detection in low octave
[Test] WHY: Low octave detection is important for left-hand chord practice
[Test] IMPORTANCE: Ensures chord detection works across full MIDI keyboard range
[Test] MIDI Notes: F2=41, A2=45, C3=48
[music-theory] identifyChord called { activeNotes: [ 41, 45, 48 ], length: 3 }
[music-theory] identifyChord: pitch classes { activeNotes: [ 41, 45, 48 ], pitchClasses: [ 5, 9, 0 ] }
[music-theory] identifyChord: MATCH FOUND! {
  root: 'F',
  type: 'major',
  pitchClasses: [ 5, 9, 0 ],
  targetNotes: [ 'F', 'A', 'C' ]
}
[music-theory] identifyChord: inversion calculation { bassMidi: 41, bassNoteIndex: 5, rootIndex: 5, interval: 0 }
[music-theory] identifyChord: returning {
  root: 'F',
  type: 'major',
  name: 'F Major',
  inversion: 'Root Position'
}
[Test] Γ£à F Major detected correctly in low octave

stdout | src/test/ChordPractice.test.js > Chord Practice Mode - F Major Detection > F Major Chord Detection > should detect F Major from MIDI notes 53, 57, 60 (F3, A3, C4)
[Test] Testing F Major detection in middle octave
[Test] WHY: Middle octave is the most common playing range
[Test] IMPORTANCE: Validates detection works in typical user scenarios
[Test] MIDI Notes: F3=53, A3=57, C4=60
[music-theory] identifyChord called { activeNotes: [ 53, 57, 60 ], length: 3 }
[music-theory] identifyChord: pitch classes { activeNotes: [ 53, 57, 60 ], pitchClasses: [ 5, 9, 0 ] }
[music-theory] identifyChord: MATCH FOUND! {
  root: 'F',
  type: 'major',
  pitchClasses: [ 5, 9, 0 ],
  targetNotes: [ 'F', 'A', 'C' ]
}
[music-theory] identifyChord: inversion calculation { bassMidi: 53, bassNoteIndex: 5, rootIndex: 5, interval: 0 }
[music-theory] identifyChord: returning {
  root: 'F',
  type: 'major',
  name: 'F Major',
  inversion: 'Root Position'
}
[Test] Γ£à F Major detected correctly in middle octave

stdout | src/test/ChordPractice.test.js > Chord Practice Mode - F Major Detection > F Major Chord Detection > should detect F Major from MIDI notes 65, 69, 72 (F4, A4, C5)
[Test] Testing F Major detection in high octave
[Test] WHY: High octave detection is important for right-hand chord practice
[Test] IMPORTANCE: Ensures chord detection works across full MIDI keyboard range
[Test] MIDI Notes: F4=65, A4=69, C5=72
[music-theory] identifyChord called { activeNotes: [ 65, 69, 72 ], length: 3 }
[music-theory] identifyChord: pitch classes { activeNotes: [ 65, 69, 72 ], pitchClasses: [ 5, 9, 0 ] }
[music-theory] identifyChord: MATCH FOUND! {
  root: 'F',
  type: 'major',
  pitchClasses: [ 5, 9, 0 ],
  targetNotes: [ 'F', 'A', 'C' ]
}
[music-theory] identifyChord: inversion calculation { bassMidi: 65, bassNoteIndex: 5, rootIndex: 5, interval: 0 }
[music-theory] identifyChord: returning {
  root: 'F',
  type: 'major',
  name: 'F Major',
  inversion: 'Root Position'
}
[Test] Γ£à F Major detected correctly in high octave

stdout | src/test/ChordPractice.test.js > Chord Practice Mode - F Major Detection > F Major Chord Detection > should detect F Major in first inversion (A, C, F)
[Test] Testing F Major 1st inversion detection
[Test] WHY: Inversions are common in real music - users need accurate detection
[Test] IMPORTANCE: Enables practice of different chord voicings
[Test] MIDI Notes: A3=57, C4=60, F4=65 (3rd A in bass)
[music-theory] identifyChord called { activeNotes: [ 57, 60, 65 ], length: 3 }
[music-theory] identifyChord: pitch classes { activeNotes: [ 57, 60, 65 ], pitchClasses: [ 9, 0, 5 ] }
[music-theory] identifyChord: MATCH FOUND! {
  root: 'F',
  type: 'major',
  pitchClasses: [ 9, 0, 5 ],
  targetNotes: [ 'F', 'A', 'C' ]
}
[music-theory] identifyChord: inversion calculation { bassMidi: 57, bassNoteIndex: 9, rootIndex: 5, interval: 4 }
[music-theory] identifyChord: returning {
  root: 'F',
  type: 'major',
  name: 'F Major',
  inversion: '1st Inversion'
}
[Test] Γ£à F Major 1st inversion correctly detected

stdout | src/test/ChordPractice.test.js > Chord Practice Mode - F Major Detection > F Major Chord Detection > should detect F Major in second inversion (C, F, A)
[Test] Testing F Major 2nd inversion detection
[Test] WHY: 2nd inversion is another common voicing - must be detected
[Test] IMPORTANCE: Complete inversion support enables full chord practice
[Test] MIDI Notes: C4=60, F4=65, A4=69 (5th C in bass)
[music-theory] identifyChord called { activeNotes: [ 60, 65, 69 ], length: 3 }
[music-theory] identifyChord: pitch classes { activeNotes: [ 60, 65, 69 ], pitchClasses: [ 0, 5, 9 ] }
[music-theory] identifyChord: MATCH FOUND! {
  root: 'F',
  type: 'major',
  pitchClasses: [ 0, 5, 9 ],
  targetNotes: [ 'F', 'A', 'C' ]
}
[music-theory] identifyChord: inversion calculation { bassMidi: 60, bassNoteIndex: 0, rootIndex: 5, interval: 7 }
[music-theory] identifyChord: returning {
  root: 'F',
  type: 'major',
  name: 'F Major',
  inversion: '2nd Inversion'
}
[Test] Γ£à F Major 2nd inversion correctly detected

stdout | src/test/ChordPractice.test.js > Chord Practice Mode - F Major Detection > F Major Chord Detection > should handle F Major with duplicate octaves
[Test] Testing F Major detection with duplicate octaves
[Test] WHY: Users may press keys in multiple octaves simultaneously
[Test] IMPORTANCE: Ensures detection works with realistic playing patterns
[Test] MIDI Notes: F2-A2-C3 and F3-A3-C4 (duplicate octaves)
[music-theory] identifyChord called { activeNotes: [ 41, 45, 48, 53, 57, 60 ], length: 6 }
[music-theory] identifyChord: pitch classes { activeNotes: [ 41, 45, 48, 53, 57, 60 ], pitchClasses: [ 5, 9, 0 ] }
[music-theory] identifyChord: MATCH FOUND! {
  root: 'F',
  type: 'major',
  pitchClasses: [ 5, 9, 0 ],
  targetNotes: [ 'F', 'A', 'C' ]
}
[music-theory] identifyChord: inversion calculation { bassMidi: 41, bassNoteIndex: 5, rootIndex: 5, interval: 0 }
[music-theory] identifyChord: returning {
  root: 'F',
  type: 'major',
  name: 'F Major',
  inversion: 'Root Position'
}
[Test] Γ£à F Major detected correctly with duplicate octaves

stdout | src/test/ChordPractice.test.js > Chord Practice Mode - F Major Detection > Chord Name Matching > should match F Major chord names correctly
[Test] Testing chord name matching for progression advancement
[Test] WHY: Chord practice mode requires exact name matching to advance
[Test] IMPORTANCE: Users need accurate progression advancement for effective practice
[Test] Γ£à Chord names match correctly

stdout | src/test/ChordPractice.test.js > Chord Practice Mode - F Major Detection > Chord Name Matching > should match chord names from progression builder
[Test] Testing chord name consistency between progression builder and detection
[Test] WHY: Progression builder and chord detection must use same name format
[Test] IMPORTANCE: Prevents progression advancement failures due to format mismatches
[Test] Testing: Roman numeral "I" in F Major scale should match detected "F Major"
[music-theory] identifyChord called { activeNotes: [ 53, 57, 60 ], length: 3 }
[music-theory] identifyChord: pitch classes { activeNotes: [ 53, 57, 60 ], pitchClasses: [ 5, 9, 0 ] }
[music-theory] identifyChord: MATCH FOUND! {
  root: 'F',
  type: 'major',
  pitchClasses: [ 5, 9, 0 ],
  targetNotes: [ 'F', 'A', 'C' ]
}
[music-theory] identifyChord: inversion calculation { bassMidi: 53, bassNoteIndex: 5, rootIndex: 5, interval: 0 }
[music-theory] identifyChord: returning {
  root: 'F',
  type: 'major',
  name: 'F Major',
  inversion: 'Root Position'
}
[Test] Γ£à Chord names match between progression builder and detection

stdout | src/test/ChordPractice.test.js > Chord Practice Mode - F Major Detection > Chord Name Matching > should match IV chord (A# Major) in F Major scale
[music-theory] identifyChord called { activeNotes: [ 58, 62, 65 ], length: 3 }
[music-theory] identifyChord: pitch classes { activeNotes: [ 58, 62, 65 ], pitchClasses: [ 10, 2, 5 ] }
[music-theory] identifyChord: MATCH FOUND! {
  root: 'A#',
  type: 'major',
  pitchClasses: [ 10, 2, 5 ],
  targetNotes: [ 'A#', 'D', 'F' ]
}
[music-theory] identifyChord: inversion calculation { bassMidi: 58, bassNoteIndex: 10, rootIndex: 10, interval: 0 }
[music-theory] identifyChord: returning {
  root: 'A#',
  type: 'major',
  name: 'A# Major',
  inversion: 'Root Position'
}

stdout | src/test/ChordPractice.test.js > Chord Practice Mode - F Major Detection > Chord Name Matching > should match V chord (C Major) in F Major scale
[music-theory] identifyChord called { activeNotes: [ 60, 64, 67 ], length: 3 }
[music-theory] identifyChord: pitch classes { activeNotes: [ 60, 64, 67 ], pitchClasses: [ 0, 4, 7 ] }
[music-theory] identifyChord: MATCH FOUND! {
  root: 'C',
  type: 'major',
  pitchClasses: [ 0, 4, 7 ],
  targetNotes: [ 'C', 'E', 'G' ]
}
[music-theory] identifyChord: inversion calculation { bassMidi: 60, bassNoteIndex: 0, rootIndex: 0, interval: 0 }
[music-theory] identifyChord: returning {
  root: 'C',
  type: 'major',
  name: 'C Major',
  inversion: 'Root Position'
}

stdout | src/test/ChordPractice.test.js > Chord Practice Mode - F Major Detection > Progression Building > should match each chord in progression when played
[music-theory] identifyChord called { activeNotes: [ 53, 57, 60 ], length: 3 }
[music-theory] identifyChord: pitch classes { activeNotes: [ 53, 57, 60 ], pitchClasses: [ 5, 9, 0 ] }
[music-theory] identifyChord: MATCH FOUND! {
  root: 'F',
  type: 'major',
  pitchClasses: [ 5, 9, 0 ],
  targetNotes: [ 'F', 'A', 'C' ]
}
[music-theory] identifyChord: inversion calculation { bassMidi: 53, bassNoteIndex: 5, rootIndex: 5, interval: 0 }
[music-theory] identifyChord: returning {
  root: 'F',
  type: 'major',
  name: 'F Major',
  inversion: 'Root Position'
}
[music-theory] identifyChord called { activeNotes: [ 58, 62, 65 ], length: 3 }
[music-theory] identifyChord: pitch classes { activeNotes: [ 58, 62, 65 ], pitchClasses: [ 10, 2, 5 ] }
[music-theory] identifyChord: MATCH FOUND! {
  root: 'A#',
  type: 'major',
  pitchClasses: [ 10, 2, 5 ],
  targetNotes: [ 'A#', 'D', 'F' ]
}
[music-theory] identifyChord: inversion calculation { bassMidi: 58, bassNoteIndex: 10, rootIndex: 10, interval: 0 }
[music-theory] identifyChord: returning {
  root: 'A#',
  type: 'major',
  name: 'A# Major',
  inversion: 'Root Position'
}
[music-theory] identifyChord called { activeNotes: [ 60, 64, 67 ], length: 3 }
[music-theory] identifyChord: pitch classes { activeNotes: [ 60, 64, 67 ], pitchClasses: [ 0, 4, 7 ] }
[music-theory] identifyChord: MATCH FOUND! {
  root: 'C',
  type: 'major',
  pitchClasses: [ 0, 4, 7 ],
  targetNotes: [ 'C', 'E', 'G' ]
}
[music-theory] identifyChord: inversion calculation { bassMidi: 60, bassNoteIndex: 0, rootIndex: 0, interval: 0 }
[music-theory] identifyChord: returning {
  root: 'C',
  type: 'major',
  name: 'C Major',
  inversion: 'Root Position'
}

stdout | src/test/ChordPractice.test.js > Chord Practice Mode - F Major Detection > Edge Cases > should return null for less than 3 notes
[Test] Testing edge case: insufficient notes for chord detection
[Test] WHY: Prevents false positives from intervals/dyads
[Test] IMPORTANCE: Ensures only complete chords (3+ notes) are identified
[music-theory] identifyChord called { activeNotes: [ 53, 57 ], length: 2 }
[music-theory] identifyChord: insufficient notes { activeNotes: [ 53, 57 ], length: 2 }
[music-theory] identifyChord called { activeNotes: [ 53 ], length: 1 }
[music-theory] identifyChord: insufficient notes { activeNotes: [ 53 ], length: 1 }
[music-theory] identifyChord called { activeNotes: [], length: 0 }
[music-theory] identifyChord: insufficient notes { activeNotes: [], length: 0 }
[Test] Γ£à Correctly returns null for insufficient notes

stdout | src/test/ChordPractice.test.js > Chord Practice Mode - F Major Detection > Edge Cases > should handle wrong chord played
[Test] Testing edge case: wrong chord played in practice mode
[Test] WHY: Users will play wrong chords - app must handle gracefully
[Test] IMPORTANCE: Prevents progression advancement for incorrect chords
[Test] Scenario: Target is F Major, user plays C Major
[music-theory] identifyChord called { activeNotes: [ 60, 64, 67 ], length: 3 }
[music-theory] identifyChord: pitch classes { activeNotes: [ 60, 64, 67 ], pitchClasses: [ 0, 4, 7 ] }
[music-theory] identifyChord: MATCH FOUND! {
  root: 'C',
  type: 'major',
  pitchClasses: [ 0, 4, 7 ],
  targetNotes: [ 'C', 'E', 'G' ]
}
[music-theory] identifyChord: inversion calculation { bassMidi: 60, bassNoteIndex: 0, rootIndex: 0, interval: 0 }
[music-theory] identifyChord: returning {
  root: 'C',
  type: 'major',
  name: 'C Major',
  inversion: 'Root Position'
}
[Test] Γ£à Wrong chord correctly identified and does not match target

stdout | src/test/ChordPractice.test.js > Chord Practice Mode - F Major Detection > Edge Cases > should handle partial chord (missing notes)
[Test] Testing edge case: partial chord (missing notes)
[Test] WHY: Users may play incomplete chords while learning
[Test] IMPORTANCE: Prevents false detection from partial chord voicings
[Test] Scenario: F Major needs F-A-C, but only F-A played
[music-theory] identifyChord called { activeNotes: [ 53, 57 ], length: 2 }
[music-theory] identifyChord: insufficient notes { activeNotes: [ 53, 57 ], length: 2 }
[Test] Γ£à Partial chord correctly returns null

stdout | src/test/ChordPractice.test.js > Chord Practice Mode - F Major Detection > Edge Cases > should handle extra notes in chord
[music-theory] identifyChord called { activeNotes: [ 53, 57, 60, 64 ], length: 4 }
[music-theory] identifyChord: pitch classes { activeNotes: [ 53, 57, 60, 64 ], pitchClasses: [ 5, 9, 0, 4 ] }
[music-theory] identifyChord: MATCH FOUND! {
  root: 'F',
  type: 'major7',
  pitchClasses: [ 5, 9, 0, 4 ],
  targetNotes: [ 'F', 'A', 'C', 'E' ]
}
[music-theory] identifyChord: inversion calculation { bassMidi: 53, bassNoteIndex: 5, rootIndex: 5, interval: 0 }
[music-theory] identifyChord: returning {
  root: 'F',
  type: 'major7',
  name: 'F Major 7',
  inversion: 'Root Position'
}

stdout | src/test/ChordPractice.test.js > Chord Practice Mode - F Major Detection > Chord Name Format Consistency > should ensure identifyChord and getChordNameFromRoman use same format
[Test] Testing chord name format consistency
[Test] WHY: Format mismatches cause progression advancement to fail
[Test] IMPORTANCE: Critical for chord practice mode - names must match exactly
[Test] Testing: Roman numeral "I" name format vs detected chord name format
[music-theory] identifyChord called { activeNotes: [ 53, 57, 60 ], length: 3 }
[music-theory] identifyChord: pitch classes { activeNotes: [ 53, 57, 60 ], pitchClasses: [ 5, 9, 0 ] }
[music-theory] identifyChord: MATCH FOUND! {
  root: 'F',
  type: 'major',
  pitchClasses: [ 5, 9, 0 ],
  targetNotes: [ 'F', 'A', 'C' ]
}
[music-theory] identifyChord: inversion calculation { bassMidi: 53, bassNoteIndex: 5, rootIndex: 5, interval: 0 }
[music-theory] identifyChord: returning {
  root: 'F',
  type: 'major',
  name: 'F Major',
  inversion: 'Root Position'
}
[Test] Γ£à Chord name formats are consistent

 Γ£ô src/test/exercise-config.test.js  (30 tests) 27ms
 Γ£ô src/test/UnicodeProgressionE2E.test.js  (16 tests) 44ms
stdout | src/test/UnicodeProgressionE2E.test.js > Unicode Progression End-to-End: C  EΓéÿΓü╖  G  AΓéÿΓü╖  D  G > Step 1: Parsing the Unicode Progression > should parse the progression string correctly
[Test] Step 1: Parsing unicode progression string
[Test] Input: C  EΓéÿΓü╖  G  AΓéÿΓü╖  D  G
[Test] Γ£à Progression parsed successfully
[Test] Parsed chords: C Em7 G Am7 D G

stdout | src/test/UnicodeProgressionE2E.test.js > Unicode Progression End-to-End: C  EΓéÿΓü╖  G  AΓéÿΓü╖  D  G > Step 2: Chord Detection for Each Chord in Progression > should detect C Major when playing C Major chord
[Test] Step 2: Testing chord detection for each chord
[Test] Testing: C Major
[Test] MIDI Notes: C4=60, E4=64, G4=67
[music-theory] identifyChord called { activeNotes: [ 60, 64, 67 ], length: 3 }
[music-theory] identifyChord: pitch classes { activeNotes: [ 60, 64, 67 ], pitchClasses: [ 0, 4, 7 ] }
[music-theory] identifyChord: MATCH FOUND! {
  root: 'C',
  type: 'major',
  pitchClasses: [ 0, 4, 7 ],
  targetNotes: [ 'C', 'E', 'G' ]
}
[music-theory] identifyChord: inversion calculation { bassMidi: 60, bassNoteIndex: 0, rootIndex: 0, interval: 0 }
[music-theory] identifyChord: returning {
  root: 'C',
  type: 'major',
  name: 'C Major',
  inversion: 'Root Position'
}
[Test] Γ£à C Major detected correctly

stdout | src/test/UnicodeProgressionE2E.test.js > Unicode Progression End-to-End: C  EΓéÿΓü╖  G  AΓéÿΓü╖  D  G > Step 2: Chord Detection for Each Chord in Progression > should detect E Minor 7 when playing E Minor 7 chord
[Test] Testing: E Minor 7
[Test] MIDI Notes: E4=64, G4=67, B4=71, D5=74
[music-theory] identifyChord called { activeNotes: [ 64, 67, 71, 74 ], length: 4 }
[music-theory] identifyChord: pitch classes { activeNotes: [ 64, 67, 71, 74 ], pitchClasses: [ 4, 7, 11, 2 ] }
[music-theory] identifyChord: MATCH FOUND! {
  root: 'E',
  type: 'minor7',
  pitchClasses: [ 4, 7, 11, 2 ],
  targetNotes: [ 'E', 'G', 'B', 'D' ]
}
[music-theory] identifyChord: inversion calculation { bassMidi: 64, bassNoteIndex: 4, rootIndex: 4, interval: 0 }
[music-theory] identifyChord: returning {
  root: 'E',
  type: 'minor7',
  name: 'E Minor 7',
  inversion: 'Root Position'
}
[Test] Γ£à E Minor 7 detected correctly

stdout | src/test/UnicodeProgressionE2E.test.js > Unicode Progression End-to-End: C  EΓéÿΓü╖  G  AΓéÿΓü╖  D  G > Step 2: Chord Detection for Each Chord in Progression > should detect G Major when playing G Major chord
[Test] Testing: G Major
[Test] MIDI Notes: G4=67, B4=71, D5=74
[music-theory] identifyChord called { activeNotes: [ 67, 71, 74 ], length: 3 }
[music-theory] identifyChord: pitch classes { activeNotes: [ 67, 71, 74 ], pitchClasses: [ 7, 11, 2 ] }
[music-theory] identifyChord: MATCH FOUND! {
  root: 'G',
  type: 'major',
  pitchClasses: [ 7, 11, 2 ],
  targetNotes: [ 'G', 'B', 'D' ]
}
[music-theory] identifyChord: inversion calculation { bassMidi: 67, bassNoteIndex: 7, rootIndex: 7, interval: 0 }
[music-theory] identifyChord: returning {
  root: 'G',
  type: 'major',
  name: 'G Major',
  inversion: 'Root Position'
}
[Test] Γ£à G Major detected correctly

stdout | src/test/UnicodeProgressionE2E.test.js > Unicode Progression End-to-End: C  EΓéÿΓü╖  G  AΓéÿΓü╖  D  G > Step 2: Chord Detection for Each Chord in Progression > should detect A Minor 7 when playing A Minor 7 chord (may be detected as C Major 6 due to ambiguity)
[Test] Testing: A Minor 7
[Test] MIDI Notes: A4=69, C5=72, E5=76, G5=79
[Test] NOTE: A Minor 7 and C Major 6 share the same notes (A, C, E, G)
[Test] identifyChord returns first match, which may be C Major 6
[Test] identifyAllChords returns all interpretations
[music-theory] identifyChord called { activeNotes: [ 69, 72, 76, 79 ], length: 4 }
[music-theory] identifyChord: pitch classes { activeNotes: [ 69, 72, 76, 79 ], pitchClasses: [ 9, 0, 4, 7 ] }
[music-theory] identifyChord: MATCH FOUND! {
  root: 'C',
  type: 'major6',
  pitchClasses: [ 9, 0, 4, 7 ],
  targetNotes: [ 'C', 'E', 'G', 'A' ]
}
[music-theory] identifyChord: inversion calculation { bassMidi: 69, bassNoteIndex: 9, rootIndex: 0, interval: 9 }
[music-theory] identifyChord: returning {
  root: 'C',
  type: 'major6',
  name: 'C Major 6',
  inversion: '3rd Inversion'
}
[music-theory] identifyAllChords called { activeNotes: [ 69, 72, 76, 79 ], length: 4 }
[music-theory] identifyAllChords: pitch classes { activeNotes: [ 69, 72, 76, 79 ], pitchClasses: [ 9, 0, 4, 7 ] }
[music-theory] identifyAllChords: MATCH FOUND! {
  root: 'C',
  type: 'major6',
  pitchClasses: [ 9, 0, 4, 7 ],
  targetNotes: [ 'C', 'E', 'G', 'A' ]
}
[music-theory] identifyAllChords: inversion calculation { bassMidi: 69, bassNoteIndex: 9, rootIndex: 0, interval: 9 }
[music-theory] identifyAllChords: added match {
  root: 'C',
  type: 'major6',
  name: 'C Major 6',
  inversion: '3rd Inversion'
}
[music-theory] identifyAllChords: MATCH FOUND! {
  root: 'C',
  type: 'add6',
  pitchClasses: [ 9, 0, 4, 7 ],
  targetNotes: [ 'C', 'E', 'G', 'A' ]
}
[music-theory] identifyAllChords: inversion calculation { bassMidi: 69, bassNoteIndex: 9, rootIndex: 0, interval: 9 }
[music-theory] identifyAllChords: added match { root: 'C', type: 'add6', name: 'C Add6', inversion: '3rd Inversion' }
[music-theory] identifyAllChords: MATCH FOUND! {
  root: 'A',
  type: 'minor7',
  pitchClasses: [ 9, 0, 4, 7 ],
  targetNotes: [ 'A', 'C', 'E', 'G' ]
}
[music-theory] identifyAllChords: inversion calculation { bassMidi: 69, bassNoteIndex: 9, rootIndex: 9, interval: 0 }
[music-theory] identifyAllChords: added match {
  root: 'A',
  type: 'minor7',
  name: 'A Minor 7',
  inversion: 'Root Position'
}
[music-theory] identifyAllChords: found 3 matches
[Test] Γ£à A Minor 7 detected (may be as C Major 6, but Am7 is a valid interpretation)

stdout | src/test/UnicodeProgressionE2E.test.js > Unicode Progression End-to-End: C  EΓéÿΓü╖  G  AΓéÿΓü╖  D  G > Step 2: Chord Detection for Each Chord in Progression > should detect D Major when playing D Major chord
[Test] Testing: D Major
[Test] MIDI Notes: D4=62, F#4=66, A4=69
[music-theory] identifyChord called { activeNotes: [ 62, 66, 69 ], length: 3 }
[music-theory] identifyChord: pitch classes { activeNotes: [ 62, 66, 69 ], pitchClasses: [ 2, 6, 9 ] }
[music-theory] identifyChord: MATCH FOUND! {
  root: 'D',
  type: 'major',
  pitchClasses: [ 2, 6, 9 ],
  targetNotes: [ 'D', 'F#', 'A' ]
}
[music-theory] identifyChord: inversion calculation { bassMidi: 62, bassNoteIndex: 2, rootIndex: 2, interval: 0 }
[music-theory] identifyChord: returning {
  root: 'D',
  type: 'major',
  name: 'D Major',
  inversion: 'Root Position'
}
[Test] Γ£à D Major detected correctly

stdout | src/test/UnicodeProgressionE2E.test.js > Unicode Progression End-to-End: C  EΓéÿΓü╖  G  AΓéÿΓü╖  D  G > Step 3: Chord Matching Logic (Practice Mode Validation) > should match C Major using parseChordName comparison
[Test] Step 3: Testing chord matching logic used in practice mode
[Test] Testing: C Major matching
[music-theory] identifyChord called { activeNotes: [ 60, 64, 67 ], length: 3 }
[music-theory] identifyChord: pitch classes { activeNotes: [ 60, 64, 67 ], pitchClasses: [ 0, 4, 7 ] }
[music-theory] identifyChord: MATCH FOUND! {
  root: 'C',
  type: 'major',
  pitchClasses: [ 0, 4, 7 ],
  targetNotes: [ 'C', 'E', 'G' ]
}
[music-theory] identifyChord: inversion calculation { bassMidi: 60, bassNoteIndex: 0, rootIndex: 0, interval: 0 }
[music-theory] identifyChord: returning {
  root: 'C',
  type: 'major',
  name: 'C Major',
  inversion: 'Root Position'
}
[Test] Γ£à C Major matched correctly

stdout | src/test/UnicodeProgressionE2E.test.js > Unicode Progression End-to-End: C  EΓéÿΓü╖  G  AΓéÿΓü╖  D  G > Step 3: Chord Matching Logic (Practice Mode Validation) > should match E Minor 7 using parseChordName comparison
[Test] Testing: E Minor 7 matching
[music-theory] identifyChord called { activeNotes: [ 64, 67, 71, 74 ], length: 4 }
[music-theory] identifyChord: pitch classes { activeNotes: [ 64, 67, 71, 74 ], pitchClasses: [ 4, 7, 11, 2 ] }
[music-theory] identifyChord: MATCH FOUND! {
  root: 'E',
  type: 'minor7',
  pitchClasses: [ 4, 7, 11, 2 ],
  targetNotes: [ 'E', 'G', 'B', 'D' ]
}
[music-theory] identifyChord: inversion calculation { bassMidi: 64, bassNoteIndex: 4, rootIndex: 4, interval: 0 }
[music-theory] identifyChord: returning {
  root: 'E',
  type: 'minor7',
  name: 'E Minor 7',
  inversion: 'Root Position'
}
[Test] Γ£à E Minor 7 matched correctly (unicode normalized to Em7)

stdout | src/test/UnicodeProgressionE2E.test.js > Unicode Progression End-to-End: C  EΓéÿΓü╖  G  AΓéÿΓü╖  D  G > Step 3: Chord Matching Logic (Practice Mode Validation) > should match G Major using parseChordName comparison
[music-theory] identifyChord called { activeNotes: [ 67, 71, 74 ], length: 3 }
[music-theory] identifyChord: pitch classes { activeNotes: [ 67, 71, 74 ], pitchClasses: [ 7, 11, 2 ] }
[music-theory] identifyChord: MATCH FOUND! {
  root: 'G',
  type: 'major',
  pitchClasses: [ 7, 11, 2 ],
  targetNotes: [ 'G', 'B', 'D' ]
}
[music-theory] identifyChord: inversion calculation { bassMidi: 67, bassNoteIndex: 7, rootIndex: 7, interval: 0 }
[music-theory] identifyChord: returning {
  root: 'G',
  type: 'major',
  name: 'G Major',
  inversion: 'Root Position'
}
[Test] Γ£à G Major matched correctly

stdout | src/test/UnicodeProgressionE2E.test.js > Unicode Progression End-to-End: C  EΓéÿΓü╖  G  AΓéÿΓü╖  D  G > Step 3: Chord Matching Logic (Practice Mode Validation) > should match A Minor 7 using parseChordName comparison (handles chord ambiguity)
[Test] Testing: A Minor 7 matching with ambiguity handling
[music-theory] identifyChord called { activeNotes: [ 69, 72, 76, 79 ], length: 4 }
[music-theory] identifyChord: pitch classes { activeNotes: [ 69, 72, 76, 79 ], pitchClasses: [ 9, 0, 4, 7 ] }
[music-theory] identifyChord: MATCH FOUND! {
  root: 'C',
  type: 'major6',
  pitchClasses: [ 9, 0, 4, 7 ],
  targetNotes: [ 'C', 'E', 'G', 'A' ]
}
[music-theory] identifyChord: inversion calculation { bassMidi: 69, bassNoteIndex: 9, rootIndex: 0, interval: 9 }
[music-theory] identifyChord: returning {
  root: 'C',
  type: 'major6',
  name: 'C Major 6',
  inversion: '3rd Inversion'
}
[music-theory] identifyAllChords called { activeNotes: [ 69, 72, 76, 79 ], length: 4 }
[music-theory] identifyAllChords: pitch classes { activeNotes: [ 69, 72, 76, 79 ], pitchClasses: [ 9, 0, 4, 7 ] }
[music-theory] identifyAllChords: MATCH FOUND! {
  root: 'C',
  type: 'major6',
  pitchClasses: [ 9, 0, 4, 7 ],
  targetNotes: [ 'C', 'E', 'G', 'A' ]
}
[music-theory] identifyAllChords: inversion calculation { bassMidi: 69, bassNoteIndex: 9, rootIndex: 0, interval: 9 }
[music-theory] identifyAllChords: added match {
  root: 'C',
  type: 'major6',
  name: 'C Major 6',
  inversion: '3rd Inversion'
}
[music-theory] identifyAllChords: MATCH FOUND! {
  root: 'C',
  type: 'add6',
  pitchClasses: [ 9, 0, 4, 7 ],
  targetNotes: [ 'C', 'E', 'G', 'A' ]
}
[music-theory] identifyAllChords: inversion calculation { bassMidi: 69, bassNoteIndex: 9, rootIndex: 0, interval: 9 }
[music-theory] identifyAllChords: added match { root: 'C', type: 'add6', name: 'C Add6', inversion: '3rd Inversion' }
[music-theory] identifyAllChords: MATCH FOUND! {
  root: 'A',
  type: 'minor7',
  pitchClasses: [ 9, 0, 4, 7 ],
  targetNotes: [ 'A', 'C', 'E', 'G' ]
}
[music-theory] identifyAllChords: inversion calculation { bassMidi: 69, bassNoteIndex: 9, rootIndex: 9, interval: 0 }
[music-theory] identifyAllChords: added match {
  root: 'A',
  type: 'minor7',
  name: 'A Minor 7',
  inversion: 'Root Position'
}
[music-theory] identifyAllChords: found 3 matches
[Test] Γ£à A Minor 7 matched correctly using identifyAllChords (handles ambiguity)
[Test] NOTE: identifyChord may return C Major 6, but identifyAllChords includes A Minor 7

stdout | src/test/UnicodeProgressionE2E.test.js > Unicode Progression End-to-End: C  EΓéÿΓü╖  G  AΓéÿΓü╖  D  G > Step 3: Chord Matching Logic (Practice Mode Validation) > should match D Major using parseChordName comparison
[music-theory] identifyChord called { activeNotes: [ 62, 66, 69 ], length: 3 }
[music-theory] identifyChord: pitch classes { activeNotes: [ 62, 66, 69 ], pitchClasses: [ 2, 6, 9 ] }
[music-theory] identifyChord: MATCH FOUND! {
  root: 'D',
  type: 'major',
  pitchClasses: [ 2, 6, 9 ],
  targetNotes: [ 'D', 'F#', 'A' ]
}
[music-theory] identifyChord: inversion calculation { bassMidi: 62, bassNoteIndex: 2, rootIndex: 2, interval: 0 }
[music-theory] identifyChord: returning {
  root: 'D',
  type: 'major',
  name: 'D Major',
  inversion: 'Root Position'
}
[Test] Γ£à D Major matched correctly

stdout | src/test/UnicodeProgressionE2E.test.js > Unicode Progression End-to-End: C  EΓéÿΓü╖  G  AΓéÿΓü╖  D  G > Step 3: Chord Matching Logic (Practice Mode Validation) > should match final G Major using parseChordName comparison
[music-theory] identifyChord called { activeNotes: [ 67, 71, 74 ], length: 3 }
[music-theory] identifyChord: pitch classes { activeNotes: [ 67, 71, 74 ], pitchClasses: [ 7, 11, 2 ] }
[music-theory] identifyChord: MATCH FOUND! {
  root: 'G',
  type: 'major',
  pitchClasses: [ 7, 11, 2 ],
  targetNotes: [ 'G', 'B', 'D' ]
}
[music-theory] identifyChord: inversion calculation { bassMidi: 67, bassNoteIndex: 7, rootIndex: 7, interval: 0 }
[music-theory] identifyChord: returning {
  root: 'G',
  type: 'major',
  name: 'G Major',
  inversion: 'Root Position'
}
[Test] Γ£à Final G Major matched correctly

stdout | src/test/UnicodeProgressionE2E.test.js > Unicode Progression End-to-End: C  EΓéÿΓü╖  G  AΓéÿΓü╖  D  G > Step 4: Complete Progression Flow Simulation > should simulate complete progression practice flow
[Test] Step 4: Simulating complete progression practice flow
[Test] Simulating user playing through entire progression
[music-theory] identifyChord called { activeNotes: [ 60, 64, 67 ], length: 3 }
[music-theory] identifyChord: pitch classes { activeNotes: [ 60, 64, 67 ], pitchClasses: [ 0, 4, 7 ] }
[music-theory] identifyChord: MATCH FOUND! {
  root: 'C',
  type: 'major',
  pitchClasses: [ 0, 4, 7 ],
  targetNotes: [ 'C', 'E', 'G' ]
}
[music-theory] identifyChord: inversion calculation { bassMidi: 60, bassNoteIndex: 0, rootIndex: 0, interval: 0 }
[music-theory] identifyChord: returning {
  root: 'C',
  type: 'major',
  name: 'C Major',
  inversion: 'Root Position'
}
[Test] Γ£à Step 1/6: C (C) matched with C Major
[music-theory] identifyChord called { activeNotes: [ 64, 67, 71, 74 ], length: 4 }
[music-theory] identifyChord: pitch classes { activeNotes: [ 64, 67, 71, 74 ], pitchClasses: [ 4, 7, 11, 2 ] }
[music-theory] identifyChord: MATCH FOUND! {
  root: 'E',
  type: 'minor7',
  pitchClasses: [ 4, 7, 11, 2 ],
  targetNotes: [ 'E', 'G', 'B', 'D' ]
}
[music-theory] identifyChord: inversion calculation { bassMidi: 64, bassNoteIndex: 4, rootIndex: 4, interval: 0 }
[music-theory] identifyChord: returning {
  root: 'E',
  type: 'minor7',
  name: 'E Minor 7',
  inversion: 'Root Position'
}
[Test] Γ£à Step 2/6: Em7 (EΓéÿΓü╖) matched with E Minor 7
[music-theory] identifyChord called { activeNotes: [ 67, 71, 74 ], length: 3 }
[music-theory] identifyChord: pitch classes { activeNotes: [ 67, 71, 74 ], pitchClasses: [ 7, 11, 2 ] }
[music-theory] identifyChord: MATCH FOUND! {
  root: 'G',
  type: 'major',
  pitchClasses: [ 7, 11, 2 ],
  targetNotes: [ 'G', 'B', 'D' ]
}
[music-theory] identifyChord: inversion calculation { bassMidi: 67, bassNoteIndex: 7, rootIndex: 7, interval: 0 }
[music-theory] identifyChord: returning {
  root: 'G',
  type: 'major',
  name: 'G Major',
  inversion: 'Root Position'
}
[Test] Γ£à Step 3/6: G (G) matched with G Major
[music-theory] identifyChord called { activeNotes: [ 69, 72, 76, 79 ], length: 4 }
[music-theory] identifyChord: pitch classes { activeNotes: [ 69, 72, 76, 79 ], pitchClasses: [ 9, 0, 4, 7 ] }
[music-theory] identifyChord: MATCH FOUND! {
  root: 'C',
  type: 'major6',
  pitchClasses: [ 9, 0, 4, 7 ],
  targetNotes: [ 'C', 'E', 'G', 'A' ]
}
[music-theory] identifyChord: inversion calculation { bassMidi: 69, bassNoteIndex: 9, rootIndex: 0, interval: 9 }
[music-theory] identifyChord: returning {
  root: 'C',
  type: 'major6',
  name: 'C Major 6',
  inversion: '3rd Inversion'
}
[music-theory] identifyAllChords called { activeNotes: [ 69, 72, 76, 79 ], length: 4 }
[music-theory] identifyAllChords: pitch classes { activeNotes: [ 69, 72, 76, 79 ], pitchClasses: [ 9, 0, 4, 7 ] }
[music-theory] identifyAllChords: MATCH FOUND! {
  root: 'C',
  type: 'major6',
  pitchClasses: [ 9, 0, 4, 7 ],
  targetNotes: [ 'C', 'E', 'G', 'A' ]
}
[music-theory] identifyAllChords: inversion calculation { bassMidi: 69, bassNoteIndex: 9, rootIndex: 0, interval: 9 }
[music-theory] identifyAllChords: added match {
  root: 'C',
  type: 'major6',
  name: 'C Major 6',
  inversion: '3rd Inversion'
}
[music-theory] identifyAllChords: MATCH FOUND! {
  root: 'C',
  type: 'add6',
  pitchClasses: [ 9, 0, 4, 7 ],
  targetNotes: [ 'C', 'E', 'G', 'A' ]
}
[music-theory] identifyAllChords: inversion calculation { bassMidi: 69, bassNoteIndex: 9, rootIndex: 0, interval: 9 }
[music-theory] identifyAllChords: added match { root: 'C', type: 'add6', name: 'C Add6', inversion: '3rd Inversion' }
[music-theory] identifyAllChords: MATCH FOUND! {
  root: 'A',
  type: 'minor7',
  pitchClasses: [ 9, 0, 4, 7 ],
  targetNotes: [ 'A', 'C', 'E', 'G' ]
}
[music-theory] identifyAllChords: inversion calculation { bassMidi: 69, bassNoteIndex: 9, rootIndex: 9, interval: 0 }
[music-theory] identifyAllChords: added match {
  root: 'A',
  type: 'minor7',
  name: 'A Minor 7',
  inversion: 'Root Position'
}
[music-theory] identifyAllChords: found 3 matches
[Test] Γ£à Step 4/6: Am7 (AΓéÿΓü╖) matched with A Minor 7
[music-theory] identifyChord called { activeNotes: [ 62, 66, 69 ], length: 3 }
[music-theory] identifyChord: pitch classes { activeNotes: [ 62, 66, 69 ], pitchClasses: [ 2, 6, 9 ] }
[music-theory] identifyChord: MATCH FOUND! {
  root: 'D',
  type: 'major',
  pitchClasses: [ 2, 6, 9 ],
  targetNotes: [ 'D', 'F#', 'A' ]
}
[music-theory] identifyChord: inversion calculation { bassMidi: 62, bassNoteIndex: 2, rootIndex: 2, interval: 0 }
[music-theory] identifyChord: returning {
  root: 'D',
  type: 'major',
  name: 'D Major',
  inversion: 'Root Position'
}
[Test] Γ£à Step 5/6: D (D) matched with D Major
[music-theory] identifyChord called { activeNotes: [ 67, 71, 74 ], length: 3 }
[music-theory] identifyChord: pitch classes { activeNotes: [ 67, 71, 74 ], pitchClasses: [ 7, 11, 2 ] }
[music-theory] identifyChord: MATCH FOUND! {
  root: 'G',
  type: 'major',
  pitchClasses: [ 7, 11, 2 ],
  targetNotes: [ 'G', 'B', 'D' ]
}
[music-theory] identifyChord: inversion calculation { bassMidi: 67, bassNoteIndex: 7, rootIndex: 7, interval: 0 }
[music-theory] identifyChord: returning {
  root: 'G',
  type: 'major',
  name: 'G Major',
  inversion: 'Root Position'
}
[Test] Γ£à Step 6/6: G (G) matched with G Major
[Test] Γ£à Complete progression flow validated successfully

stdout | src/test/UnicodeProgressionE2E.test.js > Unicode Progression End-to-End: C  EΓéÿΓü╖  G  AΓéÿΓü╖  D  G > Step 4: Complete Progression Flow Simulation > should reject wrong chords during progression practice
[Test] Testing: Wrong chord rejection
[music-theory] identifyChord called { activeNotes: [ 53, 57, 60 ], length: 3 }
[music-theory] identifyChord: pitch classes { activeNotes: [ 53, 57, 60 ], pitchClasses: [ 5, 9, 0 ] }
[music-theory] identifyChord: MATCH FOUND! {
  root: 'F',
  type: 'major',
  pitchClasses: [ 5, 9, 0 ],
  targetNotes: [ 'F', 'A', 'C' ]
}
[music-theory] identifyChord: inversion calculation { bassMidi: 53, bassNoteIndex: 5, rootIndex: 5, interval: 0 }
[music-theory] identifyChord: returning {
  root: 'F',
  type: 'major',
  name: 'F Major',
  inversion: 'Root Position'
}
[Test] Γ£à Wrong chord correctly rejected

stdout | src/test/UnicodeProgressionE2E.test.js > Unicode Progression End-to-End: C  EΓéÿΓü╖  G  AΓéÿΓü╖  D  G > Step 5: Unicode Normalization Verification > should verify parseChordName handles both formats correctly
[Test] Step 5: Verifying unicode normalization compatibility
[Test] Γ£à Unicode normalization compatible with chord detection format

stdout | src/test/MidiInputFlow.test.js > MIDI Input Flow - Chord Detection > MIDI Note Input to Chord Detection > should detect F Major when F, A, C are pressed simultaneously
[Test] Testing simultaneous MIDI note input (chord detection)
[Test] WHY: This is the primary use case - users press multiple keys at once
[Test] IMPORTANCE: Core functionality - must work correctly for all users
[Test] MIDI Notes: F3=53, A3=57, C4=60
[Test] Simulating MIDI input: [ 53, 57, 60 ]
[music-theory] identifyChord called { activeNotes: [ 53, 57, 60 ], length: 3 }
[music-theory] identifyChord: pitch classes { activeNotes: [ 53, 57, 60 ], pitchClasses: [ 5, 9, 0 ] }
[music-theory] identifyChord: MATCH FOUND! {
  root: 'F',
  type: 'major',
  pitchClasses: [ 5, 9, 0 ],
  targetNotes: [ 'F', 'A', 'C' ]
}
[music-theory] identifyChord: inversion calculation { bassMidi: 53, bassNoteIndex: 5, rootIndex: 5, interval: 0 }
[music-theory] identifyChord: returning {
  root: 'F',
  type: 'major',
  name: 'F Major',
  inversion: 'Root Position'
}
[Test] Γ£à F Major detected correctly

stdout | src/test/MidiInputFlow.test.js > MIDI Input Flow - Chord Detection > MIDI Note Input to Chord Detection > should detect C Major when C, E, G are pressed simultaneously
[Test] Testing C Major detection (most common chord)
[Test] WHY: C Major is the most fundamental chord - must work perfectly
[Test] IMPORTANCE: Regression test for the most common use case
[Test] MIDI Notes: C4=60, E4=64, G4=67
[Test] Simulating MIDI input: [ 60, 64, 67 ]
[music-theory] identifyChord called { activeNotes: [ 60, 64, 67 ], length: 3 }
[music-theory] identifyChord: pitch classes { activeNotes: [ 60, 64, 67 ], pitchClasses: [ 0, 4, 7 ] }
[music-theory] identifyChord: MATCH FOUND! {
  root: 'C',
  type: 'major',
  pitchClasses: [ 0, 4, 7 ],
  targetNotes: [ 'C', 'E', 'G' ]
}
[music-theory] identifyChord: inversion calculation { bassMidi: 60, bassNoteIndex: 0, rootIndex: 0, interval: 0 }
[music-theory] identifyChord: returning {
  root: 'C',
  type: 'major',
  name: 'C Major',
  inversion: 'Root Position'
}
[Test] Γ£à C Major detected correctly

stdout | src/test/MidiInputFlow.test.js > MIDI Input Flow - Chord Detection > MIDI Note Input to Chord Detection > should detect D Minor when D, F, A are pressed simultaneously
[Test] Testing D Minor detection (minor chord validation)
[Test] WHY: Validates minor chord detection works correctly
[Test] IMPORTANCE: Ensures both major and minor chords are supported
[Test] MIDI Notes: D3=50, F3=53, A3=57
[Test] Simulating MIDI input: [ 50, 53, 57 ]
[music-theory] identifyChord called { activeNotes: [ 50, 53, 57 ], length: 3 }
[music-theory] identifyChord: pitch classes { activeNotes: [ 50, 53, 57 ], pitchClasses: [ 2, 5, 9 ] }
[music-theory] identifyChord: MATCH FOUND! {
  root: 'D',
  type: 'minor',
  pitchClasses: [ 2, 5, 9 ],
  targetNotes: [ 'D', 'F', 'A' ]
}
[music-theory] identifyChord: inversion calculation { bassMidi: 50, bassNoteIndex: 2, rootIndex: 2, interval: 0 }
[music-theory] identifyChord: returning {
  root: 'D',
  type: 'minor',
  name: 'D Minor',
  inversion: 'Root Position'
}
[Test] Γ£à D Minor detected correctly

stdout | src/test/MidiInputFlow.test.js > MIDI Input Flow - Chord Detection > MIDI Note Input to Chord Detection > should return null when only 2 notes are pressed
[Test] Testing edge case: only 2 notes pressed
[Test] WHY: Prevents false chord detection from intervals/dyads
[Test] IMPORTANCE: Ensures only complete chords (3+ notes) are identified
[Test] MIDI Notes: F3=53, A3=57 (only 2 notes - insufficient)
[Test] Simulating insufficient MIDI input: [ 53, 57 ]
[music-theory] identifyChord called { activeNotes: [ 53, 57 ], length: 2 }
[music-theory] identifyChord: insufficient notes { activeNotes: [ 53, 57 ], length: 2 }
[Test] Γ£à Correctly returned null for insufficient notes

stdout | src/test/MidiInputFlow.test.js > MIDI Input Flow - Chord Detection > MIDI Note Input to Chord Detection > should return null when no notes are pressed
[Test] Testing edge case: no notes pressed (empty array)
[Test] WHY: Users release all keys - app must handle this gracefully
[Test] IMPORTANCE: Prevents crashes and false detections when idle
[Test] Simulating empty MIDI input
[music-theory] identifyChord called { activeNotes: [], length: 0 }
[music-theory] identifyChord: insufficient notes { activeNotes: [], length: 0 }
[Test] Γ£à Correctly returned null for empty input

stdout | src/test/MidiInputFlow.test.js > MIDI Input Flow - Chord Detection > MIDI Note Sequence Handling > should detect chord when notes are added sequentially
[Test] Testing sequential note addition (realistic playing pattern)
[Test] WHY: Users often press keys one at a time, not simultaneously
[Test] IMPORTANCE: Ensures chord detection works for realistic playing styles
[Test] Scenario: Adding F, then A, then C - should detect F Major when complete
[music-theory] identifyChord called { activeNotes: [ 53 ], length: 1 }
[music-theory] identifyChord: insufficient notes { activeNotes: [ 53 ], length: 1 }
[Test] After F: null
[music-theory] identifyChord called { activeNotes: [ 53, 57 ], length: 2 }
[music-theory] identifyChord: insufficient notes { activeNotes: [ 53, 57 ], length: 2 }
[Test] After F, A: null
[music-theory] identifyChord called { activeNotes: [ 53, 57, 60 ], length: 3 }
[music-theory] identifyChord: pitch classes { activeNotes: [ 53, 57, 60 ], pitchClasses: [ 5, 9, 0 ] }
[music-theory] identifyChord: MATCH FOUND! {
  root: 'F',
  type: 'major',
  pitchClasses: [ 5, 9, 0 ],
  targetNotes: [ 'F', 'A', 'C' ]
}
[music-theory] identifyChord: inversion calculation { bassMidi: 53, bassNoteIndex: 5, rootIndex: 5, interval: 0 }
[music-theory] identifyChord: returning {
  root: 'F',
  type: 'major',
  name: 'F Major',
  inversion: 'Root Position'
}
[Test] After F, A, C: {
  root: 'F',
  type: 'major',
  name: 'F Major',
  inversion: 'Root Position'
}
[Test] Γ£à Chord detected after all notes added

stdout | src/test/MidiInputFlow.test.js > MIDI Input Flow - Chord Detection > MIDI Note Sequence Handling > should detect chord when notes are removed sequentially
[Test] Testing sequential note removal (realistic playing pattern)
[Test] WHY: Users release keys one at a time - detection must update correctly
[Test] IMPORTANCE: Ensures UI updates correctly as users release keys
[Test] Scenario: Start with F Major, remove C, remove A - detection should update
[music-theory] identifyChord called { activeNotes: [ 53, 57, 60 ], length: 3 }
[music-theory] identifyChord: pitch classes { activeNotes: [ 53, 57, 60 ], pitchClasses: [ 5, 9, 0 ] }
[music-theory] identifyChord: MATCH FOUND! {
  root: 'F',
  type: 'major',
  pitchClasses: [ 5, 9, 0 ],
  targetNotes: [ 'F', 'A', 'C' ]
}
[music-theory] identifyChord: inversion calculation { bassMidi: 53, bassNoteIndex: 5, rootIndex: 5, interval: 0 }
[music-theory] identifyChord: returning {
  root: 'F',
  type: 'major',
  name: 'F Major',
  inversion: 'Root Position'
}
[Test] Full chord: F Major
[music-theory] identifyChord called { activeNotes: [ 53, 57 ], length: 2 }
[music-theory] identifyChord: insufficient notes { activeNotes: [ 53, 57 ], length: 2 }
[Test] After removing C: null
[music-theory] identifyChord called { activeNotes: [ 53 ], length: 1 }
[music-theory] identifyChord: insufficient notes { activeNotes: [ 53 ], length: 1 }
[Test] After removing A: null
[Test] Γ£à Chord detection correctly responds to note removal

stdout | src/test/MidiInputFlow.test.js > MIDI Input Flow - Chord Detection > Multiple Octave Detection > should detect F Major in low octave
[music-theory] identifyChord called { activeNotes: [ 41, 45, 48 ], length: 3 }
[music-theory] identifyChord: pitch classes { activeNotes: [ 41, 45, 48 ], pitchClasses: [ 5, 9, 0 ] }
[music-theory] identifyChord: MATCH FOUND! {
  root: 'F',
  type: 'major',
  pitchClasses: [ 5, 9, 0 ],
  targetNotes: [ 'F', 'A', 'C' ]
}
[music-theory] identifyChord: inversion calculation { bassMidi: 41, bassNoteIndex: 5, rootIndex: 5, interval: 0 }
[music-theory] identifyChord: returning {
  root: 'F',
  type: 'major',
  name: 'F Major',
  inversion: 'Root Position'
}
[Test] Γ£à F Major detected in low octave

stdout | src/test/MidiInputFlow.test.js > MIDI Input Flow - Chord Detection > Multiple Octave Detection > should detect F Major in middle octave
[music-theory] identifyChord called { activeNotes: [ 53, 57, 60 ], length: 3 }
[music-theory] identifyChord: pitch classes { activeNotes: [ 53, 57, 60 ], pitchClasses: [ 5, 9, 0 ] }
[music-theory] identifyChord: MATCH FOUND! {
  root: 'F',
  type: 'major',
  pitchClasses: [ 5, 9, 0 ],
  targetNotes: [ 'F', 'A', 'C' ]
}
[music-theory] identifyChord: inversion calculation { bassMidi: 53, bassNoteIndex: 5, rootIndex: 5, interval: 0 }
[music-theory] identifyChord: returning {
  root: 'F',
  type: 'major',
  name: 'F Major',
  inversion: 'Root Position'
}
[Test] Γ£à F Major detected in middle octave

stdout | src/test/MidiInputFlow.test.js > MIDI Input Flow - Chord Detection > Multiple Octave Detection > should detect F Major in high octave
[music-theory] identifyChord called { activeNotes: [ 65, 69, 72 ], length: 3 }
[music-theory] identifyChord: pitch classes { activeNotes: [ 65, 69, 72 ], pitchClasses: [ 5, 9, 0 ] }
[music-theory] identifyChord: MATCH FOUND! {
  root: 'F',
  type: 'major',
  pitchClasses: [ 5, 9, 0 ],
  targetNotes: [ 'F', 'A', 'C' ]
}
[music-theory] identifyChord: inversion calculation { bassMidi: 65, bassNoteIndex: 5, rootIndex: 5, interval: 0 }
[music-theory] identifyChord: returning {
  root: 'F',
  type: 'major',
  name: 'F Major',
  inversion: 'Root Position'
}
[Test] Γ£à F Major detected in high octave

stdout | src/test/MidiInputFlow.test.js > MIDI Input Flow - Chord Detection > Multiple Octave Detection > should detect F Major across octaves
[music-theory] identifyChord called { activeNotes: [ 41, 57, 72 ], length: 3 }
[music-theory] identifyChord: pitch classes { activeNotes: [ 41, 57, 72 ], pitchClasses: [ 5, 9, 0 ] }
[music-theory] identifyChord: MATCH FOUND! {
  root: 'F',
  type: 'major',
  pitchClasses: [ 5, 9, 0 ],
  targetNotes: [ 'F', 'A', 'C' ]
}
[music-theory] identifyChord: inversion calculation { bassMidi: 41, bassNoteIndex: 5, rootIndex: 5, interval: 0 }
[music-theory] identifyChord: returning {
  root: 'F',
  type: 'major',
  name: 'F Major',
  inversion: 'Root Position'
}
[Test] Γ£à F Major detected across octaves

stdout | src/test/MidiInputFlow.test.js > MIDI Input Flow - Chord Detection > Chord Inversion Detection > should detect F Major root position
[Test] Testing root position inversion detection
[Test] WHY: Root position is the most common voicing - must be detected correctly
[Test] IMPORTANCE: Users need accurate inversion feedback for learning
[Test] MIDI Notes: F3=53, A3=57, C4=60 (root F in bass)
[music-theory] identifyChord called { activeNotes: [ 53, 57, 60 ], length: 3 }
[music-theory] identifyChord: pitch classes { activeNotes: [ 53, 57, 60 ], pitchClasses: [ 5, 9, 0 ] }
[music-theory] identifyChord: MATCH FOUND! {
  root: 'F',
  type: 'major',
  pitchClasses: [ 5, 9, 0 ],
  targetNotes: [ 'F', 'A', 'C' ]
}
[music-theory] identifyChord: inversion calculation { bassMidi: 53, bassNoteIndex: 5, rootIndex: 5, interval: 0 }
[music-theory] identifyChord: returning {
  root: 'F',
  type: 'major',
  name: 'F Major',
  inversion: 'Root Position'
}
[Test] Γ£à Root position detected

stdout | src/test/MidiInputFlow.test.js > MIDI Input Flow - Chord Detection > Chord Inversion Detection > should detect F Major 1st inversion
[Test] Testing 1st inversion detection (3rd in bass)
[Test] WHY: Inversions are common in real music - users need accurate detection
[Test] IMPORTANCE: Enables practice of different chord voicings
[Test] MIDI Notes: A3=57, C4=60, F4=65 (3rd A in bass)
[music-theory] identifyChord called { activeNotes: [ 57, 60, 65 ], length: 3 }
[music-theory] identifyChord: pitch classes { activeNotes: [ 57, 60, 65 ], pitchClasses: [ 9, 0, 5 ] }
[music-theory] identifyChord: MATCH FOUND! {
  root: 'F',
  type: 'major',
  pitchClasses: [ 9, 0, 5 ],
  targetNotes: [ 'F', 'A', 'C' ]
}
[music-theory] identifyChord: inversion calculation { bassMidi: 57, bassNoteIndex: 9, rootIndex: 5, interval: 4 }
[music-theory] identifyChord: returning {
  root: 'F',
  type: 'major',
  name: 'F Major',
  inversion: '1st Inversion'
}
[Test] Γ£à 1st inversion detected

stdout | src/test/MidiInputFlow.test.js > MIDI Input Flow - Chord Detection > Chord Inversion Detection > should detect F Major 2nd inversion
[Test] Testing 2nd inversion detection (5th in bass)
[Test] WHY: 2nd inversion is another common voicing - must be detected
[Test] IMPORTANCE: Complete inversion support enables full chord practice
[Test] MIDI Notes: C4=60, F4=65, A4=69 (5th C in bass)
[music-theory] identifyChord called { activeNotes: [ 60, 65, 69 ], length: 3 }
[music-theory] identifyChord: pitch classes { activeNotes: [ 60, 65, 69 ], pitchClasses: [ 0, 5, 9 ] }
[music-theory] identifyChord: MATCH FOUND! {
  root: 'F',
  type: 'major',
  pitchClasses: [ 0, 5, 9 ],
  targetNotes: [ 'F', 'A', 'C' ]
}
[music-theory] identifyChord: inversion calculation { bassMidi: 60, bassNoteIndex: 0, rootIndex: 5, interval: 7 }
[music-theory] identifyChord: returning {
  root: 'F',
  type: 'major',
  name: 'F Major',
  inversion: '2nd Inversion'
}
[Test] Γ£à 2nd inversion detected

stdout | src/test/MidiInputFlow.test.js > MIDI Input Flow - Chord Detection > Edge Cases > should handle null activeNotes
[music-theory] identifyChord called { activeNotes: null, length: undefined }
[music-theory] identifyChord: insufficient notes { activeNotes: null, length: undefined }
[Test] Γ£à Handled null input

stdout | src/test/MidiInputFlow.test.js > MIDI Input Flow - Chord Detection > Edge Cases > should handle undefined activeNotes
[music-theory] identifyChord called { activeNotes: undefined, length: undefined }
[music-theory] identifyChord: insufficient notes { activeNotes: undefined, length: undefined }
[Test] Γ£à Handled undefined input

stdout | src/test/MidiInputFlow.test.js > MIDI Input Flow - Chord Detection > Edge Cases > should handle duplicate MIDI notes
[music-theory] identifyChord called { activeNotes: [ 53, 53, 57, 60 ], length: 4 }
[music-theory] identifyChord: pitch classes { activeNotes: [ 53, 53, 57, 60 ], pitchClasses: [ 5, 9, 0 ] }
[music-theory] identifyChord: MATCH FOUND! {
  root: 'F',
  type: 'major',
  pitchClasses: [ 5, 9, 0 ],
  targetNotes: [ 'F', 'A', 'C' ]
}
[music-theory] identifyChord: inversion calculation { bassMidi: 53, bassNoteIndex: 5, rootIndex: 5, interval: 0 }
[music-theory] identifyChord: returning {
  root: 'F',
  type: 'major',
  name: 'F Major',
  inversion: 'Root Position'
}
[Test] Γ£à Handled duplicate notes

stdout | src/test/MidiInputFlow.test.js > MIDI Input Flow - Chord Detection > Edge Cases > should handle very high MIDI notes
[music-theory] identifyChord called { activeNotes: [ 89, 93, 96 ], length: 3 }
[music-theory] identifyChord: pitch classes { activeNotes: [ 89, 93, 96 ], pitchClasses: [ 5, 9, 0 ] }
[music-theory] identifyChord: MATCH FOUND! {
  root: 'F',
  type: 'major',
  pitchClasses: [ 5, 9, 0 ],
  targetNotes: [ 'F', 'A', 'C' ]
}
[music-theory] identifyChord: inversion calculation { bassMidi: 89, bassNoteIndex: 5, rootIndex: 5, interval: 0 }
[music-theory] identifyChord: returning {
  root: 'F',
  type: 'major',
  name: 'F Major',
  inversion: 'Root Position'
}
[Test] Γ£à Handled high octave notes

stdout | src/test/MidiInputFlow.test.js > MIDI Input Flow - Chord Detection > Edge Cases > should handle very low MIDI notes
[music-theory] identifyChord called { activeNotes: [ 17, 21, 24 ], length: 3 }
[music-theory] identifyChord: pitch classes { activeNotes: [ 17, 21, 24 ], pitchClasses: [ 5, 9, 0 ] }
[music-theory] identifyChord: MATCH FOUND! {
  root: 'F',
  type: 'major',
  pitchClasses: [ 5, 9, 0 ],
  targetNotes: [ 'F', 'A', 'C' ]
}
[music-theory] identifyChord: inversion calculation { bassMidi: 17, bassNoteIndex: 5, rootIndex: 5, interval: 0 }
[music-theory] identifyChord: returning {
  root: 'F',
  type: 'major',
  name: 'F Major',
  inversion: 'Root Position'
}
[Test] Γ£à Handled low octave notes

 Γ£ô src/test/MidiInputFlow.test.js  (19 tests) 16ms
node.exe : stderr | src/test/key-progression-storage.test.js > KeyProgressionStorage > downloadProgression > should 
use File System Access API when available and handle write failures
At line:1 char:1
+ & "C:\Program Files\nodejs/node.exe" "C:\Program Files\nodejs/node_mo ...
+ ~~~~~~~~~~~~~~~~~~~~~~~~~~~~~~~~~~~~~~~~~~~~~~~~~~~~~~~~~~~~~~~~~~~~~
    + CategoryInfo          : NotSpecified: (stderr | src/te... write failures:String) [], RemoteException
    + FullyQualifiedErrorId : NativeCommandError
 
[KeyProgressionStorage] File System Access API failed, using fallback: Error: Write failed
    at C:\Users\denni\OneDrive\Documents\piano-app\src\test\key-progression-storage.test.js:244:50
    at runNextTicks (node:internal/process/task_queues:65:5)
    at processTimers (node:internal/timers:538:9)
    at runTest (file:///C:/Users/denni/OneDrive/Documents/piano-app/node_modules/@vitest/runner/dist/index.js:781:11)
    at runSuite (file:///C:/Users/denni/OneDrive/Documents/piano-app/node_modules/@vitest/runner/dist/index.js:909:15)
    at runSuite (file:///C:/Users/denni/OneDrive/Documents/piano-app/node_modules/@vitest/runner/dist/index.js:909:15)
    at runSuite (file:///C:/Users/denni/OneDrive/Documents/piano-app/node_modules/@vitest/runner/dist/index.js:909:15)
    at runFiles (file:///C:/Users/denni/OneDrive/Documents/piano-app/node_modules/@vitest/runner/dist/index.js:958:5)
    at startTests (file:///C:/Users/denni/OneDrive/Documents/piano-app/node_modules/@vitest/runner/dist/index.js:967:3)
    at file:///C:/Users/denni/OneDrive/Documents/piano-app/node_modules/vitest/dist/chunks/runtime-runBaseTests.oAvMKtQ
C.js:116:7

 Γ£ô src/test/recording-integration.test.js  (10 tests) 49ms
stdout | src/test/recording-integration.test.js > Recording/Playback Integration > Full Recording Workflow > should record, save, load, and play back
[PlaybackManager] Loading recording: Test Recording with 2 events
[PlaybackManager] Starting playback, recording has 2 events, waitForInput: false
[PlaybackManager] Scheduling events from index 0 to 1
[PlaybackManager] Effective start time: 2000 Current time: 2000
[PlaybackManager] Firing immediate event at index 0 type: noteOn note: 60
[PlaybackManager] Firing event: { type: 'noteOn', note: 60, index: 0 }
[PlaybackManager] Scheduling event at index 1 with delay 499 ms

stdout | src/test/recording-integration.test.js > Recording/Playback Integration > Full Recording Workflow > should handle record ΓåÆ export ΓåÆ import ΓåÆ playback cycle
[PlaybackManager] Loading recording: Export Test with 2 events
[PlaybackManager] Starting playback, recording has 2 events, waitForInput: false
[PlaybackManager] Scheduling events from index 0 to 1
[PlaybackManager] Effective start time: 2000 Current time: 2000
[PlaybackManager] Firing immediate event at index 0 type: noteOn note: 60
[PlaybackManager] Firing event: { type: 'noteOn', note: 60, index: 0 }
[PlaybackManager] Scheduling event at index 1 with delay 499 ms

stdout | src/test/recording-integration.test.js > Recording/Playback Integration > Play-Along Mode > should track expected notes during playback
[PlaybackManager] Loading recording: Test with 2 events
[PlaybackManager] Starting playback, recording has 2 events, waitForInput: false
[PlaybackManager] Scheduling events from index 0 to 1
[PlaybackManager] Effective start time: 1000 Current time: 1000
[PlaybackManager] Firing immediate event at index 0 type: noteOn note: 60
[PlaybackManager] Firing event: { type: 'noteOn', note: 60, index: 0 }
[PlaybackManager] Scheduling event at index 1 with delay 500 ms

stdout | src/test/recording-integration.test.js > Recording/Playback Integration > State Management > should handle state transitions during record/playback
[PlaybackManager] Loading recording: Untitled Recording with 2 events
[PlaybackManager] Starting playback, recording has 2 events, waitForInput: false
[PlaybackManager] Scheduling events from index 0 to 1
[PlaybackManager] Effective start time: 2000 Current time: 2000
[PlaybackManager] Firing immediate event at index 0 type: noteOn note: 60
[PlaybackManager] Firing event: { type: 'noteOn', note: 60, index: 0 }
[PlaybackManager] Scheduling event at index 1 with delay 500 ms
[PlaybackManager] Scheduling events from index 1 to 1
[PlaybackManager] Effective start time: 2000 Current time: 2000
[PlaybackManager] Scheduling event at index 1 with delay 500 ms

stderr | src/test/key-progression-storage.test.js > KeyProgressionStorage > downloadProgression > should handle File 
System Access API permission denial gracefully
[KeyProgressionStorage] File System Access API failed, using fallback: DOMException {}

 Γ£ô src/test/html-exercise-links.test.js  (14 tests) 11ms
stderr | src/test/key-progression-storage.test.js > KeyProgressionStorage > downloadProgression > should handle 
fallback download failure and throw meaningful error
[KeyProgressionStorage] Fallback download failed: Error: createObjectURL failed
    at Object.<anonymous> (C:\Users\denni\OneDrive\Documents\piano-app\src\test\key-progression-storage.test.js:306:23)
    at Object.mockCall 
(file:///C:/Users/denni/OneDrive/Documents/piano-app/node_modules/@vitest/spy/dist/index.js:50:17)
    at Object.spy [as createObjectURL] 
(file:///C:/Users/denni/OneDrive/Documents/piano-app/node_modules/tinyspy/dist/index.js:42:80)
    at KeyProgressionStorage.downloadProgression 
(C:\Users\denni\OneDrive\Documents\piano-app\src\core\key-progression-storage.js:200:29)
    at C:\Users\denni\OneDrive\Documents\piano-app\src\test\key-progression-storage.test.js:309:34
    at runNextTicks (node:internal/process/task_queues:65:5)
    at processTimers (node:internal/timers:538:9)
    at runTest (file:///C:/Users/denni/OneDrive/Documents/piano-app/node_modules/@vitest/runner/dist/index.js:781:11)
    at runSuite (file:///C:/Users/denni/OneDrive/Documents/piano-app/node_modules/@vitest/runner/dist/index.js:909:15)
    at runSuite (file:///C:/Users/denni/OneDrive/Documents/piano-app/node_modules/@vitest/runner/dist/index.js:909:15)

 Γ£ô src/test/key-progression-storage.test.js  (6 tests) 188ms
 Γ£ô src/test/recording-storage.test.js  (28 tests) 423ms
stdout | src/test/music-theory.test.js > getChordNotesAsMidi Function > Basic Chord Types > should return correct MIDI notes for C Major root position
[Test] Testing C Major root position MIDI note calculation
[Test] WHY: Major chords are fundamental - must calculate correctly
[Test] IMPORTANCE: Validates basic major chord calculation works
[Test] Input: root=C, chordType=major, inversion=0, baseOctave=4
[Test] Γ£à C Major root position calculated correctly: [ 60, 64, 67 ]

stdout | src/test/music-theory.test.js > getChordNotesAsMidi Function > Basic Chord Types > should return correct MIDI notes for F Major root position in octave 2
[Test] Testing F Major root position in octave 2
[Test] WHY: This matches user requirement - F Major [41, 45, 48]
[Test] IMPORTANCE: Validates exact scenario from user request
[Test] Input: root=F, chordType=major, inversion=0, baseOctave=2
[Test] Γ£à F Major root position in octave 2 calculated correctly: [ 41, 45, 48 ]

stdout | src/test/music-theory.test.js > getChordNotesAsMidi Function > Basic Chord Types > should return correct MIDI notes for C Minor root position
[Test] Testing C Minor root position MIDI note calculation
[Test] WHY: Minor chords are common - must calculate correctly
[Test] IMPORTANCE: Validates minor chord interval pattern [0, 3, 7]
[Test] Input: root=C, chordType=minor, inversion=0, baseOctave=4
[Test] Γ£à C Minor root position calculated correctly: [ 60, 63, 67 ]

stdout | src/test/music-theory.test.js > getChordNotesAsMidi Function > Basic Chord Types > should return correct MIDI notes for various chord types
[Test] Testing various chord types return correct MIDI notes
[Test] WHY: Different chord types have different interval patterns
[Test] IMPORTANCE: Ensures all chord types are supported correctly
[Test] Testing C diminished
[Test] Testing C augmented
[Test] Testing C sus2
[Test] Testing C sus4
[Test] Γ£à Various chord types calculated correctly

stdout | src/test/music-theory.test.js > getChordNotesAsMidi Function > Inversions > should return correct MIDI notes for 1st inversion
[Test] Testing 1st inversion MIDI note calculation
[Test] WHY: Inversions are common - users need to see different voicings
[Test] IMPORTANCE: Validates inversion rotation logic works correctly
[Test] Input: root=C, chordType=major, inversion=1, baseOctave=4
[Test] Γ£à 1st inversion calculated correctly: [ 64, 67, 72 ]

stdout | src/test/music-theory.test.js > getChordNotesAsMidi Function > Inversions > should return correct MIDI notes for 2nd inversion
[Test] Testing 2nd inversion MIDI note calculation
[Test] WHY: Multiple inversions needed for complete chord practice
[Test] IMPORTANCE: Validates second inversion rotation works
[Test] Input: root=C, chordType=major, inversion=2, baseOctave=4
[Test] Γ£à 2nd inversion calculated correctly: [ 67, 72, 76 ]

stdout | src/test/music-theory.test.js > getChordNotesAsMidi Function > Inversions > should return correct MIDI notes for 3rd inversion (7th chords)
[Test] Testing 3rd inversion for 7th chords
[Test] WHY: 7th chords have 4 notes, allowing 3rd inversion
[Test] IMPORTANCE: Validates inversion logic works for 4-note chords
[Test] Input: root=C, chordType=major7, inversion=3, baseOctave=4
[Test] Γ£à 3rd inversion calculated correctly: [ 71, 72, 76, 79 ]

stdout | src/test/music-theory.test.js > getChordNotesAsMidi Function > Inversions > should cycle back to root position after max inversions
[Test] Testing inversion cycling wraps around correctly
[Test] WHY: Clicking chord multiple times cycles inversions
[Test] IMPORTANCE: Ensures inversion cycling works without errors
[Test] Input: root=C, chordType=major, inversion=3 (should wrap to 0)
[Test] Γ£à Inversion cycling wraps correctly

stdout | src/test/music-theory.test.js > getChordNotesAsMidi Function > Different Base Octaves > should return correct MIDI notes for different base octaves
[Test] Testing getChordNotesAsMidi with different base octaves
[Test] WHY: Left piano uses octave 3, right piano uses different octaves
[Test] IMPORTANCE: Ensures function works for different piano ranges
[Test] Testing octaves: 2, 3, 4, 5
[Test] Γ£à Different base octaves calculated correctly

stdout | src/test/music-theory.test.js > getChordNotesAsMidi Function > Different Base Octaves > should return MIDI notes within expected piano range (36-96)
[Test] Testing MIDI notes are within piano range
[Test] WHY: Piano component displays keys from MIDI 36-96
[Test] IMPORTANCE: Ensures calculated notes are visible on piano
[Test] Testing various chords in octave 3 (left piano range)
[Test] Γ£à All MIDI notes within expected piano range

stdout | src/test/music-theory.test.js > getChordNotesAsMidi Function > Edge Cases > should return empty array for invalid root
[Test] Testing edge case: invalid root note
[Test] WHY: Function should handle invalid input gracefully
[Test] IMPORTANCE: Prevents crashes from bad input
[Test] Input: root=Invalid, chordType=major, inversion=0, baseOctave=4
[Test] Γ£à Invalid root handled gracefully

stdout | src/test/music-theory.test.js > getChordNotesAsMidi Function > Edge Cases > should return empty array for invalid chord type
[Test] Testing edge case: invalid chord type
[Test] WHY: Function should handle unknown chord types
[Test] IMPORTANCE: Prevents crashes from unsupported chord types
[Test] Input: root=C, chordType=invalid, inversion=0, baseOctave=4
[Test] Γ£à Invalid chord type handled gracefully

stdout | src/test/music-theory.test.js > getChordNotesAsMidi Function > Edge Cases > should handle negative inversion gracefully
[Test] Testing edge case: negative inversion
[Test] WHY: Function should handle edge case inputs
[Test] IMPORTANCE: Ensures robust error handling
[Test] Input: root=C, chordType=major, inversion=-1, baseOctave=4
[Test] Γ£à Negative inversion handled gracefully

stdout | src/test/music-theory.test.js > getChordNotesAsMidi Function > Edge Cases > should handle very high inversion numbers
[Test] Testing edge case: very high inversion number
[Test] WHY: Users might cycle inversions many times
[Test] IMPORTANCE: Ensures inversion cycling works for large numbers
[Test] Input: root=C, chordType=major, inversion=100, baseOctave=4
[Test] Γ£à Very high inversion handled correctly

stdout | src/test/music-theory.test.js > getChordNotesAsMidi Function > Function Contract (Single Input, Single Output) > should have single input (chord parameters) and single output (MIDI array)
[Test] Testing function contract: single input, single output
[Test] WHY: Per agent-rules.md, functions should have single input and single output
[Test] IMPORTANCE: Ensures function follows coding standards
[Test] Γ£à Function follows single input/single output contract

stdout | src/test/music-theory.test.js > getScaleNotes Function > Major Scale > should generate correct major scale notes for C
[Test] Testing C Major scale generation
[Test] WHY: Major scale is fundamental - must calculate correctly
[Test] IMPORTANCE: Validates basic major scale interval pattern [2,2,1,2,2,2,1]
[Test] Γ£à C Major scale calculated correctly: [
  'C', 'D', 'E',
  'F', 'G', 'A',
  'B'
]

stdout | src/test/music-theory.test.js > getScaleNotes Function > Natural Minor Scale > should generate correct natural minor scale notes for A
[Test] Testing A Natural Minor scale generation
[Test] WHY: Natural minor is fundamental - must calculate correctly
[Test] IMPORTANCE: Validates natural minor interval pattern [2,1,2,2,1,2,2]
[Test] Γ£à A Natural Minor scale calculated correctly: [
  'A', 'B', 'C',
  'D', 'E', 'F',
  'G'
]

stdout | src/test/music-theory.test.js > getScaleNotes Function > Harmonic Minor Scale > should generate correct harmonic minor scale notes for A
[Test] Testing A Harmonic Minor scale generation
[Test] WHY: Harmonic minor has raised 7th - must calculate correctly
[Test] IMPORTANCE: Validates harmonic minor interval pattern [2,1,2,2,1,3,1]
[Test] Γ£à A Harmonic Minor scale calculated correctly: [
  'A',  'B', 'C',
  'D',  'E', 'F',
  'G#'
]

stdout | src/test/music-theory.test.js > getScaleNotes Function > Melodic Minor Scale > should generate correct melodic minor scale notes for A
[Test] Testing A Melodic Minor scale generation
[Test] WHY: Melodic minor has raised 6th and 7th - must calculate correctly
[Test] IMPORTANCE: Validates melodic minor interval pattern [2,1,2,2,2,2,1]
[Test] Γ£à A Melodic Minor scale calculated correctly: [
  'A',  'B', 'C',
  'D',  'E', 'F#',
  'G#'
]

stdout | src/test/music-theory.test.js > getScaleNotes Function > Blues Scale > should generate correct blues scale notes for C
[Test] Testing C Blues scale generation
[Test] WHY: Blues scale is important for jazz/blues practice
stderr | src/test/recording-manager.test.js > RecordingManager > State Management > should not start recording if 
already recording
[RecordingManager] Already recording

stderr | src/test/recording-manager.test.js > RecordingManager > Event Recording > should ignore events when not 
recording
[RecordingManager] Not recording, ignoring event

[Test] IMPORTANCE: Validates blues interval pattern [3,1,2,1,3,2]
[Test] Γ£à C Blues scale calculated correctly: [ 'C', 'D#', 'F', 'F#', 'G', 'A#' ]

stdout | src/test/music-theory.test.js > getScaleNotes Function > Major Pentatonic Scale > should generate correct major pentatonic scale notes for C
[Test] Testing C Major Pentatonic scale generation
[Test] WHY: Pentatonic scales are common in many music styles
[Test] IMPORTANCE: Validates major pentatonic interval pattern [2,2,3,2,3]
[Test] Γ£à C Major Pentatonic scale calculated correctly: [ 'C', 'D', 'E', 'G', 'A' ]

stdout | src/test/music-theory.test.js > getScaleNotes Function > Minor Pentatonic Scale > should generate correct minor pentatonic scale notes for A
[Test] Testing A Minor Pentatonic scale generation
[Test] WHY: Minor pentatonic is fundamental for blues and rock
[Test] IMPORTANCE: Validates minor pentatonic interval pattern [3,2,2,3,2]
[Test] Γ£à A Minor Pentatonic scale calculated correctly: [ 'A', 'C', 'D', 'E', 'G' ]

stdout | src/test/music-theory.test.js > getScaleNotes Function > Lydian Mode > should generate correct lydian mode scale notes for C
[Test] Testing C Lydian mode scale generation
[Test] WHY: Lydian is a common mode for jazz and modern music
[Test] IMPORTANCE: Validates lydian interval pattern [2,2,2,1,2,2,1]
[Test] Γ£à C Lydian mode calculated correctly: [
  'C',  'D', 'E',
  'F#', 'G', 'A',
  'B'
]

stdout | src/test/music-theory.test.js > getScaleNotes Function > All Scale Types for All Keys > should generate scales for all implemented scale types and all 12 keys
[Test] Testing all scale types work for all 12 keys
[Test] WHY: Comprehensive test ensures no scale/key combination fails
[Test] IMPORTANCE: Validates robustness of scale generation
[Test] Γ£à All scale types work for all 12 keys

stdout | src/test/music-theory.test.js > getScaleNotes Function > Edge Cases > should return empty array for invalid root
[Test] Testing edge case: invalid root note
[Test] WHY: Function should handle invalid input gracefully
[Test] IMPORTANCE: Prevents crashes from bad input
[Test] Γ£à Invalid root handled gracefully

stdout | src/test/music-theory.test.js > getScaleNotes Function > Edge Cases > should handle invalid scale type gracefully
[Test] Testing edge case: invalid scale type
[Test] WHY: Function should handle unknown scale types
[Test] IMPORTANCE: Prevents crashes from unsupported scale types
[Test] Γ£à Invalid scale type handled gracefully

 Γ£ô src/test/music-theory.test.js  (43 tests) 141ms
 Γ£ô src/test/recording-manager.test.js  (25 tests) 10ms
stdout | src/test/ChordDetectionFlow.test.js > Chord Detection Flow - End-to-End > Full Chord Detection Flow > should detect F Major from MIDI notes and match progression target
[Test] Testing F Major detection and progression matching
[Test] WHY: This tests the core user flow in chord practice mode
[Test] IMPORTANCE: Users need accurate detection to advance through progressions
[Test] MIDI Notes: F3=53, A3=57, C4=60
[Test] Target chord: { name: 'F Major', roman: 'I' }
[music-theory] identifyChord called { activeNotes: [ 53, 57, 60 ], length: 3 }
[music-theory] identifyChord: pitch classes { activeNotes: [ 53, 57, 60 ], pitchClasses: [ 5, 9, 0 ] }
[music-theory] identifyChord: MATCH FOUND! {
  root: 'F',
  type: 'major',
  pitchClasses: [ 5, 9, 0 ],
  targetNotes: [ 'F', 'A', 'C' ]
}
[music-theory] identifyChord: inversion calculation { bassMidi: 53, bassNoteIndex: 5, rootIndex: 5, interval: 0 }
[music-theory] identifyChord: returning {
  root: 'F',
  type: 'major',
  name: 'F Major',
  inversion: 'Root Position'
}
[Test] Detected chord: {
  root: 'F',
  type: 'major',
  name: 'F Major',
  inversion: 'Root Position'
}
[Test] Γ£à F Major detected and matched progression target

stdout | src/test/ChordDetectionFlow.test.js > Chord Detection Flow - End-to-End > Full Chord Detection Flow > should detect A# Major from MIDI notes and match progression target
[Test] Testing A# Major detection with sharp root
[Test] WHY: Validates detection works with sharp/flat roots in progressions
[Test] IMPORTANCE: Ensures all chromatic roots work in chord practice mode
[Test] MIDI Notes: A#3=58, D4=62, F4=65
[Test] Target chord: { name: 'A# Major', roman: 'IV' }
[music-theory] identifyChord called { activeNotes: [ 58, 62, 65 ], length: 3 }
[music-theory] identifyChord: pitch classes { activeNotes: [ 58, 62, 65 ], pitchClasses: [ 10, 2, 5 ] }
[music-theory] identifyChord: MATCH FOUND! {
  root: 'A#',
  type: 'major',
  pitchClasses: [ 10, 2, 5 ],
  targetNotes: [ 'A#', 'D', 'F' ]
}
[music-theory] identifyChord: inversion calculation { bassMidi: 58, bassNoteIndex: 10, rootIndex: 10, interval: 0 }
[music-theory] identifyChord: returning {
  root: 'A#',
  type: 'major',
  name: 'A# Major',
  inversion: 'Root Position'
}
[Test] Detected chord: {
  root: 'A#',
  type: 'major',
  name: 'A# Major',
  inversion: 'Root Position'
}
[Test] Γ£à A# Major detected and matched progression target

stdout | src/test/ChordDetectionFlow.test.js > Chord Detection Flow - End-to-End > Full Chord Detection Flow > should detect C Major from MIDI notes and match progression target
[Test] Testing C Major detection in progression context
[Test] WHY: Validates progression matching works for different chord positions
[Test] IMPORTANCE: Ensures users can practice full progressions correctly
[Test] MIDI Notes: C4=60, E4=64, G4=67
[Test] Target chord: { name: 'C Major', roman: 'V' }
[music-theory] identifyChord called { activeNotes: [ 60, 64, 67 ], length: 3 }
[music-theory] identifyChord: pitch classes { activeNotes: [ 60, 64, 67 ], pitchClasses: [ 0, 4, 7 ] }
[music-theory] identifyChord: MATCH FOUND! {
  root: 'C',
  type: 'major',
  pitchClasses: [ 0, 4, 7 ],
  targetNotes: [ 'C', 'E', 'G' ]
}
[music-theory] identifyChord: inversion calculation { bassMidi: 60, bassNoteIndex: 0, rootIndex: 0, interval: 0 }
[music-theory] identifyChord: returning {
  root: 'C',
  type: 'major',
  name: 'C Major',
  inversion: 'Root Position'
}
[Test] Detected chord: {
  root: 'C',
  type: 'major',
  name: 'C Major',
  inversion: 'Root Position'
}
[Test] Γ£à C Major detected and matched progression target

stdout | src/test/ChordDetectionFlow.test.js > Chord Detection Flow - End-to-End > Chord Name Normalization > should normalize chord names correctly for comparison
[Test] Testing chord name normalization function
[Test] WHY: Chord names come in different formats - need consistent comparison
[Test] IMPORTANCE: Enables matching between detected chords and progression targets
[Test] Tests: "F Major", "F", "Dm", "D Minor" formats
[Test] Γ£à Chord name normalization works for all formats

stdout | src/test/ChordDetectionFlow.test.js > Chord Detection Flow - End-to-End > Chord Name Normalization > should match normalized chord names
[Test] Testing normalized chord name matching
[Test] WHY: Validates the matching logic used in chord practice mode
[Test] IMPORTANCE: Ensures users get credit for playing correct chords even with format differences
[music-theory] identifyChord called { activeNotes: [ 53, 57, 60 ], length: 3 }
[music-theory] identifyChord: pitch classes { activeNotes: [ 53, 57, 60 ], pitchClasses: [ 5, 9, 0 ] }
[music-theory] identifyChord: MATCH FOUND! {
  root: 'F',
  type: 'major',
  pitchClasses: [ 5, 9, 0 ],
  targetNotes: [ 'F', 'A', 'C' ]
}
[music-theory] identifyChord: inversion calculation { bassMidi: 53, bassNoteIndex: 5, rootIndex: 5, interval: 0 }
[music-theory] identifyChord: returning {
  root: 'F',
  type: 'major',
  name: 'F Major',
  inversion: 'Root Position'
}
[Test] Γ£à Normalized names match correctly

stdout | src/test/ChordDetectionFlow.test.js > Chord Detection Flow - End-to-End > Progression Advancement Logic > should correctly identify when to advance to next chord
[Test] Testing progression advancement logic
[Test] WHY: This is the core logic that advances users through chord progressions
[Test] IMPORTANCE: Users need accurate progression advancement for effective practice
[Test] Scenario: Playing correct target chord should trigger advancement
[music-theory] identifyChord called { activeNotes: [ 53, 57, 60 ], length: 3 }
[music-theory] identifyChord: pitch classes { activeNotes: [ 53, 57, 60 ], pitchClasses: [ 5, 9, 0 ] }
[music-theory] identifyChord: MATCH FOUND! {
  root: 'F',
  type: 'major',
  pitchClasses: [ 5, 9, 0 ],
  targetNotes: [ 'F', 'A', 'C' ]
}
[music-theory] identifyChord: inversion calculation { bassMidi: 53, bassNoteIndex: 5, rootIndex: 5, interval: 0 }
[music-theory] identifyChord: returning {
  root: 'F',
  type: 'major',
  name: 'F Major',
  inversion: 'Root Position'
}
[Test] Γ£à Progression advancement logic works correctly

stdout | src/test/ChordDetectionFlow.test.js > Chord Detection Flow - End-to-End > Progression Advancement Logic > should not advance when wrong chord is played
[Test] Testing progression advancement prevention for wrong chords
[Test] WHY: Users should not advance when playing incorrect chords
[Test] IMPORTANCE: Prevents false progression and ensures accurate practice
[Test] Scenario: Playing C Major when F Major is target should NOT advance
[music-theory] identifyChord called { activeNotes: [ 60, 64, 67 ], length: 3 }
[music-theory] identifyChord: pitch classes { activeNotes: [ 60, 64, 67 ], pitchClasses: [ 0, 4, 7 ] }
[music-theory] identifyChord: MATCH FOUND! {
  root: 'C',
  type: 'major',
  pitchClasses: [ 0, 4, 7 ],
  targetNotes: [ 'C', 'E', 'G' ]
}
[music-theory] identifyChord: inversion calculation { bassMidi: 60, bassNoteIndex: 0, rootIndex: 0, interval: 0 }
[music-theory] identifyChord: returning {
  root: 'C',
  type: 'major',
  name: 'C Major',
  inversion: 'Root Position'
}
[Test] Γ£à Correctly prevents advancement for wrong chord

stdout | src/test/ChordDetectionFlow.test.js > Chord Detection Flow - End-to-End > Edge Cases > should handle insufficient notes gracefully
[Test] Testing edge case: insufficient notes (2 notes)
[Test] WHY: Prevents crashes and false positives when users play partial chords
[Test] IMPORTANCE: Ensures robust error handling for edge cases
[music-theory] identifyChord called { activeNotes: [ 53, 57 ], length: 2 }
[music-theory] identifyChord: insufficient notes { activeNotes: [ 53, 57 ], length: 2 }
[Test] Γ£à Handled insufficient notes gracefully

stdout | src/test/ChordDetectionFlow.test.js > Chord Detection Flow - End-to-End > Edge Cases > should handle empty activeNotes array
[Test] Testing edge case: empty notes array
[Test] WHY: Users may release all keys - app should handle this gracefully
[Test] IMPORTANCE: Prevents crashes when no notes are active
[music-theory] identifyChord called { activeNotes: [], length: 0 }
[music-theory] identifyChord: insufficient notes { activeNotes: [], length: 0 }
[Test] Γ£à Handled empty notes array gracefully

stdout | src/test/ChordDetectionFlow.test.js > Chord Detection Flow - End-to-End > Edge Cases > should handle null activeNotes
[Test] Testing edge case: null input
[Test] WHY: Defensive programming - handle unexpected null values
[Test] IMPORTANCE: Prevents crashes from null/undefined inputs
[music-theory] identifyChord called { activeNotes: null, length: undefined }
[music-theory] identifyChord: insufficient notes { activeNotes: null, length: undefined }
[Test] Γ£à Handled null input gracefully

stdout | src/test/ChordDetectionFlow.test.js > Chord Detection Flow - End-to-End > Edge Cases > should detect chords in different octaves
[Test] Testing chord detection across different octaves
[Test] WHY: Real MIDI input spans multiple octaves - detection must be octave-independent
[Test] IMPORTANCE: Ensures pitch class matching works correctly (not octave-dependent)
[Test] Testing: F Major in low (F2-A2-C3), mid (F3-A3-C4), high (F4-A4-C5) octaves
[music-theory] identifyChord called { activeNotes: [ 41, 45, 48 ], length: 3 }
[music-theory] identifyChord: pitch classes { activeNotes: [ 41, 45, 48 ], pitchClasses: [ 5, 9, 0 ] }
[music-theory] identifyChord: MATCH FOUND! {
  root: 'F',
  type: 'major',
  pitchClasses: [ 5, 9, 0 ],
  targetNotes: [ 'F', 'A', 'C' ]
}
[music-theory] identifyChord: inversion calculation { bassMidi: 41, bassNoteIndex: 5, rootIndex: 5, interval: 0 }
[music-theory] identifyChord: returning {
  root: 'F',
  type: 'major',
  name: 'F Major',
  inversion: 'Root Position'
}
[music-theory] identifyChord called { activeNotes: [ 53, 57, 60 ], length: 3 }
[music-theory] identifyChord: pitch classes { activeNotes: [ 53, 57, 60 ], pitchClasses: [ 5, 9, 0 ] }
[music-theory] identifyChord: MATCH FOUND! {
  root: 'F',
  type: 'major',
  pitchClasses: [ 5, 9, 0 ],
  targetNotes: [ 'F', 'A', 'C' ]
}
[music-theory] identifyChord: inversion calculation { bassMidi: 53, bassNoteIndex: 5, rootIndex: 5, interval: 0 }
[music-theory] identifyChord: returning {
  root: 'F',
  type: 'major',
  name: 'F Major',
  inversion: 'Root Position'
}
[music-theory] identifyChord called { activeNotes: [ 65, 69, 72 ], length: 3 }
[music-theory] identifyChord: pitch classes { activeNotes: [ 65, 69, 72 ], pitchClasses: [ 5, 9, 0 ] }
[music-theory] identifyChord: MATCH FOUND! {
  root: 'F',
  type: 'major',
  pitchClasses: [ 5, 9, 0 ],
  targetNotes: [ 'F', 'A', 'C' ]
}
[music-theory] identifyChord: inversion calculation { bassMidi: 65, bassNoteIndex: 5, rootIndex: 5, interval: 0 }
[music-theory] identifyChord: returning {
  root: 'F',
  type: 'major',
  name: 'F Major',
  inversion: 'Root Position'
}
[Test] Γ£à F Major detected correctly in all octaves

 Γ£ô src/test/ChordDetectionFlow.test.js  (11 tests) 36ms
stdout | src/test/progression-storage.test.js > ProgressionStorage > Progression Validation > should validate valid progression object
[ProgressionStorage] validateProgression called {
  lenient: false,
  hasProgression: true,
  progressionType: 'object',
  metadata: { key: 'C', scaleType: 'major' }
}
[ProgressionStorage] Validation successful

stdout | src/test/progression-storage.test.js > ProgressionStorage > Progression Validation > should reject progression without required fields
[ProgressionStorage] validateProgression called {
  lenient: false,
  hasProgression: true,
  progressionType: 'object',
  metadata: undefined
}

stderr | src/test/progression-storage.test.js > ProgressionStorage > Progression Validation > should reject 
progression without required fields
[ProgressionStorage] Validation failed: Missing or invalid version field undefined

stdout | src/test/progression-storage.test.js > ProgressionStorage > Progression Validation > should reject progression without version
[ProgressionStorage] validateProgression called {
  lenient: false,
  hasProgression: true,
  progressionType: 'object',
  metadata: { key: 'C', scaleType: 'major' }
}

stderr | src/test/progression-storage.test.js > ProgressionStorage > Progression Validation > should reject 
progression without version
[ProgressionStorage] Validation failed: Missing or invalid version field undefined

stdout | src/test/progression-storage.test.js > ProgressionStorage > Progression Validation > should reject progression without id
[ProgressionStorage] validateProgression called {
  lenient: false,
  hasProgression: true,
  progressionType: 'object',
  metadata: { key: 'C', scaleType: 'major' }
}

stderr | src/test/progression-storage.test.js > ProgressionStorage > Progression Validation > should reject 
progression without id
[ProgressionStorage] Validation failed: Missing or invalid id field undefined

stdout | src/test/progression-storage.test.js > ProgressionStorage > Progression Validation > should reject progression with invalid UUID
[ProgressionStorage] validateProgression called {
  lenient: false,
  hasProgression: true,
  progressionType: 'object',
  metadata: { key: 'C', scaleType: 'major' }
}

stderr | src/test/progression-storage.test.js > ProgressionStorage > Progression Validation > should reject 
progression with invalid UUID
[ProgressionStorage] Validation failed: Invalid UUID format for id invalid-uuid

stdout | src/test/progression-storage.test.js > ProgressionStorage > Progression Validation > should reject progression without name
[ProgressionStorage] validateProgression called {
  lenient: false,
  hasProgression: true,
  progressionType: 'object',
  metadata: { key: 'C', scaleType: 'major' }
}

stderr | src/test/progression-storage.test.js > ProgressionStorage > Progression Validation > should reject 
progression without name
[ProgressionStorage] Validation failed: Missing or invalid name field undefined

stdout | src/test/progression-storage.test.js > ProgressionStorage > Progression Validation > should reject progression with name longer than 100 characters
[ProgressionStorage] validateProgression called {
  lenient: false,
  hasProgression: true,
  progressionType: 'object',
  metadata: { key: 'C', scaleType: 'major' }
}

stderr | src/test/progression-storage.test.js > ProgressionStorage > Progression Validation > should reject 
progression with name longer than 100 characters
[ProgressionStorage] Validation failed: Name too long 101

stdout | src/test/progression-storage.test.js > ProgressionStorage > Progression Validation > should reject progression without progression string
[ProgressionStorage] validateProgression called {
  lenient: false,
  hasProgression: true,
  progressionType: 'object',
  metadata: { key: 'C', scaleType: 'major' }
}

stderr | src/test/progression-storage.test.js > ProgressionStorage > Progression Validation > should reject 
progression without progression string
[ProgressionStorage] Validation failed: Missing or invalid progression field undefined

stdout | src/test/progression-storage.test.js > ProgressionStorage > Progression Validation > should reject progression with empty progression string
[ProgressionStorage] validateProgression called {
  lenient: false,
  hasProgression: true,
  progressionType: 'object',
  metadata: { key: 'C', scaleType: 'major' }
}

stderr | src/test/progression-storage.test.js > ProgressionStorage > Progression Validation > should reject 
progression with empty progression string
[ProgressionStorage] Validation failed: Progression string is empty

stdout | src/test/progression-storage.test.js > ProgressionStorage > Progression Validation > should reject progression without createdAt
[ProgressionStorage] validateProgression called {
  lenient: false,
  hasProgression: true,
  progressionType: 'object',
  metadata: { key: 'C', scaleType: 'major' }
}

stderr | src/test/progression-storage.test.js > ProgressionStorage > Progression Validation > should reject 
progression without createdAt
[ProgressionStorage] Validation failed: Missing or invalid createdAt field undefined

stdout | src/test/progression-storage.test.js > ProgressionStorage > Progression Validation > should reject progression with invalid timestamp
[ProgressionStorage] validateProgression called {
  lenient: false,
  hasProgression: true,
  progressionType: 'object',
  metadata: { key: 'C', scaleType: 'major' }
}

stderr | src/test/progression-storage.test.js > ProgressionStorage > Progression Validation > should reject 
progression with invalid timestamp
[ProgressionStorage] Validation failed: Missing or invalid createdAt field -1
stdout | src/test/progression-storage.test.js > ProgressionStorage > Progression Validation > should require metadata.key if metadata exists
[ProgressionStorage] validateProgression called {
  lenient: false,
  hasProgression: true,
  progressionType: 'object',
  metadata: { scaleType: 'major' }
}


stderr | src/test/progression-storage.test.js > ProgressionStorage > Progression Validation > should require 
metadata.key if metadata exists
[ProgressionStorage] Validation failed: Missing or invalid metadata.key field {
  metadata: { scaleType: 'major' },
  hasKey: false,
  keyType: 'undefined'
}

stdout | src/test/progression-storage.test.js > ProgressionStorage > Progression Validation > should require metadata.scaleType if metadata exists
[ProgressionStorage] validateProgression called {
  lenient: false,
  hasProgression: true,
  progressionType: 'object',
  metadata: { key: 'C' }
}

stderr | src/test/progression-storage.test.js > ProgressionStorage > Progression Validation > should require 
metadata.scaleType if metadata exists
[ProgressionStorage] Validation failed: Missing or invalid metadata.scaleType field {
  metadata: { key: 'C' },
  hasScaleType: false,
  scaleTypeType: 'undefined'
}

stdout | src/test/progression-storage.test.js > ProgressionStorage > Progression Validation > should allow progression without metadata
[ProgressionStorage] validateProgression called {
  lenient: false,
  hasProgression: true,
  progressionType: 'object',
  metadata: undefined
}
[ProgressionStorage] Validation successful

stdout | src/test/progression-storage.test.js > ProgressionStorage > Save Operations > should save valid progression to IndexedDB
[ProgressionStorage] validateProgression called {
  lenient: false,
  hasProgression: true,
  progressionType: 'object',
  metadata: { key: 'C', scaleType: 'major' }
}
[ProgressionStorage] Validation successful

stdout | src/test/progression-storage.test.js > ProgressionStorage > Save Operations > should generate UUID if not provided
[ProgressionStorage] validateProgression called {
  lenient: false,
  hasProgression: true,
  progressionType: 'object',
  metadata: { key: 'C', scaleType: 'major' }
}
[ProgressionStorage] Validation successful

stdout | src/test/progression-storage.test.js > ProgressionStorage > Save Operations > should set createdAt timestamp if not provided
[ProgressionStorage] validateProgression called {
  lenient: false,
  hasProgression: true,
  progressionType: 'object',
  metadata: { key: 'C', scaleType: 'major' }
}
[ProgressionStorage] Validation successful

stdout | src/test/progression-storage.test.js > ProgressionStorage > Save Operations > should set createdAt timestamp if not provided
[ProgressionStorage] validateProgression called {
  lenient: false,
  hasProgression: true,
  progressionType: 'object',
  metadata: { key: 'C', scaleType: 'major' }
}
[ProgressionStorage] Validation successful

stdout | src/test/progression-storage.test.js > ProgressionStorage > Save Operations > should set version if not provided
[ProgressionStorage] validateProgression called {
  lenient: false,
  hasProgression: true,
  progressionType: 'object',
  metadata: { key: 'C', scaleType: 'major' }
}
[ProgressionStorage] Validation successful

stdout | src/test/progression-storage.test.js > ProgressionStorage > Save Operations > should set version if not provided
[ProgressionStorage] validateProgression called {
  lenient: false,
  hasProgression: true,
  progressionType: 'object',
  metadata: { key: 'C', scaleType: 'major' }
}
[ProgressionStorage] Validation successful

stdout | src/test/progression-storage.test.js > ProgressionStorage > Save Operations > should reject invalid progression format
[ProgressionStorage] validateProgression called {
  lenient: false,
  hasProgression: true,
  progressionType: 'object',
  metadata: undefined
}

stderr | src/test/progression-storage.test.js > ProgressionStorage > Save Operations > should reject invalid 
progression format
[ProgressionStorage] Validation failed: Missing or invalid name field undefined

stdout | src/test/progression-storage.test.js > ProgressionStorage > Save Operations > should handle save errors gracefully
[ProgressionStorage] validateProgression called {
  lenient: false,
  hasProgression: true,
  progressionType: 'object',
  metadata: { key: 'C', scaleType: 'major' }
}
[ProgressionStorage] Validation successful

stdout | src/test/progression-storage.test.js > ProgressionStorage > Save Operations > should save long chord progressions correctly
[ProgressionStorage] validateProgression called {
  lenient: false,
  hasProgression: true,
  progressionType: 'object',
  metadata: { key: 'C', scaleType: 'major' }
}
[ProgressionStorage] Validation successful

 Γ£ô src/test/progression-parser.test.js  (13 tests) 15ms
 Γ£ô src/test/i-v-i-circle.test.js  (15 tests) 21ms
stdout | src/test/progression-storage.test.js > ProgressionStorage > Save Operations > should save long chord progressions correctly
[ProgressionStorage] validateProgression called {
  lenient: false,
  hasProgression: true,
  progressionType: 'object',
  metadata: { key: 'C', scaleType: 'major' }
}
[ProgressionStorage] Validation successful

stdout | src/test/progression-storage.test.js > ProgressionStorage > Save Operations > should save chromatic chord progression
[ProgressionStorage] validateProgression called {
  lenient: false,
  hasProgression: true,
  progressionType: 'object',
  metadata: { key: 'C', scaleType: 'major' }
}
[ProgressionStorage] Validation successful

stdout | src/test/ActiveNotesState.test.js > Active Notes State Management > should update detectedChord when activeNotes changes
[Test] Testing state update when active notes change
[Test] WHY: React state must update correctly when MIDI notes change
[Test] IMPORTANCE: Ensures UI reflects current chord detection in real-time
[Test] Scenario: Starting empty, then playing F Major
[Test] useChordDetection effect triggered { activeNotes: [], length: 0 }
[music-theory] identifyChord called { activeNotes: [], length: 0 }
[music-theory] identifyChord: insufficient notes { activeNotes: [], length: 0 }
[Test] Chord detected in hook: null
[Test] Initial state: no chord
[Test] useChordDetection effect triggered { activeNotes: [ 53, 57, 60 ], length: 3 }
[music-theory] identifyChord called { activeNotes: [ 53, 57, 60 ], length: 3 }
[music-theory] identifyChord: pitch classes { activeNotes: [ 53, 57, 60 ], pitchClasses: [ 5, 9, 0 ] }
[music-theory] identifyChord: MATCH FOUND! {
  root: 'F',
  type: 'major',
  pitchClasses: [ 5, 9, 0 ],
  targetNotes: [ 'F', 'A', 'C' ]
}
[music-theory] identifyChord: inversion calculation { bassMidi: 53, bassNoteIndex: 5, rootIndex: 5, interval: 0 }
[music-theory] identifyChord: returning {
  root: 'F',
  type: 'major',
  name: 'F Major',
  inversion: 'Root Position'
}
[Test] Chord detected in hook: ≡ƒÄ╡ F Major
[Test] Γ£à Chord detected after state update

stdout | src/test/ActiveNotesState.test.js > Active Notes State Management > should clear detectedChord when activeNotes becomes empty
[Test] Testing state update when all notes are released
[Test] WHY: Users release all keys - state must clear correctly
[Test] IMPORTANCE: Ensures UI shows "no chord" when idle
[Test] Scenario: Starting with F Major, then releasing all keys
[Test] useChordDetection effect triggered { activeNotes: [ 53, 57, 60 ], length: 3 }
[music-theory] identifyChord called { activeNotes: [ 53, 57, 60 ], length: 3 }
[music-theory] identifyChord: pitch classes { activeNotes: [ 53, 57, 60 ], pitchClasses: [ 5, 9, 0 ] }
[music-theory] identifyChord: MATCH FOUND! {
  root: 'F',
  type: 'major',
  pitchClasses: [ 5, 9, 0 ],
  targetNotes: [ 'F', 'A', 'C' ]
}
[music-theory] identifyChord: inversion calculation { bassMidi: 53, bassNoteIndex: 5, rootIndex: 5, interval: 0 }
[music-theory] identifyChord: returning {
  root: 'F',
  type: 'major',
  name: 'F Major',
  inversion: 'Root Position'
}
[Test] Chord detected in hook: ≡ƒÄ╡ F Major
[Test] Initial state: F Major detected
[Test] useChordDetection effect triggered { activeNotes: [], length: 0 }
[music-theory] identifyChord called { activeNotes: [], length: 0 }
[music-theory] identifyChord: insufficient notes { activeNotes: [], length: 0 }
[Test] Chord detected in hook: null
[Test] Γ£à Chord cleared when notes released

stdout | src/test/ActiveNotesState.test.js > Active Notes State Management > should update detectedChord when switching between chords
[Test] Testing state update when switching between different chords
[Test] WHY: Users play different chords in sequence - state must update correctly
[Test] IMPORTANCE: Ensures UI reflects chord changes in real-time
[Test] Scenario: F Major ΓåÆ C Major ΓåÆ F Major
[Test] useChordDetection effect triggered { activeNotes: [ 53, 57, 60 ], length: 3 }
[music-theory] identifyChord called { activeNotes: [ 53, 57, 60 ], length: 3 }
[music-theory] identifyChord: pitch classes { activeNotes: [ 53, 57, 60 ], pitchClasses: [ 5, 9, 0 ] }
[music-theory] identifyChord: MATCH FOUND! {
  root: 'F',
  type: 'major',
  pitchClasses: [ 5, 9, 0 ],
  targetNotes: [ 'F', 'A', 'C' ]
}
[music-theory] identifyChord: inversion calculation { bassMidi: 53, bassNoteIndex: 5, rootIndex: 5, interval: 0 }
[music-theory] identifyChord: returning {
  root: 'F',
  type: 'major',
  name: 'F Major',
  inversion: 'Root Position'
}
[Test] Chord detected in hook: ≡ƒÄ╡ F Major
[Test] Initial: F Major
[Test] useChordDetection effect triggered { activeNotes: [ 60, 64, 67 ], length: 3 }
[music-theory] identifyChord called { activeNotes: [ 60, 64, 67 ], length: 3 }
[music-theory] identifyChord: pitch classes { activeNotes: [ 60, 64, 67 ], pitchClasses: [ 0, 4, 7 ] }
[music-theory] identifyChord: MATCH FOUND! {
  root: 'C',
  type: 'major',
  pitchClasses: [ 0, 4, 7 ],
  targetNotes: [ 'C', 'E', 'G' ]
}
[music-theory] identifyChord: inversion calculation { bassMidi: 60, bassNoteIndex: 0, rootIndex: 0, interval: 0 }
[music-theory] identifyChord: returning {
  root: 'C',
  type: 'major',
  name: 'C Major',
  inversion: 'Root Position'
}
[Test] Chord detected in hook: ≡ƒÄ╡ C Major
[Test] Γ£à Switched to C Major
[Test] useChordDetection effect triggered { activeNotes: [ 53, 57, 60 ], length: 3 }
[music-theory] identifyChord called { activeNotes: [ 53, 57, 60 ], length: 3 }
[music-theory] identifyChord: pitch classes { activeNotes: [ 53, 57, 60 ], pitchClasses: [ 5, 9, 0 ] }
[music-theory] identifyChord: MATCH FOUND! {
  root: 'F',
  type: 'major',
  pitchClasses: [ 5, 9, 0 ],
  targetNotes: [ 'F', 'A', 'C' ]
}
[music-theory] identifyChord: inversion calculation { bassMidi: 53, bassNoteIndex: 5, rootIndex: 5, interval: 0 }
[music-theory] identifyChord: returning {
  root: 'F',
  type: 'major',
  name: 'F Major',
  inversion: 'Root Position'
}
[Test] Chord detected in hook: ≡ƒÄ╡ F Major
[Test] Γ£à Switched back to F Major

stdout | src/test/ActiveNotesState.test.js > Active Notes State Management > should handle rapid note changes
[Test] Testing rapid note changes (realistic playing pattern)
[Test] WHY: Users play notes rapidly - state must handle this without issues
[Test] IMPORTANCE: Prevents state inconsistencies and UI glitches during fast playing
[Test] Scenario: Rapid sequence of note additions and removals
[Test] useChordDetection effect triggered { activeNotes: [], length: 0 }
[music-theory] identifyChord called { activeNotes: [], length: 0 }
[music-theory] identifyChord: insufficient notes { activeNotes: [], length: 0 }
[Test] Chord detected in hook: null
[Test] useChordDetection effect triggered { activeNotes: [ 53 ], length: 1 }
[music-theory] identifyChord called { activeNotes: [ 53 ], length: 1 }
[music-theory] identifyChord: insufficient notes { activeNotes: [ 53 ], length: 1 }
[Test] Chord detected in hook: null
[Test] Change 1: [ 53 ] null
[Test] useChordDetection effect triggered { activeNotes: [ 53, 57 ], length: 2 }
[music-theory] identifyChord called { activeNotes: [ 53, 57 ], length: 2 }
[music-theory] identifyChord: insufficient notes { activeNotes: [ 53, 57 ], length: 2 }
[Test] Chord detected in hook: null
[Test] Change 2: [ 53, 57 ] null
[Test] useChordDetection effect triggered { activeNotes: [ 53, 57, 60 ], length: 3 }
[music-theory] identifyChord called { activeNotes: [ 53, 57, 60 ], length: 3 }
[music-theory] identifyChord: pitch classes { activeNotes: [ 53, 57, 60 ], pitchClasses: [ 5, 9, 0 ] }
[music-theory] identifyChord: MATCH FOUND! {
  root: 'F',
  type: 'major',
  pitchClasses: [ 5, 9, 0 ],
  targetNotes: [ 'F', 'A', 'C' ]
}
[music-theory] identifyChord: inversion calculation { bassMidi: 53, bassNoteIndex: 5, rootIndex: 5, interval: 0 }
[music-theory] identifyChord: returning {
  root: 'F',
  type: 'major',
  name: 'F Major',
  inversion: 'Root Position'
}
[Test] Chord detected in hook: ≡ƒÄ╡ F Major
[Test] Change 3: [ 53, 57, 60 ] F Major
[Test] useChordDetection effect triggered { activeNotes: [ 57, 60 ], length: 2 }
[music-theory] identifyChord called { activeNotes: [ 57, 60 ], length: 2 }
[music-theory] identifyChord: insufficient notes { activeNotes: [ 57, 60 ], length: 2 }
[Test] Chord detected in hook: null
[Test] Change 4: [ 57, 60 ] null
[Test] useChordDetection effect triggered { activeNotes: [ 60 ], length: 1 }
[music-theory] identifyChord called { activeNotes: [ 60 ], length: 1 }
[music-theory] identifyChord: insufficient notes { activeNotes: [ 60 ], length: 1 }
[Test] Chord detected in hook: null
[Test] Change 5: [ 60 ] null
[Test] useChordDetection effect triggered { activeNotes: [ 60, 64 ], length: 2 }
[music-theory] identifyChord called { activeNotes: [ 60, 64 ], length: 2 }
[music-theory] identifyChord: insufficient notes { activeNotes: [ 60, 64 ], length: 2 }
[Test] Chord detected in hook: null
[Test] Change 6: [ 60, 64 ] null
[Test] useChordDetection effect triggered { activeNotes: [ 60, 64, 67 ], length: 3 }
[music-theory] identifyChord called { activeNotes: [ 60, 64, 67 ], length: 3 }
[music-theory] identifyChord: pitch classes { activeNotes: [ 60, 64, 67 ], pitchClasses: [ 0, 4, 7 ] }
[music-theory] identifyChord: MATCH FOUND! {
  root: 'C',
  type: 'major',
  pitchClasses: [ 0, 4, 7 ],
  targetNotes: [ 'C', 'E', 'G' ]
}
[music-theory] identifyChord: inversion calculation { bassMidi: 60, bassNoteIndex: 0, rootIndex: 0, interval: 0 }
[music-theory] identifyChord: returning {
  root: 'C',
  type: 'major',
  name: 'C Major',
  inversion: 'Root Position'
}
[Test] Chord detected in hook: ≡ƒÄ╡ C Major
[Test] Change 7: [ 60, 64, 67 ] C Major
[Test] useChordDetection effect triggered { activeNotes: [], length: 0 }
[music-theory] identifyChord called { activeNotes: [], length: 0 }
[music-theory] identifyChord: insufficient notes { activeNotes: [], length: 0 }
[Test] Chord detected in hook: null
[Test] Change 8: [] null
[Test] Γ£à Handled rapid changes correctly

stdout | src/test/ActiveNotesState.test.js > Active Notes State Management > should maintain chord detection during note additions
[Test] Testing chord detection during sequential note additions
[Test] WHY: Users often press keys one at a time - detection must update correctly
[Test] IMPORTANCE: Ensures UI shows correct state as users build chords
[Test] Scenario: Adding F, then A, then C - should detect F Major when complete
[Test] useChordDetection effect triggered { activeNotes: [ 53 ], length: 1 }
[music-theory] identifyChord called { activeNotes: [ 53 ], length: 1 }
[music-theory] identifyChord: insufficient notes { activeNotes: [ 53 ], length: 1 }
[Test] Chord detected in hook: null
[Test] After F: no chord
[Test] useChordDetection effect triggered { activeNotes: [ 53, 57 ], length: 2 }
[music-theory] identifyChord called { activeNotes: [ 53, 57 ], length: 2 }
[music-theory] identifyChord: insufficient notes { activeNotes: [ 53, 57 ], length: 2 }
[Test] Chord detected in hook: null
[Test] After F, A: no chord
[Test] useChordDetection effect triggered { activeNotes: [ 53, 57, 60 ], length: 3 }
[music-theory] identifyChord called { activeNotes: [ 53, 57, 60 ], length: 3 }
[music-theory] identifyChord: pitch classes { activeNotes: [ 53, 57, 60 ], pitchClasses: [ 5, 9, 0 ] }
[music-theory] identifyChord: MATCH FOUND! {
  root: 'F',
  type: 'major',
  pitchClasses: [ 5, 9, 0 ],
  targetNotes: [ 'F', 'A', 'C' ]
}
[music-theory] identifyChord: inversion calculation { bassMidi: 53, bassNoteIndex: 5, rootIndex: 5, interval: 0 }
[music-theory] identifyChord: returning {
  root: 'F',
  type: 'major',
  name: 'F Major',
  inversion: 'Root Position'
}
[Test] Chord detected in hook: ≡ƒÄ╡ F Major
[Test] Γ£à After F, A, C: F Major detected
[Test] useChordDetection effect triggered { activeNotes: [ 53, 57, 60, 65 ], length: 4 }
[music-theory] identifyChord called { activeNotes: [ 53, 57, 60, 65 ], length: 4 }
[music-theory] identifyChord: pitch classes { activeNotes: [ 53, 57, 60, 65 ], pitchClasses: [ 5, 9, 0 ] }
[music-theory] identifyChord: MATCH FOUND! {
  root: 'F',
  type: 'major',
  pitchClasses: [ 5, 9, 0 ],
  targetNotes: [ 'F', 'A', 'C' ]
}
[music-theory] identifyChord: inversion calculation { bassMidi: 53, bassNoteIndex: 5, rootIndex: 5, interval: 0 }
[music-theory] identifyChord: returning {
  root: 'F',
  type: 'major',
  name: 'F Major',
  inversion: 'Root Position'
}
[Test] Chord detected in hook: ≡ƒÄ╡ F Major
[Test] After adding 4th note: F Major

stdout | src/test/progression-storage.test.js > ProgressionStorage > Save Operations > should save chromatic chord progression
[ProgressionStorage] validateProgression called {
  lenient: false,
  hasProgression: true,
  progressionType: 'object',
  metadata: { key: 'C', scaleType: 'major' }
}
[ProgressionStorage] Validation successful

 Γ£ô src/test/ActiveNotesState.test.js  (5 tests) 91ms
stdout | src/test/MultipleHarmonicFunctions.test.js > Multiple Harmonic Function Detection > Am7 / C6 Case > should detect both Am7 and C6 from notes A, C, E, G
[Test] Testing Am7/C6 multiple harmonic function detection
[Test] WHY: Am7 and C6 contain the exact same four notes - both interpretations are valid
[Test] IMPORTANCE: Users need to see all possible harmonic functions
[Test] MIDI Notes: A3=57, C4=60, E4=64, G4=67
[music-theory] identifyAllChords called { activeNotes: [ 57, 60, 64, 67 ], length: 4 }
[music-theory] identifyAllChords: pitch classes { activeNotes: [ 57, 60, 64, 67 ], pitchClasses: [ 9, 0, 4, 7 ] }
[music-theory] identifyAllChords: MATCH FOUND! {
  root: 'C',
  type: 'major6',
  pitchClasses: [ 9, 0, 4, 7 ],
  targetNotes: [ 'C', 'E', 'G', 'A' ]
}
[music-theory] identifyAllChords: inversion calculation { bassMidi: 57, bassNoteIndex: 9, rootIndex: 0, interval: 9 }
[music-theory] identifyAllChords: added match {
  root: 'C',
  type: 'major6',
  name: 'C Major 6',
  inversion: '3rd Inversion'
}
[music-theory] identifyAllChords: MATCH FOUND! {
  root: 'C',
  type: 'add6',
  pitchClasses: [ 9, 0, 4, 7 ],
  targetNotes: [ 'C', 'E', 'G', 'A' ]
}
[music-theory] identifyAllChords: inversion calculation { bassMidi: 57, bassNoteIndex: 9, rootIndex: 0, interval: 9 }
[music-theory] identifyAllChords: added match { root: 'C', type: 'add6', name: 'C Add6', inversion: '3rd Inversion' }
[music-theory] identifyAllChords: MATCH FOUND! {
  root: 'A',
  type: 'minor7',
  pitchClasses: [ 9, 0, 4, 7 ],
  targetNotes: [ 'A', 'C', 'E', 'G' ]
}
[music-theory] identifyAllChords: inversion calculation { bassMidi: 57, bassNoteIndex: 9, rootIndex: 9, interval: 0 }
[music-theory] identifyAllChords: added match {
  root: 'A',
  type: 'minor7',
  name: 'A Minor 7',
  inversion: 'Root Position'
}
[music-theory] identifyAllChords: found 3 matches
[Test] Γ£à Both Am7 and C6 detected: [ 'C Major 6', 'C Add6', 'A Minor 7' ]

stdout | src/test/MultipleHarmonicFunctions.test.js > Multiple Harmonic Function Detection > Am7 / C6 Case > should verify identifyChord returns first match (backward compatibility)
[Test] Testing backward compatibility - identifyChord returns first match
[Test] WHY: Existing code relies on identifyChord returning a single chord
[Test] IMPORTANCE: Ensures no breaking changes to existing functionality
[music-theory] identifyChord called { activeNotes: [ 57, 60, 64, 67 ], length: 4 }
[music-theory] identifyChord: pitch classes { activeNotes: [ 57, 60, 64, 67 ], pitchClasses: [ 9, 0, 4, 7 ] }
[music-theory] identifyChord: MATCH FOUND! {
  root: 'C',
  type: 'major6',
  pitchClasses: [ 9, 0, 4, 7 ],
  targetNotes: [ 'C', 'E', 'G', 'A' ]
}
[music-theory] identifyChord: inversion calculation { bassMidi: 57, bassNoteIndex: 9, rootIndex: 0, interval: 9 }
[music-theory] identifyChord: returning {
  root: 'C',
  type: 'major6',
  name: 'C Major 6',
  inversion: '3rd Inversion'
}
[music-theory] identifyAllChords called { activeNotes: [ 57, 60, 64, 67 ], length: 4 }
[music-theory] identifyAllChords: pitch classes { activeNotes: [ 57, 60, 64, 67 ], pitchClasses: [ 9, 0, 4, 7 ] }
[music-theory] identifyAllChords: MATCH FOUND! {
  root: 'C',
  type: 'major6',
  pitchClasses: [ 9, 0, 4, 7 ],
  targetNotes: [ 'C', 'E', 'G', 'A' ]
}
[music-theory] identifyAllChords: inversion calculation { bassMidi: 57, bassNoteIndex: 9, rootIndex: 0, interval: 9 }
[music-theory] identifyAllChords: added match {
  root: 'C',
  type: 'major6',
  name: 'C Major 6',
  inversion: '3rd Inversion'
}
[music-theory] identifyAllChords: MATCH FOUND! {
  root: 'C',
  type: 'add6',
  pitchClasses: [ 9, 0, 4, 7 ],
  targetNotes: [ 'C', 'E', 'G', 'A' ]
}
[music-theory] identifyAllChords: inversion calculation { bassMidi: 57, bassNoteIndex: 9, rootIndex: 0, interval: 9 }
[music-theory] identifyAllChords: added match { root: 'C', type: 'add6', name: 'C Add6', inversion: '3rd Inversion' }
[music-theory] identifyAllChords: MATCH FOUND! {
  root: 'A',
  type: 'minor7',
  pitchClasses: [ 9, 0, 4, 7 ],
  targetNotes: [ 'A', 'C', 'E', 'G' ]
}
[music-theory] identifyAllChords: inversion calculation { bassMidi: 57, bassNoteIndex: 9, rootIndex: 9, interval: 0 }
[music-theory] identifyAllChords: added match {
  root: 'A',
  type: 'minor7',
  name: 'A Minor 7',
  inversion: 'Root Position'
}
[music-theory] identifyAllChords: found 3 matches
[Test] Γ£à identifyChord maintains backward compatibility

stdout | src/test/MultipleHarmonicFunctions.test.js > Multiple Harmonic Function Detection > New Chord Types Detection > should detect C Major 6 chord
[Test] Testing C6 chord detection
[Test] WHY: Major 6 chords are common extensions
[Test] MIDI Notes: C4=60, E4=64, G4=67, A4=69
[music-theory] identifyAllChords called { activeNotes: [ 60, 64, 67, 69 ], length: 4 }
[music-theory] identifyAllChords: pitch classes { activeNotes: [ 60, 64, 67, 69 ], pitchClasses: [ 0, 4, 7, 9 ] }
[music-theory] identifyAllChords: MATCH FOUND! {
  root: 'C',
  type: 'major6',
  pitchClasses: [ 0, 4, 7, 9 ],
  targetNotes: [ 'C', 'E', 'G', 'A' ]
}
[music-theory] identifyAllChords: inversion calculation { bassMidi: 60, bassNoteIndex: 0, rootIndex: 0, interval: 0 }
[music-theory] identifyAllChords: added match {
  root: 'C',
  type: 'major6',
  name: 'C Major 6',
  inversion: 'Root Position'
}
[music-theory] identifyAllChords: MATCH FOUND! {
  root: 'C',
  type: 'add6',
  pitchClasses: [ 0, 4, 7, 9 ],
  targetNotes: [ 'C', 'E', 'G', 'A' ]
}
[music-theory] identifyAllChords: inversion calculation { bassMidi: 60, bassNoteIndex: 0, rootIndex: 0, interval: 0 }
[music-theory] identifyAllChords: added match { root: 'C', type: 'add6', name: 'C Add6', inversion: 'Root Position' }
[music-theory] identifyAllChords: MATCH FOUND! {
  root: 'A',
  type: 'minor7',
  pitchClasses: [ 0, 4, 7, 9 ],
  targetNotes: [ 'A', 'C', 'E', 'G' ]
}
[music-theory] identifyAllChords: inversion calculation { bassMidi: 60, bassNoteIndex: 0, rootIndex: 9, interval: 3 }
[music-theory] identifyAllChords: added match {
  root: 'A',
  type: 'minor7',
  name: 'A Minor 7',
  inversion: '1st Inversion'
}
[music-theory] identifyAllChords: found 3 matches
[Test] Γ£à C6 detected: [ 'C Major 6', 'C Add6', 'A Minor 7' ]

stdout | src/test/MultipleHarmonicFunctions.test.js > Multiple Harmonic Function Detection > New Chord Types Detection > should detect C Add9 chord
[Test] Testing Cadd9 chord detection
[Test] WHY: Add9 chords are common extensions
[Test] MIDI Notes: C4=60, E4=64, G4=67, D5=74
[music-theory] identifyAllChords called { activeNotes: [ 60, 64, 67, 74 ], length: 4 }
[music-theory] identifyAllChords: pitch classes { activeNotes: [ 60, 64, 67, 74 ], pitchClasses: [ 0, 4, 7, 2 ] }
[music-theory] identifyAllChords: MATCH FOUND! {
  root: 'C',
  type: 'add9',
  pitchClasses: [ 0, 4, 7, 2 ],
  targetNotes: [ 'C', 'E', 'G', 'D' ]
}
[music-theory] identifyAllChords: inversion calculation { bassMidi: 60, bassNoteIndex: 0, rootIndex: 0, interval: 0 }
[music-theory] identifyAllChords: added match { root: 'C', type: 'add9', name: 'C Add9', inversion: 'Root Position' }
[music-theory] identifyAllChords: found 1 matches
[Test] Γ£à Cadd9 detected: [ 'C Add9' ]

 Γ£ô src/test/MultipleHarmonicFunctions.test.js  (4 tests) 12ms
stdout | src/test/progression-storage.test.js > ProgressionStorage > Load Operations > should load progression by ID
[ProgressionStorage] validateProgression called {
  lenient: false,
  hasProgression: true,
  progressionType: 'object',
  metadata: { key: 'C', scaleType: 'major' }
}
[ProgressionStorage] Validation successful

 Γ£ô src/test/exercise-loader.test.js  (24 tests) 11ms
 Γ£ô src/test/triad-shape-shifting.test.js  (7 tests) 8ms
stdout | src/test/progression-storage.test.js > ProgressionStorage > Load Operations > should load progression by ID
[ProgressionStorage] validateProgression called {
  lenient: false,
  hasProgression: true,
  progressionType: 'object',
  metadata: { key: 'C', scaleType: 'major' }
}
[ProgressionStorage] Validation successful

stdout | src/test/progression-storage.test.js > ProgressionStorage > Load Operations > should handle load errors gracefully
[ProgressionStorage] validateProgression called {
  lenient: false,
  hasProgression: true,
  progressionType: 'object',
  metadata: { key: 'C', scaleType: 'major' }
}
[ProgressionStorage] Validation successful

stdout | src/test/progression-storage.test.js > ProgressionStorage > Load Operations > should handle load errors gracefully
[ProgressionStorage] validateProgression called {
  lenient: false,
  hasProgression: true,
  progressionType: 'object',
  metadata: { key: 'C', scaleType: 'major' }
}
[ProgressionStorage] Validation successful

stdout | src/test/progression-storage.test.js > ProgressionStorage > List Operations > should get all progressions sorted by createdAt desc
[ProgressionStorage] validateProgression called {
  lenient: false,
  hasProgression: true,
  progressionType: 'object',
  metadata: { key: 'C', scaleType: 'major' }
}
[ProgressionStorage] Validation successful

stdout | src/test/progression-storage.test.js > ProgressionStorage > List Operations > should get all progressions sorted by createdAt desc
[ProgressionStorage] validateProgression called {
  lenient: false,
  hasProgression: true,
  progressionType: 'object',
  metadata: { key: 'C', scaleType: 'major' }
}
[ProgressionStorage] Validation successful

stdout | src/test/ChordInversionDetection.test.js > C Major inversion detection from MIDI input > identifyChord returns correct inversion for canonical MIDI (getChordNotesAsMidi) > should recognize C Major Root Position from MIDI notes (octave 3)
[music-theory] identifyChord called { activeNotes: [ 48, 52, 55 ], length: 3 }
[music-theory] identifyChord: pitch classes { activeNotes: [ 48, 52, 55 ], pitchClasses: [ 0, 4, 7 ] }
[music-theory] identifyChord: MATCH FOUND! {
  root: 'C',
  type: 'major',
  pitchClasses: [ 0, 4, 7 ],
  targetNotes: [ 'C', 'E', 'G' ]
}
[music-theory] identifyChord: inversion calculation { bassMidi: 48, bassNoteIndex: 0, rootIndex: 0, interval: 0 }
[music-theory] identifyChord: returning {
  root: 'C',
  type: 'major',
  name: 'C Major',
  inversion: 'Root Position'
}

stdout | src/test/ChordInversionDetection.test.js > C Major inversion detection from MIDI input > identifyChord returns correct inversion for canonical MIDI (getChordNotesAsMidi) > should recognize C Major Root Position from MIDI notes (octave 4)
[music-theory] identifyChord called { activeNotes: [ 60, 64, 67 ], length: 3 }
[music-theory] identifyChord: pitch classes { activeNotes: [ 60, 64, 67 ], pitchClasses: [ 0, 4, 7 ] }
[music-theory] identifyChord: MATCH FOUND! {
  root: 'C',
  type: 'major',
  pitchClasses: [ 0, 4, 7 ],
  targetNotes: [ 'C', 'E', 'G' ]
}
[music-theory] identifyChord: inversion calculation { bassMidi: 60, bassNoteIndex: 0, rootIndex: 0, interval: 0 }
[music-theory] identifyChord: returning {
  root: 'C',
  type: 'major',
  name: 'C Major',
  inversion: 'Root Position'
}

stdout | src/test/ChordInversionDetection.test.js > C Major inversion detection from MIDI input > identifyChord returns correct inversion for canonical MIDI (getChordNotesAsMidi) > should recognize C Major 1st Inversion from MIDI notes (E in bass)
[music-theory] identifyChord called { activeNotes: [ 52, 55, 60 ], length: 3 }
[music-theory] identifyChord: pitch classes { activeNotes: [ 52, 55, 60 ], pitchClasses: [ 4, 7, 0 ] }
[music-theory] identifyChord: MATCH FOUND! {
  root: 'C',
  type: 'major',
  pitchClasses: [ 4, 7, 0 ],
  targetNotes: [ 'C', 'E', 'G' ]
}
[music-theory] identifyChord: inversion calculation { bassMidi: 52, bassNoteIndex: 4, rootIndex: 0, interval: 4 }
[music-theory] identifyChord: returning {
  root: 'C',
  type: 'major',
  name: 'C Major',
  inversion: '1st Inversion'
}

stdout | src/test/ChordInversionDetection.test.js > C Major inversion detection from MIDI input > identifyChord returns correct inversion for canonical MIDI (getChordNotesAsMidi) > should recognize C Major 1st Inversion from MIDI notes (octave 4)
[music-theory] identifyChord called { activeNotes: [ 64, 67, 72 ], length: 3 }
[music-theory] identifyChord: pitch classes { activeNotes: [ 64, 67, 72 ], pitchClasses: [ 4, 7, 0 ] }
[music-theory] identifyChord: MATCH FOUND! {
  root: 'C',
  type: 'major',
  pitchClasses: [ 4, 7, 0 ],
  targetNotes: [ 'C', 'E', 'G' ]
}
[music-theory] identifyChord: inversion calculation { bassMidi: 64, bassNoteIndex: 4, rootIndex: 0, interval: 4 }
[music-theory] identifyChord: returning {
  root: 'C',
  type: 'major',
  name: 'C Major',
  inversion: '1st Inversion'
}

stdout | src/test/ChordInversionDetection.test.js > C Major inversion detection from MIDI input > identifyChord returns correct inversion for canonical MIDI (getChordNotesAsMidi) > should recognize C Major 2nd Inversion from MIDI notes (G in bass)
[music-theory] identifyChord called { activeNotes: [ 55, 60, 64 ], length: 3 }
[music-theory] identifyChord: pitch classes { activeNotes: [ 55, 60, 64 ], pitchClasses: [ 7, 0, 4 ] }
[music-theory] identifyChord: MATCH FOUND! {
  root: 'C',
  type: 'major',
  pitchClasses: [ 7, 0, 4 ],
  targetNotes: [ 'C', 'E', 'G' ]
}
[music-theory] identifyChord: inversion calculation { bassMidi: 55, bassNoteIndex: 7, rootIndex: 0, interval: 7 }
[music-theory] identifyChord: returning {
  root: 'C',
  type: 'major',
  name: 'C Major',
  inversion: '2nd Inversion'
}

stdout | src/test/ChordInversionDetection.test.js > C Major inversion detection from MIDI input > identifyChord returns correct inversion for canonical MIDI (getChordNotesAsMidi) > should recognize C Major 2nd Inversion from MIDI notes (octave 4)
[music-theory] identifyChord called { activeNotes: [ 67, 72, 76 ], length: 3 }
[music-theory] identifyChord: pitch classes { activeNotes: [ 67, 72, 76 ], pitchClasses: [ 7, 0, 4 ] }
[music-theory] identifyChord: MATCH FOUND! {
  root: 'C',
  type: 'major',
  pitchClasses: [ 7, 0, 4 ],
  targetNotes: [ 'C', 'E', 'G' ]
}
[music-theory] identifyChord: inversion calculation { bassMidi: 67, bassNoteIndex: 7, rootIndex: 0, interval: 7 }
[music-theory] identifyChord: returning {
  root: 'C',
  type: 'major',
  name: 'C Major',
  inversion: '2nd Inversion'
}

stdout | src/test/ChordInversionDetection.test.js > C Major inversion detection from MIDI input > identifyChord returns correct inversion when MIDI notes are in arbitrary order > should recognize Root Position when notes are unsorted (simulated MIDI order)
[music-theory] identifyChord called { activeNotes: [ 60, 67, 64 ], length: 3 }
[music-theory] identifyChord: pitch classes { activeNotes: [ 60, 67, 64 ], pitchClasses: [ 0, 7, 4 ] }
[music-theory] identifyChord: MATCH FOUND! {
  root: 'C',
  type: 'major',
  pitchClasses: [ 0, 7, 4 ],
  targetNotes: [ 'C', 'E', 'G' ]
}
[music-theory] identifyChord: inversion calculation { bassMidi: 60, bassNoteIndex: 0, rootIndex: 0, interval: 0 }
[music-theory] identifyChord: returning {
  root: 'C',
  type: 'major',
  name: 'C Major',
  inversion: 'Root Position'
}

stdout | src/test/ChordInversionDetection.test.js > C Major inversion detection from MIDI input > identifyChord returns correct inversion when MIDI notes are in arbitrary order > should recognize 1st Inversion when notes are unsorted (E-G-C)
[music-theory] identifyChord called { activeNotes: [ 55, 60, 52 ], length: 3 }
[music-theory] identifyChord: pitch classes { activeNotes: [ 55, 60, 52 ], pitchClasses: [ 7, 0, 4 ] }
[music-theory] identifyChord: MATCH FOUND! {
  root: 'C',
  type: 'major',
  pitchClasses: [ 7, 0, 4 ],
  targetNotes: [ 'C', 'E', 'G' ]
}
[music-theory] identifyChord: inversion calculation { bassMidi: 52, bassNoteIndex: 4, rootIndex: 0, interval: 4 }
[music-theory] identifyChord: returning {
  root: 'C',
  type: 'major',
  name: 'C Major',
  inversion: '1st Inversion'
}

stdout | src/test/ChordInversionDetection.test.js > C Major inversion detection from MIDI input > identifyChord returns correct inversion when MIDI notes are in arbitrary order > should recognize 2nd Inversion when notes are unsorted (G-C-E)
[music-theory] identifyChord called { activeNotes: [ 64, 55, 60 ], length: 3 }
[music-theory] identifyChord: pitch classes { activeNotes: [ 64, 55, 60 ], pitchClasses: [ 4, 7, 0 ] }
[music-theory] identifyChord: MATCH FOUND! {
  root: 'C',
  type: 'major',
  pitchClasses: [ 4, 7, 0 ],
  targetNotes: [ 'C', 'E', 'G' ]
}
[music-theory] identifyChord: inversion calculation { bassMidi: 55, bassNoteIndex: 7, rootIndex: 0, interval: 7 }
[music-theory] identifyChord: returning {
  root: 'C',
  type: 'major',
  name: 'C Major',
  inversion: '2nd Inversion'
}

stdout | src/test/ChordInversionDetection.test.js > C Major inversion detection from MIDI input > identifyChord with extra octave doublings (same pitch classes) > should still report Root Position when root is doubled in higher octave
[music-theory] identifyChord called { activeNotes: [ 48, 52, 55, 60 ], length: 4 }
[music-theory] identifyChord: pitch classes { activeNotes: [ 48, 52, 55, 60 ], pitchClasses: [ 0, 4, 7 ] }
[music-theory] identifyChord: MATCH FOUND! {
  root: 'C',
  type: 'major',
  pitchClasses: [ 0, 4, 7 ],
  targetNotes: [ 'C', 'E', 'G' ]
}
[music-theory] identifyChord: inversion calculation { bassMidi: 48, bassNoteIndex: 0, rootIndex: 0, interval: 0 }
[music-theory] identifyChord: returning {
  root: 'C',
  type: 'major',
  name: 'C Major',
  inversion: 'Root Position'
}

stdout | src/test/ChordInversionDetection.test.js > C Major inversion detection from MIDI input > identifyChord with extra octave doublings (same pitch classes) > should still report 1st Inversion when 3rd is in bass despite extra notes
[music-theory] identifyChord called { activeNotes: [ 52, 55, 60, 64 ], length: 4 }
[music-theory] identifyChord: pitch classes { activeNotes: [ 52, 55, 60, 64 ], pitchClasses: [ 4, 7, 0 ] }
[music-theory] identifyChord: MATCH FOUND! {
  root: 'C',
  type: 'major',
  pitchClasses: [ 4, 7, 0 ],
  targetNotes: [ 'C', 'E', 'G' ]
}
[music-theory] identifyChord: inversion calculation { bassMidi: 52, bassNoteIndex: 4, rootIndex: 0, interval: 4 }
[music-theory] identifyChord: returning {
  root: 'C',
  type: 'major',
  name: 'C Major',
  inversion: '1st Inversion'
}

stdout | src/test/progression-storage.test.js > ProgressionStorage > List Operations > should get all progressions sorted by createdAt desc
[ProgressionStorage] validateProgression called {
  lenient: false,
  hasProgression: true,
  progressionType: 'object',
  metadata: { key: 'C', scaleType: 'major' }
}
[ProgressionStorage] Validation successful

 Γ£ô src/test/ChordInversionDetection.test.js  (11 tests) 11ms
 Γ£ô src/test/i4v5-inversions.test.js  (31 tests) 121ms
stdout | src/test/progression-storage.test.js > ProgressionStorage > List Operations > should get all progressions sorted by createdAt desc
[ProgressionStorage] validateProgression called {
  lenient: false,
  hasProgression: true,
  progressionType: 'object',
  metadata: { key: 'C', scaleType: 'major' }
}
[ProgressionStorage] Validation successful

stdout | src/test/progression-storage.test.js > ProgressionStorage > List Operations > should get all progressions sorted by createdAt desc
[ProgressionStorage] validateProgression called {
  lenient: false,
  hasProgression: true,
  progressionType: 'object',
  metadata: { key: 'C', scaleType: 'major' }
}
[ProgressionStorage] Validation successful

stdout | src/test/progression-storage.test.js > ProgressionStorage > List Operations > should get all progressions sorted by createdAt desc
[ProgressionStorage] validateProgression called {
  lenient: false,
  hasProgression: true,
  progressionType: 'object',
  metadata: { key: 'C', scaleType: 'major' }
}
[ProgressionStorage] Validation successful

stdout | src/test/progression-storage.test.js > ProgressionStorage > List Operations > should get all progressions sorted by name
[ProgressionStorage] validateProgression called {
  lenient: false,
  hasProgression: true,
  progressionType: 'object',
  metadata: { key: 'C', scaleType: 'major' }
}
[ProgressionStorage] Validation successful

stdout | src/test/progression-storage.test.js > ProgressionStorage > List Operations > should get all progressions sorted by name
[ProgressionStorage] validateProgression called {
  lenient: false,
  hasProgression: true,
  progressionType: 'object',
  metadata: { key: 'C', scaleType: 'major' }
}
[ProgressionStorage] Validation successful

stdout | src/test/progression-storage.test.js > ProgressionStorage > List Operations > should get all progressions sorted by name
[ProgressionStorage] validateProgression called {
  lenient: false,
  hasProgression: true,
  progressionType: 'object',
  metadata: { key: 'C', scaleType: 'major' }
}
[ProgressionStorage] Validation successful

stdout | src/test/progression-storage.test.js > ProgressionStorage > List Operations > should get all progressions sorted by name
[ProgressionStorage] validateProgression called {
  lenient: false,
  hasProgression: true,
  progressionType: 'object',
  metadata: { key: 'C', scaleType: 'major' }
}
[ProgressionStorage] Validation successful

stdout | src/test/progression-storage.test.js > ProgressionStorage > List Operations > should get all progressions sorted by name
[ProgressionStorage] validateProgression called {
  lenient: false,
  hasProgression: true,
  progressionType: 'object',
  metadata: { key: 'C', scaleType: 'major' }
}
[ProgressionStorage] Validation successful

stdout | src/test/progression-storage.test.js > ProgressionStorage > List Operations > should get all progressions sorted by name
[ProgressionStorage] validateProgression called {
  lenient: false,
  hasProgression: true,
  progressionType: 'object',
  metadata: { key: 'C', scaleType: 'major' }
}
[ProgressionStorage] Validation successful

stdout | src/test/progression-storage.test.js > ProgressionStorage > Delete Operations > should delete progression by ID
[ProgressionStorage] validateProgression called {
  lenient: false,
  hasProgression: true,
  progressionType: 'object',
  metadata: { key: 'C', scaleType: 'major' }
}
[ProgressionStorage] Validation successful

stdout | src/test/progression-storage.test.js > ProgressionStorage > Delete Operations > should handle delete errors gracefully
[ProgressionStorage] validateProgression called {
  lenient: false,
  hasProgression: true,
  progressionType: 'object',
  metadata: { key: 'C', scaleType: 'major' }
}
[ProgressionStorage] Validation successful

stdout | src/test/progression-storage.test.js > ProgressionStorage > Import/Export Operations > should export progression to JSON string
[ProgressionStorage] validateProgression called {
  lenient: false,
  hasProgression: true,
  progressionType: 'object',
  metadata: { key: 'C', scaleType: 'major' }
}
[ProgressionStorage] Validation successful

stdout | src/test/progression-storage.test.js > ProgressionStorage > Import/Export Operations > should import progression from JSON string
[ProgressionStorage] importFromJSON called { jsonLength: 183, lenient: true }
[ProgressionStorage] JSON parsed successfully {
  hasName: true,
  hasProgression: true,
  hasMetadata: true,
  metadata: { key: 'C', scaleType: 'major' }
}
[ProgressionStorage] validateProgression called {
  lenient: true,
  hasProgression: true,
  progressionType: 'object',
  metadata: { key: 'C', scaleType: 'major' }
}
[ProgressionStorage] Lenient mode: Allowing missing metadata.key or metadata.scaleType { hasKey: true, hasScaleType: true }
[ProgressionStorage] Validation successful
[ProgressionStorage] Import validation successful {
  name: 'Test Progression',
  progression: 'I IV V I',
  metadata: { key: 'C', scaleType: 'major' }
}

stdout | src/test/progression-storage.test.js > ProgressionStorage > Import/Export Operations > should validate imported progression
[ProgressionStorage] importFromJSON called { jsonLength: 183, lenient: true }
[ProgressionStorage] JSON parsed successfully {
  hasName: true,
  hasProgression: true,
  hasMetadata: true,
  metadata: { key: 'C', scaleType: 'major' }
}
[ProgressionStorage] validateProgression called {
  lenient: true,
  hasProgression: true,
  progressionType: 'object',
  metadata: { key: 'C', scaleType: 'major' }
}
[ProgressionStorage] Lenient mode: Allowing missing metadata.key or metadata.scaleType { hasKey: true, hasScaleType: true }
[ProgressionStorage] Validation successful
[ProgressionStorage] Import validation successful {
  name: 'Test Progression',
  progression: 'I IV V I',
  metadata: { key: 'C', scaleType: 'major' }
}
[ProgressionStorage] validateProgression called {
  lenient: false,
  hasProgression: true,
  progressionType: 'object',
  metadata: { key: 'C', scaleType: 'major' }
}
[ProgressionStorage] Validation successful

stdout | src/test/progression-storage.test.js > ProgressionStorage > Import/Export Operations > should throw error for invalid JSON
[ProgressionStorage] importFromJSON called { jsonLength: 8, lenient: true }

stderr | src/test/progression-storage.test.js > ProgressionStorage > Import/Export Operations > should throw error for 
invalid JSON
[ProgressionStorage] JSON parse error: SyntaxError: Unexpected token 'o', "not json" is not valid JSON
    at JSON.parse (<anonymous>)
    at ProgressionStorage.importFromJSON 
(C:\Users\denni\OneDrive\Documents\piano-app\src\core\progression-storage.js:414:27)
    at C:\Users\denni\OneDrive\Documents\piano-app\src\test\progression-storage.test.js:662:25
    at Proxy.assertThrows 
(C:\Users\denni\OneDrive\Documents\piano-app\node_modules\chai\lib\chai\core\assertions.js:2644:7)
    at Proxy.methodWrapper 
(C:\Users\denni\OneDrive\Documents\piano-app\node_modules\chai\lib\chai\utils\addMethod.js:57:25)
    at Proxy.<anonymous> 
(file:///C:/Users/denni/OneDrive/Documents/piano-app/node_modules/@vitest/expect/dist/index.js:850:16)
    at Proxy.overwritingMethodWrapper 
(C:\Users\denni\OneDrive\Documents\piano-app\node_modules\chai\lib\chai\utils\overwriteMethod.js:78:33)
    at Proxy.<anonymous> 
(file:///C:/Users/denni/OneDrive/Documents/piano-app/node_modules/@vitest/expect/dist/index.js:1324:19)
    at Proxy.<anonymous> 
(file:///C:/Users/denni/OneDrive/Documents/piano-app/node_modules/@vitest/expect/dist/index.js:800:17)
    at Proxy.methodWrapper 
(C:\Users\denni\OneDrive\Documents\piano-app\node_modules\chai\lib\chai\utils\addMethod.js:57:25)

stdout | src/test/progression-storage.test.js > ProgressionStorage > Import/Export Operations > should throw error for invalid progression format
[ProgressionStorage] importFromJSON called { jsonLength: 18, lenient: true }
[ProgressionStorage] JSON parsed successfully {
  hasName: false,
  hasProgression: false,
  hasMetadata: false,
  metadata: undefined
}
[ProgressionStorage] validateProgression called {
  lenient: true,
  hasProgression: true,
  progressionType: 'object',
  metadata: undefined
}
[ProgressionStorage] Lenient mode: Missing version, will use default
[ProgressionStorage] Lenient mode: Missing id, will be generated

stdout | src/test/progression-storage.test.js > ProgressionStorage > Import/Export Operations > should download progression as JSON file
stderr | src/test/progression-storage.test.js > ProgressionStorage > Import/Export Operations > should throw error for 
invalid progression format
[ProgressionStorage] Validation failed: Missing or invalid name field undefined
[ProgressionStorage] Validation failed during import: {
  error: 'Missing or invalid name field',
  progression: { invalid: 'data' },
  lenient: true
}

[ProgressionStorage] validateProgression called {
  lenient: false,
  hasProgression: true,
  progressionType: 'object',
  metadata: { key: 'C', scaleType: 'major' }
}
[ProgressionStorage] Validation successful

stdout | src/test/progression-storage.test.js > ProgressionStorage > Import/Export Operations > should save file to root directory using File System Access API with ISO timestamp filename
[ProgressionStorage] validateProgression called {
  lenient: false,
  hasProgression: true,
  progressionType: 'object',
  metadata: { key: 'C', scaleType: 'major' }
}
[ProgressionStorage] Validation successful

stdout | src/test/progression-storage.test.js > ProgressionStorage > Import/Export Operations > should import progression from file
[ProgressionStorage] importFromFile called {
  fileName: 'test.json',
  fileSize: 183,
  fileType: 'application/json',
  lenient: true
}

stdout | src/test/progression-storage.test.js > ProgressionStorage > Import/Export Operations > should import progression from file
[ProgressionStorage] File read successfully {
  resultLength: 183,
  resultPreview: '{"version":"1.0.0","id":"550e8400-e29b-41d4-a716-446655440000","name":"Test Progression","progression":"I IV V I","createdAt":1769964558634,"metadata":{"key":"C","scaleType":"major"}}'
}
[ProgressionStorage] importFromJSON called { jsonLength: 183, lenient: true }
[ProgressionStorage] JSON parsed successfully {
  hasName: true,
  hasProgression: true,
  hasMetadata: true,
  metadata: { key: 'C', scaleType: 'major' }
}
[ProgressionStorage] validateProgression called {
  lenient: true,
  hasProgression: true,
  progressionType: 'object',
  metadata: { key: 'C', scaleType: 'major' }
}
[ProgressionStorage] Lenient mode: Allowing missing metadata.key or metadata.scaleType { hasKey: true, hasScaleType: true }
[ProgressionStorage] Validation successful
[ProgressionStorage] Import validation successful {
  name: 'Test Progression',
  progression: 'I IV V I',
  metadata: { key: 'C', scaleType: 'major' }
}
[ProgressionStorage] File import successful {
  name: 'Test Progression',
  progression: 'I IV V I',
  metadata: { key: 'C', scaleType: 'major' }
}

stdout | src/test/progression-storage.test.js > ProgressionStorage > Import/Export Operations > should throw error when importing invalid file
[ProgressionStorage] importFromFile called {
  fileName: 'test.json',
  fileSize: 12,
  fileType: 'application/json',
  lenient: true
}

stdout | src/test/progression-storage.test.js > ProgressionStorage > Import/Export Operations > should throw error when importing invalid file
[ProgressionStorage] File read successfully { resultLength: 12, resultPreview: 'invalid json' }
[ProgressionStorage] importFromJSON called { jsonLength: 12, lenient: true }

stderr | src/test/progression-storage.test.js > ProgressionStorage > Import/Export Operations > should throw error 
when importing invalid file
[ProgressionStorage] JSON parse error: SyntaxError: Unexpected token 'i', "invalid json" is not valid JSON
    at JSON.parse (<anonymous>)
    at ProgressionStorage.importFromJSON 
(C:\Users\denni\OneDrive\Documents\piano-app\src\core\progression-storage.js:414:27)
    at FileReader.reader.onload (C:\Users\denni\OneDrive\Documents\piano-app\src\core\progression-storage.js:531:46)
    at FileReader.invokeTheCallbackFunction (C:\Users\denni\OneDrive\Documents\piano-app\node_modules\jsdom\lib\jsdom\l
iving\generated\EventHandlerNonNull.js:14:28)
    at FileReader.<anonymous> (C:\Users\denni\OneDrive\Documents\piano-app\node_modules\jsdom\lib\jsdom\living\helpers\
create-event-accessor.js:35:32)
    at innerInvokeEventListeners 
(C:\Users\denni\OneDrive\Documents\piano-app\node_modules\jsdom\lib\jsdom\living\events\EventTarget-impl.js:350:25)
    at invokeEventListeners 
(C:\Users\denni\OneDrive\Documents\piano-app\node_modules\jsdom\lib\jsdom\living\events\EventTarget-impl.js:286:3)
    at FileReaderImpl._dispatch 
(C:\Users\denni\OneDrive\Documents\piano-app\node_modules\jsdom\lib\jsdom\living\events\EventTarget-impl.js:233:9)
    at fireAnEvent 
(C:\Users\denni\OneDrive\Documents\piano-app\node_modules\jsdom\lib\jsdom\living\helpers\events.js:18:36)
    at FileReaderImpl._fireProgressEvent 
(C:\Users\denni\OneDrive\Documents\piano-app\node_modules\jsdom\lib\jsdom\living\file-api\FileReader-impl.js:63:5)
[ProgressionStorage] File import error: {
  error: Error: Invalid JSON: Unexpected token 'i', "invalid json" is not valid JSON
      at ProgressionStorage.importFromJSON 
(C:\Users\denni\OneDrive\Documents\piano-app\src\core\progression-storage.js:423:19)
      at FileReader.reader.onload (C:\Users\denni\OneDrive\Documents\piano-app\src\core\progression-storage.js:531:46)
      at FileReader.invokeTheCallbackFunction (C:\Users\denni\OneDrive\Documents\piano-app\node_modules\jsdom\lib\jsdom
\living\generated\EventHandlerNonNull.js:14:28)
      at FileReader.<anonymous> (C:\Users\denni\OneDrive\Documents\piano-app\node_modules\jsdom\lib\jsdom\living\helper
s\create-event-accessor.js:35:32)
      at innerInvokeEventListeners 
(C:\Users\denni\OneDrive\Documents\piano-app\node_modules\jsdom\lib\jsdom\living\events\EventTarget-impl.js:350:25)
      at invokeEventListeners 
(C:\Users\denni\OneDrive\Documents\piano-app\node_modules\jsdom\lib\jsdom\living\events\EventTarget-impl.js:286:3)
      at FileReaderImpl._dispatch 
(C:\Users\denni\OneDrive\Documents\piano-app\node_modules\jsdom\lib\jsdom\living\events\EventTarget-impl.js:233:9)
      at fireAnEvent 
(C:\Users\denni\OneDrive\Documents\piano-app\node_modules\jsdom\lib\jsdom\living\helpers\events.js:18:36)
      at FileReaderImpl._fireProgressEvent 
(C:\Users\denni\OneDrive\Documents\piano-app\node_modules\jsdom\lib\jsdom\living\file-api\FileReader-impl.js:63:5)
      at Immediate._onImmediate 
(C:\Users\denni\OneDrive\Documents\piano-app\node_modules\jsdom\lib\jsdom\living\file-api\FileReader-impl.js:122:14),
  errorMessage: `Invalid JSON: Unexpected token 'i', "invalid json" is not valid JSON`,
  errorStack: `Error: Invalid JSON: Unexpected token 'i', "invalid json" is not valid JSON\n` +
    '    at ProgressionStorage.importFromJSON 
(C:\\Users\\denni\\OneDrive\\Documents\\piano-app\\src\\core\\progression-storage.js:423:19)\n' +
    '    at FileReader.reader.onload 
(C:\\Users\\denni\\OneDrive\\Documents\\piano-app\\src\\core\\progression-storage.js:531:46)\n' +
    '    at FileReader.invokeTheCallbackFunction (C:\\Users\\denni\\OneDrive\\Documents\\piano-app\\node_modules\\jsdom
\\lib\\jsdom\\living\\generated\\EventHandlerNonNull.js:14:28)\n' +
    '    at FileReader.<anonymous> (C:\\Users\\denni\\OneDrive\\Documents\\piano-app\\node_modules\\jsdom\\lib\\jsdom\\
living\\helpers\\create-event-accessor.js:35:32)\n' +
    '    at innerInvokeEventListeners (C:\\Users\\denni\\OneDrive\\Documents\\piano-app\\node_modules\\jsdom\\lib\\jsdo
m\\living\\events\\EventTarget-impl.js:350:25)\n' +
    '    at invokeEventListeners (C:\\Users\\denni\\OneDrive\\Documents\\piano-app\\node_modules\\jsdom\\lib\\jsdom\\li
ving\\events\\EventTarget-impl.js:286:3)\n' +
    '    at FileReaderImpl._dispatch (C:\\Users\\denni\\OneDrive\\Documents\\piano-app\\node_modules\\jsdom\\lib\\jsdom
\\living\\events\\EventTarget-impl.js:233:9)\n' +
    '    at fireAnEvent (C:\\Users\\denni\\OneDrive\\Documents\\piano-app\\node_modules\\jsdom\\lib\\jsdom\\living\\hel
pers\\events.js:18:36)\n' +
    '    at FileReaderImpl._fireProgressEvent (C:\\Users\\denni\\OneDrive\\Documents\\piano-app\\node_modules\\jsdom\\l
ib\\jsdom\\living\\file-api\\FileReader-impl.js:63:5)\n' +
    '    at Immediate._onImmediate (C:\\Users\\denni\\OneDrive\\Documents\\piano-app\\node_modules\\jsdom\\lib\\jsdom\\
living\\file-api\\FileReader-impl.js:122:14)',
  fileName: 'test.json'
}

 Γ£ô src/test/progression-storage.test.js  (49 tests) 4937ms
 Γ£ô src/test/interval-sprints.test.js  (4 tests) 7ms
stdout | src/test/useChordDetection.test.js > useChordDetection Hook > should detect C Major chord
[Test] Testing useChordDetection hook with C Major
[Test] WHY: This hook is used throughout the app - must work correctly
[Test] IMPORTANCE: Core functionality - all chord detection goes through this hook
[Test] MIDI Notes: C3=48, E3=52, G3=55
[useChordDetection] useEffect triggered { activeNotes: [ 48, 52, 55 ], length: 3 }
[music-theory] identifyAllChords called { activeNotes: [ 48, 52, 55 ], length: 3 }
[music-theory] identifyAllChords: pitch classes { activeNotes: [ 48, 52, 55 ], pitchClasses: [ 0, 4, 7 ] }
[music-theory] identifyAllChords: MATCH FOUND! {
  root: 'C',
  type: 'major',
  pitchClasses: [ 0, 4, 7 ],
  targetNotes: [ 'C', 'E', 'G' ]
}
[music-theory] identifyAllChords: inversion calculation { bassMidi: 48, bassNoteIndex: 0, rootIndex: 0, interval: 0 }
[music-theory] identifyAllChords: added match {
  root: 'C',
  type: 'major',
  name: 'C Major',
  inversion: 'Root Position'
}
[music-theory] identifyAllChords: found 1 matches
[useChordDetection] All chords detected: 1 C Major
[useChordDetection] Γ£à CHORDS DETECTED: {
  count: 1,
  chords: [
    {
      name: 'C Major',
      root: 'C',
      type: 'major',
      inversion: 'Root Position'
    }
  ],
  activeNotes: [ 48, 52, 55 ]
}
[useChordDetection] Potential chords found: 5
[useChordDetection] Filtered suggestions: 5
[Test] Γ£à C Major detected correctly by hook

stdout | src/test/useChordDetection.test.js > useChordDetection Hook > should detect E Minor chord
[Test] Testing useChordDetection hook with E Minor
[Test] WHY: Validates hook works for minor chords, not just major
[Test] IMPORTANCE: Ensures hook supports all chord types
[Test] MIDI Notes: E3=52, G3=55, B3=59
[useChordDetection] useEffect triggered { activeNotes: [ 52, 55, 59 ], length: 3 }
[music-theory] identifyAllChords called { activeNotes: [ 52, 55, 59 ], length: 3 }
[music-theory] identifyAllChords: pitch classes { activeNotes: [ 52, 55, 59 ], pitchClasses: [ 4, 7, 11 ] }
[music-theory] identifyAllChords: MATCH FOUND! {
  root: 'E',
  type: 'minor',
  pitchClasses: [ 4, 7, 11 ],
  targetNotes: [ 'E', 'G', 'B' ]
}
[music-theory] identifyAllChords: inversion calculation { bassMidi: 52, bassNoteIndex: 4, rootIndex: 4, interval: 0 }
[music-theory] identifyAllChords: added match {
  root: 'E',
  type: 'minor',
  name: 'E Minor',
  inversion: 'Root Position'
}
[music-theory] identifyAllChords: found 1 matches
[useChordDetection] All chords detected: 1 E Minor
[useChordDetection] Γ£à CHORDS DETECTED: {
  count: 1,
  chords: [
    {
      name: 'E Minor',
      root: 'E',
      type: 'minor',
      inversion: 'Root Position'
    }
  ],
  activeNotes: [ 52, 55, 59 ]
}
[useChordDetection] Potential chords found: 5
[useChordDetection] Filtered suggestions: 5
[Test] Γ£à E Minor detected correctly by hook

stdout | src/test/useChordDetection.test.js > useChordDetection Hook > should provide suggestions for incomplete chord
[Test] Testing chord suggestions for incomplete chords
[Test] WHY: Users often play partial chords - suggestions help them complete them
[Test] IMPORTANCE: Enhances learning by showing what chord could be completed
[Test] MIDI Notes: C3=48, E3=52 (missing G for C Major)
[useChordDetection] useEffect triggered { activeNotes: [ 48, 52 ], length: 2 }
[music-theory] identifyAllChords called { activeNotes: [ 48, 52 ], length: 2 }
[music-theory] identifyAllChords: insufficient notes { activeNotes: [ 48, 52 ], length: 2 }
[useChordDetection] All chords detected: 0 
[useChordDetection] Γ¥î NO CHORD DETECTED {
  activeNotes: [ 48, 52 ],
  activeNotesLength: 2,
  reason: 'Insufficient notes (need 3+)'
}
[useChordDetection] Potential chords found: 5
[useChordDetection] Filtered suggestions: 5
[Test] Γ£à Chord suggestions provided for incomplete chord

stdout | src/test/useChordDetection.test.js > useChordDetection Hook > should return null for empty notes
[Test] Testing edge case: empty notes array
[Test] WHY: Users release all keys - hook must handle this gracefully
[Test] IMPORTANCE: Prevents crashes and false detections when idle
[useChordDetection] useEffect triggered { activeNotes: [], length: 0 }
[music-theory] identifyAllChords called { activeNotes: [], length: 0 }
[music-theory] identifyAllChords: insufficient notes { activeNotes: [], length: 0 }
[useChordDetection] All chords detected: 0 
[useChordDetection] Γ¥î NO CHORD DETECTED {
  activeNotes: [],
  activeNotesLength: 0,
  reason: 'Insufficient notes (need 3+)'
}
[useChordDetection] No suggestions (insufficient notes)
[Test] Γ£à Hook correctly handles empty notes

 Γ£ô src/test/useChordDetection.test.js  (4 tests) 103ms
stdout | src/test/ChordDetection.test.js > Chord Detection Logic > should identify E Minor from MIDI notes 52, 55, 59
[Test] Testing E Minor chord detection
[Test] WHY: Minor chords are fundamental - users need accurate detection
[Test] IMPORTANCE: Validates minor chord interval pattern [3, 7] works correctly
[Test] MIDI Notes: E3=52, G3=55, B3=59
[music-theory] identifyChord called { activeNotes: [ 52, 55, 59 ], length: 3 }
[music-theory] identifyChord: pitch classes { activeNotes: [ 52, 55, 59 ], pitchClasses: [ 4, 7, 11 ] }
[music-theory] identifyChord: MATCH FOUND! {
  root: 'E',
  type: 'minor',
  pitchClasses: [ 4, 7, 11 ],
  targetNotes: [ 'E', 'G', 'B' ]
}
[music-theory] identifyChord: inversion calculation { bassMidi: 52, bassNoteIndex: 4, rootIndex: 4, interval: 0 }
[music-theory] identifyChord: returning {
  root: 'E',
  type: 'minor',
  name: 'E Minor',
  inversion: 'Root Position'
}
[Test] Γ£à E Minor correctly detected: {
  root: 'E',
  type: 'minor',
  name: 'E Minor',
  inversion: 'Root Position'
}

stdout | src/test/ChordDetection.test.js > Chord Detection Logic > should identify C Major from MIDI notes 48, 52, 55
[Test] Testing C Major chord detection
[Test] WHY: Major chords are the most common - this is a critical test
[Test] IMPORTANCE: Validates major chord interval pattern [4, 7] works correctly
[Test] MIDI Notes: C3=48, E3=52, G3=55
[music-theory] identifyChord called { activeNotes: [ 48, 52, 55 ], length: 3 }
[music-theory] identifyChord: pitch classes { activeNotes: [ 48, 52, 55 ], pitchClasses: [ 0, 4, 7 ] }
[music-theory] identifyChord: MATCH FOUND! {
  root: 'C',
  type: 'major',
  pitchClasses: [ 0, 4, 7 ],
  targetNotes: [ 'C', 'E', 'G' ]
}
[music-theory] identifyChord: inversion calculation { bassMidi: 48, bassNoteIndex: 0, rootIndex: 0, interval: 0 }
[music-theory] identifyChord: returning {
  root: 'C',
  type: 'major',
  name: 'C Major',
  inversion: 'Root Position'
}
[Test] Γ£à C Major correctly detected: {
  root: 'C',
  type: 'major',
  name: 'C Major',
  inversion: 'Root Position'
}

stdout | src/test/ChordDetection.test.js > Chord Detection Logic > should return null for insufficient notes
[Test] Testing edge case: insufficient notes (only 2 notes)
[Test] WHY: Prevents false positives - 2 notes cannot form a chord
[Test] IMPORTANCE: Ensures the app doesn't incorrectly identify partial notes as chords
[Test] MIDI Notes: E3=52, G3=55 (only 2 notes - insufficient)
[music-theory] identifyChord called { activeNotes: [ 52, 55 ], length: 2 }
[music-theory] identifyChord: insufficient notes { activeNotes: [ 52, 55 ], length: 2 }
[Test] Γ£à Correctly returned null for insufficient notes

 Γ£ô src/test/ChordDetection.test.js  (3 tests) 7ms
stdout | src/test/main.test.jsx > Main Entry Point > should find the root element
[Test] Testing root element detection
[Test] WHY: App cannot mount if root element is missing
[Test] IMPORTANCE: Catches critical startup issue where app fails to render
[Test] Γ£à Root element found correctly

stdout | src/test/main.test.jsx > Main Entry Point > should throw error if root element is missing
[Test] Testing error handling when root element is missing
[Test] WHY: App must handle missing root element gracefully
[Test] IMPORTANCE: Prevents silent failures - user should see error message
[Test] Γ£à Correctly handles missing root element

stdout | src/test/main.test.jsx > verifyRootElement function > should return root element when it exists
[Test] Testing verifyRootElement function (happy path)
[Test] WHY: Abstracted function must work correctly for app initialization
[Test] IMPORTANCE: Ensures root element verification logic is correct
[Test] Γ£à verifyRootElement returns root element correctly

stdout | src/test/main.test.jsx > verifyRootElement function > should throw error when root element is missing
[Test] Testing verifyRootElement error handling
[Test] WHY: Function must throw clear error when root element is missing
[Test] IMPORTANCE: Provides helpful error message for debugging
[Test] Γ£à verifyRootElement throws error correctly when root missing

 Γ£ô src/test/main.test.jsx  (4 tests) 15ms
 Γ£ô src/test/pentatonic.test.js  (5 tests) 9ms
stdout | src/test/Piano.test.jsx > Piano Component Chord Highlighting > should render Piano component correctly with chordMidiNotes prop
[Test] Testing Piano component renders with chordMidiNotes prop
[Test] WHY: Component must render without errors when chord notes are provided
[Test] IMPORTANCE: Ensures basic rendering works before testing highlighting logic
[Test] Γ£à Piano component rendered successfully with chordMidiNotes

stdout | src/test/Piano.test.jsx > Piano Component Chord Highlighting > should apply chord-note class to keys with MIDI numbers in chordMidiNotes array
[Test] Testing chord-note CSS class application
[Test] WHY: Users need visual feedback - keys must be highlighted when in chordMidiNotes
[Test] IMPORTANCE: Validates core highlighting functionality works correctly
[Test] MIDI Notes: [41, 45, 48] should be highlighted (F2, A2, C3)
[Test] Γ£à chord-note class applied to correct keys: 3 keys

stdout | src/test/Piano.test.jsx > Piano Component Chord Highlighting > should not apply chord-note class to keys outside chordMidiNotes array
[Test] Testing that non-chord keys do not receive chord-note class
[Test] WHY: Only chord notes should be highlighted - other keys should remain normal
[Test] IMPORTANCE: Ensures highlighting is precise and not over-applied
[Test] MIDI Notes: [41, 45, 48] are chord notes, others should not be highlighted
[Test] Γ£à Non-chord keys correctly do not have chord-note class

stdout | src/test/Piano.test.jsx > Piano Component Chord Highlighting > should highlight chord notes for specific MIDI notes [41, 45, 48]
[Test] Testing specific MIDI notes highlighting: [41, 45, 48]
[Test] WHY: This matches the user requirement - F Major root position in octave 3
[Test] IMPORTANCE: Validates exact scenario from user request works correctly
[Test] MIDI Notes: 41=F2, 45=A2, 48=C3 (F Major root position)
[Test] Γ£à All three MIDI notes [41, 45, 48] correctly highlighted

stdout | src/test/Piano.test.jsx > Piano Component Chord Highlighting > should highlight chord notes in different octaves
[Test] Testing chord highlighting works across different octaves
[Test] WHY: Chords can span multiple octaves - highlighting must work for all
[Test] IMPORTANCE: Ensures users can see chord notes regardless of octave
[Test] MIDI Notes: [36, 48, 60] span multiple octaves (C2, C3, C4)
[Test] Γ£à Chord notes highlighted correctly across multiple octaves

stdout | src/test/Piano.test.jsx > Piano Component Chord Highlighting > should highlight both white and black keys for chord notes
[Test] Testing chord highlighting works for both white and black keys
[Test] WHY: Chords contain both white and black keys - both must be highlighted
[Test] IMPORTANCE: Ensures visual feedback works for all key types
[Test] MIDI Notes: [36, 37, 38] includes black key (C2, C#2, D2)
[Test] Γ£à Both white and black keys correctly highlighted: { black: 1, white: 2 }

stdout | src/test/Piano.test.jsx > Piano Component Chord Highlighting > should override chord highlighting when keys are active (user pressing)
[Test] Testing that active notes override chord highlighting
[Test] WHY: Active state (user pressing) should take visual priority over chord highlighting
[Test] IMPORTANCE: Ensures user input feedback is clear and not obscured
[Test] MIDI Notes: chordMidiNotes=[41, 45, 48], activeNotes=[41]
[Test] Γ£à Active notes correctly override chord highlighting

stdout | src/test/Piano.test.jsx > Piano Component Chord Highlighting > should highlight chord notes in different modes (chord, free, scale)
[Test] Testing chord highlighting works in different app modes
[Test] WHY: Users may click chords in any mode - highlighting should work consistently
[Test] IMPORTANCE: Ensures feature works regardless of current app mode
[Test] Testing modes: chord, free, scale
[Test] Γ£à Chord highlighting works in chord mode
[Test] Γ£à Chord highlighting works in free mode
[Test] Γ£à Chord highlighting works in scale mode

stdout | src/test/Piano.test.jsx > Piano Component Chord Highlighting > should handle empty chordMidiNotes array gracefully
[Test] Testing Piano component handles empty chordMidiNotes array
[Test] WHY: Component should not crash when no chord notes are provided
[Test] IMPORTANCE: Ensures robust error handling and graceful degradation
[Test] Γ£à Empty chordMidiNotes handled gracefully

 Γ£ô src/test/Piano.test.jsx  (9 tests) 359ms
 Γ¥» src/test/verify-dates.test.js  (3 tests | 1 failed) 21ms
   Γ¥» src/test/verify-dates.test.js > Date Consistency Verification > should have correct "Last updated" date in README.md
     ΓåÆ expected '<!-- https://github.com/pleabargain/pΓÇª' to contain 'Last updated: 2026-01-31'
 Γ£ô src/test/ChordPracticeSyntax.test.jsx  (2 tests) 6ms
 Γ£ô src/components/SheetMusicDisplay.test.jsx  (5 tests) 129ms
stdout | src/test/KeyProgressionBuilder.test.jsx > KeyProgressionBuilder Component > should save progression to IndexedDB and then allow export
[KeyProgressionBuilder] User saving progression: {
  name: 'My Saved Progression',
  progression: 'C F G',
  metadata: { scaleType: 'major' }
}
[KeyProgressionBuilder] Successfully saved progression: { id: 'new-id-123', name: 'My Saved Progression' }

stdout | src/test/UIRegression.test.jsx > UI Regression Tests > ProgressionBuilder Stability > should render without crashing with valid props
[ProgressionBuilder] validateAndParse called { text: 'I IV V I', selectedRoot: 'C', selectedScaleType: 'major' }
[ProgressionBuilder] Validation successful: [
  { roman: 'I', name: 'C Major', type: 'roman' },
  { roman: 'IV', name: 'F Major', type: 'roman' },
  { roman: 'V', name: 'G Major', type: 'roman' },
  { roman: 'I', name: 'C Major', type: 'roman' }
]

stderr | src/test/UIRegression.test.jsx > UI Regression Tests > ProgressionBuilder Stability > should render without 
crashing with valid props
An update to ProgressionBuilder inside a test was not wrapped in act(...).

When testing, code that causes React state updates should be wrapped into act(...):

act(() => {
  /* fire events that update state */
});
/* assert on the output */

This ensures that you're testing the behavior the user would see in the browser. Learn more at 
https://react.dev/link/wrap-tests-with-act
An update to ProgressionBuilder inside a test was not wrapped in act(...).

When testing, code that causes React state updates should be wrapped into act(...):

act(() => {
  /* fire events that update state */
});
/* assert on the output */

This ensures that you're testing the behavior the user would see in the browser. Learn more at 
https://react.dev/link/wrap-tests-with-act
An update to ProgressionBuilder inside a test was not wrapped in act(...).

When testing, code that causes React state updates should be wrapped into act(...):

act(() => {
  /* fire events that update state */
});
/* assert on the output */

This ensures that you're testing the behavior the user would see in the browser. Learn more at 
https://react.dev/link/wrap-tests-with-act

stderr | src/test/UIRegression.test.jsx > UI Regression Tests > ProgressionBuilder Stability > should handle missing 
scale notes gracefully without crashing
An update to ProgressionBuilder inside a test was not wrapped in act(...).

When testing, code that causes React state updates should be wrapped into act(...):

act(() => {
  /* fire events that update state */
});
/* assert on the output */

This ensures that you're testing the behavior the user would see in the browser. Learn more at 
https://react.dev/link/wrap-tests-with-act
An update to ProgressionBuilder inside a test was not wrapped in act(...).

When testing, code that causes React state updates should be wrapped into act(...):

act(() => {
  /* fire events that update state */
});
/* assert on the output */

This ensures that you're testing the behavior the user would see in the browser. Learn more at 
https://react.dev/link/wrap-tests-with-act
An update to ProgressionBuilder inside a test was not wrapped in act(...).

When testing, code that causes React state updates should be wrapped into act(...):

act(() => {
  /* fire events that update state */
});
/* assert on the output */

This ensures that you're testing the behavior the user would see in the browser. Learn more at 
https://react.dev/link/wrap-tests-with-act

stderr | src/test/UIRegression.test.jsx > UI Regression Tests > ProgressionBuilder Stability > should validate invalid 
roman numerals without crashing
[ProgressionBuilder] unexpected error getting scale notes: TypeError: Cannot read properties of undefined (reading 
'intervals')
    at Module.getScaleNotes (C:\Users\denni\OneDrive\Documents\piano-app\src\core\music-theory.js:58:39)
    at validateAndParse (C:\Users\denni\OneDrive\Documents\piano-app\src\components\ProgressionBuilder.jsx:142:26)
    at C:\Users\denni\OneDrive\Documents\piano-app\src\components\ProgressionBuilder.jsx:118:9
    at Object.react_stack_bottom_frame 
(C:\Users\denni\OneDrive\Documents\piano-app\node_modules\react-dom\cjs\react-dom-client.development.js:25989:20)
    at runWithFiberInDEV 
(C:\Users\denni\OneDrive\Documents\piano-app\node_modules\react-dom\cjs\react-dom-client.development.js:874:13)
    at commitHookEffectListMount 
(C:\Users\denni\OneDrive\Documents\piano-app\node_modules\react-dom\cjs\react-dom-client.development.js:13249:29)
    at commitHookPassiveMountEffects 
(C:\Users\denni\OneDrive\Documents\piano-app\node_modules\react-dom\cjs\react-dom-client.development.js:13336:11)
    at commitPassiveMountOnFiber 
(C:\Users\denni\OneDrive\Documents\piano-app\node_modules\react-dom\cjs\react-dom-client.development.js:15484:13)
    at recursivelyTraversePassiveMountEffects 
(C:\Users\denni\OneDrive\Documents\piano-app\node_modules\react-dom\cjs\react-dom-client.development.js:15439:11)
    at commitPassiveMountOnFiber 
(C:\Users\denni\OneDrive\Documents\piano-app\node_modules\react-dom\cjs\react-dom-client.development.js:15519:11)
[ProgressionBuilder] Parse error: Invalid symbol: I {
  originalInput: 'I IV V I',
  cleanedInput: 'I IV V I',
  selectedRoot: 'C',
  selectedScaleType: 'Major'
}
[ProgressionBuilder] unexpected error getting scale notes: TypeError: Cannot read properties of undefined (reading 
'intervals')
    at Module.getScaleNotes (C:\Users\denni\OneDrive\Documents\piano-app\src\core\music-theory.js:58:39)
    at validateAndParse (C:\Users\denni\OneDrive\Documents\piano-app\src\components\ProgressionBuilder.jsx:142:26)
    at C:\Users\denni\OneDrive\Documents\piano-app\src\components\ProgressionBuilder.jsx:118:9
    at Object.react_stack_bottom_frame 
(C:\Users\denni\OneDrive\Documents\piano-app\node_modules\react-dom\cjs\react-dom-client.development.js:25989:20)
    at runWithFiberInDEV 
(C:\Users\denni\OneDrive\Documents\piano-app\node_modules\react-dom\cjs\react-dom-client.development.js:874:13)
    at commitHookEffectListMount 
(C:\Users\denni\OneDrive\Documents\piano-app\node_modules\react-dom\cjs\react-dom-client.development.js:13249:29)
    at commitHookPassiveMountEffects 
(C:\Users\denni\OneDrive\Documents\piano-app\node_modules\react-dom\cjs\react-dom-client.development.js:13336:11)
    at commitPassiveMountOnFiber 
(C:\Users\denni\OneDrive\Documents\piano-app\node_modules\react-dom\cjs\react-dom-client.development.js:15484:13)
    at recursivelyTraversePassiveMountEffects 
(C:\Users\denni\OneDrive\Documents\piano-app\node_modules\react-dom\cjs\react-dom-client.development.js:15439:11)
    at commitPassiveMountOnFiber 
(C:\Users\denni\OneDrive\Documents\piano-app\node_modules\react-dom\cjs\react-dom-client.development.js:15519:11)
[ProgressionBuilder] Parse error: Invalid symbol: InvalidToken {
  originalInput: 'InvalidToken',
  cleanedInput: 'InvalidToken',
  selectedRoot: 'C',
  selectedScaleType: 'Major'
}
An update to ProgressionBuilder inside a test was not wrapped in act(...).

When testing, code that causes React state updates should be wrapped into act(...):

act(() => {
  /* fire events that update state */
});
/* assert on the output */

This ensures that you're testing the behavior the user would see in the browser. Learn more at 
https://react.dev/link/wrap-tests-with-act
An update to ProgressionBuilder inside a test was not wrapped in act(...).

When testing, code that causes React state updates should be wrapped into act(...):

act(() => {
  /* fire events that update state */
});
/* assert on the output */

This ensures that you're testing the behavior the user would see in the browser. Learn more at 
https://react.dev/link/wrap-tests-with-act
An update to ProgressionBuilder inside a test was not wrapped in act(...).

When testing, code that causes React state updates should be wrapped into act(...):

act(() => {
  /* fire events that update state */
});
/* assert on the output */

This ensures that you're testing the behavior the user would see in the browser. Learn more at 
https://react.dev/link/wrap-tests-with-act

stdout | src/test/UIRegression.test.jsx > UI Regression Tests > ProgressionBuilder Stability > should handle missing scale notes gracefully without crashing
[ProgressionBuilder] validateAndParse called {
  text: 'I IV V I',
  selectedRoot: 'InvalidRoot',
  selectedScaleType: 'UnknownScale'
}

stdout | src/test/UIRegression.test.jsx > UI Regression Tests > ProgressionBuilder Stability > should validate invalid roman numerals without crashing
[ProgressionBuilder] validateAndParse called { text: 'I IV V I', selectedRoot: 'C', selectedScaleType: 'Major' }
[ProgressionBuilder] validateAndParse called { text: 'InvalidToken', selectedRoot: 'C', selectedScaleType: 'Major' }

stdout | src/test/UIRegression.test.jsx > UI Regression Tests > ProgressionBuilder Stability > should accept absolute chord names
[ProgressionBuilder] validateAndParse called { text: 'I IV V I', selectedRoot: 'C', selectedScaleType: 'major' }
[ProgressionBuilder] Validation successful: [
  { roman: 'I', name: 'C Major', type: 'roman' },
  { roman: 'IV', name: 'F Major', type: 'roman' },
  { roman: 'V', name: 'G Major', type: 'roman' },
  { roman: 'I', name: 'C Major', type: 'roman' }
]
[ProgressionBuilder] validateAndParse called { text: 'Cm Ab G7', selectedRoot: 'C', selectedScaleType: 'major' }
[ProgressionBuilder] Validation successful: [
  { roman: 'Cm', name: 'Cm', type: 'absolute' },
  { roman: 'Ab', name: 'Ab', type: 'absolute' },
  { roman: 'G7', name: 'G7', type: 'absolute' }
]

stderr | src/test/KeyProgressionBuilder.test.jsx > KeyProgressionBuilder Component > should handle export errors 
gracefully
[KeyProgressionBuilder] Failed to export progression: Error: Export failed
    at C:\Users\denni\OneDrive\Documents\piano-app\src\test\KeyProgressionBuilder.test.jsx:181:64
    at file:///C:/Users/denni/OneDrive/Documents/piano-app/node_modules/@vitest/runner/dist/index.js:135:14
    at file:///C:/Users/denni/OneDrive/Documents/piano-app/node_modules/@vitest/runner/dist/index.js:60:26
    at runTest (file:///C:/Users/denni/OneDrive/Documents/piano-app/node_modules/@vitest/runner/dist/index.js:781:17)
    at runSuite (file:///C:/Users/denni/OneDrive/Documents/piano-app/node_modules/@vitest/runner/dist/index.js:909:15)
    at runSuite (file:///C:/Users/denni/OneDrive/Documents/piano-app/node_modules/@vitest/runner/dist/index.js:909:15)
    at runFiles (file:///C:/Users/denni/OneDrive/Documents/piano-app/node_modules/@vitest/runner/dist/index.js:958:5)
    at startTests (file:///C:/Users/denni/OneDrive/Documents/piano-app/node_modules/@vitest/runner/dist/index.js:967:3)
    at file:///C:/Users/denni/OneDrive/Documents/piano-app/node_modules/vitest/dist/chunks/runtime-runBaseTests.oAvMKtQ
C.js:116:7
    at withEnv (file:///C:/Users/denni/OneDrive/Documents/piano-app/node_modules/vitest/dist/chunks/runtime-runBaseTest
s.oAvMKtQC.js:83:5)

stdout | src/test/UIRegression.test.jsx > UI Regression Tests > ProgressionBuilder Stability > should accept Unicode chord names (flats and subscripts)
[ProgressionBuilder] validateAndParse called { text: 'I IV V I', selectedRoot: 'C', selectedScaleType: 'major' }
[ProgressionBuilder] Validation successful: [
  { roman: 'I', name: 'C Major', type: 'roman' },
  { roman: 'IV', name: 'F Major', type: 'roman' },
  { roman: 'V', name: 'G Major', type: 'roman' },
  { roman: 'I', name: 'C Major', type: 'roman' }
]
[ProgressionBuilder] validateAndParse called { text: 'F BΓÖ¡ GΓéÿ', selectedRoot: 'C', selectedScaleType: 'major' }
[ProgressionBuilder] Validation successful: [
  { roman: 'F', name: 'F', type: 'absolute' },
  { roman: 'BΓÖ¡', name: 'Bb', type: 'absolute' },
  { roman: 'GΓéÿ', name: 'Gm', type: 'absolute' }
]

 Γ£ô src/test/UIRegression.test.jsx  (8 tests) 718ms
stderr | src/test/KeyProgressionBuilder.test.jsx > KeyProgressionBuilder Component > should handle downloadProgression 
failures when File System Access API fails and fallback also fails
[KeyProgressionBuilder] Failed to export progression: Error: File System Access API failed and fallback download also 
failed
    at Object.<anonymous> (C:\Users\denni\OneDrive\Documents\piano-app\src\test\KeyProgressionBuilder.test.jsx:255:19)
    at Object.mockCall 
(file:///C:/Users/denni/OneDrive/Documents/piano-app/node_modules/@vitest/spy/dist/index.js:50:17)
    at Object.spy [as downloadProgression] 
(file:///C:/Users/denni/OneDrive/Documents/piano-app/node_modules/tinyspy/dist/index.js:42:80)
    at MockStorage.downloadProgression 
(C:\Users\denni\OneDrive\Documents\piano-app\src\test\KeyProgressionBuilder.test.jsx:17:27)
    at handleExport (C:\Users\denni\OneDrive\Documents\piano-app\src\components\KeyProgressionBuilder.jsx:278:38)
    at onClick (C:\Users\denni\OneDrive\Documents\piano-app\src\components\KeyProgressionBuilder.jsx:380:57)
    at executeDispatch 
(C:\Users\denni\OneDrive\Documents\piano-app\node_modules\react-dom\cjs\react-dom-client.development.js:19116:9)
    at runWithFiberInDEV 
(C:\Users\denni\OneDrive\Documents\piano-app\node_modules\react-dom\cjs\react-dom-client.development.js:874:13)
    at processDispatchQueue 
(C:\Users\denni\OneDrive\Documents\piano-app\node_modules\react-dom\cjs\react-dom-client.development.js:19166:19)
    at C:\Users\denni\OneDrive\Documents\piano-app\node_modules\react-dom\cjs\react-dom-client.development.js:19767:9

stderr | src/test/KeyProgressionBuilder.test.jsx > KeyProgressionBuilder Component > should handle invalid progression 
data gracefully when exporting
[KeyProgressionBuilder] Failed to export progression: Error: Invalid progression format: Missing name field
    at Object.<anonymous> (C:\Users\denni\OneDrive\Documents\piano-app\src\test\KeyProgressionBuilder.test.jsx:298:23)
    at Object.mockCall 
(file:///C:/Users/denni/OneDrive/Documents/piano-app/node_modules/@vitest/spy/dist/index.js:50:17)
    at Object.spy [as downloadProgression] 
(file:///C:/Users/denni/OneDrive/Documents/piano-app/node_modules/tinyspy/dist/index.js:42:80)
    at MockStorage.downloadProgression 
(C:\Users\denni\OneDrive\Documents\piano-app\src\test\KeyProgressionBuilder.test.jsx:17:27)
    at handleExport (C:\Users\denni\OneDrive\Documents\piano-app\src\components\KeyProgressionBuilder.jsx:278:38)
    at onClick (C:\Users\denni\OneDrive\Documents\piano-app\src\components\KeyProgressionBuilder.jsx:380:57)
    at executeDispatch 
(C:\Users\denni\OneDrive\Documents\piano-app\node_modules\react-dom\cjs\react-dom-client.development.js:19116:9)
    at runWithFiberInDEV 
(C:\Users\denni\OneDrive\Documents\piano-app\node_modules\react-dom\cjs\react-dom-client.development.js:874:13)
    at processDispatchQueue 
(C:\Users\denni\OneDrive\Documents\piano-app\node_modules\react-dom\cjs\react-dom-client.development.js:19166:19)
    at C:\Users\denni\OneDrive\Documents\piano-app\node_modules\react-dom\cjs\react-dom-client.development.js:19767:9

 Γ£ô src/test/Exercise.test.jsx  (7 tests) 532ms
 Γ£ô src/components/CircleOfFifths.test.jsx  (3 tests) 457ms
 Γ£ô src/test/ProgressionBuilder.test.jsx  (10 tests) 2231ms
stderr | src/test/KeyProgressionBuilder.test.jsx > KeyProgressionBuilder Component > Chord Parsing and Normalization > 
should show error for invalid inputs
[KeyProgressionBuilder] Validation error: Invalid keys: X, Y, Z {
  input: 'X Y Z',
  cleanedText: 'X Y Z',
  invalidKeys: [ 'X', 'Y', 'Z' ],
  validKeys: []
}

 Γ£ô src/test/sample-validation.test.js  (1 test) 4ms
 Γ£ô src/test/pentatonic-circle.test.js  (3 tests) 4ms
stderr | src/test/KeyProgressionBuilder.test.jsx > KeyProgressionBuilder Component > Chord Parsing and Normalization > 
should handle empty input gracefully
An update to KeyProgressionBuilder inside a test was not wrapped in act(...).

When testing, code that causes React state updates should be wrapped into act(...):

act(() => {
  /* fire events that update state */
});
/* assert on the output */

This ensures that you're testing the behavior the user would see in the browser. Learn more at 
https://react.dev/link/wrap-tests-with-act

stdout | src/test/KeyProgressionBuilder.test.jsx > KeyProgressionBuilder Component > Chord Parsing and Normalization > should allow saving progression with chord names
[KeyProgressionBuilder] User saving progression: {
  name: 'Test Chord Progression',
  progression: 'G Am C F Dm Em',
  metadata: { scaleType: 'major' }
}
[KeyProgressionBuilder] Successfully saved progression: { id: 'saved-id-123', name: 'Test Chord Progression' }

 Γ£ô src/test/KeyProgressionBuilder.test.jsx  (17 tests) 3895ms
stdout | src/test/i4v5-inversion-tracking.test.jsx > I-IV-V Inversion Tracking > should auto-enable requireAllInversions for I-IV-V exercises
[useChordDetection] useEffect triggered { activeNotes: [], length: 0 }
[music-theory] identifyAllChords called { activeNotes: [], length: 0 }
[music-theory] identifyAllChords: insufficient notes { activeNotes: [], length: 0 }
[useChordDetection] All chords detected: 0 
[useChordDetection] Γ¥î NO CHORD DETECTED {
  activeNotes: [],
  activeNotesLength: 0,
  reason: 'Insufficient notes (need 3+)'
}
[useChordDetection] No suggestions (insufficient notes)
[App] ΓÜá∩╕Å No chord detected { activeNotes: [], activeNotesLength: 0 }
[App] Auto-enabled requireAllInversions for I-IV-V inversion exercise
[ProgressionBuilder] validateAndParse called { text: 'I IV V I', selectedRoot: 'C', selectedScaleType: 'major' }
[ProgressionBuilder] Validation successful: [
  { roman: 'I', name: 'C Major', type: 'roman' },
  { roman: 'IV', name: 'F Major', type: 'roman' },
  { roman: 'V', name: 'G Major', type: 'roman' },
  { roman: 'I', name: 'C Major', type: 'roman' }
]
[App] handleChordPractice called {
  activeNotes: [],
  activeNotesLength: 0,
  progression: [],
  progressionLength: 0,
  currentStepIndex: 0,
  mode: 'chord'
}
[music-theory] identifyChord called { activeNotes: [], length: 0 }
[music-theory] identifyChord: insufficient notes { activeNotes: [], length: 0 }
[App] Γ¥î NO CHORD in handleChordPractice { activeNotes: [], activeNotesLength: 0 }
[App] handleChordPractice: detected chord null
[App] handleChordPractice: no progression set
[App] handleChordPractice: idle, no progression
[App] getChordHighlights: target chord {
  name: 'C Major',
  inversion: '1st Inversion',
  inversionNumber: 1,
  midiNotes: [ 52, 55, 60, 64, 67, 72 ]
}
[App] handleChordPractice called {
  activeNotes: [],
  activeNotesLength: 0,
  progression: [
    { name: 'C Major', roman: 'I', inversion: '1st Inversion' },
    { name: 'C Major', roman: 'I', inversion: '2nd Inversion' },
    { name: 'C Major', roman: 'I', inversion: 'Root Position' },
    { name: 'C Major', roman: 'I', inversion: '2nd Inversion' },
    { name: 'C Major', roman: 'I', inversion: 'Root Position' },
    { name: 'C Major', roman: 'I', inversion: '1st Inversion' },
    { name: 'F Major', roman: 'IV', inversion: '1st Inversion' },
    { name: 'F Major', roman: 'IV', inversion: '2nd Inversion' },
    { name: 'F Major', roman: 'IV', inversion: 'Root Position' },
    { name: 'F Major', roman: 'IV', inversion: '2nd Inversion' },
    { name: 'F Major', roman: 'IV', inversion: 'Root Position' },
    { name: 'F Major', roman: 'IV', inversion: '1st Inversion' },
    { name: 'G Major', roman: 'V', inversion: '1st Inversion' },
    { name: 'G Major', roman: 'V', inversion: '2nd Inversion' },
    { name: 'G Major', roman: 'V', inversion: 'Root Position' },
    { name: 'G Major', roman: 'V', inversion: '2nd Inversion' },
    { name: 'G Major', roman: 'V', inversion: 'Root Position' },
    { name: 'G Major', roman: 'V', inversion: '1st Inversion' }
  ],
  progressionLength: 18,
  currentStepIndex: 0,
  mode: 'chord'
}
[music-theory] identifyChord called { activeNotes: [], length: 0 }
[music-theory] identifyChord: insufficient notes { activeNotes: [], length: 0 }
[App] Γ¥î NO CHORD in handleChordPractice { activeNotes: [], activeNotesLength: 0 }
[App] handleChordPractice: detected chord null
[App] handleChordPractice: target chord { name: 'C Major', roman: 'I', inversion: '1st Inversion' }
[App] handleChordPractice: status message (idle) Target: C Major (I)
[App] Chord type changed to I loaded inversions: []
[App] getChordHighlights: target chord {
  name: 'C Major',
  inversion: '1st Inversion',
  inversionNumber: 1,
  midiNotes: [ 52, 55, 60, 64, 67, 72 ]
}
[App] getChordHighlights: target chord {
  name: 'C Major',
  inversion: '1st Inversion',
  inversionNumber: 1,
  midiNotes: [ 52, 55, 60, 64, 67, 72 ]
}

stdout | src/test/i4v5-inversion-tracking.test.jsx > I-IV-V Inversion Tracking > should track inversions per chord type (I, IV, V), not per step
[useChordDetection] useEffect triggered { activeNotes: [], length: 0 }
[music-theory] identifyAllChords called { activeNotes: [], length: 0 }
[music-theory] identifyAllChords: insufficient notes { activeNotes: [], length: 0 }
[useChordDetection] All chords detected: 0 
[useChordDetection] Γ¥î NO CHORD DETECTED {
  activeNotes: [],
  activeNotesLength: 0,
  reason: 'Insufficient notes (need 3+)'
}
[useChordDetection] No suggestions (insufficient notes)
[App] ΓÜá∩╕Å No chord detected { activeNotes: [], activeNotesLength: 0 }
[App] Auto-enabled requireAllInversions for I-IV-V inversion exercise
[ProgressionBuilder] validateAndParse called { text: 'I IV V I', selectedRoot: 'C', selectedScaleType: 'major' }
[ProgressionBuilder] Validation successful: [
  { roman: 'I', name: 'C Major', type: 'roman' },
  { roman: 'IV', name: 'F Major', type: 'roman' },
  { roman: 'V', name: 'G Major', type: 'roman' },
  { roman: 'I', name: 'C Major', type: 'roman' }
]
[App] handleChordPractice called {
  activeNotes: [],
  activeNotesLength: 0,
  progression: [],
  progressionLength: 0,
  currentStepIndex: 0,
  mode: 'chord'
}
[music-theory] identifyChord called { activeNotes: [], length: 0 }
[music-theory] identifyChord: insufficient notes { activeNotes: [], length: 0 }
[App] Γ¥î NO CHORD in handleChordPractice { activeNotes: [], activeNotesLength: 0 }
[App] handleChordPractice: detected chord null
[App] handleChordPractice: no progression set
[App] handleChordPractice: idle, no progression
[App] getChordHighlights: target chord {
  name: 'C Major',
  inversion: '1st Inversion',
  inversionNumber: 1,
  midiNotes: [ 52, 55, 60, 64, 67, 72 ]
}
[App] handleChordPractice called {
  activeNotes: [],
  activeNotesLength: 0,
  progression: [
    { name: 'C Major', roman: 'I', inversion: '1st Inversion' },
    { name: 'C Major', roman: 'I', inversion: '2nd Inversion' },
    { name: 'C Major', roman: 'I', inversion: 'Root Position' },
    { name: 'C Major', roman: 'I', inversion: '2nd Inversion' },
    { name: 'C Major', roman: 'I', inversion: 'Root Position' },
    { name: 'C Major', roman: 'I', inversion: '1st Inversion' },
    { name: 'F Major', roman: 'IV', inversion: '1st Inversion' },
    { name: 'F Major', roman: 'IV', inversion: '2nd Inversion' },
    { name: 'F Major', roman: 'IV', inversion: 'Root Position' },
    { name: 'F Major', roman: 'IV', inversion: '2nd Inversion' },
    { name: 'F Major', roman: 'IV', inversion: 'Root Position' },
    { name: 'F Major', roman: 'IV', inversion: '1st Inversion' },
    { name: 'G Major', roman: 'V', inversion: '1st Inversion' },
    { name: 'G Major', roman: 'V', inversion: '2nd Inversion' },
    { name: 'G Major', roman: 'V', inversion: 'Root Position' },
    { name: 'G Major', roman: 'V', inversion: '2nd Inversion' },
    { name: 'G Major', roman: 'V', inversion: 'Root Position' },
    { name: 'G Major', roman: 'V', inversion: '1st Inversion' }
  ],
  progressionLength: 18,
  currentStepIndex: 0,
  mode: 'chord'
}
[music-theory] identifyChord called { activeNotes: [], length: 0 }
[music-theory] identifyChord: insufficient notes { activeNotes: [], length: 0 }
[App] Γ¥î NO CHORD in handleChordPractice { activeNotes: [], activeNotesLength: 0 }
[App] handleChordPractice: detected chord null
[App] handleChordPractice: target chord { name: 'C Major', roman: 'I', inversion: '1st Inversion' }
[App] handleChordPractice: status message (idle) Target: C Major (I)
[App] Chord type changed to I loaded inversions: []
[App] getChordHighlights: target chord {
  name: 'C Major',
  inversion: '1st Inversion',
  inversionNumber: 1,
  midiNotes: [ 52, 55, 60, 64, 67, 72 ]
}
[App] getChordHighlights: target chord {
  name: 'C Major',
  inversion: '1st Inversion',
  inversionNumber: 1,
  midiNotes: [ 52, 55, 60, 64, 67, 72 ]
}

stderr | src/test/i4v5-inversion-tracking.test.jsx > I-IV-V Inversion Tracking > should track inversions per chord 
type (I, IV, V), not per step
Error: Not implemented: HTMLCanvasElement.prototype.getContext (without installing the canvas npm package)
    at module.exports 
(C:\Users\denni\OneDrive\Documents\piano-app\node_modules\jsdom\lib\jsdom\browser\not-implemented.js:9:17)
    at HTMLCanvasElementImpl.getContext 
(C:\Users\denni\OneDrive\Documents\piano-app\node_modules\jsdom\lib\jsdom\living\nodes\HTMLCanvasElement-impl.js:42:5)
    at HTMLCanvasElement.getContext 
(C:\Users\denni\OneDrive\Documents\piano-app\node_modules\jsdom\lib\jsdom\living\generated\HTMLCanvasElement.js:131:58)
    at StaveNote.measureText 
(file:///C:/Users/denni/OneDrive/Documents/piano-app/node_modules/vexflow/build/esm/src/element.js:341:107)
    at StaveNote.set width [as width] 
(file:///C:/Users/denni/OneDrive/Documents/piano-app/node_modules/vexflow/build/esm/src/element.js:286:18)
    at new Note (file:///C:/Users/denni/OneDrive/Documents/piano-app/node_modules/vexflow/build/esm/src/note.js:145:20)
    at new StemmableNote 
(file:///C:/Users/denni/OneDrive/Documents/piano-app/node_modules/vexflow/build/esm/src/stemmablenote.js:12:9)
    at new StaveNote 
(file:///C:/Users/denni/OneDrive/Documents/piano-app/node_modules/vexflow/build/esm/src/stavenote.js:252:9)
    at Factory.StaveNote 
(file:///C:/Users/denni/OneDrive/Documents/piano-app/node_modules/vexflow/build/esm/src/factory.js:131:22)
    at Builder.commitPiece 
(file:///C:/Users/denni/OneDrive/Documents/piano-app/node_modules/vexflow/build/esm/src/easyscore.js:280:23) undefined
Element: No context for txtCanvas. Returning empty text metrics.
Error: Not implemented: HTMLCanvasElement.prototype.getContext (without installing the canvas npm package)
    at module.exports 
(C:\Users\denni\OneDrive\Documents\piano-app\node_modules\jsdom\lib\jsdom\browser\not-implemented.js:9:17)
    at HTMLCanvasElementImpl.getContext 
(C:\Users\denni\OneDrive\Documents\piano-app\node_modules\jsdom\lib\jsdom\living\nodes\HTMLCanvasElement-impl.js:42:5)
    at HTMLCanvasElement.getContext 
(C:\Users\denni\OneDrive\Documents\piano-app\node_modules\jsdom\lib\jsdom\living\generated\HTMLCanvasElement.js:131:58)
    at NoteHead.measureText 
(file:///C:/Users/denni/OneDrive/Documents/piano-app/node_modules/vexflow/build/esm/src/element.js:341:107)
    at NoteHead.set width [as width] 
(file:///C:/Users/denni/OneDrive/Documents/piano-app/node_modules/vexflow/build/esm/src/element.js:286:18)
    at new Note (file:///C:/Users/denni/OneDrive/Documents/piano-app/node_modules/vexflow/build/esm/src/note.js:145:20)
    at new NoteHead 
(file:///C:/Users/denni/OneDrive/Documents/piano-app/node_modules/vexflow/build/esm/src/notehead.js:14:9)
    at StaveNote.buildNoteHeads 
(file:///C:/Users/denni/OneDrive/Documents/piano-app/node_modules/vexflow/build/esm/src/stavenote.js:343:30)
    at StaveNote.reset 
(file:///C:/Users/denni/OneDrive/Documents/piano-app/node_modules/vexflow/build/esm/src/stavenote.js:281:14)
    at StaveNote.setStemDirection 
(file:///C:/Users/denni/OneDrive/Documents/piano-app/node_modules/vexflow/build/esm/src/stemmablenote.js:100:14) 
undefined
Element: No context for txtCanvas. Returning empty text metrics.
Error: Not implemented: HTMLCanvasElement.prototype.getContext (without installing the canvas npm package)
    at module.exports 
(C:\Users\denni\OneDrive\Documents\piano-app\node_modules\jsdom\lib\jsdom\browser\not-implemented.js:9:17)
    at HTMLCanvasElementImpl.getContext 
(C:\Users\denni\OneDrive\Documents\piano-app\node_modules\jsdom\lib\jsdom\living\nodes\HTMLCanvasElement-impl.js:42:5)
    at HTMLCanvasElement.getContext 
(C:\Users\denni\OneDrive\Documents\piano-app\node_modules\jsdom\lib\jsdom\living\generated\HTMLCanvasElement.js:131:58)
    at NoteHead.measureText 
(file:///C:/Users/denni/OneDrive/Documents/piano-app/node_modules/vexflow/build/esm/src/element.js:341:107)
    at NoteHead.set width [as width] 
(file:///C:/Users/denni/OneDrive/Documents/piano-app/node_modules/vexflow/build/esm/src/element.js:286:18)
    at new Note (file:///C:/Users/denni/OneDrive/Documents/piano-app/node_modules/vexflow/build/esm/src/note.js:145:20)
    at new NoteHead 
(file:///C:/Users/denni/OneDrive/Documents/piano-app/node_modules/vexflow/build/esm/src/notehead.js:14:9)
    at StaveNote.buildNoteHeads 
(file:///C:/Users/denni/OneDrive/Documents/piano-app/node_modules/vexflow/build/esm/src/stavenote.js:343:30)
    at StaveNote.reset 
(file:///C:/Users/denni/OneDrive/Documents/piano-app/node_modules/vexflow/build/esm/src/stavenote.js:281:14)
    at StaveNote.setStemDirection 
(file:///C:/Users/denni/OneDrive/Documents/piano-app/node_modules/vexflow/build/esm/src/stemmablenote.js:100:14) 
undefined
Element: No context for txtCanvas. Returning empty text metrics.
Error: Not implemented: HTMLCanvasElement.prototype.getContext (without installing the canvas npm package)
    at module.exports 
(C:\Users\denni\OneDrive\Documents\piano-app\node_modules\jsdom\lib\jsdom\browser\not-implemented.js:9:17)
    at HTMLCanvasElementImpl.getContext 
(C:\Users\denni\OneDrive\Documents\piano-app\node_modules\jsdom\lib\jsdom\living\nodes\HTMLCanvasElement-impl.js:42:5)
    at HTMLCanvasElement.getContext 
(C:\Users\denni\OneDrive\Documents\piano-app\node_modules\jsdom\lib\jsdom\living\generated\HTMLCanvasElement.js:131:58)
    at NoteHead.measureText 
(file:///C:/Users/denni/OneDrive/Documents/piano-app/node_modules/vexflow/build/esm/src/element.js:341:107)
    at NoteHead.set width [as width] 
(file:///C:/Users/denni/OneDrive/Documents/piano-app/node_modules/vexflow/build/esm/src/element.js:286:18)
    at new Note (file:///C:/Users/denni/OneDrive/Documents/piano-app/node_modules/vexflow/build/esm/src/note.js:145:20)
    at new NoteHead 
(file:///C:/Users/denni/OneDrive/Documents/piano-app/node_modules/vexflow/build/esm/src/notehead.js:14:9)
    at StaveNote.buildNoteHeads 
(file:///C:/Users/denni/OneDrive/Documents/piano-app/node_modules/vexflow/build/esm/src/stavenote.js:343:30)
    at StaveNote.reset 
(file:///C:/Users/denni/OneDrive/Documents/piano-app/node_modules/vexflow/build/esm/src/stavenote.js:281:14)
    at StaveNote.setStemDirection 
(file:///C:/Users/denni/OneDrive/Documents/piano-app/node_modules/vexflow/build/esm/src/stemmablenote.js:100:14) 
undefined
Element: No context for txtCanvas. Returning empty text metrics.
Error: Not implemented: HTMLCanvasElement.prototype.getContext (without installing the canvas npm package)
    at module.exports 
(C:\Users\denni\OneDrive\Documents\piano-app\node_modules\jsdom\lib\jsdom\browser\not-implemented.js:9:17)
    at HTMLCanvasElementImpl.getContext 
(C:\Users\denni\OneDrive\Documents\piano-app\node_modules\jsdom\lib\jsdom\living\nodes\HTMLCanvasElement-impl.js:42:5)
    at HTMLCanvasElement.getContext 
(C:\Users\denni\OneDrive\Documents\piano-app\node_modules\jsdom\lib\jsdom\living\generated\HTMLCanvasElement.js:131:58)
    at Flag.measureText 
(file:///C:/Users/denni/OneDrive/Documents/piano-app/node_modules/vexflow/build/esm/src/element.js:341:107)
    at Flag.get height [as height] 
(file:///C:/Users/denni/OneDrive/Documents/piano-app/node_modules/vexflow/build/esm/src/element.js:376:18)
    at Flag.getHeight 
(file:///C:/Users/denni/OneDrive/Documents/piano-app/node_modules/vexflow/build/esm/src/element.js:372:21)
    at StaveNote.getStemExtension 
(file:///C:/Users/denni/OneDrive/Documents/piano-app/node_modules/vexflow/build/esm/src/stemmablenote.js:125:38)
    at StaveNote.getStemExtension 
(file:///C:/Users/denni/OneDrive/Documents/piano-app/node_modules/vexflow/build/esm/src/stavenote.js:784:42)
    at StaveNote.setStemDirection 
(file:///C:/Users/denni/OneDrive/Documents/piano-app/node_modules/vexflow/build/esm/src/stemmablenote.js:107:41)
    at new StaveNote 
(file:///C:/Users/denni/OneDrive/Documents/piano-app/node_modules/vexflow/build/esm/src/stavenote.js:273:18) undefined
Element: No context for txtCanvas. Returning empty text metrics.
Error: Not implemented: HTMLCanvasElement.prototype.getContext (without installing the canvas npm package)
    at module.exports 
(C:\Users\denni\OneDrive\Documents\piano-app\node_modules\jsdom\lib\jsdom\browser\not-implemented.js:9:17)
    at HTMLCanvasElementImpl.getContext 
(C:\Users\denni\OneDrive\Documents\piano-app\node_modules\jsdom\lib\jsdom\living\nodes\HTMLCanvasElement-impl.js:42:5)
    at HTMLCanvasElement.getContext 
(C:\Users\denni\OneDrive\Documents\piano-app\node_modules\jsdom\lib\jsdom\living\generated\HTMLCanvasElement.js:131:58)
    at NoteHead.measureText 
(file:///C:/Users/denni/OneDrive/Documents/piano-app/node_modules/vexflow/build/esm/src/element.js:341:107)
    at NoteHead.set width [as width] 
(file:///C:/Users/denni/OneDrive/Documents/piano-app/node_modules/vexflow/build/esm/src/element.js:286:18)
    at new Note (file:///C:/Users/denni/OneDrive/Documents/piano-app/node_modules/vexflow/build/esm/src/note.js:145:20)
    at new NoteHead 
(file:///C:/Users/denni/OneDrive/Documents/piano-app/node_modules/vexflow/build/esm/src/notehead.js:14:9)
    at StaveNote.buildNoteHeads 
(file:///C:/Users/denni/OneDrive/Documents/piano-app/node_modules/vexflow/build/esm/src/stavenote.js:343:30)
    at StaveNote.reset 
(file:///C:/Users/denni/OneDrive/Documents/piano-app/node_modules/vexflow/build/esm/src/stavenote.js:281:14)
    at new StaveNote 
(file:///C:/Users/denni/OneDrive/Documents/piano-app/node_modules/vexflow/build/esm/src/stavenote.js:275:14) undefined
Element: No context for txtCanvas. Returning empty text metrics.
Error: Not implemented: HTMLCanvasElement.prototype.getContext (without installing the canvas npm package)
    at module.exports 
(C:\Users\denni\OneDrive\Documents\piano-app\node_modules\jsdom\lib\jsdom\browser\not-implemented.js:9:17)
    at HTMLCanvasElementImpl.getContext 
(C:\Users\denni\OneDrive\Documents\piano-app\node_modules\jsdom\lib\jsdom\living\nodes\HTMLCanvasElement-impl.js:42:5)
    at HTMLCanvasElement.getContext 
(C:\Users\denni\OneDrive\Documents\piano-app\node_modules\jsdom\lib\jsdom\living\generated\HTMLCanvasElement.js:131:58)
    at NoteHead.measureText 
(file:///C:/Users/denni/OneDrive/Documents/piano-app/node_modules/vexflow/build/esm/src/element.js:341:107)
    at NoteHead.set width [as width] 
(file:///C:/Users/denni/OneDrive/Documents/piano-app/node_modules/vexflow/build/esm/src/element.js:286:18)
    at new Note (file:///C:/Users/denni/OneDrive/Documents/piano-app/node_modules/vexflow/build/esm/src/note.js:145:20)
    at new NoteHead 
(file:///C:/Users/denni/OneDrive/Documents/piano-app/node_modules/vexflow/build/esm/src/notehead.js:14:9)
    at StaveNote.buildNoteHeads 
(file:///C:/Users/denni/OneDrive/Documents/piano-app/node_modules/vexflow/build/esm/src/stavenote.js:343:30)
    at StaveNote.reset 
(file:///C:/Users/denni/OneDrive/Documents/piano-app/node_modules/vexflow/build/esm/src/stavenote.js:281:14)
    at new StaveNote 
(file:///C:/Users/denni/OneDrive/Documents/piano-app/node_modules/vexflow/build/esm/src/stavenote.js:275:14) undefined
Element: No context for txtCanvas. Returning empty text metrics.
Error: Not implemented: HTMLCanvasElement.prototype.getContext (without installing the canvas npm package)
    at module.exports 
(C:\Users\denni\OneDrive\Documents\piano-app\node_modules\jsdom\lib\jsdom\browser\not-implemented.js:9:17)
    at HTMLCanvasElementImpl.getContext 
(C:\Users\denni\OneDrive\Documents\piano-app\node_modules\jsdom\lib\jsdom\living\nodes\HTMLCanvasElement-impl.js:42:5)
    at HTMLCanvasElement.getContext 
(C:\Users\denni\OneDrive\Documents\piano-app\node_modules\jsdom\lib\jsdom\living\generated\HTMLCanvasElement.js:131:58)
    at NoteHead.measureText 
(file:///C:/Users/denni/OneDrive/Documents/piano-app/node_modules/vexflow/build/esm/src/element.js:341:107)
    at NoteHead.set width [as width] 
(file:///C:/Users/denni/OneDrive/Documents/piano-app/node_modules/vexflow/build/esm/src/element.js:286:18)
    at new Note (file:///C:/Users/denni/OneDrive/Documents/piano-app/node_modules/vexflow/build/esm/src/note.js:145:20)
    at new NoteHead 
(file:///C:/Users/denni/OneDrive/Documents/piano-app/node_modules/vexflow/build/esm/src/notehead.js:14:9)
    at StaveNote.buildNoteHeads 
(file:///C:/Users/denni/OneDrive/Documents/piano-app/node_modules/vexflow/build/esm/src/stavenote.js:343:30)
    at StaveNote.reset 
(file:///C:/Users/denni/OneDrive/Documents/piano-app/node_modules/vexflow/build/esm/src/stavenote.js:281:14)
    at new StaveNote 
(file:///C:/Users/denni/OneDrive/Documents/piano-app/node_modules/vexflow/build/esm/src/stavenote.js:275:14) undefined
Element: No context for txtCanvas. Returning empty text metrics.
Error: Not implemented: HTMLCanvasElement.prototype.getContext (without installing the canvas npm package)
    at module.exports 
(C:\Users\denni\OneDrive\Documents\piano-app\node_modules\jsdom\lib\jsdom\browser\not-implemented.js:9:17)
    at HTMLCanvasElementImpl.getContext 
(C:\Users\denni\OneDrive\Documents\piano-app\node_modules\jsdom\lib\jsdom\living\nodes\HTMLCanvasElement-impl.js:42:5)
    at HTMLCanvasElement.getContext 
(C:\Users\denni\OneDrive\Documents\piano-app\node_modules\jsdom\lib\jsdom\living\generated\HTMLCanvasElement.js:131:58)
    at NoteHead.measureText 
(file:///C:/Users/denni/OneDrive/Documents/piano-app/node_modules/vexflow/build/esm/src/element.js:341:107)
    at NoteHead.set width [as width] 
(file:///C:/Users/denni/OneDrive/Documents/piano-app/node_modules/vexflow/build/esm/src/element.js:286:18)
    at new Note (file:///C:/Users/denni/OneDrive/Documents/piano-app/node_modules/vexflow/build/esm/src/note.js:145:20)
    at new NoteHead 
(file:///C:/Users/denni/OneDrive/Documents/piano-app/node_modules/vexflow/build/esm/src/notehead.js:14:9)
    at StaveNote.buildNoteHeads 
(file:///C:/Users/denni/OneDrive/Documents/piano-app/node_modules/vexflow/build/esm/src/stavenote.js:343:30)
    at StaveNote.reset 
(file:///C:/Users/denni/OneDrive/Documents/piano-app/node_modules/vexflow/build/esm/src/stavenote.js:281:14)
    at StaveNote.setStemDirection 
(file:///C:/Users/denni/OneDrive/Documents/piano-app/node_modules/vexflow/build/esm/src/stemmablenote.js:100:14) 
undefined
Element: No context for txtCanvas. Returning empty text metrics.
Error: Not implemented: HTMLCanvasElement.prototype.getContext (without installing the canvas npm package)
    at module.exports 
(C:\Users\denni\OneDrive\Documents\piano-app\node_modules\jsdom\lib\jsdom\browser\not-implemented.js:9:17)
    at HTMLCanvasElementImpl.getContext 
(C:\Users\denni\OneDrive\Documents\piano-app\node_modules\jsdom\lib\jsdom\living\nodes\HTMLCanvasElement-impl.js:42:5)
    at HTMLCanvasElement.getContext 
(C:\Users\denni\OneDrive\Documents\piano-app\node_modules\jsdom\lib\jsdom\living\generated\HTMLCanvasElement.js:131:58)
    at NoteHead.measureText 
(file:///C:/Users/denni/OneDrive/Documents/piano-app/node_modules/vexflow/build/esm/src/element.js:341:107)
    at NoteHead.set width [as width] 
(file:///C:/Users/denni/OneDrive/Documents/piano-app/node_modules/vexflow/build/esm/src/element.js:286:18)
    at new Note (file:///C:/Users/denni/OneDrive/Documents/piano-app/node_modules/vexflow/build/esm/src/note.js:145:20)
    at new NoteHead 
(file:///C:/Users/denni/OneDrive/Documents/piano-app/node_modules/vexflow/build/esm/src/notehead.js:14:9)
    at StaveNote.buildNoteHeads 
(file:///C:/Users/denni/OneDrive/Documents/piano-app/node_modules/vexflow/build/esm/src/stavenote.js:343:30)
    at StaveNote.reset 
(file:///C:/Users/denni/OneDrive/Documents/piano-app/node_modules/vexflow/build/esm/src/stavenote.js:281:14)
    at StaveNote.setStemDirection 
(file:///C:/Users/denni/OneDrive/Documents/piano-app/node_modules/vexflow/build/esm/src/stemmablenote.js:100:14) 
undefined
Element: No context for txtCanvas. Returning empty text metrics.
Error: Not implemented: HTMLCanvasElement.prototype.getContext (without installing the canvas npm package)
    at module.exports 
(C:\Users\denni\OneDrive\Documents\piano-app\node_modules\jsdom\lib\jsdom\browser\not-implemented.js:9:17)
    at HTMLCanvasElementImpl.getContext 
(C:\Users\denni\OneDrive\Documents\piano-app\node_modules\jsdom\lib\jsdom\living\nodes\HTMLCanvasElement-impl.js:42:5)
    at HTMLCanvasElement.getContext 
(C:\Users\denni\OneDrive\Documents\piano-app\node_modules\jsdom\lib\jsdom\living\generated\HTMLCanvasElement.js:131:58)
    at NoteHead.measureText 
(file:///C:/Users/denni/OneDrive/Documents/piano-app/node_modules/vexflow/build/esm/src/element.js:341:107)
    at NoteHead.set width [as width] 
(file:///C:/Users/denni/OneDrive/Documents/piano-app/node_modules/vexflow/build/esm/src/element.js:286:18)
    at new Note (file:///C:/Users/denni/OneDrive/Documents/piano-app/node_modules/vexflow/build/esm/src/note.js:145:20)
    at new NoteHead 
(file:///C:/Users/denni/OneDrive/Documents/piano-app/node_modules/vexflow/build/esm/src/notehead.js:14:9)
    at StaveNote.buildNoteHeads 
(file:///C:/Users/denni/OneDrive/Documents/piano-app/node_modules/vexflow/build/esm/src/stavenote.js:343:30)
    at StaveNote.reset 
(file:///C:/Users/denni/OneDrive/Documents/piano-app/node_modules/vexflow/build/esm/src/stavenote.js:281:14)
    at StaveNote.setStemDirection 
(file:///C:/Users/denni/OneDrive/Documents/piano-app/node_modules/vexflow/build/esm/src/stemmablenote.js:100:14) 
undefined
Element: No context for txtCanvas. Returning empty text metrics.
Error: Not implemented: HTMLCanvasElement.prototype.getContext (without installing the canvas npm package)
    at module.exports 
(C:\Users\denni\OneDrive\Documents\piano-app\node_modules\jsdom\lib\jsdom\browser\not-implemented.js:9:17)
    at HTMLCanvasElementImpl.getContext 
(C:\Users\denni\OneDrive\Documents\piano-app\node_modules\jsdom\lib\jsdom\living\nodes\HTMLCanvasElement-impl.js:42:5)
    at HTMLCanvasElement.getContext 
(C:\Users\denni\OneDrive\Documents\piano-app\node_modules\jsdom\lib\jsdom\living\generated\HTMLCanvasElement.js:131:58)
    at Flag.measureText 
(file:///C:/Users/denni/OneDrive/Documents/piano-app/node_modules/vexflow/build/esm/src/element.js:341:107)
    at Flag.get height [as height] 
(file:///C:/Users/denni/OneDrive/Documents/piano-app/node_modules/vexflow/build/esm/src/element.js:376:18)
    at Flag.getHeight 
(file:///C:/Users/denni/OneDrive/Documents/piano-app/node_modules/vexflow/build/esm/src/element.js:372:21)
    at StaveNote.getStemExtension 
(file:///C:/Users/denni/OneDrive/Documents/piano-app/node_modules/vexflow/build/esm/src/stemmablenote.js:125:38)
    at StaveNote.getStemExtension 
(file:///C:/Users/denni/OneDrive/Documents/piano-app/node_modules/vexflow/build/esm/src/stavenote.js:784:42)
    at StaveNote.setStemDirection 
(file:///C:/Users/denni/OneDrive/Documents/piano-app/node_modules/vexflow/build/esm/src/stemmablenote.js:107:41)
    at Builder.commitPiece 
(file:///C:/Users/denni/OneDrive/Documents/piano-app/node_modules/vexflow/build/esm/src/easyscore.js:282:18) undefined
Element: No context for txtCanvas. Returning empty text metrics.
Error: Not implemented: HTMLCanvasElement.prototype.getContext (without installing the canvas npm package)
    at module.exports 
(C:\Users\denni\OneDrive\Documents\piano-app\node_modules\jsdom\lib\jsdom\browser\not-implemented.js:9:17)
    at HTMLCanvasElementImpl.getContext 
(C:\Users\denni\OneDrive\Documents\piano-app\node_modules\jsdom\lib\jsdom\living\nodes\HTMLCanvasElement-impl.js:42:5)
    at HTMLCanvasElement.getContext 
(C:\Users\denni\OneDrive\Documents\piano-app\node_modules\jsdom\lib\jsdom\living\generated\HTMLCanvasElement.js:131:58)
    at Stave.measureText 
(file:///C:/Users/denni/OneDrive/Documents/piano-app/node_modules/vexflow/build/esm/src/element.js:341:107)
    at Stave.set width [as width] 
(file:///C:/Users/denni/OneDrive/Documents/piano-app/node_modules/vexflow/build/esm/src/element.js:286:18)
    at new Stave 
(file:///C:/Users/denni/OneDrive/Documents/piano-app/node_modules/vexflow/build/esm/src/stave.js:43:20)
    at Factory.Stave 
(file:///C:/Users/denni/OneDrive/Documents/piano-app/node_modules/vexflow/build/esm/src/factory.js:115:23)
    at System.addStave 
(file:///C:/Users/denni/OneDrive/Documents/piano-app/node_modules/vexflow/build/esm/src/system.js:70:89)
    at Timeout.renderNotation [as _onTimeout] 
(C:\Users\denni\OneDrive\Documents\piano-app\src\components\SheetMusicDisplay.jsx:152:12)
    at listOnTimeout (node:internal/timers:605:17) undefined
Element: No context for txtCanvas. Returning empty text metrics.
Error: Not implemented: HTMLCanvasElement.prototype.getContext (without installing the canvas npm package)
    at module.exports 
(C:\Users\denni\OneDrive\Documents\piano-app\node_modules\jsdom\lib\jsdom\browser\not-implemented.js:9:17)
    at HTMLCanvasElementImpl.getContext 
(C:\Users\denni\OneDrive\Documents\piano-app\node_modules\jsdom\lib\jsdom\living\nodes\HTMLCanvasElement-impl.js:42:5)
    at HTMLCanvasElement.getContext 
(C:\Users\denni\OneDrive\Documents\piano-app\node_modules\jsdom\lib\jsdom\living\generated\HTMLCanvasElement.js:131:58)
    at Stave.measureText 
(file:///C:/Users/denni/OneDrive/Documents/piano-app/node_modules/vexflow/build/esm/src/element.js:341:107)
    at Stave.get width [as width] 
(file:///C:/Users/denni/OneDrive/Documents/piano-app/node_modules/vexflow/build/esm/src/element.js:277:18)
    at new Stave 
(file:///C:/Users/denni/OneDrive/Documents/piano-app/node_modules/vexflow/build/esm/src/stave.js:52:55)
    at Factory.Stave 
(file:///C:/Users/denni/OneDrive/Documents/piano-app/node_modules/vexflow/build/esm/src/factory.js:115:23)
    at System.addStave 
(file:///C:/Users/denni/OneDrive/Documents/piano-app/node_modules/vexflow/build/esm/src/system.js:70:89)
    at Timeout.renderNotation [as _onTimeout] 
(C:\Users\denni\OneDrive\Documents\piano-app\src\components\SheetMusicDisplay.jsx:152:12)
    at listOnTimeout (node:internal/timers:605:17) undefined
Element: No context for txtCanvas. Returning empty text metrics.
Error: Not implemented: HTMLCanvasElement.prototype.getContext (without installing the canvas npm package)
    at module.exports 
(C:\Users\denni\OneDrive\Documents\piano-app\node_modules\jsdom\lib\jsdom\browser\not-implemented.js:9:17)
    at HTMLCanvasElementImpl.getContext 
(C:\Users\denni\OneDrive\Documents\piano-app\node_modules\jsdom\lib\jsdom\living\nodes\HTMLCanvasElement-impl.js:42:5)
    at HTMLCanvasElement.getContext 
(C:\Users\denni\OneDrive\Documents\piano-app\node_modules\jsdom\lib\jsdom\living\generated\HTMLCanvasElement.js:131:58)
    at Stave.measureText 
(file:///C:/Users/denni/OneDrive/Documents/piano-app/node_modules/vexflow/build/esm/src/element.js:341:107)
    at Stave.set height [as height] 
(file:///C:/Users/denni/OneDrive/Documents/piano-app/node_modules/vexflow/build/esm/src/element.js:381:18)
    at Stave.resetLines 
(file:///C:/Users/denni/OneDrive/Documents/piano-app/node_modules/vexflow/build/esm/src/stave.js:72:21)
    at new Stave 
(file:///C:/Users/denni/OneDrive/Documents/piano-app/node_modules/vexflow/build/esm/src/stave.js:54:14)
    at Factory.Stave 
(file:///C:/Users/denni/OneDrive/Documents/piano-app/node_modules/vexflow/build/esm/src/factory.js:115:23)
    at System.addStave 
(file:///C:/Users/denni/OneDrive/Documents/piano-app/node_modules/vexflow/build/esm/src/system.js:70:89)
    at Timeout.renderNotation [as _onTimeout] 
(C:\Users\denni\OneDrive\Documents\piano-app\src\components\SheetMusicDisplay.jsx:152:12) undefined
Element: No context for txtCanvas. Returning empty text metrics.
Error: Not implemented: HTMLCanvasElement.prototype.getContext (without installing the canvas npm package)
    at module.exports 
(C:\Users\denni\OneDrive\Documents\piano-app\node_modules\jsdom\lib\jsdom\browser\not-implemented.js:9:17)
    at HTMLCanvasElementImpl.getContext 
(C:\Users\denni\OneDrive\Documents\piano-app\node_modules\jsdom\lib\jsdom\living\nodes\HTMLCanvasElement-impl.js:42:5)
    at HTMLCanvasElement.getContext 
(C:\Users\denni\OneDrive\Documents\piano-app\node_modules\jsdom\lib\jsdom\living\generated\HTMLCanvasElement.js:131:58)
    at Barline.measureText 
(file:///C:/Users/denni/OneDrive/Documents/piano-app/node_modules/vexflow/build/esm/src/element.js:341:107)
    at Barline.set width [as width] 
(file:///C:/Users/denni/OneDrive/Documents/piano-app/node_modules/vexflow/build/esm/src/element.js:286:18)
    at Barline.setWidth 
(file:///C:/Users/denni/OneDrive/Documents/piano-app/node_modules/vexflow/build/esm/src/element.js:281:20)
    at Barline.setType 
(file:///C:/Users/denni/OneDrive/Documents/piano-app/node_modules/vexflow/build/esm/src/stavebarline.js:102:14)
    at new Barline 
(file:///C:/Users/denni/OneDrive/Documents/piano-app/node_modules/vexflow/build/esm/src/stavebarline.js:95:14)
    at new Stave 
(file:///C:/Users/denni/OneDrive/Documents/piano-app/node_modules/vexflow/build/esm/src/stave.js:55:26)
    at Factory.Stave 
(file:///C:/Users/denni/OneDrive/Documents/piano-app/node_modules/vexflow/build/esm/src/factory.js:115:23) undefined
Element: No context for txtCanvas. Returning empty text metrics.
Error: Not implemented: HTMLCanvasElement.prototype.getContext (without installing the canvas npm package)
    at module.exports 
(C:\Users\denni\OneDrive\Documents\piano-app\node_modules\jsdom\lib\jsdom\browser\not-implemented.js:9:17)
    at HTMLCanvasElementImpl.getContext 
(C:\Users\denni\OneDrive\Documents\piano-app\node_modules\jsdom\lib\jsdom\living\nodes\HTMLCanvasElement-impl.js:42:5)
    at HTMLCanvasElement.getContext 
(C:\Users\denni\OneDrive\Documents\piano-app\node_modules\jsdom\lib\jsdom\living\generated\HTMLCanvasElement.js:131:58)
    at Barline.measureText 
(file:///C:/Users/denni/OneDrive/Documents/piano-app/node_modules/vexflow/build/esm/src/element.js:341:107)
    at Barline.set width [as width] 
(file:///C:/Users/denni/OneDrive/Documents/piano-app/node_modules/vexflow/build/esm/src/element.js:286:18)
    at Barline.setWidth 
(file:///C:/Users/denni/OneDrive/Documents/piano-app/node_modules/vexflow/build/esm/src/element.js:281:20)
    at Barline.setType 
(file:///C:/Users/denni/OneDrive/Documents/piano-app/node_modules/vexflow/build/esm/src/stavebarline.js:102:14)
    at new Barline 
(file:///C:/Users/denni/OneDrive/Documents/piano-app/node_modules/vexflow/build/esm/src/stavebarline.js:95:14)
    at new Stave 
(file:///C:/Users/denni/OneDrive/Documents/piano-app/node_modules/vexflow/build/esm/src/stave.js:56:29)
    at Factory.Stave 
(file:///C:/Users/denni/OneDrive/Documents/piano-app/node_modules/vexflow/build/esm/src/factory.js:115:23) undefined
Element: No context for txtCanvas. Returning empty text metrics.
Error: Not implemented: HTMLCanvasElement.prototype.getContext (without installing the canvas npm package)
    at module.exports 
(C:\Users\denni\OneDrive\Documents\piano-app\node_modules\jsdom\lib\jsdom\browser\not-implemented.js:9:17)
    at HTMLCanvasElementImpl.getContext 
(C:\Users\denni\OneDrive\Documents\piano-app\node_modules\jsdom\lib\jsdom\living\nodes\HTMLCanvasElement-impl.js:42:5)
    at HTMLCanvasElement.getContext 
(C:\Users\denni\OneDrive\Documents\piano-app\node_modules\jsdom\lib\jsdom\living\generated\HTMLCanvasElement.js:131:58)
    at Element.measureText 
(file:///C:/Users/denni/OneDrive/Documents/piano-app/node_modules/vexflow/build/esm/src/element.js:341:107)
    at Element.get width [as width] 
(file:///C:/Users/denni/OneDrive/Documents/piano-app/node_modules/vexflow/build/esm/src/element.js:277:18)
    at Element.getWidth 
(file:///C:/Users/denni/OneDrive/Documents/piano-app/node_modules/vexflow/build/esm/src/element.js:273:21)
    at TimeSignature.makeTimeSignatureGlyph 
(file:///C:/Users/denni/OneDrive/Documents/piano-app/node_modules/vexflow/build/esm/src/timesignature.js:71:33)
    at TimeSignature.setTimeSig 
(file:///C:/Users/denni/OneDrive/Documents/piano-app/node_modules/vexflow/build/esm/src/timesignature.js:103:18)
    at new TimeSignature 
(file:///C:/Users/denni/OneDrive/Documents/piano-app/node_modules/vexflow/build/esm/src/timesignature.js:32:14)
    at Stave.addTimeSignature 
(file:///C:/Users/denni/OneDrive/Documents/piano-app/node_modules/vexflow/build/esm/src/stave.js:336:26) undefined
Element: No context for txtCanvas. Returning empty text metrics.
Error: Not implemented: HTMLCanvasElement.prototype.getContext (without installing the canvas npm package)
    at module.exports 
(C:\Users\denni\OneDrive\Documents\piano-app\node_modules\jsdom\lib\jsdom\browser\not-implemented.js:9:17)
    at HTMLCanvasElementImpl.getContext 
(C:\Users\denni\OneDrive\Documents\piano-app\node_modules\jsdom\lib\jsdom\living\nodes\HTMLCanvasElement-impl.js:42:5)
    at HTMLCanvasElement.getContext 
(C:\Users\denni\OneDrive\Documents\piano-app\node_modules\jsdom\lib\jsdom\living\generated\HTMLCanvasElement.js:131:58)
    at Element.measureText 
(file:///C:/Users/denni/OneDrive/Documents/piano-app/node_modules/vexflow/build/esm/src/element.js:341:107)
    at Element.get height [as height] 
(file:///C:/Users/denni/OneDrive/Documents/piano-app/node_modules/vexflow/build/esm/src/element.js:376:18)
    at Element.getHeight 
(file:///C:/Users/denni/OneDrive/Documents/piano-app/node_modules/vexflow/build/esm/src/element.js:372:21)
    at TimeSignature.makeTimeSignatureGlyph 
(file:///C:/Users/denni/OneDrive/Documents/piano-app/node_modules/vexflow/build/esm/src/timesignature.js:72:31)
    at TimeSignature.setTimeSig 
(file:///C:/Users/denni/OneDrive/Documents/piano-app/node_modules/vexflow/build/esm/src/timesignature.js:103:18)
    at new TimeSignature 
(file:///C:/Users/denni/OneDrive/Documents/piano-app/node_modules/vexflow/build/esm/src/timesignature.js:32:14)
    at Stave.addTimeSignature 
(file:///C:/Users/denni/OneDrive/Documents/piano-app/node_modules/vexflow/build/esm/src/stave.js:336:26) undefined
Element: No context for txtCanvas. Returning empty text metrics.
Error: Not implemented: HTMLCanvasElement.prototype.getContext (without installing the canvas npm package)
    at module.exports 
(C:\Users\denni\OneDrive\Documents\piano-app\node_modules\jsdom\lib\jsdom\browser\not-implemented.js:9:17)
    at HTMLCanvasElementImpl.getContext 
(C:\Users\denni\OneDrive\Documents\piano-app\node_modules\jsdom\lib\jsdom\living\nodes\HTMLCanvasElement-impl.js:42:5)
    at HTMLCanvasElement.getContext 
(C:\Users\denni\OneDrive\Documents\piano-app\node_modules\jsdom\lib\jsdom\living\generated\HTMLCanvasElement.js:131:58)
    at Element.measureText 
(file:///C:/Users/denni/OneDrive/Documents/piano-app/node_modules/vexflow/build/esm/src/element.js:341:107)
    at Element.get width [as width] 
(file:///C:/Users/denni/OneDrive/Documents/piano-app/node_modules/vexflow/build/esm/src/element.js:277:18)
    at Element.getWidth 
(file:///C:/Users/denni/OneDrive/Documents/piano-app/node_modules/vexflow/build/esm/src/element.js:273:21)
    at TimeSignature.makeTimeSignatureGlyph 
(file:///C:/Users/denni/OneDrive/Documents/piano-app/node_modules/vexflow/build/esm/src/timesignature.js:80:33)
    at TimeSignature.setTimeSig 
(file:///C:/Users/denni/OneDrive/Documents/piano-app/node_modules/vexflow/build/esm/src/timesignature.js:103:18)
    at new TimeSignature 
(file:///C:/Users/denni/OneDrive/Documents/piano-app/node_modules/vexflow/build/esm/src/timesignature.js:32:14)
    at Stave.addTimeSignature 
(file:///C:/Users/denni/OneDrive/Documents/piano-app/node_modules/vexflow/build/esm/src/stave.js:336:26) undefined
Element: No context for txtCanvas. Returning empty text metrics.
Error: Not implemented: HTMLCanvasElement.prototype.getContext (without installing the canvas npm package)
    at module.exports 
(C:\Users\denni\OneDrive\Documents\piano-app\node_modules\jsdom\lib\jsdom\browser\not-implemented.js:9:17)
    at HTMLCanvasElementImpl.getContext 
(C:\Users\denni\OneDrive\Documents\piano-app\node_modules\jsdom\lib\jsdom\living\nodes\HTMLCanvasElement-impl.js:42:5)
    at HTMLCanvasElement.getContext 
(C:\Users\denni\OneDrive\Documents\piano-app\node_modules\jsdom\lib\jsdom\living\generated\HTMLCanvasElement.js:131:58)
    at Element.measureText 
(file:///C:/Users/denni/OneDrive/Documents/piano-app/node_modules/vexflow/build/esm/src/element.js:341:107)
    at Element.get height [as height] 
(file:///C:/Users/denni/OneDrive/Documents/piano-app/node_modules/vexflow/build/esm/src/element.js:376:18)
    at Element.getHeight 
(file:///C:/Users/denni/OneDrive/Documents/piano-app/node_modules/vexflow/build/esm/src/element.js:372:21)
    at TimeSignature.makeTimeSignatureGlyph 
(file:///C:/Users/denni/OneDrive/Documents/piano-app/node_modules/vexflow/build/esm/src/timesignature.js:81:48)
    at TimeSignature.setTimeSig 
(file:///C:/Users/denni/OneDrive/Documents/piano-app/node_modules/vexflow/build/esm/src/timesignature.js:103:18)
    at new TimeSignature 
(file:///C:/Users/denni/OneDrive/Documents/piano-app/node_modules/vexflow/build/esm/src/timesignature.js:32:14)
    at Stave.addTimeSignature 
(file:///C:/Users/denni/OneDrive/Documents/piano-app/node_modules/vexflow/build/esm/src/stave.js:336:26) undefined
Element: No context for txtCanvas. Returning empty text metrics.
Error: Not implemented: HTMLCanvasElement.prototype.getContext (without installing the canvas npm package)
    at module.exports 
(C:\Users\denni\OneDrive\Documents\piano-app\node_modules\jsdom\lib\jsdom\browser\not-implemented.js:9:17)
    at HTMLCanvasElementImpl.getContext 
(C:\Users\denni\OneDrive\Documents\piano-app\node_modules\jsdom\lib\jsdom\living\nodes\HTMLCanvasElement-impl.js:42:5)
    at HTMLCanvasElement.getContext 
(C:\Users\denni\OneDrive\Documents\piano-app\node_modules\jsdom\lib\jsdom\living\generated\HTMLCanvasElement.js:131:58)
    at TimeSignature.measureText 
(file:///C:/Users/denni/OneDrive/Documents/piano-app/node_modules/vexflow/build/esm/src/element.js:341:107)
    at TimeSignature.set width [as width] 
(file:///C:/Users/denni/OneDrive/Documents/piano-app/node_modules/vexflow/build/esm/src/element.js:286:18)
    at TimeSignature.makeTimeSignatureGlyph 
(file:///C:/Users/denni/OneDrive/Documents/piano-app/node_modules/vexflow/build/esm/src/timesignature.js:83:20)
    at TimeSignature.setTimeSig 
(file:///C:/Users/denni/OneDrive/Documents/piano-app/node_modules/vexflow/build/esm/src/timesignature.js:103:18)
    at new TimeSignature 
(file:///C:/Users/denni/OneDrive/Documents/piano-app/node_modules/vexflow/build/esm/src/timesignature.js:32:14)
    at Stave.addTimeSignature 
(file:///C:/Users/denni/OneDrive/Documents/piano-app/node_modules/vexflow/build/esm/src/stave.js:336:26)
    at Timeout.renderNotation [as _onTimeout] 
(C:\Users\denni\OneDrive\Documents\piano-app\src\components\SheetMusicDisplay.jsx:156:12) undefined
Element: No context for txtCanvas. Returning empty text metrics.
Error: Not implemented: HTMLCanvasElement.prototype.getContext (without installing the canvas npm package)
    at module.exports 
(C:\Users\denni\OneDrive\Documents\piano-app\node_modules\jsdom\lib\jsdom\browser\not-implemented.js:9:17)
    at HTMLCanvasElementImpl.getContext 
(C:\Users\denni\OneDrive\Documents\piano-app\node_modules\jsdom\lib\jsdom\living\nodes\HTMLCanvasElement-impl.js:42:5)
    at HTMLCanvasElement.getContext 
(C:\Users\denni\OneDrive\Documents\piano-app\node_modules\jsdom\lib\jsdom\living\generated\HTMLCanvasElement.js:131:58)
    at TimeSignature.measureText 
(file:///C:/Users/denni/OneDrive/Documents/piano-app/node_modules/vexflow/build/esm/src/element.js:341:107)
    at TimeSignature.get width [as width] 
(file:///C:/Users/denni/OneDrive/Documents/piano-app/node_modules/vexflow/build/esm/src/element.js:277:18)
    at TimeSignature.makeTimeSignatureGlyph 
(file:///C:/Users/denni/OneDrive/Documents/piano-app/node_modules/vexflow/build/esm/src/timesignature.js:84:32)
    at TimeSignature.setTimeSig 
(file:///C:/Users/denni/OneDrive/Documents/piano-app/node_modules/vexflow/build/esm/src/timesignature.js:103:18)
    at new TimeSignature 
(file:///C:/Users/denni/OneDrive/Documents/piano-app/node_modules/vexflow/build/esm/src/timesignature.js:32:14)
    at Stave.addTimeSignature 
(file:///C:/Users/denni/OneDrive/Documents/piano-app/node_modules/vexflow/build/esm/src/stave.js:336:26)
    at Timeout.renderNotation [as _onTimeout] 
(C:\Users\denni\OneDrive\Documents\piano-app\src\components\SheetMusicDisplay.jsx:156:12) undefined
Element: No context for txtCanvas. Returning empty text metrics.
Error: Not implemented: HTMLCanvasElement.prototype.getContext (without installing the canvas npm package)
    at module.exports 
(C:\Users\denni\OneDrive\Documents\piano-app\node_modules\jsdom\lib\jsdom\browser\not-implemented.js:9:17)
    at HTMLCanvasElementImpl.getContext 
(C:\Users\denni\OneDrive\Documents\piano-app\node_modules\jsdom\lib\jsdom\living\nodes\HTMLCanvasElement-impl.js:42:5)
    at HTMLCanvasElement.getContext 
(C:\Users\denni\OneDrive\Documents\piano-app\node_modules\jsdom\lib\jsdom\living\generated\HTMLCanvasElement.js:131:58)
    at TimeSignature.measureText 
(file:///C:/Users/denni/OneDrive/Documents/piano-app/node_modules/vexflow/build/esm/src/element.js:341:107)
    at TimeSignature.get width [as width] 
(file:///C:/Users/denni/OneDrive/Documents/piano-app/node_modules/vexflow/build/esm/src/element.js:277:18)
    at TimeSignature.makeTimeSignatureGlyph 
(file:///C:/Users/denni/OneDrive/Documents/piano-app/node_modules/vexflow/build/esm/src/timesignature.js:85:32)
    at TimeSignature.setTimeSig 
(file:///C:/Users/denni/OneDrive/Documents/piano-app/node_modules/vexflow/build/esm/src/timesignature.js:103:18)
    at new TimeSignature 
(file:///C:/Users/denni/OneDrive/Documents/piano-app/node_modules/vexflow/build/esm/src/timesignature.js:32:14)
    at Stave.addTimeSignature 
(file:///C:/Users/denni/OneDrive/Documents/piano-app/node_modules/vexflow/build/esm/src/stave.js:336:26)
    at Timeout.renderNotation [as _onTimeout] 
(C:\Users\denni\OneDrive\Documents\piano-app\src\components\SheetMusicDisplay.jsx:156:12) undefined
Element: No context for txtCanvas. Returning empty text metrics.
Error: Not implemented: HTMLCanvasElement.prototype.getContext (without installing the canvas npm package)
    at module.exports 
(C:\Users\denni\OneDrive\Documents\piano-app\node_modules\jsdom\lib\jsdom\browser\not-implemented.js:9:17)
    at HTMLCanvasElementImpl.getContext 
(C:\Users\denni\OneDrive\Documents\piano-app\node_modules\jsdom\lib\jsdom\living\nodes\HTMLCanvasElement-impl.js:42:5)
    at HTMLCanvasElement.getContext 
(C:\Users\denni\OneDrive\Documents\piano-app\node_modules\jsdom\lib\jsdom\living\generated\HTMLCanvasElement.js:131:58)
    at Barline.measureText 
(file:///C:/Users/denni/OneDrive/Documents/piano-app/node_modules/vexflow/build/esm/src/element.js:341:107)
    at Barline.get width [as width] 
(file:///C:/Users/denni/OneDrive/Documents/piano-app/node_modules/vexflow/build/esm/src/element.js:277:18)
    at Barline.getWidth 
(file:///C:/Users/denni/OneDrive/Documents/piano-app/node_modules/vexflow/build/esm/src/element.js:273:21)
    at Stave.format 
(file:///C:/Users/denni/OneDrive/Documents/piano-app/node_modules/vexflow/build/esm/src/stave.js:397:30)
    at Stave.getNoteStartX 
(file:///C:/Users/denni/OneDrive/Documents/piano-app/node_modules/vexflow/build/esm/src/stave.js:83:18)
    at file:///C:/Users/denni/OneDrive/Documents/piano-app/node_modules/vexflow/build/esm/src/system.js:109:44
    at Array.forEach (<anonymous>) undefined
Element: No context for txtCanvas. Returning empty text metrics.
Error: Not implemented: HTMLCanvasElement.prototype.getContext (without installing the canvas npm package)
    at module.exports 
(C:\Users\denni\OneDrive\Documents\piano-app\node_modules\jsdom\lib\jsdom\browser\not-implemented.js:9:17)
    at HTMLCanvasElementImpl.getContext 
(C:\Users\denni\OneDrive\Documents\piano-app\node_modules\jsdom\lib\jsdom\living\nodes\HTMLCanvasElement-impl.js:42:5)
    at HTMLCanvasElement.getContext 
(C:\Users\denni\OneDrive\Documents\piano-app\node_modules\jsdom\lib\jsdom\living\generated\HTMLCanvasElement.js:131:58)
    at Clef.measureText 
(file:///C:/Users/denni/OneDrive/Documents/piano-app/node_modules/vexflow/build/esm/src/element.js:341:107)
    at Clef.get width [as width] 
(file:///C:/Users/denni/OneDrive/Documents/piano-app/node_modules/vexflow/build/esm/src/element.js:277:18)
    at Clef.getWidth 
(file:///C:/Users/denni/OneDrive/Documents/piano-app/node_modules/vexflow/build/esm/src/element.js:273:21)
    at Stave.format 
(file:///C:/Users/denni/OneDrive/Documents/piano-app/node_modules/vexflow/build/esm/src/stave.js:397:30)
    at Stave.getNoteStartX 
(file:///C:/Users/denni/OneDrive/Documents/piano-app/node_modules/vexflow/build/esm/src/stave.js:83:18)
    at file:///C:/Users/denni/OneDrive/Documents/piano-app/node_modules/vexflow/build/esm/src/system.js:109:44
    at Array.forEach (<anonymous>) undefined
Element: No context for txtCanvas. Returning empty text metrics.
Error: Not implemented: HTMLCanvasElement.prototype.getContext (without installing the canvas npm package)
    at module.exports 
(C:\Users\denni\OneDrive\Documents\piano-app\node_modules\jsdom\lib\jsdom\browser\not-implemented.js:9:17)
    at HTMLCanvasElementImpl.getContext 
(C:\Users\denni\OneDrive\Documents\piano-app\node_modules\jsdom\lib\jsdom\living\nodes\HTMLCanvasElement-impl.js:42:5)
    at HTMLCanvasElement.getContext 
(C:\Users\denni\OneDrive\Documents\piano-app\node_modules\jsdom\lib\jsdom\living\generated\HTMLCanvasElement.js:131:58)
    at TimeSignature.measureText 
(file:///C:/Users/denni/OneDrive/Documents/piano-app/node_modules/vexflow/build/esm/src/element.js:341:107)
    at TimeSignature.get width [as width] 
(file:///C:/Users/denni/OneDrive/Documents/piano-app/node_modules/vexflow/build/esm/src/element.js:277:18)
    at TimeSignature.getWidth 
(file:///C:/Users/denni/OneDrive/Documents/piano-app/node_modules/vexflow/build/esm/src/element.js:273:21)
    at Stave.format 
(file:///C:/Users/denni/OneDrive/Documents/piano-app/node_modules/vexflow/build/esm/src/stave.js:397:30)
    at Stave.getNoteStartX 
(file:///C:/Users/denni/OneDrive/Documents/piano-app/node_modules/vexflow/build/esm/src/stave.js:83:18)
    at file:///C:/Users/denni/OneDrive/Documents/piano-app/node_modules/vexflow/build/esm/src/system.js:109:44
    at Array.forEach (<anonymous>) undefined
Element: No context for txtCanvas. Returning empty text metrics.
Error: Not implemented: HTMLCanvasElement.prototype.getContext (without installing the canvas npm package)
    at module.exports 
(C:\Users\denni\OneDrive\Documents\piano-app\node_modules\jsdom\lib\jsdom\browser\not-implemented.js:9:17)
    at HTMLCanvasElementImpl.getContext 
(C:\Users\denni\OneDrive\Documents\piano-app\node_modules\jsdom\lib\jsdom\living\nodes\HTMLCanvasElement-impl.js:42:5)
    at HTMLCanvasElement.getContext 
(C:\Users\denni\OneDrive\Documents\piano-app\node_modules\jsdom\lib\jsdom\living\generated\HTMLCanvasElement.js:131:58)
    at Stave.measureText 
(file:///C:/Users/denni/OneDrive/Documents/piano-app/node_modules/vexflow/build/esm/src/element.js:341:107)
    at Stave.get width [as width] 
(file:///C:/Users/denni/OneDrive/Documents/piano-app/node_modules/vexflow/build/esm/src/element.js:277:18)
    at Stave.format 
(file:///C:/Users/denni/OneDrive/Documents/piano-app/node_modules/vexflow/build/esm/src/stave.js:405:27)
    at Stave.getNoteStartX 
(file:///C:/Users/denni/OneDrive/Documents/piano-app/node_modules/vexflow/build/esm/src/stave.js:83:18)
    at file:///C:/Users/denni/OneDrive/Documents/piano-app/node_modules/vexflow/build/esm/src/system.js:109:44
    at Array.forEach (<anonymous>)
    at System.format 
(file:///C:/Users/denni/OneDrive/Documents/piano-app/node_modules/vexflow/build/esm/src/system.js:100:25) undefined
Element: No context for txtCanvas. Returning empty text metrics.
Error: Not implemented: HTMLCanvasElement.prototype.getContext (without installing the canvas npm package)
    at module.exports 
(C:\Users\denni\OneDrive\Documents\piano-app\node_modules\jsdom\lib\jsdom\browser\not-implemented.js:9:17)
    at HTMLCanvasElementImpl.getContext 
(C:\Users\denni\OneDrive\Documents\piano-app\node_modules\jsdom\lib\jsdom\living\nodes\HTMLCanvasElement-impl.js:42:5)
    at HTMLCanvasElement.getContext 
(C:\Users\denni\OneDrive\Documents\piano-app\node_modules\jsdom\lib\jsdom\living\generated\HTMLCanvasElement.js:131:58)
    at Stave.measureText 
(file:///C:/Users/denni/OneDrive/Documents/piano-app/node_modules/vexflow/build/esm/src/element.js:341:107)
    at Stave.get width [as width] 
(file:///C:/Users/denni/OneDrive/Documents/piano-app/node_modules/vexflow/build/esm/src/element.js:277:18)
    at Stave.format 
(file:///C:/Users/denni/OneDrive/Documents/piano-app/node_modules/vexflow/build/esm/src/stave.js:447:63)
    at Stave.getNoteStartX 
(file:///C:/Users/denni/OneDrive/Documents/piano-app/node_modules/vexflow/build/esm/src/stave.js:83:18)
    at file:///C:/Users/denni/OneDrive/Documents/piano-app/node_modules/vexflow/build/esm/src/system.js:109:44
    at Array.forEach (<anonymous>)
    at System.format 
(file:///C:/Users/denni/OneDrive/Documents/piano-app/node_modules/vexflow/build/esm/src/system.js:100:25) undefined
Element: No context for txtCanvas. Returning empty text metrics.
Error: Not implemented: HTMLCanvasElement.prototype.getContext (without installing the canvas npm package)
    at module.exports 
(C:\Users\denni\OneDrive\Documents\piano-app\node_modules\jsdom\lib\jsdom\browser\not-implemented.js:9:17)
    at HTMLCanvasElementImpl.getContext 
(C:\Users\denni\OneDrive\Documents\piano-app\node_modules\jsdom\lib\jsdom\living\nodes\HTMLCanvasElement-impl.js:42:5)
    at HTMLCanvasElement.getContext 
(C:\Users\denni\OneDrive\Documents\piano-app\node_modules\jsdom\lib\jsdom\living\generated\HTMLCanvasElement.js:131:58)
    at NoteHead.measureText 
(file:///C:/Users/denni/OneDrive/Documents/piano-app/node_modules/vexflow/build/esm/src/element.js:341:107)
    at NoteHead.get width [as width] 
(file:///C:/Users/denni/OneDrive/Documents/piano-app/node_modules/vexflow/build/esm/src/element.js:277:18)
    at NoteHead.getWidth 
(file:///C:/Users/denni/OneDrive/Documents/piano-app/node_modules/vexflow/build/esm/src/notehead.js:43:21)
    at StaveNote.getGlyphWidth 
(file:///C:/Users/denni/OneDrive/Documents/piano-app/node_modules/vexflow/build/esm/src/stavenote.js:592:34)
    at StaveNote.preFormat 
(file:///C:/Users/denni/OneDrive/Documents/piano-app/node_modules/vexflow/build/esm/src/stavenote.js:623:26)
    at TickContext.preFormat 
(file:///C:/Users/denni/OneDrive/Documents/piano-app/node_modules/vexflow/build/esm/src/tickcontext.js:149:22)
    at file:///C:/Users/denni/OneDrive/Documents/piano-app/node_modules/vexflow/build/esm/src/formatter.js:323:21 
undefined
Element: No context for txtCanvas. Returning empty text metrics.
Error: Not implemented: HTMLCanvasElement.prototype.getContext (without installing the canvas npm package)
    at module.exports 
(C:\Users\denni\OneDrive\Documents\piano-app\node_modules\jsdom\lib\jsdom\browser\not-implemented.js:9:17)
    at HTMLCanvasElementImpl.getContext 
(C:\Users\denni\OneDrive\Documents\piano-app\node_modules\jsdom\lib\jsdom\living\nodes\HTMLCanvasElement-impl.js:42:5)
    at HTMLCanvasElement.getContext 
(C:\Users\denni\OneDrive\Documents\piano-app\node_modules\jsdom\lib\jsdom\living\generated\HTMLCanvasElement.js:131:58)
    at StaveNote.measureText 
(file:///C:/Users/denni/OneDrive/Documents/piano-app/node_modules/vexflow/build/esm/src/element.js:341:107)
    at StaveNote.set width [as width] 
(file:///C:/Users/denni/OneDrive/Documents/piano-app/node_modules/vexflow/build/esm/src/element.js:286:18)
    at StaveNote.setWidth 
(file:///C:/Users/denni/OneDrive/Documents/piano-app/node_modules/vexflow/build/esm/src/element.js:281:20)
    at StaveNote.preFormat 
(file:///C:/Users/denni/OneDrive/Documents/piano-app/node_modules/vexflow/build/esm/src/stavenote.js:627:14)
    at TickContext.preFormat 
(file:///C:/Users/denni/OneDrive/Documents/piano-app/node_modules/vexflow/build/esm/src/tickcontext.js:149:22)
    at file:///C:/Users/denni/OneDrive/Documents/piano-app/node_modules/vexflow/build/esm/src/formatter.js:323:21
    at Array.forEach (<anonymous>) undefined
Element: No context for txtCanvas. Returning empty text metrics.
Error: Not implemented: HTMLCanvasElement.prototype.getContext (without installing the canvas npm package)
    at module.exports 
(C:\Users\denni\OneDrive\Documents\piano-app\node_modules\jsdom\lib\jsdom\browser\not-implemented.js:9:17)
    at HTMLCanvasElementImpl.getContext 
(C:\Users\denni\OneDrive\Documents\piano-app\node_modules\jsdom\lib\jsdom\living\nodes\HTMLCanvasElement-impl.js:42:5)
    at HTMLCanvasElement.getContext 
(C:\Users\denni\OneDrive\Documents\piano-app\node_modules\jsdom\lib\jsdom\living\generated\HTMLCanvasElement.js:131:58)
    at StaveNote.measureText 
(file:///C:/Users/denni/OneDrive/Documents/piano-app/node_modules/vexflow/build/esm/src/element.js:341:107)
    at StaveNote.get width [as width] 
(file:///C:/Users/denni/OneDrive/Documents/piano-app/node_modules/vexflow/build/esm/src/element.js:277:18)
    at StaveNote.getWidth 
(file:///C:/Users/denni/OneDrive/Documents/piano-app/node_modules/vexflow/build/esm/src/tickable.js:49:21)
    at StaveNote.getMetrics 
(file:///C:/Users/denni/OneDrive/Documents/piano-app/node_modules/vexflow/build/esm/src/note.js:321:28)
    at TickContext.preFormat 
(file:///C:/Users/denni/OneDrive/Documents/piano-app/node_modules/vexflow/build/esm/src/tickcontext.js:150:38)
    at file:///C:/Users/denni/OneDrive/Documents/piano-app/node_modules/vexflow/build/esm/src/formatter.js:323:21
    at Array.forEach (<anonymous>) undefined
Element: No context for txtCanvas. Returning empty text metrics.
Error: Not implemented: HTMLCanvasElement.prototype.getContext (without installing the canvas npm package)
    at module.exports 
(C:\Users\denni\OneDrive\Documents\piano-app\node_modules\jsdom\lib\jsdom\browser\not-implemented.js:9:17)
    at HTMLCanvasElementImpl.getContext 
(C:\Users\denni\OneDrive\Documents\piano-app\node_modules\jsdom\lib\jsdom\living\nodes\HTMLCanvasElement-impl.js:42:5)
    at HTMLCanvasElement.getContext 
(C:\Users\denni\OneDrive\Documents\piano-app\node_modules\jsdom\lib\jsdom\living\generated\HTMLCanvasElement.js:131:58)
    at NoteHead.measureText 
(file:///C:/Users/denni/OneDrive/Documents/piano-app/node_modules/vexflow/build/esm/src/element.js:341:107)
    at NoteHead.get width [as width] 
(file:///C:/Users/denni/OneDrive/Documents/piano-app/node_modules/vexflow/build/esm/src/element.js:277:18)
    at NoteHead.getWidth 
(file:///C:/Users/denni/OneDrive/Documents/piano-app/node_modules/vexflow/build/esm/src/notehead.js:43:21)
    at StaveNote.getGlyphWidth 
(file:///C:/Users/denni/OneDrive/Documents/piano-app/node_modules/vexflow/build/esm/src/stavenote.js:592:34)
    at StaveNote.getMetrics 
(file:///C:/Users/denni/OneDrive/Documents/piano-app/node_modules/vexflow/build/esm/src/note.js:322:33)
    at TickContext.preFormat 
(file:///C:/Users/denni/OneDrive/Documents/piano-app/node_modules/vexflow/build/esm/src/tickcontext.js:150:38)
    at file:///C:/Users/denni/OneDrive/Documents/piano-app/node_modules/vexflow/build/esm/src/formatter.js:323:21 
undefined
Element: No context for txtCanvas. Returning empty text metrics.
Error: Not implemented: HTMLCanvasElement.prototype.getContext (without installing the canvas npm package)
    at module.exports 
(C:\Users\denni\OneDrive\Documents\piano-app\node_modules\jsdom\lib\jsdom\browser\not-implemented.js:9:17)
    at HTMLCanvasElementImpl.getContext 
(C:\Users\denni\OneDrive\Documents\piano-app\node_modules\jsdom\lib\jsdom\living\nodes\HTMLCanvasElement-impl.js:42:5)
    at HTMLCanvasElement.getContext 
(C:\Users\denni\OneDrive\Documents\piano-app\node_modules\jsdom\lib\jsdom\living\generated\HTMLCanvasElement.js:131:58)
    at Stave.measureText 
(file:///C:/Users/denni/OneDrive/Documents/piano-app/node_modules/vexflow/build/esm/src/element.js:341:107)
    at Stave.get width [as width] 
(file:///C:/Users/denni/OneDrive/Documents/piano-app/node_modules/vexflow/build/esm/src/element.js:277:18)
    at Stave.draw 
(file:///C:/Users/denni/OneDrive/Documents/piano-app/node_modules/vexflow/build/esm/src/stave.js:458:28)
    at Stave.drawWithStyle 
(file:///C:/Users/denni/OneDrive/Documents/piano-app/node_modules/vexflow/build/esm/src/element.js:109:14)
    at file:///C:/Users/denni/OneDrive/Documents/piano-app/node_modules/vexflow/build/esm/src/factory.js:453:54
    at Array.forEach (<anonymous>)
    at Factory.draw 
(file:///C:/Users/denni/OneDrive/Documents/piano-app/node_modules/vexflow/build/esm/src/factory.js:453:21) undefined
Element: No context for txtCanvas. Returning empty text metrics.
Error: Not implemented: HTMLCanvasElement.prototype.getContext (without installing the canvas npm package)
    at module.exports 
(C:\Users\denni\OneDrive\Documents\piano-app\node_modules\jsdom\lib\jsdom\browser\not-implemented.js:9:17)
    at HTMLCanvasElementImpl.getContext 
(C:\Users\denni\OneDrive\Documents\piano-app\node_modules\jsdom\lib\jsdom\living\nodes\HTMLCanvasElement-impl.js:42:5)
    at HTMLCanvasElement.getContext 
(C:\Users\denni\OneDrive\Documents\piano-app\node_modules\jsdom\lib\jsdom\living\generated\HTMLCanvasElement.js:131:58)
    at NoteHead.measureText 
(file:///C:/Users/denni/OneDrive/Documents/piano-app/node_modules/vexflow/build/esm/src/element.js:341:107)
    at NoteHead.get width [as width] 
(file:///C:/Users/denni/OneDrive/Documents/piano-app/node_modules/vexflow/build/esm/src/element.js:277:18)
    at NoteHead.getWidth 
(file:///C:/Users/denni/OneDrive/Documents/piano-app/node_modules/vexflow/build/esm/src/notehead.js:43:21)
    at StaveNote.getGlyphWidth 
(file:///C:/Users/denni/OneDrive/Documents/piano-app/node_modules/vexflow/build/esm/src/stavenote.js:592:34)
    at StaveNote.getStemX 
(file:///C:/Users/denni/OneDrive/Documents/piano-app/node_modules/vexflow/build/esm/src/stemmablenote.js:116:63)
    at StaveNote.getStemX 
(file:///C:/Users/denni/OneDrive/Documents/piano-app/node_modules/vexflow/build/esm/src/stavenote.js:465:26)
    at StaveNote.draw 
(file:///C:/Users/denni/OneDrive/Documents/piano-app/node_modules/vexflow/build/esm/src/stavenote.js:822:32) undefined
Element: No context for txtCanvas. Returning empty text metrics.
Error: Not implemented: HTMLCanvasElement.prototype.getContext (without installing the canvas npm package)
    at module.exports 
(C:\Users\denni\OneDrive\Documents\piano-app\node_modules\jsdom\lib\jsdom\browser\not-implemented.js:9:17)
    at HTMLCanvasElementImpl.getContext 
(C:\Users\denni\OneDrive\Documents\piano-app\node_modules\jsdom\lib\jsdom\living\nodes\HTMLCanvasElement-impl.js:42:5)
    at HTMLCanvasElement.getContext 
(C:\Users\denni\OneDrive\Documents\piano-app\node_modules\jsdom\lib\jsdom\living\generated\HTMLCanvasElement.js:131:58)
    at NoteHead.measureText 
(file:///C:/Users/denni/OneDrive/Documents/piano-app/node_modules/vexflow/build/esm/src/element.js:341:107)
    at NoteHead.get width [as width] 
(file:///C:/Users/denni/OneDrive/Documents/piano-app/node_modules/vexflow/build/esm/src/element.js:277:18)
    at NoteHead.getWidth 
(file:///C:/Users/denni/OneDrive/Documents/piano-app/node_modules/vexflow/build/esm/src/notehead.js:43:21)
    at StaveNote.getGlyphWidth 
(file:///C:/Users/denni/OneDrive/Documents/piano-app/node_modules/vexflow/build/esm/src/stavenote.js:592:34)
    at StaveNote.drawLedgerLines 
(file:///C:/Users/denni/OneDrive/Documents/piano-app/node_modules/vexflow/build/esm/src/stavenote.js:690:28)
    at StaveNote.draw 
(file:///C:/Users/denni/OneDrive/Documents/piano-app/node_modules/vexflow/build/esm/src/stavenote.js:827:14)
    at StaveNote.drawWithStyle 
(file:///C:/Users/denni/OneDrive/Documents/piano-app/node_modules/vexflow/build/esm/src/element.js:109:14) undefined
Element: No context for txtCanvas. Returning empty text metrics.
Error: Not implemented: HTMLCanvasElement.prototype.getContext (without installing the canvas npm package)
    at module.exports 
(C:\Users\denni\OneDrive\Documents\piano-app\node_modules\jsdom\lib\jsdom\browser\not-implemented.js:9:17)
    at HTMLCanvasElementImpl.getContext 
(C:\Users\denni\OneDrive\Documents\piano-app\node_modules\jsdom\lib\jsdom\living\nodes\HTMLCanvasElement-impl.js:42:5)
    at HTMLCanvasElement.getContext 
(C:\Users\denni\OneDrive\Documents\piano-app\node_modules\jsdom\lib\jsdom\living\generated\HTMLCanvasElement.js:131:58)
    at NoteHead.measureText 
(file:///C:/Users/denni/OneDrive/Documents/piano-app/node_modules/vexflow/build/esm/src/element.js:341:107)
    at NoteHead.get width [as width] 
(file:///C:/Users/denni/OneDrive/Documents/piano-app/node_modules/vexflow/build/esm/src/element.js:277:18)
    at NoteHead.getWidth 
(file:///C:/Users/denni/OneDrive/Documents/piano-app/node_modules/vexflow/build/esm/src/notehead.js:43:21)
    at StaveNote.getGlyphWidth 
(file:///C:/Users/denni/OneDrive/Documents/piano-app/node_modules/vexflow/build/esm/src/stavenote.js:592:34)
    at StaveNote.drawLedgerLines 
(file:///C:/Users/denni/OneDrive/Documents/piano-app/node_modules/vexflow/build/esm/src/stavenote.js:691:39)
    at StaveNote.draw 
(file:///C:/Users/denni/OneDrive/Documents/piano-app/node_modules/vexflow/build/esm/src/stavenote.js:827:14)
    at StaveNote.drawWithStyle 
(file:///C:/Users/denni/OneDrive/Documents/piano-app/node_modules/vexflow/build/esm/src/element.js:109:14) undefined
Element: No context for txtCanvas. Returning empty text metrics.
Error: Not implemented: HTMLCanvasElement.prototype.getContext (without installing the canvas npm package)
    at module.exports 
(C:\Users\denni\OneDrive\Documents\piano-app\node_modules\jsdom\lib\jsdom\browser\not-implemented.js:9:17)
    at HTMLCanvasElementImpl.getContext 
(C:\Users\denni\OneDrive\Documents\piano-app\node_modules\jsdom\lib\jsdom\living\nodes\HTMLCanvasElement-impl.js:42:5)
    at HTMLCanvasElement.getContext 
(C:\Users\denni\OneDrive\Documents\piano-app\node_modules\jsdom\lib\jsdom\living\generated\HTMLCanvasElement.js:131:58)
    at NoteHead.measureText 
(file:///C:/Users/denni/OneDrive/Documents/piano-app/node_modules/vexflow/build/esm/src/element.js:341:107)
    at NoteHead.get textMetrics [as textMetrics] 
(file:///C:/Users/denni/OneDrive/Documents/piano-app/node_modules/vexflow/build/esm/src/element.js:368:18)
    at NoteHead.getBoundingBox 
(file:///C:/Users/denni/OneDrive/Documents/piano-app/node_modules/vexflow/build/esm/src/element.js:187:82)
    at NoteHead.getBoundingBox 
(file:///C:/Users/denni/OneDrive/Documents/piano-app/node_modules/vexflow/build/esm/src/note.js:377:35)
    at file:///C:/Users/denni/OneDrive/Documents/piano-app/node_modules/vexflow/build/esm/src/stavenote.js:410:44
    at Array.forEach (<anonymous>)
    at StaveNote.getBoundingBox 
(file:///C:/Users/denni/OneDrive/Documents/piano-app/node_modules/vexflow/build/esm/src/stavenote.js:409:25) undefined
Element: No context for txtCanvas. Returning empty text metrics.
Error: Not implemented: HTMLCanvasElement.prototype.getContext (without installing the canvas npm package)
    at module.exports 
(C:\Users\denni\OneDrive\Documents\piano-app\node_modules\jsdom\lib\jsdom\browser\not-implemented.js:9:17)
    at HTMLCanvasElementImpl.getContext 
(C:\Users\denni\OneDrive\Documents\piano-app\node_modules\jsdom\lib\jsdom\living\nodes\HTMLCanvasElement-impl.js:42:5)
    at HTMLCanvasElement.getContext 
(C:\Users\denni\OneDrive\Documents\piano-app\node_modules\jsdom\lib\jsdom\living\generated\HTMLCanvasElement.js:131:58)
    at NoteHead.measureText 
(file:///C:/Users/denni/OneDrive/Documents/piano-app/node_modules/vexflow/build/esm/src/element.js:341:107)
    at NoteHead.get width [as width] 
(file:///C:/Users/denni/OneDrive/Documents/piano-app/node_modules/vexflow/build/esm/src/element.js:277:18)
    at NoteHead.getBoundingBox 
(file:///C:/Users/denni/OneDrive/Documents/piano-app/node_modules/vexflow/build/esm/src/element.js:187:124)
    at NoteHead.getBoundingBox 
(file:///C:/Users/denni/OneDrive/Documents/piano-app/node_modules/vexflow/build/esm/src/note.js:377:35)
    at file:///C:/Users/denni/OneDrive/Documents/piano-app/node_modules/vexflow/build/esm/src/stavenote.js:410:44
    at Array.forEach (<anonymous>)
    at StaveNote.getBoundingBox 
(file:///C:/Users/denni/OneDrive/Documents/piano-app/node_modules/vexflow/build/esm/src/stavenote.js:409:25) undefined
Element: No context for txtCanvas. Returning empty text metrics.
Error: Not implemented: HTMLCanvasElement.prototype.getContext (without installing the canvas npm package)
    at module.exports 
(C:\Users\denni\OneDrive\Documents\piano-app\node_modules\jsdom\lib\jsdom\browser\not-implemented.js:9:17)
    at HTMLCanvasElementImpl.getContext 
(C:\Users\denni\OneDrive\Documents\piano-app\node_modules\jsdom\lib\jsdom\living\nodes\HTMLCanvasElement-impl.js:42:5)
    at HTMLCanvasElement.getContext 
(C:\Users\denni\OneDrive\Documents\piano-app\node_modules\jsdom\lib\jsdom\living\generated\HTMLCanvasElement.js:131:58)
    at NoteHead.measureText 
(file:///C:/Users/denni/OneDrive/Documents/piano-app/node_modules/vexflow/build/esm/src/element.js:341:107)
    at NoteHead.get height [as height] 
(file:///C:/Users/denni/OneDrive/Documents/piano-app/node_modules/vexflow/build/esm/src/element.js:376:18)
    at NoteHead.getBoundingBox 
(file:///C:/Users/denni/OneDrive/Documents/piano-app/node_modules/vexflow/build/esm/src/element.js:187:136)
    at NoteHead.getBoundingBox 
(file:///C:/Users/denni/OneDrive/Documents/piano-app/node_modules/vexflow/build/esm/src/note.js:377:35)
    at file:///C:/Users/denni/OneDrive/Documents/piano-app/node_modules/vexflow/build/esm/src/stavenote.js:410:44
    at Array.forEach (<anonymous>)
    at StaveNote.getBoundingBox 
(file:///C:/Users/denni/OneDrive/Documents/piano-app/node_modules/vexflow/build/esm/src/stavenote.js:409:25) undefined
Element: No context for txtCanvas. Returning empty text metrics.
Error: Not implemented: HTMLCanvasElement.prototype.getContext (without installing the canvas npm package)
    at module.exports 
(C:\Users\denni\OneDrive\Documents\piano-app\node_modules\jsdom\lib\jsdom\browser\not-implemented.js:9:17)
    at HTMLCanvasElementImpl.getContext 
(C:\Users\denni\OneDrive\Documents\piano-app\node_modules\jsdom\lib\jsdom\living\nodes\HTMLCanvasElement-impl.js:42:5)
    at HTMLCanvasElement.getContext 
(C:\Users\denni\OneDrive\Documents\piano-app\node_modules\jsdom\lib\jsdom\living\generated\HTMLCanvasElement.js:131:58)
    at NoteHead.measureText 
(file:///C:/Users/denni/OneDrive/Documents/piano-app/node_modules/vexflow/build/esm/src/element.js:341:107)
    at NoteHead.get textMetrics [as textMetrics] 
(file:///C:/Users/denni/OneDrive/Documents/piano-app/node_modules/vexflow/build/esm/src/element.js:368:18)
    at NoteHead.getBoundingBox 
(file:///C:/Users/denni/OneDrive/Documents/piano-app/node_modules/vexflow/build/esm/src/element.js:187:82)
    at NoteHead.getBoundingBox 
(file:///C:/Users/denni/OneDrive/Documents/piano-app/node_modules/vexflow/build/esm/src/note.js:377:35)
    at file:///C:/Users/denni/OneDrive/Documents/piano-app/node_modules/vexflow/build/esm/src/stavenote.js:410:44
    at Array.forEach (<anonymous>)
    at StaveNote.getBoundingBox 
(file:///C:/Users/denni/OneDrive/Documents/piano-app/node_modules/vexflow/build/esm/src/stavenote.js:409:25) undefined
Element: No context for txtCanvas. Returning empty text metrics.
Error: Not implemented: HTMLCanvasElement.prototype.getContext (without installing the canvas npm package)
    at module.exports 
(C:\Users\denni\OneDrive\Documents\piano-app\node_modules\jsdom\lib\jsdom\browser\not-implemented.js:9:17)
    at HTMLCanvasElementImpl.getContext 
(C:\Users\denni\OneDrive\Documents\piano-app\node_modules\jsdom\lib\jsdom\living\nodes\HTMLCanvasElement-impl.js:42:5)
    at HTMLCanvasElement.getContext 
(C:\Users\denni\OneDrive\Documents\piano-app\node_modules\jsdom\lib\jsdom\living\generated\HTMLCanvasElement.js:131:58)
    at NoteHead.measureText 
(file:///C:/Users/denni/OneDrive/Documents/piano-app/node_modules/vexflow/build/esm/src/element.js:341:107)
    at NoteHead.get width [as width] 
(file:///C:/Users/denni/OneDrive/Documents/piano-app/node_modules/vexflow/build/esm/src/element.js:277:18)
    at NoteHead.getBoundingBox 
(file:///C:/Users/denni/OneDrive/Documents/piano-app/node_modules/vexflow/build/esm/src/element.js:187:124)
    at NoteHead.getBoundingBox 
(file:///C:/Users/denni/OneDrive/Documents/piano-app/node_modules/vexflow/build/esm/src/note.js:377:35)
    at file:///C:/Users/denni/OneDrive/Documents/piano-app/node_modules/vexflow/build/esm/src/stavenote.js:410:44
    at Array.forEach (<anonymous>)
    at StaveNote.getBoundingBox 
(file:///C:/Users/denni/OneDrive/Documents/piano-app/node_modules/vexflow/build/esm/src/stavenote.js:409:25) undefined
Element: No context for txtCanvas. Returning empty text metrics.
Error: Not implemented: HTMLCanvasElement.prototype.getContext (without installing the canvas npm package)
    at module.exports 
(C:\Users\denni\OneDrive\Documents\piano-app\node_modules\jsdom\lib\jsdom\browser\not-implemented.js:9:17)
    at HTMLCanvasElementImpl.getContext 
(C:\Users\denni\OneDrive\Documents\piano-app\node_modules\jsdom\lib\jsdom\living\nodes\HTMLCanvasElement-impl.js:42:5)
    at HTMLCanvasElement.getContext 
(C:\Users\denni\OneDrive\Documents\piano-app\node_modules\jsdom\lib\jsdom\living\generated\HTMLCanvasElement.js:131:58)
    at NoteHead.measureText 
(file:///C:/Users/denni/OneDrive/Documents/piano-app/node_modules/vexflow/build/esm/src/element.js:341:107)
    at NoteHead.get height [as height] 
(file:///C:/Users/denni/OneDrive/Documents/piano-app/node_modules/vexflow/build/esm/src/element.js:376:18)
    at NoteHead.getBoundingBox 
(file:///C:/Users/denni/OneDrive/Documents/piano-app/node_modules/vexflow/build/esm/src/element.js:187:136)
    at NoteHead.getBoundingBox 
(file:///C:/Users/denni/OneDrive/Documents/piano-app/node_modules/vexflow/build/esm/src/note.js:377:35)
    at file:///C:/Users/denni/OneDrive/Documents/piano-app/node_modules/vexflow/build/esm/src/stavenote.js:410:44
    at Array.forEach (<anonymous>)
    at StaveNote.getBoundingBox 
(file:///C:/Users/denni/OneDrive/Documents/piano-app/node_modules/vexflow/build/esm/src/stavenote.js:409:25) undefined
Element: No context for txtCanvas. Returning empty text metrics.
Error: Not implemented: HTMLCanvasElement.prototype.getContext (without installing the canvas npm package)
    at module.exports 
(C:\Users\denni\OneDrive\Documents\piano-app\node_modules\jsdom\lib\jsdom\browser\not-implemented.js:9:17)
    at HTMLCanvasElementImpl.getContext 
(C:\Users\denni\OneDrive\Documents\piano-app\node_modules\jsdom\lib\jsdom\living\nodes\HTMLCanvasElement-impl.js:42:5)
    at HTMLCanvasElement.getContext 
(C:\Users\denni\OneDrive\Documents\piano-app\node_modules\jsdom\lib\jsdom\living\generated\HTMLCanvasElement.js:131:58)
    at NoteHead.measureText 
(file:///C:/Users/denni/OneDrive/Documents/piano-app/node_modules/vexflow/build/esm/src/element.js:341:107)
    at NoteHead.get textMetrics [as textMetrics] 
(file:///C:/Users/denni/OneDrive/Documents/piano-app/node_modules/vexflow/build/esm/src/element.js:368:18)
stdout | src/test/i4v5-inversion-tracking.test.jsx > I-IV-V Inversion Tracking > should track inversions per chord type (I, IV, V), not per step
[App] ≡ƒÄ╣ MIDI MESSAGE RECEIVED: {
  eventType: 'noteOn',
  activeNotesList: [ 60, 64, 67 ],
  activeNotesCount: 3,
  event: { type: 'noteOn', note: 60, velocity: 64 },
  note: 60,
  velocity: 64
}
[App] Γ£à activeNotes state updated to: [ 60, 64, 67 ]
[music-theory] identifyChord called { activeNotes: [ 60, 64, 67 ], length: 3 }
[music-theory] identifyChord: pitch classes { activeNotes: [ 60, 64, 67 ], pitchClasses: [ 0, 4, 7 ] }
[music-theory] identifyChord: MATCH FOUND! {
  root: 'C',
  type: 'major',
  pitchClasses: [ 0, 4, 7 ],
  targetNotes: [ 'C', 'E', 'G' ]
}
[music-theory] identifyChord: inversion calculation { bassMidi: 60, bassNoteIndex: 0, rootIndex: 0, interval: 0 }
[music-theory] identifyChord: returning {
  root: 'C',
  type: 'major',
  name: 'C Major',
  inversion: 'Root Position'
}
[App] ≡ƒÄ╡ IMMEDIATE CHORD DETECTION: C Major Root Position
[App] getChordHighlights: target chord {
  name: 'C Major',
  inversion: '1st Inversion',
  inversionNumber: 1,
  midiNotes: [ 52, 55, 60, 64, 67, 72 ]
}
[useChordDetection] useEffect triggered { activeNotes: [ 60, 64, 67 ], length: 3 }
[music-theory] identifyAllChords called { activeNotes: [ 60, 64, 67 ], length: 3 }
[music-theory] identifyAllChords: pitch classes { activeNotes: [ 60, 64, 67 ], pitchClasses: [ 0, 4, 7 ] }
[music-theory] identifyAllChords: MATCH FOUND! {
  root: 'C',
  type: 'major',
  pitchClasses: [ 0, 4, 7 ],
  targetNotes: [ 'C', 'E', 'G' ]
}
[music-theory] identifyAllChords: inversion calculation { bassMidi: 60, bassNoteIndex: 0, rootIndex: 0, interval: 0 }
[music-theory] identifyAllChords: added match {
  root: 'C',
  type: 'major',
  name: 'C Major',
  inversion: 'Root Position'
}
[music-theory] identifyAllChords: found 1 matches
[useChordDetection] All chords detected: 1 C Major
[useChordDetection] Γ£à CHORDS DETECTED: {
  count: 1,
  chords: [
    {
      name: 'C Major',
      root: 'C',
      type: 'major',
      inversion: 'Root Position'
    }
  ],
  activeNotes: [ 60, 64, 67 ]
}
[useChordDetection] Potential chords found: 5
[useChordDetection] Filtered suggestions: 5
[App] ΓÜá∩╕Å No chord detected { activeNotes: [ 60, 64, 67 ], activeNotesLength: 3 }
[App] handleChordPractice called {
  activeNotes: [ 60, 64, 67 ],
  activeNotesLength: 3,
  progression: [
    { name: 'C Major', roman: 'I', inversion: '1st Inversion' },
    { name: 'C Major', roman: 'I', inversion: '2nd Inversion' },
    { name: 'C Major', roman: 'I', inversion: 'Root Position' },
    { name: 'C Major', roman: 'I', inversion: '2nd Inversion' },
    { name: 'C Major', roman: 'I', inversion: 'Root Position' },
    { name: 'C Major', roman: 'I', inversion: '1st Inversion' },
    { name: 'F Major', roman: 'IV', inversion: '1st Inversion' },
    { name: 'F Major', roman: 'IV', inversion: '2nd Inversion' },
    { name: 'F Major', roman: 'IV', inversion: 'Root Position' },
    { name: 'F Major', roman: 'IV', inversion: '2nd Inversion' },
    { name: 'F Major', roman: 'IV', inversion: 'Root Position' },
    { name: 'F Major', roman: 'IV', inversion: '1st Inversion' },
    { name: 'G Major', roman: 'V', inversion: '1st Inversion' },
    { name: 'G Major', roman: 'V', inversion: '2nd Inversion' },
    { name: 'G Major', roman: 'V', inversion: 'Root Position' },
    { name: 'G Major', roman: 'V', inversion: '2nd Inversion' },
    { name: 'G Major', roman: 'V', inversion: 'Root Position' },
    { name: 'G Major', roman: 'V', inversion: '1st Inversion' }
  ],
  progressionLength: 18,
  currentStepIndex: 0,
  mode: 'chord'
}
[music-theory] identifyChord called { activeNotes: [ 60, 64, 67 ], length: 3 }
[music-theory] identifyChord: pitch classes { activeNotes: [ 60, 64, 67 ], pitchClasses: [ 0, 4, 7 ] }
[music-theory] identifyChord: MATCH FOUND! {
  root: 'C',
  type: 'major',
  pitchClasses: [ 0, 4, 7 ],
  targetNotes: [ 'C', 'E', 'G' ]
}
[music-theory] identifyChord: inversion calculation { bassMidi: 60, bassNoteIndex: 0, rootIndex: 0, interval: 0 }
[music-theory] identifyChord: returning {
  root: 'C',
  type: 'major',
  name: 'C Major',
  inversion: 'Root Position'
}
[App] ≡ƒÄ╡ CHORD DETECTED IN handleChordPractice: C Major Root Position
[App] handleChordPractice: detected chord {
  root: 'C',
  type: 'major',
  name: 'C Major',
  inversion: 'Root Position'
}
[App] handleChordPractice: target chord { name: 'C Major', roman: 'I', inversion: '1st Inversion' }
[App] handleChordPractice: status message Target: C Major (I) | Playing: C Major (Root Position)
[music-theory] identifyChord called { activeNotes: [ 60, 64, 67 ], length: 3 }
[music-theory] identifyChord: pitch classes { activeNotes: [ 60, 64, 67 ], pitchClasses: [ 0, 4, 7 ] }
[music-theory] identifyChord: MATCH FOUND! {
  root: 'C',
  type: 'major',
  pitchClasses: [ 0, 4, 7 ],
  targetNotes: [ 'C', 'E', 'G' ]
}
[music-theory] identifyChord: inversion calculation { bassMidi: 60, bassNoteIndex: 0, rootIndex: 0, interval: 0 }
[music-theory] identifyChord: returning {
  root: 'C',
  type: 'major',
  name: 'C Major',
  inversion: 'Root Position'
}
[App] Chord validation: target chord { name: 'C Major', roman: 'I', inversion: '1st Inversion' }
[music-theory] identifyChord called { activeNotes: [ 60, 64, 67 ], length: 3 }
[music-theory] identifyChord: pitch classes { activeNotes: [ 60, 64, 67 ], pitchClasses: [ 0, 4, 7 ] }
[music-theory] identifyChord: MATCH FOUND! {
  root: 'C',
  type: 'major',
  pitchClasses: [ 0, 4, 7 ],
  targetNotes: [ 'C', 'E', 'G' ]
}
[music-theory] identifyChord: inversion calculation { bassMidi: 60, bassNoteIndex: 0, rootIndex: 0, interval: 0 }
[music-theory] identifyChord: returning {
  root: 'C',
  type: 'major',
  name: 'C Major',
  inversion: 'Root Position'
}
[App] Chord validation: detected chord {
  root: 'C',
  type: 'major',
  name: 'C Major',
  inversion: 'Root Position'
}
[App] Chord validation: comparison {
  targetChordName: 'C Major',
  targetInversion: '1st Inversion',
  detectedName: 'C Major',
  detectedInversion: 'Root Position',
  targetRootIdx: 0,
  detectedRootIdx: 0,
  match: false,
  correctChordWrongInversion: true
}
[App] Chord validation: tracked inversion (wrong target) Root Position for chord type I
[App] getChordHighlights: target chord {
  name: 'C Major',
  inversion: '1st Inversion',
  inversionNumber: 1,
  midiNotes: [ 52, 55, 60, 64, 67, 72 ]
}
[App] ≡ƒÄ╡≡ƒÄ╡≡ƒÄ╡ CHORD DETECTED AND AVAILABLE: {
  name: 'C Major',
  root: 'C',
  type: 'major',
  inversion: 'Root Position',
  activeNotes: [ 60, 64, 67 ]
}
[App] ≡ƒÄ╡ CHORD NAME: C Major (Root Position)
[App] Chord validation: target chord { name: 'C Major', roman: 'I', inversion: '1st Inversion' }
[music-theory] identifyChord called { activeNotes: [ 60, 64, 67 ], length: 3 }
[music-theory] identifyChord: pitch classes { activeNotes: [ 60, 64, 67 ], pitchClasses: [ 0, 4, 7 ] }
[music-theory] identifyChord: MATCH FOUND! {
  root: 'C',
  type: 'major',
  pitchClasses: [ 0, 4, 7 ],
  targetNotes: [ 'C', 'E', 'G' ]
}
[music-theory] identifyChord: inversion calculation { bassMidi: 60, bassNoteIndex: 0, rootIndex: 0, interval: 0 }
[music-theory] identifyChord: returning {
  root: 'C',
  type: 'major',
  name: 'C Major',
  inversion: 'Root Position'
}
[App] Chord validation: detected chord {
  root: 'C',
  type: 'major',
  name: 'C Major',
  inversion: 'Root Position'
}
[App] Chord validation: comparison {
  targetChordName: 'C Major',
  targetInversion: '1st Inversion',
  detectedName: 'C Major',
  detectedInversion: 'Root Position',
  targetRootIdx: 0,
  detectedRootIdx: 0,
  match: false,
  correctChordWrongInversion: true
}
[App] getChordHighlights: target chord {
  name: 'C Major',
  inversion: '1st Inversion',
  inversionNumber: 1,
  midiNotes: [ 52, 55, 60, 64, 67, 72 ]
}

    at NoteHead.getBoundingBox 
(file:///C:/Users/denni/OneDrive/Documents/piano-app/node_modules/vexflow/build/esm/src/element.js:187:82)
    at NoteHead.getBoundingBox 
(file:///C:/Users/denni/OneDrive/Documents/piano-app/node_modules/vexflow/build/esm/src/note.js:377:35)
    at file:///C:/Users/denni/OneDrive/Documents/piano-app/node_modules/vexflow/build/esm/src/stavenote.js:410:44
    at Array.forEach (<anonymous>)
    at StaveNote.getBoundingBox 
(file:///C:/Users/denni/OneDrive/Documents/piano-app/node_modules/vexflow/build/esm/src/stavenote.js:409:25) undefined
Element: No context for txtCanvas. Returning empty text metrics.
Error: Not implemented: HTMLCanvasElement.prototype.getContext (without installing the canvas npm package)
    at module.exports 
(C:\Users\denni\OneDrive\Documents\piano-app\node_modules\jsdom\lib\jsdom\browser\not-implemented.js:9:17)
    at HTMLCanvasElementImpl.getContext 
(C:\Users\denni\OneDrive\Documents\piano-app\node_modules\jsdom\lib\jsdom\living\nodes\HTMLCanvasElement-impl.js:42:5)
    at HTMLCanvasElement.getContext 
(C:\Users\denni\OneDrive\Documents\piano-app\node_modules\jsdom\lib\jsdom\living\generated\HTMLCanvasElement.js:131:58)
    at NoteHead.measureText 
(file:///C:/Users/denni/OneDrive/Documents/piano-app/node_modules/vexflow/build/esm/src/element.js:341:107)
    at NoteHead.get width [as width] 
(file:///C:/Users/denni/OneDrive/Documents/piano-app/node_modules/vexflow/build/esm/src/element.js:277:18)
    at NoteHead.getBoundingBox 
(file:///C:/Users/denni/OneDrive/Documents/piano-app/node_modules/vexflow/build/esm/src/element.js:187:124)
    at NoteHead.getBoundingBox 
(file:///C:/Users/denni/OneDrive/Documents/piano-app/node_modules/vexflow/build/esm/src/note.js:377:35)
    at file:///C:/Users/denni/OneDrive/Documents/piano-app/node_modules/vexflow/build/esm/src/stavenote.js:410:44
    at Array.forEach (<anonymous>)
    at StaveNote.getBoundingBox 
(file:///C:/Users/denni/OneDrive/Documents/piano-app/node_modules/vexflow/build/esm/src/stavenote.js:409:25) undefined
Element: No context for txtCanvas. Returning empty text metrics.
Error: Not implemented: HTMLCanvasElement.prototype.getContext (without installing the canvas npm package)
    at module.exports 
(C:\Users\denni\OneDrive\Documents\piano-app\node_modules\jsdom\lib\jsdom\browser\not-implemented.js:9:17)
    at HTMLCanvasElementImpl.getContext 
(C:\Users\denni\OneDrive\Documents\piano-app\node_modules\jsdom\lib\jsdom\living\nodes\HTMLCanvasElement-impl.js:42:5)
    at HTMLCanvasElement.getContext 
(C:\Users\denni\OneDrive\Documents\piano-app\node_modules\jsdom\lib\jsdom\living\generated\HTMLCanvasElement.js:131:58)
    at NoteHead.measureText 
(file:///C:/Users/denni/OneDrive/Documents/piano-app/node_modules/vexflow/build/esm/src/element.js:341:107)
    at NoteHead.get height [as height] 
(file:///C:/Users/denni/OneDrive/Documents/piano-app/node_modules/vexflow/build/esm/src/element.js:376:18)
    at NoteHead.getBoundingBox 
(file:///C:/Users/denni/OneDrive/Documents/piano-app/node_modules/vexflow/build/esm/src/element.js:187:136)
    at NoteHead.getBoundingBox 
(file:///C:/Users/denni/OneDrive/Documents/piano-app/node_modules/vexflow/build/esm/src/note.js:377:35)
    at file:///C:/Users/denni/OneDrive/Documents/piano-app/node_modules/vexflow/build/esm/src/stavenote.js:410:44
    at Array.forEach (<anonymous>)
    at StaveNote.getBoundingBox 
(file:///C:/Users/denni/OneDrive/Documents/piano-app/node_modules/vexflow/build/esm/src/stavenote.js:409:25) undefined
Element: No context for txtCanvas. Returning empty text metrics.

stderr | src/test/i4v5-inversion-tracking.test.jsx > I-IV-V Inversion Tracking > should track inversions per chord 
type (I, IV, V), not per step
<empty line>
stdout | src/test/i4v5-inversion-tracking.test.jsx > I-IV-V Inversion Tracking > should track inversions per chord type (I, IV, V), not per step
[App] ≡ƒÄ╣ MIDI MESSAGE RECEIVED: {
  eventType: 'noteOn',
  activeNotesList: [ 64, 67, 72 ],
  activeNotesCount: 3,
  event: { type: 'noteOn', note: 64, velocity: 64 },
  note: 64,
  velocity: 64
}
[App] Γ£à activeNotes state updated to: [ 64, 67, 72 ]
[music-theory] identifyChord called { activeNotes: [ 64, 67, 72 ], length: 3 }
[music-theory] identifyChord: pitch classes { activeNotes: [ 64, 67, 72 ], pitchClasses: [ 4, 7, 0 ] }
[music-theory] identifyChord: MATCH FOUND! {
  root: 'C',
  type: 'major',
  pitchClasses: [ 4, 7, 0 ],
  targetNotes: [ 'C', 'E', 'G' ]
}
[music-theory] identifyChord: inversion calculation { bassMidi: 64, bassNoteIndex: 4, rootIndex: 0, interval: 4 }
[music-theory] identifyChord: returning {
  root: 'C',
  type: 'major',
  name: 'C Major',
  inversion: '1st Inversion'
}
[App] ≡ƒÄ╡ IMMEDIATE CHORD DETECTION: C Major 1st Inversion
[App] getChordHighlights: target chord {
  name: 'C Major',
  inversion: '1st Inversion',
  inversionNumber: 1,
  midiNotes: [ 52, 55, 60, 64, 67, 72 ]
}
[useChordDetection] useEffect triggered { activeNotes: [ 64, 67, 72 ], length: 3 }
[music-theory] identifyAllChords called { activeNotes: [ 64, 67, 72 ], length: 3 }
[music-theory] identifyAllChords: pitch classes { activeNotes: [ 64, 67, 72 ], pitchClasses: [ 4, 7, 0 ] }
[music-theory] identifyAllChords: MATCH FOUND! {
  root: 'C',
  type: 'major',
  pitchClasses: [ 4, 7, 0 ],
  targetNotes: [ 'C', 'E', 'G' ]
}
[music-theory] identifyAllChords: inversion calculation { bassMidi: 64, bassNoteIndex: 4, rootIndex: 0, interval: 4 }
[music-theory] identifyAllChords: added match {
  root: 'C',
  type: 'major',
  name: 'C Major',
  inversion: '1st Inversion'
}
[music-theory] identifyAllChords: found 1 matches
[useChordDetection] All chords detected: 1 C Major
[useChordDetection] Γ£à CHORDS DETECTED: {
  count: 1,
  chords: [
    {
      name: 'C Major',
      root: 'C',
      type: 'major',
      inversion: '1st Inversion'
    }
  ],
  activeNotes: [ 64, 67, 72 ]
}
[useChordDetection] Potential chords found: 5
[useChordDetection] Filtered suggestions: 5
[App] ≡ƒÄ╡≡ƒÄ╡≡ƒÄ╡ CHORD DETECTED AND AVAILABLE: {
  name: 'C Major',
  root: 'C',
  type: 'major',
  inversion: 'Root Position',
  activeNotes: [ 64, 67, 72 ]
}
[App] ≡ƒÄ╡ CHORD NAME: C Major (Root Position)
[App] handleChordPractice called {
  activeNotes: [ 64, 67, 72 ],
  activeNotesLength: 3,
  progression: [
    { name: 'C Major', roman: 'I', inversion: '1st Inversion' },
    { name: 'C Major', roman: 'I', inversion: '2nd Inversion' },
    { name: 'C Major', roman: 'I', inversion: 'Root Position' },
    { name: 'C Major', roman: 'I', inversion: '2nd Inversion' },
    { name: 'C Major', roman: 'I', inversion: 'Root Position' },
    { name: 'C Major', roman: 'I', inversion: '1st Inversion' },
    { name: 'F Major', roman: 'IV', inversion: '1st Inversion' },
    { name: 'F Major', roman: 'IV', inversion: '2nd Inversion' },
    { name: 'F Major', roman: 'IV', inversion: 'Root Position' },
    { name: 'F Major', roman: 'IV', inversion: '2nd Inversion' },
    { name: 'F Major', roman: 'IV', inversion: 'Root Position' },
    { name: 'F Major', roman: 'IV', inversion: '1st Inversion' },
    { name: 'G Major', roman: 'V', inversion: '1st Inversion' },
    { name: 'G Major', roman: 'V', inversion: '2nd Inversion' },
    { name: 'G Major', roman: 'V', inversion: 'Root Position' },
    { name: 'G Major', roman: 'V', inversion: '2nd Inversion' },
    { name: 'G Major', roman: 'V', inversion: 'Root Position' },
    { name: 'G Major', roman: 'V', inversion: '1st Inversion' }
  ],
  progressionLength: 18,
  currentStepIndex: 0,
  mode: 'chord'
}
[music-theory] identifyChord called { activeNotes: [ 64, 67, 72 ], length: 3 }
[music-theory] identifyChord: pitch classes { activeNotes: [ 64, 67, 72 ], pitchClasses: [ 4, 7, 0 ] }
[music-theory] identifyChord: MATCH FOUND! {
  root: 'C',
  type: 'major',
  pitchClasses: [ 4, 7, 0 ],
  targetNotes: [ 'C', 'E', 'G' ]
}
[music-theory] identifyChord: inversion calculation { bassMidi: 64, bassNoteIndex: 4, rootIndex: 0, interval: 4 }
[music-theory] identifyChord: returning {
  root: 'C',
  type: 'major',
  name: 'C Major',
  inversion: '1st Inversion'
}
[App] ≡ƒÄ╡ CHORD DETECTED IN handleChordPractice: C Major 1st Inversion
[App] handleChordPractice: detected chord {
  root: 'C',
  type: 'major',
  name: 'C Major',
  inversion: '1st Inversion'
}
[App] handleChordPractice: target chord { name: 'C Major', roman: 'I', inversion: '1st Inversion' }
[App] handleChordPractice: status message Target: C Major (I) | Playing: C Major (1st Inversion)
[music-theory] identifyChord called { activeNotes: [ 64, 67, 72 ], length: 3 }
[music-theory] identifyChord: pitch classes { activeNotes: [ 64, 67, 72 ], pitchClasses: [ 4, 7, 0 ] }
[music-theory] identifyChord: MATCH FOUND! {
  root: 'C',
  type: 'major',
  pitchClasses: [ 4, 7, 0 ],
  targetNotes: [ 'C', 'E', 'G' ]
}
[music-theory] identifyChord: inversion calculation { bassMidi: 64, bassNoteIndex: 4, rootIndex: 0, interval: 4 }
[music-theory] identifyChord: returning {
  root: 'C',
  type: 'major',
  name: 'C Major',
  inversion: '1st Inversion'
}
[App] Chord validation: target chord { name: 'C Major', roman: 'I', inversion: '1st Inversion' }
[music-theory] identifyChord called { activeNotes: [ 64, 67, 72 ], length: 3 }
[music-theory] identifyChord: pitch classes { activeNotes: [ 64, 67, 72 ], pitchClasses: [ 4, 7, 0 ] }
[music-theory] identifyChord: MATCH FOUND! {
  root: 'C',
  type: 'major',
  pitchClasses: [ 4, 7, 0 ],
  targetNotes: [ 'C', 'E', 'G' ]
}
[music-theory] identifyChord: inversion calculation { bassMidi: 64, bassNoteIndex: 4, rootIndex: 0, interval: 4 }
[music-theory] identifyChord: returning {
  root: 'C',
  type: 'major',
  name: 'C Major',
  inversion: '1st Inversion'
}
[App] Chord validation: detected chord {
  root: 'C',
  type: 'major',
  name: 'C Major',
  inversion: '1st Inversion'
}
[App] Chord validation: comparison {
  targetChordName: 'C Major',
  targetInversion: '1st Inversion',
  detectedName: 'C Major',
  detectedInversion: '1st Inversion',
  targetRootIdx: 0,
  detectedRootIdx: 0,
  match: true,
  correctChordWrongInversion: false
}
[App] Chord validation: MATCH!
[App] Chord validation: tracked inversion 1st Inversion for chord type I
[App] All inversions for I : [ 'Root Position', '1st Inversion' ]
[App] Chord validation: inversion check {
  chordType: 'I',
  expectedInversions: [ 'Root Position', '1st Inversion', '2nd Inversion' ],
  playedInversions: [ 'Root Position', '1st Inversion' ],
  allInversionsPlayed: false,
  canAdvance: false
}
[App] getChordHighlights: target chord {
  name: 'C Major',
  inversion: '1st Inversion',
  inversionNumber: 1,
  midiNotes: [ 52, 55, 60, 64, 67, 72 ]
}
[App] ≡ƒÄ╡≡ƒÄ╡≡ƒÄ╡ CHORD DETECTED AND AVAILABLE: {
  name: 'C Major',
  root: 'C',
  type: 'major',
  inversion: '1st Inversion',
  activeNotes: [ 64, 67, 72 ]
}
[App] ≡ƒÄ╡ CHORD NAME: C Major (1st Inversion)
[App] Chord validation: target chord { name: 'C Major', roman: 'I', inversion: '1st Inversion' }
[music-theory] identifyChord called { activeNotes: [ 64, 67, 72 ], length: 3 }
[music-theory] identifyChord: pitch classes { activeNotes: [ 64, 67, 72 ], pitchClasses: [ 4, 7, 0 ] }
[music-theory] identifyChord: MATCH FOUND! {
  root: 'C',
  type: 'major',
  pitchClasses: [ 4, 7, 0 ],
  targetNotes: [ 'C', 'E', 'G' ]
}
[music-theory] identifyChord: inversion calculation { bassMidi: 64, bassNoteIndex: 4, rootIndex: 0, interval: 4 }
[music-theory] identifyChord: returning {
  root: 'C',
  type: 'major',
  name: 'C Major',
  inversion: '1st Inversion'
}
[App] Chord validation: detected chord {
  root: 'C',
  type: 'major',
  name: 'C Major',
  inversion: '1st Inversion'
}
[App] Chord validation: comparison {
  targetChordName: 'C Major',
  targetInversion: '1st Inversion',
  detectedName: 'C Major',
  detectedInversion: '1st Inversion',
  targetRootIdx: 0,
  detectedRootIdx: 0,
  match: true,
  correctChordWrongInversion: false
}
[App] Chord validation: MATCH!
[App] Chord validation: same inversion detected, not tracking again
[App] Chord validation: inversion check {
  chordType: 'I',
  expectedInversions: [ 'Root Position', '1st Inversion', '2nd Inversion' ],
  playedInversions: [ 'Root Position', '1st Inversion' ],
  allInversionsPlayed: false,
  canAdvance: false
}
[App] getChordHighlights: target chord {
  name: 'C Major',
  inversion: '1st Inversion',
  inversionNumber: 1,
  midiNotes: [ 52, 55, 60, 64, 67, 72 ]
}

stderr | src/test/i4v5-inversion-tracking.test.jsx > I-IV-V Inversion Tracking > should track inversions per chord 
type (I, IV, V), not per step
<empty line>
stdout | src/test/i4v5-inversion-tracking.test.jsx > I-IV-V Inversion Tracking > should track inversions per chord type (I, IV, V), not per step
[App] ≡ƒÄ╣ MIDI MESSAGE RECEIVED: {
  eventType: 'noteOn',
  activeNotesList: [ 67, 72, 76 ],
  activeNotesCount: 3,
  event: { type: 'noteOn', note: 67, velocity: 64 },
  note: 67,
  velocity: 64
}
[App] Γ£à activeNotes state updated to: [ 67, 72, 76 ]
[music-theory] identifyChord called { activeNotes: [ 67, 72, 76 ], length: 3 }
[music-theory] identifyChord: pitch classes { activeNotes: [ 67, 72, 76 ], pitchClasses: [ 7, 0, 4 ] }
[music-theory] identifyChord: MATCH FOUND! {
  root: 'C',
  type: 'major',
  pitchClasses: [ 7, 0, 4 ],
  targetNotes: [ 'C', 'E', 'G' ]
}
[music-theory] identifyChord: inversion calculation { bassMidi: 67, bassNoteIndex: 7, rootIndex: 0, interval: 7 }
[music-theory] identifyChord: returning {
  root: 'C',
  type: 'major',
  name: 'C Major',
  inversion: '2nd Inversion'
}
[App] ≡ƒÄ╡ IMMEDIATE CHORD DETECTION: C Major 2nd Inversion
[App] getChordHighlights: target chord {
  name: 'C Major',
  inversion: '1st Inversion',
  inversionNumber: 1,
  midiNotes: [ 52, 55, 60, 64, 67, 72 ]
}
[useChordDetection] useEffect triggered { activeNotes: [ 67, 72, 76 ], length: 3 }
[music-theory] identifyAllChords called { activeNotes: [ 67, 72, 76 ], length: 3 }
[music-theory] identifyAllChords: pitch classes { activeNotes: [ 67, 72, 76 ], pitchClasses: [ 7, 0, 4 ] }
[music-theory] identifyAllChords: MATCH FOUND! {
  root: 'C',
  type: 'major',
  pitchClasses: [ 7, 0, 4 ],
  targetNotes: [ 'C', 'E', 'G' ]
}
[music-theory] identifyAllChords: inversion calculation { bassMidi: 67, bassNoteIndex: 7, rootIndex: 0, interval: 7 }
[music-theory] identifyAllChords: added match {
  root: 'C',
  type: 'major',
  name: 'C Major',
  inversion: '2nd Inversion'
}
[music-theory] identifyAllChords: found 1 matches
[useChordDetection] All chords detected: 1 C Major
[useChordDetection] Γ£à CHORDS DETECTED: {
  count: 1,
  chords: [
    {
      name: 'C Major',
      root: 'C',
      type: 'major',
      inversion: '2nd Inversion'
    }
  ],
  activeNotes: [ 67, 72, 76 ]
}
[useChordDetection] Potential chords found: 5
[useChordDetection] Filtered suggestions: 5
[App] ≡ƒÄ╡≡ƒÄ╡≡ƒÄ╡ CHORD DETECTED AND AVAILABLE: {
  name: 'C Major',
  root: 'C',
  type: 'major',
  inversion: '1st Inversion',
  activeNotes: [ 67, 72, 76 ]
}
[App] ≡ƒÄ╡ CHORD NAME: C Major (1st Inversion)
[App] handleChordPractice called {
  activeNotes: [ 67, 72, 76 ],
  activeNotesLength: 3,
  progression: [
    { name: 'C Major', roman: 'I', inversion: '1st Inversion' },
    { name: 'C Major', roman: 'I', inversion: '2nd Inversion' },
    { name: 'C Major', roman: 'I', inversion: 'Root Position' },
    { name: 'C Major', roman: 'I', inversion: '2nd Inversion' },
    { name: 'C Major', roman: 'I', inversion: 'Root Position' },
    { name: 'C Major', roman: 'I', inversion: '1st Inversion' },
    { name: 'F Major', roman: 'IV', inversion: '1st Inversion' },
    { name: 'F Major', roman: 'IV', inversion: '2nd Inversion' },
    { name: 'F Major', roman: 'IV', inversion: 'Root Position' },
    { name: 'F Major', roman: 'IV', inversion: '2nd Inversion' },
    { name: 'F Major', roman: 'IV', inversion: 'Root Position' },
    { name: 'F Major', roman: 'IV', inversion: '1st Inversion' },
    { name: 'G Major', roman: 'V', inversion: '1st Inversion' },
    { name: 'G Major', roman: 'V', inversion: '2nd Inversion' },
    { name: 'G Major', roman: 'V', inversion: 'Root Position' },
    { name: 'G Major', roman: 'V', inversion: '2nd Inversion' },
    { name: 'G Major', roman: 'V', inversion: 'Root Position' },
    { name: 'G Major', roman: 'V', inversion: '1st Inversion' }
  ],
  progressionLength: 18,
  currentStepIndex: 0,
  mode: 'chord'
}
[music-theory] identifyChord called { activeNotes: [ 67, 72, 76 ], length: 3 }
[music-theory] identifyChord: pitch classes { activeNotes: [ 67, 72, 76 ], pitchClasses: [ 7, 0, 4 ] }
[music-theory] identifyChord: MATCH FOUND! {
  root: 'C',
  type: 'major',
  pitchClasses: [ 7, 0, 4 ],
  targetNotes: [ 'C', 'E', 'G' ]
}
[music-theory] identifyChord: inversion calculation { bassMidi: 67, bassNoteIndex: 7, rootIndex: 0, interval: 7 }
[music-theory] identifyChord: returning {
  root: 'C',
  type: 'major',
  name: 'C Major',
  inversion: '2nd Inversion'
}
[App] ≡ƒÄ╡ CHORD DETECTED IN handleChordPractice: C Major 2nd Inversion
[App] handleChordPractice: detected chord {
  root: 'C',
  type: 'major',
  name: 'C Major',
  inversion: '2nd Inversion'
}
[App] handleChordPractice: target chord { name: 'C Major', roman: 'I', inversion: '1st Inversion' }
[App] handleChordPractice: status message Target: C Major (I) | Playing: C Major (2nd Inversion)
[music-theory] identifyChord called { activeNotes: [ 67, 72, 76 ], length: 3 }
[music-theory] identifyChord: pitch classes { activeNotes: [ 67, 72, 76 ], pitchClasses: [ 7, 0, 4 ] }
[music-theory] identifyChord: MATCH FOUND! {
  root: 'C',
  type: 'major',
  pitchClasses: [ 7, 0, 4 ],
  targetNotes: [ 'C', 'E', 'G' ]
}
[music-theory] identifyChord: inversion calculation { bassMidi: 67, bassNoteIndex: 7, rootIndex: 0, interval: 7 }
[music-theory] identifyChord: returning {
  root: 'C',
  type: 'major',
  name: 'C Major',
  inversion: '2nd Inversion'
}
[App] Chord validation: target chord { name: 'C Major', roman: 'I', inversion: '1st Inversion' }
[music-theory] identifyChord called { activeNotes: [ 67, 72, 76 ], length: 3 }
[music-theory] identifyChord: pitch classes { activeNotes: [ 67, 72, 76 ], pitchClasses: [ 7, 0, 4 ] }
[music-theory] identifyChord: MATCH FOUND! {
  root: 'C',
  type: 'major',
  pitchClasses: [ 7, 0, 4 ],
  targetNotes: [ 'C', 'E', 'G' ]
}
[music-theory] identifyChord: inversion calculation { bassMidi: 67, bassNoteIndex: 7, rootIndex: 0, interval: 7 }
[music-theory] identifyChord: returning {
  root: 'C',
  type: 'major',
  name: 'C Major',
  inversion: '2nd Inversion'
}
[App] Chord validation: detected chord {
  root: 'C',
  type: 'major',
  name: 'C Major',
  inversion: '2nd Inversion'
}
[App] Chord validation: comparison {
  targetChordName: 'C Major',
  targetInversion: '1st Inversion',
  detectedName: 'C Major',
  detectedInversion: '2nd Inversion',
  targetRootIdx: 0,
  detectedRootIdx: 0,
  match: false,
  correctChordWrongInversion: true
}
[App] Chord validation: tracked inversion (wrong target) 2nd Inversion for chord type I
[App] getChordHighlights: target chord {
  name: 'C Major',
  inversion: '1st Inversion',
  inversionNumber: 1,
  midiNotes: [ 52, 55, 60, 64, 67, 72 ]
}
[App] ≡ƒÄ╡≡ƒÄ╡≡ƒÄ╡ CHORD DETECTED AND AVAILABLE: {
  name: 'C Major',
  root: 'C',
  type: 'major',
  inversion: '2nd Inversion',
  activeNotes: [ 67, 72, 76 ]
}
[App] ≡ƒÄ╡ CHORD NAME: C Major (2nd Inversion)
[App] Chord validation: target chord { name: 'C Major', roman: 'I', inversion: '1st Inversion' }
[music-theory] identifyChord called { activeNotes: [ 67, 72, 76 ], length: 3 }
[music-theory] identifyChord: pitch classes { activeNotes: [ 67, 72, 76 ], pitchClasses: [ 7, 0, 4 ] }
[music-theory] identifyChord: MATCH FOUND! {
  root: 'C',
  type: 'major',
  pitchClasses: [ 7, 0, 4 ],
  targetNotes: [ 'C', 'E', 'G' ]
}
[music-theory] identifyChord: inversion calculation { bassMidi: 67, bassNoteIndex: 7, rootIndex: 0, interval: 7 }
[music-theory] identifyChord: returning {
  root: 'C',
  type: 'major',
  name: 'C Major',
  inversion: '2nd Inversion'
}
[App] Chord validation: detected chord {
  root: 'C',
  type: 'major',
  name: 'C Major',
  inversion: '2nd Inversion'
}
[App] Chord validation: comparison {
  targetChordName: 'C Major',
  targetInversion: '1st Inversion',
  detectedName: 'C Major',
  detectedInversion: '2nd Inversion',
  targetRootIdx: 0,
  detectedRootIdx: 0,
  match: false,
  correctChordWrongInversion: true
}
[App] getChordHighlights: target chord {
  name: 'C Major',
  inversion: '1st Inversion',
  inversionNumber: 1,
  midiNotes: [ 52, 55, 60, 64, 67, 72 ]
}

stdout | src/test/i4v5-inversion-tracking.test.jsx > I-IV-V Inversion Tracking > should remember inversions played when moving between steps of same chord type
[useChordDetection] useEffect triggered { activeNotes: [], length: 0 }
[music-theory] identifyAllChords called { activeNotes: [], length: 0 }
[music-theory] identifyAllChords: insufficient notes { activeNotes: [], length: 0 }
[useChordDetection] All chords detected: 0 
[useChordDetection] Γ¥î NO CHORD DETECTED {
  activeNotes: [],
  activeNotesLength: 0,
  reason: 'Insufficient notes (need 3+)'
}
[useChordDetection] No suggestions (insufficient notes)
[App] ΓÜá∩╕Å No chord detected { activeNotes: [], activeNotesLength: 0 }
[App] Auto-enabled requireAllInversions for I-IV-V inversion exercise
[ProgressionBuilder] validateAndParse called { text: 'I IV V I', selectedRoot: 'C', selectedScaleType: 'major' }
[ProgressionBuilder] Validation successful: [
  { roman: 'I', name: 'C Major', type: 'roman' },
  { roman: 'IV', name: 'F Major', type: 'roman' },
  { roman: 'V', name: 'G Major', type: 'roman' },
  { roman: 'I', name: 'C Major', type: 'roman' }
]
[App] handleChordPractice called {
  activeNotes: [],
  activeNotesLength: 0,
  progression: [],
  progressionLength: 0,
  currentStepIndex: 0,
  mode: 'chord'
}
[music-theory] identifyChord called { activeNotes: [], length: 0 }
[music-theory] identifyChord: insufficient notes { activeNotes: [], length: 0 }
[App] Γ¥î NO CHORD in handleChordPractice { activeNotes: [], activeNotesLength: 0 }
[App] handleChordPractice: detected chord null
[App] handleChordPractice: no progression set
[App] handleChordPractice: idle, no progression
[App] getChordHighlights: target chord {
  name: 'C Major',
  inversion: '1st Inversion',
  inversionNumber: 1,
  midiNotes: [ 52, 55, 60, 64, 67, 72 ]
}
[App] handleChordPractice called {
  activeNotes: [],
  activeNotesLength: 0,
  progression: [
    { name: 'C Major', roman: 'I', inversion: '1st Inversion' },
    { name: 'C Major', roman: 'I', inversion: '2nd Inversion' },
    { name: 'C Major', roman: 'I', inversion: 'Root Position' },
    { name: 'C Major', roman: 'I', inversion: '2nd Inversion' },
    { name: 'C Major', roman: 'I', inversion: 'Root Position' },
    { name: 'C Major', roman: 'I', inversion: '1st Inversion' },
    { name: 'F Major', roman: 'IV', inversion: '1st Inversion' },
    { name: 'F Major', roman: 'IV', inversion: '2nd Inversion' },
    { name: 'F Major', roman: 'IV', inversion: 'Root Position' },
    { name: 'F Major', roman: 'IV', inversion: '2nd Inversion' },
    { name: 'F Major', roman: 'IV', inversion: 'Root Position' },
    { name: 'F Major', roman: 'IV', inversion: '1st Inversion' },
    { name: 'G Major', roman: 'V', inversion: '1st Inversion' },
    { name: 'G Major', roman: 'V', inversion: '2nd Inversion' },
    { name: 'G Major', roman: 'V', inversion: 'Root Position' },
    { name: 'G Major', roman: 'V', inversion: '2nd Inversion' },
    { name: 'G Major', roman: 'V', inversion: 'Root Position' },
    { name: 'G Major', roman: 'V', inversion: '1st Inversion' }
  ],
  progressionLength: 18,
  currentStepIndex: 0,
  mode: 'chord'
}
[music-theory] identifyChord called { activeNotes: [], length: 0 }
[music-theory] identifyChord: insufficient notes { activeNotes: [], length: 0 }
[App] Γ¥î NO CHORD in handleChordPractice { activeNotes: [], activeNotesLength: 0 }
[App] handleChordPractice: detected chord null
[App] handleChordPractice: target chord { name: 'C Major', roman: 'I', inversion: '1st Inversion' }
[App] handleChordPractice: status message (idle) Target: C Major (I)
[App] Chord type changed to I loaded inversions: []
[App] getChordHighlights: target chord {
  name: 'C Major',
  inversion: '1st Inversion',
  inversionNumber: 1,
  midiNotes: [ 52, 55, 60, 64, 67, 72 ]
}
[App] getChordHighlights: target chord {
  name: 'C Major',
  inversion: '1st Inversion',
  inversionNumber: 1,
  midiNotes: [ 52, 55, 60, 64, 67, 72 ]
}
[App] ≡ƒÄ╣ MIDI MESSAGE RECEIVED: {
  eventType: 'noteOn',
  activeNotesList: [ 60, 64, 67 ],
  activeNotesCount: 3,
  event: { type: 'noteOn', note: 60, velocity: 64 },
  note: 60,
  velocity: 64
}
[App] Γ£à activeNotes state updated to: [ 60, 64, 67 ]
[music-theory] identifyChord called { activeNotes: [ 60, 64, 67 ], length: 3 }
[music-theory] identifyChord: pitch classes { activeNotes: [ 60, 64, 67 ], pitchClasses: [ 0, 4, 7 ] }
[music-theory] identifyChord: MATCH FOUND! {
  root: 'C',
  type: 'major',
  pitchClasses: [ 0, 4, 7 ],
  targetNotes: [ 'C', 'E', 'G' ]
}
[music-theory] identifyChord: inversion calculation { bassMidi: 60, bassNoteIndex: 0, rootIndex: 0, interval: 0 }
[music-theory] identifyChord: returning {
  root: 'C',
  type: 'major',
  name: 'C Major',
  inversion: 'Root Position'
}
[App] ≡ƒÄ╡ IMMEDIATE CHORD DETECTION: C Major Root Position
[App] getChordHighlights: target chord {
  name: 'C Major',
  inversion: '1st Inversion',
  inversionNumber: 1,
  midiNotes: [ 52, 55, 60, 64, 67, 72 ]
}
[useChordDetection] useEffect triggered { activeNotes: [ 60, 64, 67 ], length: 3 }
[music-theory] identifyAllChords called { activeNotes: [ 60, 64, 67 ], length: 3 }
[music-theory] identifyAllChords: pitch classes { activeNotes: [ 60, 64, 67 ], pitchClasses: [ 0, 4, 7 ] }
[music-theory] identifyAllChords: MATCH FOUND! {
  root: 'C',
  type: 'major',
  pitchClasses: [ 0, 4, 7 ],
  targetNotes: [ 'C', 'E', 'G' ]
}
[music-theory] identifyAllChords: inversion calculation { bassMidi: 60, bassNoteIndex: 0, rootIndex: 0, interval: 0 }
[music-theory] identifyAllChords: added match {
  root: 'C',
  type: 'major',
  name: 'C Major',
  inversion: 'Root Position'
}
[music-theory] identifyAllChords: found 1 matches
[useChordDetection] All chords detected: 1 C Major
[useChordDetection] Γ£à CHORDS DETECTED: {
  count: 1,
  chords: [
    {
      name: 'C Major',
      root: 'C',
      type: 'major',
      inversion: 'Root Position'
    }
  ],
  activeNotes: [ 60, 64, 67 ]
}
[useChordDetection] Potential chords found: 5
[useChordDetection] Filtered suggestions: 5
[App] ΓÜá∩╕Å No chord detected { activeNotes: [ 60, 64, 67 ], activeNotesLength: 3 }
[App] handleChordPractice called {
  activeNotes: [ 60, 64, 67 ],
  activeNotesLength: 3,
  progression: [
    { name: 'C Major', roman: 'I', inversion: '1st Inversion' },
    { name: 'C Major', roman: 'I', inversion: '2nd Inversion' },
    { name: 'C Major', roman: 'I', inversion: 'Root Position' },
    { name: 'C Major', roman: 'I', inversion: '2nd Inversion' },
    { name: 'C Major', roman: 'I', inversion: 'Root Position' },
    { name: 'C Major', roman: 'I', inversion: '1st Inversion' },
    { name: 'F Major', roman: 'IV', inversion: '1st Inversion' },
    { name: 'F Major', roman: 'IV', inversion: '2nd Inversion' },
    { name: 'F Major', roman: 'IV', inversion: 'Root Position' },
    { name: 'F Major', roman: 'IV', inversion: '2nd Inversion' },
    { name: 'F Major', roman: 'IV', inversion: 'Root Position' },
    { name: 'F Major', roman: 'IV', inversion: '1st Inversion' },
    { name: 'G Major', roman: 'V', inversion: '1st Inversion' },
    { name: 'G Major', roman: 'V', inversion: '2nd Inversion' },
    { name: 'G Major', roman: 'V', inversion: 'Root Position' },
    { name: 'G Major', roman: 'V', inversion: '2nd Inversion' },
    { name: 'G Major', roman: 'V', inversion: 'Root Position' },
    { name: 'G Major', roman: 'V', inversion: '1st Inversion' }
  ],
  progressionLength: 18,
  currentStepIndex: 0,
  mode: 'chord'
}
[music-theory] identifyChord called { activeNotes: [ 60, 64, 67 ], length: 3 }
[music-theory] identifyChord: pitch classes { activeNotes: [ 60, 64, 67 ], pitchClasses: [ 0, 4, 7 ] }
[music-theory] identifyChord: MATCH FOUND! {
  root: 'C',
  type: 'major',
  pitchClasses: [ 0, 4, 7 ],
  targetNotes: [ 'C', 'E', 'G' ]
}
[music-theory] identifyChord: inversion calculation { bassMidi: 60, bassNoteIndex: 0, rootIndex: 0, interval: 0 }
[music-theory] identifyChord: returning {
  root: 'C',
  type: 'major',
  name: 'C Major',
  inversion: 'Root Position'
}
[App] ≡ƒÄ╡ CHORD DETECTED IN handleChordPractice: C Major Root Position
[App] handleChordPractice: detected chord {
  root: 'C',
  type: 'major',
  name: 'C Major',
  inversion: 'Root Position'
}
[App] handleChordPractice: target chord { name: 'C Major', roman: 'I', inversion: '1st Inversion' }
[App] handleChordPractice: status message Target: C Major (I) | Playing: C Major (Root Position)
[music-theory] identifyChord called { activeNotes: [ 60, 64, 67 ], length: 3 }
[music-theory] identifyChord: pitch classes { activeNotes: [ 60, 64, 67 ], pitchClasses: [ 0, 4, 7 ] }
[music-theory] identifyChord: MATCH FOUND! {
  root: 'C',
  type: 'major',
  pitchClasses: [ 0, 4, 7 ],
  targetNotes: [ 'C', 'E', 'G' ]
}
[music-theory] identifyChord: inversion calculation { bassMidi: 60, bassNoteIndex: 0, rootIndex: 0, interval: 0 }
[music-theory] identifyChord: returning {
  root: 'C',
  type: 'major',
  name: 'C Major',
  inversion: 'Root Position'
}
[App] Chord validation: target chord { name: 'C Major', roman: 'I', inversion: '1st Inversion' }
[music-theory] identifyChord called { activeNotes: [ 60, 64, 67 ], length: 3 }
[music-theory] identifyChord: pitch classes { activeNotes: [ 60, 64, 67 ], pitchClasses: [ 0, 4, 7 ] }
[music-theory] identifyChord: MATCH FOUND! {
  root: 'C',
  type: 'major',
  pitchClasses: [ 0, 4, 7 ],
  targetNotes: [ 'C', 'E', 'G' ]
}
[music-theory] identifyChord: inversion calculation { bassMidi: 60, bassNoteIndex: 0, rootIndex: 0, interval: 0 }
[music-theory] identifyChord: returning {
  root: 'C',
  type: 'major',
  name: 'C Major',
  inversion: 'Root Position'
}
[App] Chord validation: detected chord {
  root: 'C',
  type: 'major',
  name: 'C Major',
  inversion: 'Root Position'
}
[App] Chord validation: comparison {
  targetChordName: 'C Major',
  targetInversion: '1st Inversion',
  detectedName: 'C Major',
  detectedInversion: 'Root Position',
  targetRootIdx: 0,
  detectedRootIdx: 0,
  match: false,
  correctChordWrongInversion: true
}
[App] Chord validation: tracked inversion (wrong target) Root Position for chord type I
[App] getChordHighlights: target chord {
  name: 'C Major',
  inversion: '1st Inversion',
  inversionNumber: 1,
  midiNotes: [ 52, 55, 60, 64, 67, 72 ]
}
[App] ≡ƒÄ╡≡ƒÄ╡≡ƒÄ╡ CHORD DETECTED AND AVAILABLE: {
  name: 'C Major',
  root: 'C',
  type: 'major',
  inversion: 'Root Position',
  activeNotes: [ 60, 64, 67 ]
}
[App] ≡ƒÄ╡ CHORD NAME: C Major (Root Position)
[App] Chord validation: target chord { name: 'C Major', roman: 'I', inversion: '1st Inversion' }
[music-theory] identifyChord called { activeNotes: [ 60, 64, 67 ], length: 3 }
[music-theory] identifyChord: pitch classes { activeNotes: [ 60, 64, 67 ], pitchClasses: [ 0, 4, 7 ] }
[music-theory] identifyChord: MATCH FOUND! {
  root: 'C',
  type: 'major',
  pitchClasses: [ 0, 4, 7 ],
  targetNotes: [ 'C', 'E', 'G' ]
}
[music-theory] identifyChord: inversion calculation { bassMidi: 60, bassNoteIndex: 0, rootIndex: 0, interval: 0 }
[music-theory] identifyChord: returning {
  root: 'C',
  type: 'major',
  name: 'C Major',
  inversion: 'Root Position'
}
[App] Chord validation: detected chord {
  root: 'C',
  type: 'major',
  name: 'C Major',
  inversion: 'Root Position'
}
[App] Chord validation: comparison {
  targetChordName: 'C Major',
  targetInversion: '1st Inversion',
  detectedName: 'C Major',
  detectedInversion: 'Root Position',
  targetRootIdx: 0,
  detectedRootIdx: 0,
  match: false,
  correctChordWrongInversion: true
}
[App] getChordHighlights: target chord {
  name: 'C Major',
  inversion: '1st Inversion',
  inversionNumber: 1,
  midiNotes: [ 52, 55, 60, 64, 67, 72 ]
}

stderr | src/test/i4v5-inversion-tracking.test.jsx > I-IV-V Inversion Tracking > should remember inversions played 
when moving between steps of same chord type
Error: Not implemented: HTMLCanvasElement.prototype.getContext (without installing the canvas npm package)
    at module.exports 
(C:\Users\denni\OneDrive\Documents\piano-app\node_modules\jsdom\lib\jsdom\browser\not-implemented.js:9:17)
    at HTMLCanvasElementImpl.getContext 
(C:\Users\denni\OneDrive\Documents\piano-app\node_modules\jsdom\lib\jsdom\living\nodes\HTMLCanvasElement-impl.js:42:5)
    at HTMLCanvasElement.getContext 
(C:\Users\denni\OneDrive\Documents\piano-app\node_modules\jsdom\lib\jsdom\living\generated\HTMLCanvasElement.js:131:58)
    at StaveNote.measureText 
(file:///C:/Users/denni/OneDrive/Documents/piano-app/node_modules/vexflow/build/esm/src/element.js:341:107)
    at StaveNote.set width [as width] 
(file:///C:/Users/denni/OneDrive/Documents/piano-app/node_modules/vexflow/build/esm/src/element.js:286:18)
    at new Note (file:///C:/Users/denni/OneDrive/Documents/piano-app/node_modules/vexflow/build/esm/src/note.js:145:20)
    at new StemmableNote 
(file:///C:/Users/denni/OneDrive/Documents/piano-app/node_modules/vexflow/build/esm/src/stemmablenote.js:12:9)
    at new StaveNote 
(file:///C:/Users/denni/OneDrive/Documents/piano-app/node_modules/vexflow/build/esm/src/stavenote.js:252:9)
    at Factory.StaveNote 
(file:///C:/Users/denni/OneDrive/Documents/piano-app/node_modules/vexflow/build/esm/src/factory.js:131:22)
    at Builder.commitPiece 
(file:///C:/Users/denni/OneDrive/Documents/piano-app/node_modules/vexflow/build/esm/src/easyscore.js:280:23) undefined
Element: No context for txtCanvas. Returning empty text metrics.
Error: Not implemented: HTMLCanvasElement.prototype.getContext (without installing the canvas npm package)
    at module.exports 
(C:\Users\denni\OneDrive\Documents\piano-app\node_modules\jsdom\lib\jsdom\browser\not-implemented.js:9:17)
    at HTMLCanvasElementImpl.getContext 
(C:\Users\denni\OneDrive\Documents\piano-app\node_modules\jsdom\lib\jsdom\living\nodes\HTMLCanvasElement-impl.js:42:5)
    at HTMLCanvasElement.getContext 
(C:\Users\denni\OneDrive\Documents\piano-app\node_modules\jsdom\lib\jsdom\living\generated\HTMLCanvasElement.js:131:58)
    at NoteHead.measureText 
(file:///C:/Users/denni/OneDrive/Documents/piano-app/node_modules/vexflow/build/esm/src/element.js:341:107)
    at NoteHead.set width [as width] 
(file:///C:/Users/denni/OneDrive/Documents/piano-app/node_modules/vexflow/build/esm/src/element.js:286:18)
    at new Note (file:///C:/Users/denni/OneDrive/Documents/piano-app/node_modules/vexflow/build/esm/src/note.js:145:20)
    at new NoteHead 
(file:///C:/Users/denni/OneDrive/Documents/piano-app/node_modules/vexflow/build/esm/src/notehead.js:14:9)
    at StaveNote.buildNoteHeads 
(file:///C:/Users/denni/OneDrive/Documents/piano-app/node_modules/vexflow/build/esm/src/stavenote.js:343:30)
    at StaveNote.reset 
(file:///C:/Users/denni/OneDrive/Documents/piano-app/node_modules/vexflow/build/esm/src/stavenote.js:281:14)
    at StaveNote.setStemDirection 
(file:///C:/Users/denni/OneDrive/Documents/piano-app/node_modules/vexflow/build/esm/src/stemmablenote.js:100:14) 
undefined
Element: No context for txtCanvas. Returning empty text metrics.
Error: Not implemented: HTMLCanvasElement.prototype.getContext (without installing the canvas npm package)
    at module.exports 
(C:\Users\denni\OneDrive\Documents\piano-app\node_modules\jsdom\lib\jsdom\browser\not-implemented.js:9:17)
    at HTMLCanvasElementImpl.getContext 
(C:\Users\denni\OneDrive\Documents\piano-app\node_modules\jsdom\lib\jsdom\living\nodes\HTMLCanvasElement-impl.js:42:5)
    at HTMLCanvasElement.getContext 
(C:\Users\denni\OneDrive\Documents\piano-app\node_modules\jsdom\lib\jsdom\living\generated\HTMLCanvasElement.js:131:58)
    at NoteHead.measureText 
(file:///C:/Users/denni/OneDrive/Documents/piano-app/node_modules/vexflow/build/esm/src/element.js:341:107)
    at NoteHead.set width [as width] 
(file:///C:/Users/denni/OneDrive/Documents/piano-app/node_modules/vexflow/build/esm/src/element.js:286:18)
    at new Note (file:///C:/Users/denni/OneDrive/Documents/piano-app/node_modules/vexflow/build/esm/src/note.js:145:20)
    at new NoteHead 
(file:///C:/Users/denni/OneDrive/Documents/piano-app/node_modules/vexflow/build/esm/src/notehead.js:14:9)
    at StaveNote.buildNoteHeads 
(file:///C:/Users/denni/OneDrive/Documents/piano-app/node_modules/vexflow/build/esm/src/stavenote.js:343:30)
    at StaveNote.reset 
(file:///C:/Users/denni/OneDrive/Documents/piano-app/node_modules/vexflow/build/esm/src/stavenote.js:281:14)
    at StaveNote.setStemDirection 
(file:///C:/Users/denni/OneDrive/Documents/piano-app/node_modules/vexflow/build/esm/src/stemmablenote.js:100:14) 
undefined
Element: No context for txtCanvas. Returning empty text metrics.
Error: Not implemented: HTMLCanvasElement.prototype.getContext (without installing the canvas npm package)
    at module.exports 
(C:\Users\denni\OneDrive\Documents\piano-app\node_modules\jsdom\lib\jsdom\browser\not-implemented.js:9:17)
    at HTMLCanvasElementImpl.getContext 
(C:\Users\denni\OneDrive\Documents\piano-app\node_modules\jsdom\lib\jsdom\living\nodes\HTMLCanvasElement-impl.js:42:5)
    at HTMLCanvasElement.getContext 
(C:\Users\denni\OneDrive\Documents\piano-app\node_modules\jsdom\lib\jsdom\living\generated\HTMLCanvasElement.js:131:58)
    at NoteHead.measureText 
(file:///C:/Users/denni/OneDrive/Documents/piano-app/node_modules/vexflow/build/esm/src/element.js:341:107)
    at NoteHead.set width [as width] 
(file:///C:/Users/denni/OneDrive/Documents/piano-app/node_modules/vexflow/build/esm/src/element.js:286:18)
    at new Note (file:///C:/Users/denni/OneDrive/Documents/piano-app/node_modules/vexflow/build/esm/src/note.js:145:20)
    at new NoteHead 
(file:///C:/Users/denni/OneDrive/Documents/piano-app/node_modules/vexflow/build/esm/src/notehead.js:14:9)
    at StaveNote.buildNoteHeads 
(file:///C:/Users/denni/OneDrive/Documents/piano-app/node_modules/vexflow/build/esm/src/stavenote.js:343:30)
    at StaveNote.reset 
(file:///C:/Users/denni/OneDrive/Documents/piano-app/node_modules/vexflow/build/esm/src/stavenote.js:281:14)
    at StaveNote.setStemDirection 
(file:///C:/Users/denni/OneDrive/Documents/piano-app/node_modules/vexflow/build/esm/src/stemmablenote.js:100:14) 
undefined
Element: No context for txtCanvas. Returning empty text metrics.
Error: Not implemented: HTMLCanvasElement.prototype.getContext (without installing the canvas npm package)
    at module.exports 
(C:\Users\denni\OneDrive\Documents\piano-app\node_modules\jsdom\lib\jsdom\browser\not-implemented.js:9:17)
    at HTMLCanvasElementImpl.getContext 
(C:\Users\denni\OneDrive\Documents\piano-app\node_modules\jsdom\lib\jsdom\living\nodes\HTMLCanvasElement-impl.js:42:5)
    at HTMLCanvasElement.getContext 
(C:\Users\denni\OneDrive\Documents\piano-app\node_modules\jsdom\lib\jsdom\living\generated\HTMLCanvasElement.js:131:58)
    at Flag.measureText 
(file:///C:/Users/denni/OneDrive/Documents/piano-app/node_modules/vexflow/build/esm/src/element.js:341:107)
    at Flag.get height [as height] 
(file:///C:/Users/denni/OneDrive/Documents/piano-app/node_modules/vexflow/build/esm/src/element.js:376:18)
    at Flag.getHeight 
(file:///C:/Users/denni/OneDrive/Documents/piano-app/node_modules/vexflow/build/esm/src/element.js:372:21)
    at StaveNote.getStemExtension 
(file:///C:/Users/denni/OneDrive/Documents/piano-app/node_modules/vexflow/build/esm/src/stemmablenote.js:125:38)
    at StaveNote.getStemExtension 
(file:///C:/Users/denni/OneDrive/Documents/piano-app/node_modules/vexflow/build/esm/src/stavenote.js:784:42)
    at StaveNote.setStemDirection 
(file:///C:/Users/denni/OneDrive/Documents/piano-app/node_modules/vexflow/build/esm/src/stemmablenote.js:107:41)
    at new StaveNote 
(file:///C:/Users/denni/OneDrive/Documents/piano-app/node_modules/vexflow/build/esm/src/stavenote.js:273:18) undefined
Element: No context for txtCanvas. Returning empty text metrics.
Error: Not implemented: HTMLCanvasElement.prototype.getContext (without installing the canvas npm package)
    at module.exports 
(C:\Users\denni\OneDrive\Documents\piano-app\node_modules\jsdom\lib\jsdom\browser\not-implemented.js:9:17)
    at HTMLCanvasElementImpl.getContext 
(C:\Users\denni\OneDrive\Documents\piano-app\node_modules\jsdom\lib\jsdom\living\nodes\HTMLCanvasElement-impl.js:42:5)
    at HTMLCanvasElement.getContext 
(C:\Users\denni\OneDrive\Documents\piano-app\node_modules\jsdom\lib\jsdom\living\generated\HTMLCanvasElement.js:131:58)
    at NoteHead.measureText 
(file:///C:/Users/denni/OneDrive/Documents/piano-app/node_modules/vexflow/build/esm/src/element.js:341:107)
    at NoteHead.set width [as width] 
(file:///C:/Users/denni/OneDrive/Documents/piano-app/node_modules/vexflow/build/esm/src/element.js:286:18)
    at new Note (file:///C:/Users/denni/OneDrive/Documents/piano-app/node_modules/vexflow/build/esm/src/note.js:145:20)
    at new NoteHead 
(file:///C:/Users/denni/OneDrive/Documents/piano-app/node_modules/vexflow/build/esm/src/notehead.js:14:9)
    at StaveNote.buildNoteHeads 
(file:///C:/Users/denni/OneDrive/Documents/piano-app/node_modules/vexflow/build/esm/src/stavenote.js:343:30)
    at StaveNote.reset 
(file:///C:/Users/denni/OneDrive/Documents/piano-app/node_modules/vexflow/build/esm/src/stavenote.js:281:14)
    at new StaveNote 
(file:///C:/Users/denni/OneDrive/Documents/piano-app/node_modules/vexflow/build/esm/src/stavenote.js:275:14) undefined
Element: No context for txtCanvas. Returning empty text metrics.
Error: Not implemented: HTMLCanvasElement.prototype.getContext (without installing the canvas npm package)
    at module.exports 
(C:\Users\denni\OneDrive\Documents\piano-app\node_modules\jsdom\lib\jsdom\browser\not-implemented.js:9:17)
    at HTMLCanvasElementImpl.getContext 
(C:\Users\denni\OneDrive\Documents\piano-app\node_modules\jsdom\lib\jsdom\living\nodes\HTMLCanvasElement-impl.js:42:5)
    at HTMLCanvasElement.getContext 
(C:\Users\denni\OneDrive\Documents\piano-app\node_modules\jsdom\lib\jsdom\living\generated\HTMLCanvasElement.js:131:58)
    at NoteHead.measureText 
(file:///C:/Users/denni/OneDrive/Documents/piano-app/node_modules/vexflow/build/esm/src/element.js:341:107)
    at NoteHead.set width [as width] 
(file:///C:/Users/denni/OneDrive/Documents/piano-app/node_modules/vexflow/build/esm/src/element.js:286:18)
    at new Note (file:///C:/Users/denni/OneDrive/Documents/piano-app/node_modules/vexflow/build/esm/src/note.js:145:20)
    at new NoteHead 
(file:///C:/Users/denni/OneDrive/Documents/piano-app/node_modules/vexflow/build/esm/src/notehead.js:14:9)
    at StaveNote.buildNoteHeads 
(file:///C:/Users/denni/OneDrive/Documents/piano-app/node_modules/vexflow/build/esm/src/stavenote.js:343:30)
    at StaveNote.reset 
(file:///C:/Users/denni/OneDrive/Documents/piano-app/node_modules/vexflow/build/esm/src/stavenote.js:281:14)
    at new StaveNote 
(file:///C:/Users/denni/OneDrive/Documents/piano-app/node_modules/vexflow/build/esm/src/stavenote.js:275:14) undefined
Element: No context for txtCanvas. Returning empty text metrics.
Error: Not implemented: HTMLCanvasElement.prototype.getContext (without installing the canvas npm package)
    at module.exports 
(C:\Users\denni\OneDrive\Documents\piano-app\node_modules\jsdom\lib\jsdom\browser\not-implemented.js:9:17)
    at HTMLCanvasElementImpl.getContext 
(C:\Users\denni\OneDrive\Documents\piano-app\node_modules\jsdom\lib\jsdom\living\nodes\HTMLCanvasElement-impl.js:42:5)
    at HTMLCanvasElement.getContext 
(C:\Users\denni\OneDrive\Documents\piano-app\node_modules\jsdom\lib\jsdom\living\generated\HTMLCanvasElement.js:131:58)
    at NoteHead.measureText 
(file:///C:/Users/denni/OneDrive/Documents/piano-app/node_modules/vexflow/build/esm/src/element.js:341:107)
    at NoteHead.set width [as width] 
(file:///C:/Users/denni/OneDrive/Documents/piano-app/node_modules/vexflow/build/esm/src/element.js:286:18)
    at new Note (file:///C:/Users/denni/OneDrive/Documents/piano-app/node_modules/vexflow/build/esm/src/note.js:145:20)
    at new NoteHead 
(file:///C:/Users/denni/OneDrive/Documents/piano-app/node_modules/vexflow/build/esm/src/notehead.js:14:9)
    at StaveNote.buildNoteHeads 
(file:///C:/Users/denni/OneDrive/Documents/piano-app/node_modules/vexflow/build/esm/src/stavenote.js:343:30)
    at StaveNote.reset 
(file:///C:/Users/denni/OneDrive/Documents/piano-app/node_modules/vexflow/build/esm/src/stavenote.js:281:14)
    at new StaveNote 
(file:///C:/Users/denni/OneDrive/Documents/piano-app/node_modules/vexflow/build/esm/src/stavenote.js:275:14) undefined
Element: No context for txtCanvas. Returning empty text metrics.
Error: Not implemented: HTMLCanvasElement.prototype.getContext (without installing the canvas npm package)
    at module.exports 
(C:\Users\denni\OneDrive\Documents\piano-app\node_modules\jsdom\lib\jsdom\browser\not-implemented.js:9:17)
    at HTMLCanvasElementImpl.getContext 
(C:\Users\denni\OneDrive\Documents\piano-app\node_modules\jsdom\lib\jsdom\living\nodes\HTMLCanvasElement-impl.js:42:5)
    at HTMLCanvasElement.getContext 
(C:\Users\denni\OneDrive\Documents\piano-app\node_modules\jsdom\lib\jsdom\living\generated\HTMLCanvasElement.js:131:58)
    at NoteHead.measureText 
(file:///C:/Users/denni/OneDrive/Documents/piano-app/node_modules/vexflow/build/esm/src/element.js:341:107)
    at NoteHead.set width [as width] 
(file:///C:/Users/denni/OneDrive/Documents/piano-app/node_modules/vexflow/build/esm/src/element.js:286:18)
    at new Note (file:///C:/Users/denni/OneDrive/Documents/piano-app/node_modules/vexflow/build/esm/src/note.js:145:20)
    at new NoteHead 
(file:///C:/Users/denni/OneDrive/Documents/piano-app/node_modules/vexflow/build/esm/src/notehead.js:14:9)
    at StaveNote.buildNoteHeads 
(file:///C:/Users/denni/OneDrive/Documents/piano-app/node_modules/vexflow/build/esm/src/stavenote.js:343:30)
    at StaveNote.reset 
(file:///C:/Users/denni/OneDrive/Documents/piano-app/node_modules/vexflow/build/esm/src/stavenote.js:281:14)
    at StaveNote.setStemDirection 
(file:///C:/Users/denni/OneDrive/Documents/piano-app/node_modules/vexflow/build/esm/src/stemmablenote.js:100:14) 
undefined
Element: No context for txtCanvas. Returning empty text metrics.
Error: Not implemented: HTMLCanvasElement.prototype.getContext (without installing the canvas npm package)
    at module.exports 
(C:\Users\denni\OneDrive\Documents\piano-app\node_modules\jsdom\lib\jsdom\browser\not-implemented.js:9:17)
    at HTMLCanvasElementImpl.getContext 
(C:\Users\denni\OneDrive\Documents\piano-app\node_modules\jsdom\lib\jsdom\living\nodes\HTMLCanvasElement-impl.js:42:5)
    at HTMLCanvasElement.getContext 
(C:\Users\denni\OneDrive\Documents\piano-app\node_modules\jsdom\lib\jsdom\living\generated\HTMLCanvasElement.js:131:58)
    at NoteHead.measureText 
(file:///C:/Users/denni/OneDrive/Documents/piano-app/node_modules/vexflow/build/esm/src/element.js:341:107)
    at NoteHead.set width [as width] 
(file:///C:/Users/denni/OneDrive/Documents/piano-app/node_modules/vexflow/build/esm/src/element.js:286:18)
    at new Note (file:///C:/Users/denni/OneDrive/Documents/piano-app/node_modules/vexflow/build/esm/src/note.js:145:20)
    at new NoteHead 
(file:///C:/Users/denni/OneDrive/Documents/piano-app/node_modules/vexflow/build/esm/src/notehead.js:14:9)
    at StaveNote.buildNoteHeads 
(file:///C:/Users/denni/OneDrive/Documents/piano-app/node_modules/vexflow/build/esm/src/stavenote.js:343:30)
    at StaveNote.reset 
(file:///C:/Users/denni/OneDrive/Documents/piano-app/node_modules/vexflow/build/esm/src/stavenote.js:281:14)
    at StaveNote.setStemDirection 
(file:///C:/Users/denni/OneDrive/Documents/piano-app/node_modules/vexflow/build/esm/src/stemmablenote.js:100:14) 
undefined
Element: No context for txtCanvas. Returning empty text metrics.
Error: Not implemented: HTMLCanvasElement.prototype.getContext (without installing the canvas npm package)
    at module.exports 
(C:\Users\denni\OneDrive\Documents\piano-app\node_modules\jsdom\lib\jsdom\browser\not-implemented.js:9:17)
    at HTMLCanvasElementImpl.getContext 
(C:\Users\denni\OneDrive\Documents\piano-app\node_modules\jsdom\lib\jsdom\living\nodes\HTMLCanvasElement-impl.js:42:5)
    at HTMLCanvasElement.getContext 
(C:\Users\denni\OneDrive\Documents\piano-app\node_modules\jsdom\lib\jsdom\living\generated\HTMLCanvasElement.js:131:58)
    at NoteHead.measureText 
(file:///C:/Users/denni/OneDrive/Documents/piano-app/node_modules/vexflow/build/esm/src/element.js:341:107)
    at NoteHead.set width [as width] 
(file:///C:/Users/denni/OneDrive/Documents/piano-app/node_modules/vexflow/build/esm/src/element.js:286:18)
    at new Note (file:///C:/Users/denni/OneDrive/Documents/piano-app/node_modules/vexflow/build/esm/src/note.js:145:20)
    at new NoteHead 
(file:///C:/Users/denni/OneDrive/Documents/piano-app/node_modules/vexflow/build/esm/src/notehead.js:14:9)
    at StaveNote.buildNoteHeads 
(file:///C:/Users/denni/OneDrive/Documents/piano-app/node_modules/vexflow/build/esm/src/stavenote.js:343:30)
    at StaveNote.reset 
(file:///C:/Users/denni/OneDrive/Documents/piano-app/node_modules/vexflow/build/esm/src/stavenote.js:281:14)
    at StaveNote.setStemDirection 
(file:///C:/Users/denni/OneDrive/Documents/piano-app/node_modules/vexflow/build/esm/src/stemmablenote.js:100:14) 
undefined
Element: No context for txtCanvas. Returning empty text metrics.
Error: Not implemented: HTMLCanvasElement.prototype.getContext (without installing the canvas npm package)
    at module.exports 
(C:\Users\denni\OneDrive\Documents\piano-app\node_modules\jsdom\lib\jsdom\browser\not-implemented.js:9:17)
    at HTMLCanvasElementImpl.getContext 
(C:\Users\denni\OneDrive\Documents\piano-app\node_modules\jsdom\lib\jsdom\living\nodes\HTMLCanvasElement-impl.js:42:5)
    at HTMLCanvasElement.getContext 
(C:\Users\denni\OneDrive\Documents\piano-app\node_modules\jsdom\lib\jsdom\living\generated\HTMLCanvasElement.js:131:58)
    at Flag.measureText 
(file:///C:/Users/denni/OneDrive/Documents/piano-app/node_modules/vexflow/build/esm/src/element.js:341:107)
    at Flag.get height [as height] 
(file:///C:/Users/denni/OneDrive/Documents/piano-app/node_modules/vexflow/build/esm/src/element.js:376:18)
    at Flag.getHeight 
(file:///C:/Users/denni/OneDrive/Documents/piano-app/node_modules/vexflow/build/esm/src/element.js:372:21)
    at StaveNote.getStemExtension 
(file:///C:/Users/denni/OneDrive/Documents/piano-app/node_modules/vexflow/build/esm/src/stemmablenote.js:125:38)
    at StaveNote.getStemExtension 
(file:///C:/Users/denni/OneDrive/Documents/piano-app/node_modules/vexflow/build/esm/src/stavenote.js:784:42)
    at StaveNote.setStemDirection 
(file:///C:/Users/denni/OneDrive/Documents/piano-app/node_modules/vexflow/build/esm/src/stemmablenote.js:107:41)
    at Builder.commitPiece 
(file:///C:/Users/denni/OneDrive/Documents/piano-app/node_modules/vexflow/build/esm/src/easyscore.js:282:18) undefined
Element: No context for txtCanvas. Returning empty text metrics.
Error: Not implemented: HTMLCanvasElement.prototype.getContext (without installing the canvas npm package)
    at module.exports 
(C:\Users\denni\OneDrive\Documents\piano-app\node_modules\jsdom\lib\jsdom\browser\not-implemented.js:9:17)
    at HTMLCanvasElementImpl.getContext 
(C:\Users\denni\OneDrive\Documents\piano-app\node_modules\jsdom\lib\jsdom\living\nodes\HTMLCanvasElement-impl.js:42:5)
    at HTMLCanvasElement.getContext 
(C:\Users\denni\OneDrive\Documents\piano-app\node_modules\jsdom\lib\jsdom\living\generated\HTMLCanvasElement.js:131:58)
    at Stave.measureText 
(file:///C:/Users/denni/OneDrive/Documents/piano-app/node_modules/vexflow/build/esm/src/element.js:341:107)
    at Stave.set width [as width] 
(file:///C:/Users/denni/OneDrive/Documents/piano-app/node_modules/vexflow/build/esm/src/element.js:286:18)
    at new Stave 
(file:///C:/Users/denni/OneDrive/Documents/piano-app/node_modules/vexflow/build/esm/src/stave.js:43:20)
    at Factory.Stave 
(file:///C:/Users/denni/OneDrive/Documents/piano-app/node_modules/vexflow/build/esm/src/factory.js:115:23)
    at System.addStave 
(file:///C:/Users/denni/OneDrive/Documents/piano-app/node_modules/vexflow/build/esm/src/system.js:70:89)
    at Timeout.renderNotation [as _onTimeout] 
(C:\Users\denni\OneDrive\Documents\piano-app\src\components\SheetMusicDisplay.jsx:152:12)
    at listOnTimeout (node:internal/timers:605:17) undefined
Element: No context for txtCanvas. Returning empty text metrics.
Error: Not implemented: HTMLCanvasElement.prototype.getContext (without installing the canvas npm package)
    at module.exports 
(C:\Users\denni\OneDrive\Documents\piano-app\node_modules\jsdom\lib\jsdom\browser\not-implemented.js:9:17)
    at HTMLCanvasElementImpl.getContext 
(C:\Users\denni\OneDrive\Documents\piano-app\node_modules\jsdom\lib\jsdom\living\nodes\HTMLCanvasElement-impl.js:42:5)
    at HTMLCanvasElement.getContext 
(C:\Users\denni\OneDrive\Documents\piano-app\node_modules\jsdom\lib\jsdom\living\generated\HTMLCanvasElement.js:131:58)
    at Stave.measureText 
(file:///C:/Users/denni/OneDrive/Documents/piano-app/node_modules/vexflow/build/esm/src/element.js:341:107)
    at Stave.get width [as width] 
(file:///C:/Users/denni/OneDrive/Documents/piano-app/node_modules/vexflow/build/esm/src/element.js:277:18)
    at new Stave 
(file:///C:/Users/denni/OneDrive/Documents/piano-app/node_modules/vexflow/build/esm/src/stave.js:52:55)
    at Factory.Stave 
(file:///C:/Users/denni/OneDrive/Documents/piano-app/node_modules/vexflow/build/esm/src/factory.js:115:23)
    at System.addStave 
(file:///C:/Users/denni/OneDrive/Documents/piano-app/node_modules/vexflow/build/esm/src/system.js:70:89)
    at Timeout.renderNotation [as _onTimeout] 
(C:\Users\denni\OneDrive\Documents\piano-app\src\components\SheetMusicDisplay.jsx:152:12)
    at listOnTimeout (node:internal/timers:605:17) undefined
Element: No context for txtCanvas. Returning empty text metrics.
Error: Not implemented: HTMLCanvasElement.prototype.getContext (without installing the canvas npm package)
    at module.exports 
(C:\Users\denni\OneDrive\Documents\piano-app\node_modules\jsdom\lib\jsdom\browser\not-implemented.js:9:17)
    at HTMLCanvasElementImpl.getContext 
(C:\Users\denni\OneDrive\Documents\piano-app\node_modules\jsdom\lib\jsdom\living\nodes\HTMLCanvasElement-impl.js:42:5)
    at HTMLCanvasElement.getContext 
(C:\Users\denni\OneDrive\Documents\piano-app\node_modules\jsdom\lib\jsdom\living\generated\HTMLCanvasElement.js:131:58)
    at Stave.measureText 
(file:///C:/Users/denni/OneDrive/Documents/piano-app/node_modules/vexflow/build/esm/src/element.js:341:107)
    at Stave.set height [as height] 
(file:///C:/Users/denni/OneDrive/Documents/piano-app/node_modules/vexflow/build/esm/src/element.js:381:18)
    at Stave.resetLines 
(file:///C:/Users/denni/OneDrive/Documents/piano-app/node_modules/vexflow/build/esm/src/stave.js:72:21)
    at new Stave 
(file:///C:/Users/denni/OneDrive/Documents/piano-app/node_modules/vexflow/build/esm/src/stave.js:54:14)
    at Factory.Stave 
(file:///C:/Users/denni/OneDrive/Documents/piano-app/node_modules/vexflow/build/esm/src/factory.js:115:23)
    at System.addStave 
(file:///C:/Users/denni/OneDrive/Documents/piano-app/node_modules/vexflow/build/esm/src/system.js:70:89)
    at Timeout.renderNotation [as _onTimeout] 
(C:\Users\denni\OneDrive\Documents\piano-app\src\components\SheetMusicDisplay.jsx:152:12) undefined
Element: No context for txtCanvas. Returning empty text metrics.
Error: Not implemented: HTMLCanvasElement.prototype.getContext (without installing the canvas npm package)
    at module.exports 
(C:\Users\denni\OneDrive\Documents\piano-app\node_modules\jsdom\lib\jsdom\browser\not-implemented.js:9:17)
    at HTMLCanvasElementImpl.getContext 
(C:\Users\denni\OneDrive\Documents\piano-app\node_modules\jsdom\lib\jsdom\living\nodes\HTMLCanvasElement-impl.js:42:5)
    at HTMLCanvasElement.getContext 
(C:\Users\denni\OneDrive\Documents\piano-app\node_modules\jsdom\lib\jsdom\living\generated\HTMLCanvasElement.js:131:58)
    at Barline.measureText 
(file:///C:/Users/denni/OneDrive/Documents/piano-app/node_modules/vexflow/build/esm/src/element.js:341:107)
    at Barline.set width [as width] 
(file:///C:/Users/denni/OneDrive/Documents/piano-app/node_modules/vexflow/build/esm/src/element.js:286:18)
    at Barline.setWidth 
(file:///C:/Users/denni/OneDrive/Documents/piano-app/node_modules/vexflow/build/esm/src/element.js:281:20)
    at Barline.setType 
(file:///C:/Users/denni/OneDrive/Documents/piano-app/node_modules/vexflow/build/esm/src/stavebarline.js:102:14)
    at new Barline 
(file:///C:/Users/denni/OneDrive/Documents/piano-app/node_modules/vexflow/build/esm/src/stavebarline.js:95:14)
    at new Stave 
(file:///C:/Users/denni/OneDrive/Documents/piano-app/node_modules/vexflow/build/esm/src/stave.js:55:26)
    at Factory.Stave 
(file:///C:/Users/denni/OneDrive/Documents/piano-app/node_modules/vexflow/build/esm/src/factory.js:115:23) undefined
Element: No context for txtCanvas. Returning empty text metrics.
Error: Not implemented: HTMLCanvasElement.prototype.getContext (without installing the canvas npm package)
    at module.exports 
(C:\Users\denni\OneDrive\Documents\piano-app\node_modules\jsdom\lib\jsdom\browser\not-implemented.js:9:17)
    at HTMLCanvasElementImpl.getContext 
(C:\Users\denni\OneDrive\Documents\piano-app\node_modules\jsdom\lib\jsdom\living\nodes\HTMLCanvasElement-impl.js:42:5)
    at HTMLCanvasElement.getContext 
(C:\Users\denni\OneDrive\Documents\piano-app\node_modules\jsdom\lib\jsdom\living\generated\HTMLCanvasElement.js:131:58)
    at Barline.measureText 
(file:///C:/Users/denni/OneDrive/Documents/piano-app/node_modules/vexflow/build/esm/src/element.js:341:107)
    at Barline.set width [as width] 
(file:///C:/Users/denni/OneDrive/Documents/piano-app/node_modules/vexflow/build/esm/src/element.js:286:18)
    at Barline.setWidth 
(file:///C:/Users/denni/OneDrive/Documents/piano-app/node_modules/vexflow/build/esm/src/element.js:281:20)
    at Barline.setType 
(file:///C:/Users/denni/OneDrive/Documents/piano-app/node_modules/vexflow/build/esm/src/stavebarline.js:102:14)
    at new Barline 
(file:///C:/Users/denni/OneDrive/Documents/piano-app/node_modules/vexflow/build/esm/src/stavebarline.js:95:14)
    at new Stave 
(file:///C:/Users/denni/OneDrive/Documents/piano-app/node_modules/vexflow/build/esm/src/stave.js:56:29)
    at Factory.Stave 
(file:///C:/Users/denni/OneDrive/Documents/piano-app/node_modules/vexflow/build/esm/src/factory.js:115:23) undefined
Element: No context for txtCanvas. Returning empty text metrics.
Error: Not implemented: HTMLCanvasElement.prototype.getContext (without installing the canvas npm package)
    at module.exports 
(C:\Users\denni\OneDrive\Documents\piano-app\node_modules\jsdom\lib\jsdom\browser\not-implemented.js:9:17)
    at HTMLCanvasElementImpl.getContext 
(C:\Users\denni\OneDrive\Documents\piano-app\node_modules\jsdom\lib\jsdom\living\nodes\HTMLCanvasElement-impl.js:42:5)
    at HTMLCanvasElement.getContext 
(C:\Users\denni\OneDrive\Documents\piano-app\node_modules\jsdom\lib\jsdom\living\generated\HTMLCanvasElement.js:131:58)
    at Element.measureText 
(file:///C:/Users/denni/OneDrive/Documents/piano-app/node_modules/vexflow/build/esm/src/element.js:341:107)
    at Element.get width [as width] 
(file:///C:/Users/denni/OneDrive/Documents/piano-app/node_modules/vexflow/build/esm/src/element.js:277:18)
    at Element.getWidth 
(file:///C:/Users/denni/OneDrive/Documents/piano-app/node_modules/vexflow/build/esm/src/element.js:273:21)
    at TimeSignature.makeTimeSignatureGlyph 
(file:///C:/Users/denni/OneDrive/Documents/piano-app/node_modules/vexflow/build/esm/src/timesignature.js:71:33)
    at TimeSignature.setTimeSig 
(file:///C:/Users/denni/OneDrive/Documents/piano-app/node_modules/vexflow/build/esm/src/timesignature.js:103:18)
    at new TimeSignature 
(file:///C:/Users/denni/OneDrive/Documents/piano-app/node_modules/vexflow/build/esm/src/timesignature.js:32:14)
    at Stave.addTimeSignature 
(file:///C:/Users/denni/OneDrive/Documents/piano-app/node_modules/vexflow/build/esm/src/stave.js:336:26) undefined
Element: No context for txtCanvas. Returning empty text metrics.
Error: Not implemented: HTMLCanvasElement.prototype.getContext (without installing the canvas npm package)
    at module.exports 
(C:\Users\denni\OneDrive\Documents\piano-app\node_modules\jsdom\lib\jsdom\browser\not-implemented.js:9:17)
    at HTMLCanvasElementImpl.getContext 
(C:\Users\denni\OneDrive\Documents\piano-app\node_modules\jsdom\lib\jsdom\living\nodes\HTMLCanvasElement-impl.js:42:5)
    at HTMLCanvasElement.getContext 
(C:\Users\denni\OneDrive\Documents\piano-app\node_modules\jsdom\lib\jsdom\living\generated\HTMLCanvasElement.js:131:58)
    at Element.measureText 
(file:///C:/Users/denni/OneDrive/Documents/piano-app/node_modules/vexflow/build/esm/src/element.js:341:107)
    at Element.get height [as height] 
(file:///C:/Users/denni/OneDrive/Documents/piano-app/node_modules/vexflow/build/esm/src/element.js:376:18)
    at Element.getHeight 
(file:///C:/Users/denni/OneDrive/Documents/piano-app/node_modules/vexflow/build/esm/src/element.js:372:21)
    at TimeSignature.makeTimeSignatureGlyph 
(file:///C:/Users/denni/OneDrive/Documents/piano-app/node_modules/vexflow/build/esm/src/timesignature.js:72:31)
    at TimeSignature.setTimeSig 
(file:///C:/Users/denni/OneDrive/Documents/piano-app/node_modules/vexflow/build/esm/src/timesignature.js:103:18)
    at new TimeSignature 
(file:///C:/Users/denni/OneDrive/Documents/piano-app/node_modules/vexflow/build/esm/src/timesignature.js:32:14)
    at Stave.addTimeSignature 
(file:///C:/Users/denni/OneDrive/Documents/piano-app/node_modules/vexflow/build/esm/src/stave.js:336:26) undefined
Element: No context for txtCanvas. Returning empty text metrics.
Error: Not implemented: HTMLCanvasElement.prototype.getContext (without installing the canvas npm package)
    at module.exports 
(C:\Users\denni\OneDrive\Documents\piano-app\node_modules\jsdom\lib\jsdom\browser\not-implemented.js:9:17)
    at HTMLCanvasElementImpl.getContext 
(C:\Users\denni\OneDrive\Documents\piano-app\node_modules\jsdom\lib\jsdom\living\nodes\HTMLCanvasElement-impl.js:42:5)
    at HTMLCanvasElement.getContext 
(C:\Users\denni\OneDrive\Documents\piano-app\node_modules\jsdom\lib\jsdom\living\generated\HTMLCanvasElement.js:131:58)
    at Element.measureText 
(file:///C:/Users/denni/OneDrive/Documents/piano-app/node_modules/vexflow/build/esm/src/element.js:341:107)
    at Element.get width [as width] 
(file:///C:/Users/denni/OneDrive/Documents/piano-app/node_modules/vexflow/build/esm/src/element.js:277:18)
    at Element.getWidth 
(file:///C:/Users/denni/OneDrive/Documents/piano-app/node_modules/vexflow/build/esm/src/element.js:273:21)
    at TimeSignature.makeTimeSignatureGlyph 
(file:///C:/Users/denni/OneDrive/Documents/piano-app/node_modules/vexflow/build/esm/src/timesignature.js:80:33)
    at TimeSignature.setTimeSig 
(file:///C:/Users/denni/OneDrive/Documents/piano-app/node_modules/vexflow/build/esm/src/timesignature.js:103:18)
    at new TimeSignature 
(file:///C:/Users/denni/OneDrive/Documents/piano-app/node_modules/vexflow/build/esm/src/timesignature.js:32:14)
    at Stave.addTimeSignature 
(file:///C:/Users/denni/OneDrive/Documents/piano-app/node_modules/vexflow/build/esm/src/stave.js:336:26) undefined
Element: No context for txtCanvas. Returning empty text metrics.
Error: Not implemented: HTMLCanvasElement.prototype.getContext (without installing the canvas npm package)
    at module.exports 
(C:\Users\denni\OneDrive\Documents\piano-app\node_modules\jsdom\lib\jsdom\browser\not-implemented.js:9:17)
    at HTMLCanvasElementImpl.getContext 
(C:\Users\denni\OneDrive\Documents\piano-app\node_modules\jsdom\lib\jsdom\living\nodes\HTMLCanvasElement-impl.js:42:5)
    at HTMLCanvasElement.getContext 
(C:\Users\denni\OneDrive\Documents\piano-app\node_modules\jsdom\lib\jsdom\living\generated\HTMLCanvasElement.js:131:58)
    at Element.measureText 
(file:///C:/Users/denni/OneDrive/Documents/piano-app/node_modules/vexflow/build/esm/src/element.js:341:107)
    at Element.get height [as height] 
(file:///C:/Users/denni/OneDrive/Documents/piano-app/node_modules/vexflow/build/esm/src/element.js:376:18)
    at Element.getHeight 
(file:///C:/Users/denni/OneDrive/Documents/piano-app/node_modules/vexflow/build/esm/src/element.js:372:21)
    at TimeSignature.makeTimeSignatureGlyph 
(file:///C:/Users/denni/OneDrive/Documents/piano-app/node_modules/vexflow/build/esm/src/timesignature.js:81:48)
    at TimeSignature.setTimeSig 
(file:///C:/Users/denni/OneDrive/Documents/piano-app/node_modules/vexflow/build/esm/src/timesignature.js:103:18)
    at new TimeSignature 
(file:///C:/Users/denni/OneDrive/Documents/piano-app/node_modules/vexflow/build/esm/src/timesignature.js:32:14)
    at Stave.addTimeSignature 
(file:///C:/Users/denni/OneDrive/Documents/piano-app/node_modules/vexflow/build/esm/src/stave.js:336:26) undefined
Element: No context for txtCanvas. Returning empty text metrics.
Error: Not implemented: HTMLCanvasElement.prototype.getContext (without installing the canvas npm package)
    at module.exports 
(C:\Users\denni\OneDrive\Documents\piano-app\node_modules\jsdom\lib\jsdom\browser\not-implemented.js:9:17)
    at HTMLCanvasElementImpl.getContext 
(C:\Users\denni\OneDrive\Documents\piano-app\node_modules\jsdom\lib\jsdom\living\nodes\HTMLCanvasElement-impl.js:42:5)
    at HTMLCanvasElement.getContext 
(C:\Users\denni\OneDrive\Documents\piano-app\node_modules\jsdom\lib\jsdom\living\generated\HTMLCanvasElement.js:131:58)
    at TimeSignature.measureText 
(file:///C:/Users/denni/OneDrive/Documents/piano-app/node_modules/vexflow/build/esm/src/element.js:341:107)
    at TimeSignature.set width [as width] 
(file:///C:/Users/denni/OneDrive/Documents/piano-app/node_modules/vexflow/build/esm/src/element.js:286:18)
    at TimeSignature.makeTimeSignatureGlyph 
(file:///C:/Users/denni/OneDrive/Documents/piano-app/node_modules/vexflow/build/esm/src/timesignature.js:83:20)
    at TimeSignature.setTimeSig 
(file:///C:/Users/denni/OneDrive/Documents/piano-app/node_modules/vexflow/build/esm/src/timesignature.js:103:18)
    at new TimeSignature 
(file:///C:/Users/denni/OneDrive/Documents/piano-app/node_modules/vexflow/build/esm/src/timesignature.js:32:14)
    at Stave.addTimeSignature 
(file:///C:/Users/denni/OneDrive/Documents/piano-app/node_modules/vexflow/build/esm/src/stave.js:336:26)
    at Timeout.renderNotation [as _onTimeout] 
(C:\Users\denni\OneDrive\Documents\piano-app\src\components\SheetMusicDisplay.jsx:156:12) undefined
Element: No context for txtCanvas. Returning empty text metrics.
Error: Not implemented: HTMLCanvasElement.prototype.getContext (without installing the canvas npm package)
    at module.exports 
(C:\Users\denni\OneDrive\Documents\piano-app\node_modules\jsdom\lib\jsdom\browser\not-implemented.js:9:17)
    at HTMLCanvasElementImpl.getContext 
(C:\Users\denni\OneDrive\Documents\piano-app\node_modules\jsdom\lib\jsdom\living\nodes\HTMLCanvasElement-impl.js:42:5)
    at HTMLCanvasElement.getContext 
(C:\Users\denni\OneDrive\Documents\piano-app\node_modules\jsdom\lib\jsdom\living\generated\HTMLCanvasElement.js:131:58)
    at TimeSignature.measureText 
(file:///C:/Users/denni/OneDrive/Documents/piano-app/node_modules/vexflow/build/esm/src/element.js:341:107)
    at TimeSignature.get width [as width] 
(file:///C:/Users/denni/OneDrive/Documents/piano-app/node_modules/vexflow/build/esm/src/element.js:277:18)
    at TimeSignature.makeTimeSignatureGlyph 
(file:///C:/Users/denni/OneDrive/Documents/piano-app/node_modules/vexflow/build/esm/src/timesignature.js:84:32)
    at TimeSignature.setTimeSig 
(file:///C:/Users/denni/OneDrive/Documents/piano-app/node_modules/vexflow/build/esm/src/timesignature.js:103:18)
    at new TimeSignature 
(file:///C:/Users/denni/OneDrive/Documents/piano-app/node_modules/vexflow/build/esm/src/timesignature.js:32:14)
    at Stave.addTimeSignature 
(file:///C:/Users/denni/OneDrive/Documents/piano-app/node_modules/vexflow/build/esm/src/stave.js:336:26)
    at Timeout.renderNotation [as _onTimeout] 
(C:\Users\denni\OneDrive\Documents\piano-app\src\components\SheetMusicDisplay.jsx:156:12) undefined
Element: No context for txtCanvas. Returning empty text metrics.
Error: Not implemented: HTMLCanvasElement.prototype.getContext (without installing the canvas npm package)
    at module.exports 
(C:\Users\denni\OneDrive\Documents\piano-app\node_modules\jsdom\lib\jsdom\browser\not-implemented.js:9:17)
    at HTMLCanvasElementImpl.getContext 
(C:\Users\denni\OneDrive\Documents\piano-app\node_modules\jsdom\lib\jsdom\living\nodes\HTMLCanvasElement-impl.js:42:5)
    at HTMLCanvasElement.getContext 
(C:\Users\denni\OneDrive\Documents\piano-app\node_modules\jsdom\lib\jsdom\living\generated\HTMLCanvasElement.js:131:58)
    at TimeSignature.measureText 
(file:///C:/Users/denni/OneDrive/Documents/piano-app/node_modules/vexflow/build/esm/src/element.js:341:107)
    at TimeSignature.get width [as width] 
(file:///C:/Users/denni/OneDrive/Documents/piano-app/node_modules/vexflow/build/esm/src/element.js:277:18)
    at TimeSignature.makeTimeSignatureGlyph 
(file:///C:/Users/denni/OneDrive/Documents/piano-app/node_modules/vexflow/build/esm/src/timesignature.js:85:32)
    at TimeSignature.setTimeSig 
(file:///C:/Users/denni/OneDrive/Documents/piano-app/node_modules/vexflow/build/esm/src/timesignature.js:103:18)
    at new TimeSignature 
(file:///C:/Users/denni/OneDrive/Documents/piano-app/node_modules/vexflow/build/esm/src/timesignature.js:32:14)
    at Stave.addTimeSignature 
(file:///C:/Users/denni/OneDrive/Documents/piano-app/node_modules/vexflow/build/esm/src/stave.js:336:26)
    at Timeout.renderNotation [as _onTimeout] 
(C:\Users\denni\OneDrive\Documents\piano-app\src\components\SheetMusicDisplay.jsx:156:12) undefined
Element: No context for txtCanvas. Returning empty text metrics.
Error: Not implemented: HTMLCanvasElement.prototype.getContext (without installing the canvas npm package)
    at module.exports 
(C:\Users\denni\OneDrive\Documents\piano-app\node_modules\jsdom\lib\jsdom\browser\not-implemented.js:9:17)
    at HTMLCanvasElementImpl.getContext 
(C:\Users\denni\OneDrive\Documents\piano-app\node_modules\jsdom\lib\jsdom\living\nodes\HTMLCanvasElement-impl.js:42:5)
    at HTMLCanvasElement.getContext 
(C:\Users\denni\OneDrive\Documents\piano-app\node_modules\jsdom\lib\jsdom\living\generated\HTMLCanvasElement.js:131:58)
    at Barline.measureText 
(file:///C:/Users/denni/OneDrive/Documents/piano-app/node_modules/vexflow/build/esm/src/element.js:341:107)
    at Barline.get width [as width] 
(file:///C:/Users/denni/OneDrive/Documents/piano-app/node_modules/vexflow/build/esm/src/element.js:277:18)
    at Barline.getWidth 
(file:///C:/Users/denni/OneDrive/Documents/piano-app/node_modules/vexflow/build/esm/src/element.js:273:21)
    at Stave.format 
(file:///C:/Users/denni/OneDrive/Documents/piano-app/node_modules/vexflow/build/esm/src/stave.js:397:30)
    at Stave.getNoteStartX 
(file:///C:/Users/denni/OneDrive/Documents/piano-app/node_modules/vexflow/build/esm/src/stave.js:83:18)
    at file:///C:/Users/denni/OneDrive/Documents/piano-app/node_modules/vexflow/build/esm/src/system.js:109:44
    at Array.forEach (<anonymous>) undefined
Element: No context for txtCanvas. Returning empty text metrics.
Error: Not implemented: HTMLCanvasElement.prototype.getContext (without installing the canvas npm package)
    at module.exports 
(C:\Users\denni\OneDrive\Documents\piano-app\node_modules\jsdom\lib\jsdom\browser\not-implemented.js:9:17)
    at HTMLCanvasElementImpl.getContext 
(C:\Users\denni\OneDrive\Documents\piano-app\node_modules\jsdom\lib\jsdom\living\nodes\HTMLCanvasElement-impl.js:42:5)
    at HTMLCanvasElement.getContext 
(C:\Users\denni\OneDrive\Documents\piano-app\node_modules\jsdom\lib\jsdom\living\generated\HTMLCanvasElement.js:131:58)
    at Clef.measureText 
(file:///C:/Users/denni/OneDrive/Documents/piano-app/node_modules/vexflow/build/esm/src/element.js:341:107)
    at Clef.get width [as width] 
(file:///C:/Users/denni/OneDrive/Documents/piano-app/node_modules/vexflow/build/esm/src/element.js:277:18)
    at Clef.getWidth 
(file:///C:/Users/denni/OneDrive/Documents/piano-app/node_modules/vexflow/build/esm/src/element.js:273:21)
    at Stave.format 
(file:///C:/Users/denni/OneDrive/Documents/piano-app/node_modules/vexflow/build/esm/src/stave.js:397:30)
    at Stave.getNoteStartX 
(file:///C:/Users/denni/OneDrive/Documents/piano-app/node_modules/vexflow/build/esm/src/stave.js:83:18)
    at file:///C:/Users/denni/OneDrive/Documents/piano-app/node_modules/vexflow/build/esm/src/system.js:109:44
    at Array.forEach (<anonymous>) undefined
Element: No context for txtCanvas. Returning empty text metrics.
Error: Not implemented: HTMLCanvasElement.prototype.getContext (without installing the canvas npm package)
    at module.exports 
(C:\Users\denni\OneDrive\Documents\piano-app\node_modules\jsdom\lib\jsdom\browser\not-implemented.js:9:17)
    at HTMLCanvasElementImpl.getContext 
(C:\Users\denni\OneDrive\Documents\piano-app\node_modules\jsdom\lib\jsdom\living\nodes\HTMLCanvasElement-impl.js:42:5)
    at HTMLCanvasElement.getContext 
(C:\Users\denni\OneDrive\Documents\piano-app\node_modules\jsdom\lib\jsdom\living\generated\HTMLCanvasElement.js:131:58)
    at TimeSignature.measureText 
(file:///C:/Users/denni/OneDrive/Documents/piano-app/node_modules/vexflow/build/esm/src/element.js:341:107)
    at TimeSignature.get width [as width] 
(file:///C:/Users/denni/OneDrive/Documents/piano-app/node_modules/vexflow/build/esm/src/element.js:277:18)
    at TimeSignature.getWidth 
(file:///C:/Users/denni/OneDrive/Documents/piano-app/node_modules/vexflow/build/esm/src/element.js:273:21)
    at Stave.format 
(file:///C:/Users/denni/OneDrive/Documents/piano-app/node_modules/vexflow/build/esm/src/stave.js:397:30)
    at Stave.getNoteStartX 
(file:///C:/Users/denni/OneDrive/Documents/piano-app/node_modules/vexflow/build/esm/src/stave.js:83:18)
    at file:///C:/Users/denni/OneDrive/Documents/piano-app/node_modules/vexflow/build/esm/src/system.js:109:44
    at Array.forEach (<anonymous>) undefined
Element: No context for txtCanvas. Returning empty text metrics.
Error: Not implemented: HTMLCanvasElement.prototype.getContext (without installing the canvas npm package)
    at module.exports 
(C:\Users\denni\OneDrive\Documents\piano-app\node_modules\jsdom\lib\jsdom\browser\not-implemented.js:9:17)
    at HTMLCanvasElementImpl.getContext 
(C:\Users\denni\OneDrive\Documents\piano-app\node_modules\jsdom\lib\jsdom\living\nodes\HTMLCanvasElement-impl.js:42:5)
    at HTMLCanvasElement.getContext 
(C:\Users\denni\OneDrive\Documents\piano-app\node_modules\jsdom\lib\jsdom\living\generated\HTMLCanvasElement.js:131:58)
    at Stave.measureText 
(file:///C:/Users/denni/OneDrive/Documents/piano-app/node_modules/vexflow/build/esm/src/element.js:341:107)
    at Stave.get width [as width] 
(file:///C:/Users/denni/OneDrive/Documents/piano-app/node_modules/vexflow/build/esm/src/element.js:277:18)
    at Stave.format 
(file:///C:/Users/denni/OneDrive/Documents/piano-app/node_modules/vexflow/build/esm/src/stave.js:405:27)
    at Stave.getNoteStartX 
(file:///C:/Users/denni/OneDrive/Documents/piano-app/node_modules/vexflow/build/esm/src/stave.js:83:18)
    at file:///C:/Users/denni/OneDrive/Documents/piano-app/node_modules/vexflow/build/esm/src/system.js:109:44
    at Array.forEach (<anonymous>)
    at System.format 
(file:///C:/Users/denni/OneDrive/Documents/piano-app/node_modules/vexflow/build/esm/src/system.js:100:25) undefined
Element: No context for txtCanvas. Returning empty text metrics.
Error: Not implemented: HTMLCanvasElement.prototype.getContext (without installing the canvas npm package)
    at module.exports 
(C:\Users\denni\OneDrive\Documents\piano-app\node_modules\jsdom\lib\jsdom\browser\not-implemented.js:9:17)
    at HTMLCanvasElementImpl.getContext 
(C:\Users\denni\OneDrive\Documents\piano-app\node_modules\jsdom\lib\jsdom\living\nodes\HTMLCanvasElement-impl.js:42:5)
    at HTMLCanvasElement.getContext 
(C:\Users\denni\OneDrive\Documents\piano-app\node_modules\jsdom\lib\jsdom\living\generated\HTMLCanvasElement.js:131:58)
    at Stave.measureText 
(file:///C:/Users/denni/OneDrive/Documents/piano-app/node_modules/vexflow/build/esm/src/element.js:341:107)
    at Stave.get width [as width] 
(file:///C:/Users/denni/OneDrive/Documents/piano-app/node_modules/vexflow/build/esm/src/element.js:277:18)
    at Stave.format 
(file:///C:/Users/denni/OneDrive/Documents/piano-app/node_modules/vexflow/build/esm/src/stave.js:447:63)
    at Stave.getNoteStartX 
(file:///C:/Users/denni/OneDrive/Documents/piano-app/node_modules/vexflow/build/esm/src/stave.js:83:18)
    at file:///C:/Users/denni/OneDrive/Documents/piano-app/node_modules/vexflow/build/esm/src/system.js:109:44
    at Array.forEach (<anonymous>)
    at System.format 
(file:///C:/Users/denni/OneDrive/Documents/piano-app/node_modules/vexflow/build/esm/src/system.js:100:25) undefined
Element: No context for txtCanvas. Returning empty text metrics.
Error: Not implemented: HTMLCanvasElement.prototype.getContext (without installing the canvas npm package)
    at module.exports 
(C:\Users\denni\OneDrive\Documents\piano-app\node_modules\jsdom\lib\jsdom\browser\not-implemented.js:9:17)
    at HTMLCanvasElementImpl.getContext 
(C:\Users\denni\OneDrive\Documents\piano-app\node_modules\jsdom\lib\jsdom\living\nodes\HTMLCanvasElement-impl.js:42:5)
    at HTMLCanvasElement.getContext 
(C:\Users\denni\OneDrive\Documents\piano-app\node_modules\jsdom\lib\jsdom\living\generated\HTMLCanvasElement.js:131:58)
    at NoteHead.measureText 
(file:///C:/Users/denni/OneDrive/Documents/piano-app/node_modules/vexflow/build/esm/src/element.js:341:107)
    at NoteHead.get width [as width] 
(file:///C:/Users/denni/OneDrive/Documents/piano-app/node_modules/vexflow/build/esm/src/element.js:277:18)
    at NoteHead.getWidth 
(file:///C:/Users/denni/OneDrive/Documents/piano-app/node_modules/vexflow/build/esm/src/notehead.js:43:21)
    at StaveNote.getGlyphWidth 
(file:///C:/Users/denni/OneDrive/Documents/piano-app/node_modules/vexflow/build/esm/src/stavenote.js:592:34)
    at StaveNote.preFormat 
(file:///C:/Users/denni/OneDrive/Documents/piano-app/node_modules/vexflow/build/esm/src/stavenote.js:623:26)
    at TickContext.preFormat 
(file:///C:/Users/denni/OneDrive/Documents/piano-app/node_modules/vexflow/build/esm/src/tickcontext.js:149:22)
    at file:///C:/Users/denni/OneDrive/Documents/piano-app/node_modules/vexflow/build/esm/src/formatter.js:323:21 
undefined
Element: No context for txtCanvas. Returning empty text metrics.
Error: Not implemented: HTMLCanvasElement.prototype.getContext (without installing the canvas npm package)
    at module.exports 
(C:\Users\denni\OneDrive\Documents\piano-app\node_modules\jsdom\lib\jsdom\browser\not-implemented.js:9:17)
    at HTMLCanvasElementImpl.getContext 
(C:\Users\denni\OneDrive\Documents\piano-app\node_modules\jsdom\lib\jsdom\living\nodes\HTMLCanvasElement-impl.js:42:5)
    at HTMLCanvasElement.getContext 
(C:\Users\denni\OneDrive\Documents\piano-app\node_modules\jsdom\lib\jsdom\living\generated\HTMLCanvasElement.js:131:58)
    at StaveNote.measureText 
(file:///C:/Users/denni/OneDrive/Documents/piano-app/node_modules/vexflow/build/esm/src/element.js:341:107)
    at StaveNote.set width [as width] 
(file:///C:/Users/denni/OneDrive/Documents/piano-app/node_modules/vexflow/build/esm/src/element.js:286:18)
    at StaveNote.setWidth 
(file:///C:/Users/denni/OneDrive/Documents/piano-app/node_modules/vexflow/build/esm/src/element.js:281:20)
    at StaveNote.preFormat 
(file:///C:/Users/denni/OneDrive/Documents/piano-app/node_modules/vexflow/build/esm/src/stavenote.js:627:14)
    at TickContext.preFormat 
(file:///C:/Users/denni/OneDrive/Documents/piano-app/node_modules/vexflow/build/esm/src/tickcontext.js:149:22)
    at file:///C:/Users/denni/OneDrive/Documents/piano-app/node_modules/vexflow/build/esm/src/formatter.js:323:21
    at Array.forEach (<anonymous>) undefined
Element: No context for txtCanvas. Returning empty text metrics.
Error: Not implemented: HTMLCanvasElement.prototype.getContext (without installing the canvas npm package)
    at module.exports 
(C:\Users\denni\OneDrive\Documents\piano-app\node_modules\jsdom\lib\jsdom\browser\not-implemented.js:9:17)
    at HTMLCanvasElementImpl.getContext 
(C:\Users\denni\OneDrive\Documents\piano-app\node_modules\jsdom\lib\jsdom\living\nodes\HTMLCanvasElement-impl.js:42:5)
    at HTMLCanvasElement.getContext 
(C:\Users\denni\OneDrive\Documents\piano-app\node_modules\jsdom\lib\jsdom\living\generated\HTMLCanvasElement.js:131:58)
    at StaveNote.measureText 
(file:///C:/Users/denni/OneDrive/Documents/piano-app/node_modules/vexflow/build/esm/src/element.js:341:107)
    at StaveNote.get width [as width] 
(file:///C:/Users/denni/OneDrive/Documents/piano-app/node_modules/vexflow/build/esm/src/element.js:277:18)
    at StaveNote.getWidth 
(file:///C:/Users/denni/OneDrive/Documents/piano-app/node_modules/vexflow/build/esm/src/tickable.js:49:21)
    at StaveNote.getMetrics 
(file:///C:/Users/denni/OneDrive/Documents/piano-app/node_modules/vexflow/build/esm/src/note.js:321:28)
    at TickContext.preFormat 
(file:///C:/Users/denni/OneDrive/Documents/piano-app/node_modules/vexflow/build/esm/src/tickcontext.js:150:38)
    at file:///C:/Users/denni/OneDrive/Documents/piano-app/node_modules/vexflow/build/esm/src/formatter.js:323:21
    at Array.forEach (<anonymous>) undefined
Element: No context for txtCanvas. Returning empty text metrics.
Error: Not implemented: HTMLCanvasElement.prototype.getContext (without installing the canvas npm package)
    at module.exports 
(C:\Users\denni\OneDrive\Documents\piano-app\node_modules\jsdom\lib\jsdom\browser\not-implemented.js:9:17)
    at HTMLCanvasElementImpl.getContext 
(C:\Users\denni\OneDrive\Documents\piano-app\node_modules\jsdom\lib\jsdom\living\nodes\HTMLCanvasElement-impl.js:42:5)
    at HTMLCanvasElement.getContext 
(C:\Users\denni\OneDrive\Documents\piano-app\node_modules\jsdom\lib\jsdom\living\generated\HTMLCanvasElement.js:131:58)
    at NoteHead.measureText 
(file:///C:/Users/denni/OneDrive/Documents/piano-app/node_modules/vexflow/build/esm/src/element.js:341:107)
    at NoteHead.get width [as width] 
(file:///C:/Users/denni/OneDrive/Documents/piano-app/node_modules/vexflow/build/esm/src/element.js:277:18)
    at NoteHead.getWidth 
(file:///C:/Users/denni/OneDrive/Documents/piano-app/node_modules/vexflow/build/esm/src/notehead.js:43:21)
    at StaveNote.getGlyphWidth 
(file:///C:/Users/denni/OneDrive/Documents/piano-app/node_modules/vexflow/build/esm/src/stavenote.js:592:34)
    at StaveNote.getMetrics 
(file:///C:/Users/denni/OneDrive/Documents/piano-app/node_modules/vexflow/build/esm/src/note.js:322:33)
    at TickContext.preFormat 
(file:///C:/Users/denni/OneDrive/Documents/piano-app/node_modules/vexflow/build/esm/src/tickcontext.js:150:38)
    at file:///C:/Users/denni/OneDrive/Documents/piano-app/node_modules/vexflow/build/esm/src/formatter.js:323:21 
undefined
Element: No context for txtCanvas. Returning empty text metrics.
Error: Not implemented: HTMLCanvasElement.prototype.getContext (without installing the canvas npm package)
    at module.exports 
(C:\Users\denni\OneDrive\Documents\piano-app\node_modules\jsdom\lib\jsdom\browser\not-implemented.js:9:17)
    at HTMLCanvasElementImpl.getContext 
(C:\Users\denni\OneDrive\Documents\piano-app\node_modules\jsdom\lib\jsdom\living\nodes\HTMLCanvasElement-impl.js:42:5)
    at HTMLCanvasElement.getContext 
(C:\Users\denni\OneDrive\Documents\piano-app\node_modules\jsdom\lib\jsdom\living\generated\HTMLCanvasElement.js:131:58)
    at Stave.measureText 
(file:///C:/Users/denni/OneDrive/Documents/piano-app/node_modules/vexflow/build/esm/src/element.js:341:107)
    at Stave.get width [as width] 
(file:///C:/Users/denni/OneDrive/Documents/piano-app/node_modules/vexflow/build/esm/src/element.js:277:18)
    at Stave.draw 
(file:///C:/Users/denni/OneDrive/Documents/piano-app/node_modules/vexflow/build/esm/src/stave.js:458:28)
    at Stave.drawWithStyle 
(file:///C:/Users/denni/OneDrive/Documents/piano-app/node_modules/vexflow/build/esm/src/element.js:109:14)
    at file:///C:/Users/denni/OneDrive/Documents/piano-app/node_modules/vexflow/build/esm/src/factory.js:453:54
    at Array.forEach (<anonymous>)
    at Factory.draw 
(file:///C:/Users/denni/OneDrive/Documents/piano-app/node_modules/vexflow/build/esm/src/factory.js:453:21) undefined
Element: No context for txtCanvas. Returning empty text metrics.
Error: Not implemented: HTMLCanvasElement.prototype.getContext (without installing the canvas npm package)
    at module.exports 
(C:\Users\denni\OneDrive\Documents\piano-app\node_modules\jsdom\lib\jsdom\browser\not-implemented.js:9:17)
    at HTMLCanvasElementImpl.getContext 
(C:\Users\denni\OneDrive\Documents\piano-app\node_modules\jsdom\lib\jsdom\living\nodes\HTMLCanvasElement-impl.js:42:5)
    at HTMLCanvasElement.getContext 
(C:\Users\denni\OneDrive\Documents\piano-app\node_modules\jsdom\lib\jsdom\living\generated\HTMLCanvasElement.js:131:58)
    at NoteHead.measureText 
(file:///C:/Users/denni/OneDrive/Documents/piano-app/node_modules/vexflow/build/esm/src/element.js:341:107)
    at NoteHead.get width [as width] 
(file:///C:/Users/denni/OneDrive/Documents/piano-app/node_modules/vexflow/build/esm/src/element.js:277:18)
    at NoteHead.getWidth 
(file:///C:/Users/denni/OneDrive/Documents/piano-app/node_modules/vexflow/build/esm/src/notehead.js:43:21)
    at StaveNote.getGlyphWidth 
(file:///C:/Users/denni/OneDrive/Documents/piano-app/node_modules/vexflow/build/esm/src/stavenote.js:592:34)
    at StaveNote.getStemX 
(file:///C:/Users/denni/OneDrive/Documents/piano-app/node_modules/vexflow/build/esm/src/stemmablenote.js:116:63)
    at StaveNote.getStemX 
(file:///C:/Users/denni/OneDrive/Documents/piano-app/node_modules/vexflow/build/esm/src/stavenote.js:465:26)
    at StaveNote.draw 
(file:///C:/Users/denni/OneDrive/Documents/piano-app/node_modules/vexflow/build/esm/src/stavenote.js:822:32) undefined
Element: No context for txtCanvas. Returning empty text metrics.
Error: Not implemented: HTMLCanvasElement.prototype.getContext (without installing the canvas npm package)
    at module.exports 
(C:\Users\denni\OneDrive\Documents\piano-app\node_modules\jsdom\lib\jsdom\browser\not-implemented.js:9:17)
    at HTMLCanvasElementImpl.getContext 
(C:\Users\denni\OneDrive\Documents\piano-app\node_modules\jsdom\lib\jsdom\living\nodes\HTMLCanvasElement-impl.js:42:5)
    at HTMLCanvasElement.getContext 
(C:\Users\denni\OneDrive\Documents\piano-app\node_modules\jsdom\lib\jsdom\living\generated\HTMLCanvasElement.js:131:58)
    at NoteHead.measureText 
(file:///C:/Users/denni/OneDrive/Documents/piano-app/node_modules/vexflow/build/esm/src/element.js:341:107)
    at NoteHead.get width [as width] 
(file:///C:/Users/denni/OneDrive/Documents/piano-app/node_modules/vexflow/build/esm/src/element.js:277:18)
    at NoteHead.getWidth 
(file:///C:/Users/denni/OneDrive/Documents/piano-app/node_modules/vexflow/build/esm/src/notehead.js:43:21)
    at StaveNote.getGlyphWidth 
(file:///C:/Users/denni/OneDrive/Documents/piano-app/node_modules/vexflow/build/esm/src/stavenote.js:592:34)
    at StaveNote.drawLedgerLines 
(file:///C:/Users/denni/OneDrive/Documents/piano-app/node_modules/vexflow/build/esm/src/stavenote.js:690:28)
    at StaveNote.draw 
(file:///C:/Users/denni/OneDrive/Documents/piano-app/node_modules/vexflow/build/esm/src/stavenote.js:827:14)
    at StaveNote.drawWithStyle 
(file:///C:/Users/denni/OneDrive/Documents/piano-app/node_modules/vexflow/build/esm/src/element.js:109:14) undefined
Element: No context for txtCanvas. Returning empty text metrics.
Error: Not implemented: HTMLCanvasElement.prototype.getContext (without installing the canvas npm package)
    at module.exports 
(C:\Users\denni\OneDrive\Documents\piano-app\node_modules\jsdom\lib\jsdom\browser\not-implemented.js:9:17)
    at HTMLCanvasElementImpl.getContext 
(C:\Users\denni\OneDrive\Documents\piano-app\node_modules\jsdom\lib\jsdom\living\nodes\HTMLCanvasElement-impl.js:42:5)
    at HTMLCanvasElement.getContext 
(C:\Users\denni\OneDrive\Documents\piano-app\node_modules\jsdom\lib\jsdom\living\generated\HTMLCanvasElement.js:131:58)
    at NoteHead.measureText 
(file:///C:/Users/denni/OneDrive/Documents/piano-app/node_modules/vexflow/build/esm/src/element.js:341:107)
    at NoteHead.get width [as width] 
(file:///C:/Users/denni/OneDrive/Documents/piano-app/node_modules/vexflow/build/esm/src/element.js:277:18)
    at NoteHead.getWidth 
(file:///C:/Users/denni/OneDrive/Documents/piano-app/node_modules/vexflow/build/esm/src/notehead.js:43:21)
    at StaveNote.getGlyphWidth 
(file:///C:/Users/denni/OneDrive/Documents/piano-app/node_modules/vexflow/build/esm/src/stavenote.js:592:34)
    at StaveNote.drawLedgerLines 
(file:///C:/Users/denni/OneDrive/Documents/piano-app/node_modules/vexflow/build/esm/src/stavenote.js:691:39)
    at StaveNote.draw 
(file:///C:/Users/denni/OneDrive/Documents/piano-app/node_modules/vexflow/build/esm/src/stavenote.js:827:14)
    at StaveNote.drawWithStyle 
(file:///C:/Users/denni/OneDrive/Documents/piano-app/node_modules/vexflow/build/esm/src/element.js:109:14) undefined
Element: No context for txtCanvas. Returning empty text metrics.
Error: Not implemented: HTMLCanvasElement.prototype.getContext (without installing the canvas npm package)
    at module.exports 
(C:\Users\denni\OneDrive\Documents\piano-app\node_modules\jsdom\lib\jsdom\browser\not-implemented.js:9:17)
    at HTMLCanvasElementImpl.getContext 
(C:\Users\denni\OneDrive\Documents\piano-app\node_modules\jsdom\lib\jsdom\living\nodes\HTMLCanvasElement-impl.js:42:5)
    at HTMLCanvasElement.getContext 
(C:\Users\denni\OneDrive\Documents\piano-app\node_modules\jsdom\lib\jsdom\living\generated\HTMLCanvasElement.js:131:58)
    at NoteHead.measureText 
(file:///C:/Users/denni/OneDrive/Documents/piano-app/node_modules/vexflow/build/esm/src/element.js:341:107)
    at NoteHead.get textMetrics [as textMetrics] 
(file:///C:/Users/denni/OneDrive/Documents/piano-app/node_modules/vexflow/build/esm/src/element.js:368:18)
    at NoteHead.getBoundingBox 
(file:///C:/Users/denni/OneDrive/Documents/piano-app/node_modules/vexflow/build/esm/src/element.js:187:82)
    at NoteHead.getBoundingBox 
(file:///C:/Users/denni/OneDrive/Documents/piano-app/node_modules/vexflow/build/esm/src/note.js:377:35)
    at file:///C:/Users/denni/OneDrive/Documents/piano-app/node_modules/vexflow/build/esm/src/stavenote.js:410:44
    at Array.forEach (<anonymous>)
    at StaveNote.getBoundingBox 
(file:///C:/Users/denni/OneDrive/Documents/piano-app/node_modules/vexflow/build/esm/src/stavenote.js:409:25) undefined
Element: No context for txtCanvas. Returning empty text metrics.
Error: Not implemented: HTMLCanvasElement.prototype.getContext (without installing the canvas npm package)
    at module.exports 
(C:\Users\denni\OneDrive\Documents\piano-app\node_modules\jsdom\lib\jsdom\browser\not-implemented.js:9:17)
    at HTMLCanvasElementImpl.getContext 
(C:\Users\denni\OneDrive\Documents\piano-app\node_modules\jsdom\lib\jsdom\living\nodes\HTMLCanvasElement-impl.js:42:5)
    at HTMLCanvasElement.getContext 
(C:\Users\denni\OneDrive\Documents\piano-app\node_modules\jsdom\lib\jsdom\living\generated\HTMLCanvasElement.js:131:58)
    at NoteHead.measureText 
(file:///C:/Users/denni/OneDrive/Documents/piano-app/node_modules/vexflow/build/esm/src/element.js:341:107)
    at NoteHead.get width [as width] 
(file:///C:/Users/denni/OneDrive/Documents/piano-app/node_modules/vexflow/build/esm/src/element.js:277:18)
    at NoteHead.getBoundingBox 
(file:///C:/Users/denni/OneDrive/Documents/piano-app/node_modules/vexflow/build/esm/src/element.js:187:124)
    at NoteHead.getBoundingBox 
(file:///C:/Users/denni/OneDrive/Documents/piano-app/node_modules/vexflow/build/esm/src/note.js:377:35)
    at file:///C:/Users/denni/OneDrive/Documents/piano-app/node_modules/vexflow/build/esm/src/stavenote.js:410:44
    at Array.forEach (<anonymous>)
    at StaveNote.getBoundingBox 
(file:///C:/Users/denni/OneDrive/Documents/piano-app/node_modules/vexflow/build/esm/src/stavenote.js:409:25) undefined
Element: No context for txtCanvas. Returning empty text metrics.
Error: Not implemented: HTMLCanvasElement.prototype.getContext (without installing the canvas npm package)
    at module.exports 
(C:\Users\denni\OneDrive\Documents\piano-app\node_modules\jsdom\lib\jsdom\browser\not-implemented.js:9:17)
    at HTMLCanvasElementImpl.getContext 
(C:\Users\denni\OneDrive\Documents\piano-app\node_modules\jsdom\lib\jsdom\living\nodes\HTMLCanvasElement-impl.js:42:5)
    at HTMLCanvasElement.getContext 
(C:\Users\denni\OneDrive\Documents\piano-app\node_modules\jsdom\lib\jsdom\living\generated\HTMLCanvasElement.js:131:58)
    at NoteHead.measureText 
(file:///C:/Users/denni/OneDrive/Documents/piano-app/node_modules/vexflow/build/esm/src/element.js:341:107)
    at NoteHead.get height [as height] 
(file:///C:/Users/denni/OneDrive/Documents/piano-app/node_modules/vexflow/build/esm/src/element.js:376:18)
    at NoteHead.getBoundingBox 
(file:///C:/Users/denni/OneDrive/Documents/piano-app/node_modules/vexflow/build/esm/src/element.js:187:136)
    at NoteHead.getBoundingBox 
(file:///C:/Users/denni/OneDrive/Documents/piano-app/node_modules/vexflow/build/esm/src/note.js:377:35)
    at file:///C:/Users/denni/OneDrive/Documents/piano-app/node_modules/vexflow/build/esm/src/stavenote.js:410:44
    at Array.forEach (<anonymous>)
    at StaveNote.getBoundingBox 
(file:///C:/Users/denni/OneDrive/Documents/piano-app/node_modules/vexflow/build/esm/src/stavenote.js:409:25) undefined
Element: No context for txtCanvas. Returning empty text metrics.
Error: Not implemented: HTMLCanvasElement.prototype.getContext (without installing the canvas npm package)
    at module.exports 
(C:\Users\denni\OneDrive\Documents\piano-app\node_modules\jsdom\lib\jsdom\browser\not-implemented.js:9:17)
    at HTMLCanvasElementImpl.getContext 
(C:\Users\denni\OneDrive\Documents\piano-app\node_modules\jsdom\lib\jsdom\living\nodes\HTMLCanvasElement-impl.js:42:5)
    at HTMLCanvasElement.getContext 
(C:\Users\denni\OneDrive\Documents\piano-app\node_modules\jsdom\lib\jsdom\living\generated\HTMLCanvasElement.js:131:58)
    at NoteHead.measureText 
(file:///C:/Users/denni/OneDrive/Documents/piano-app/node_modules/vexflow/build/esm/src/element.js:341:107)
    at NoteHead.get textMetrics [as textMetrics] 
(file:///C:/Users/denni/OneDrive/Documents/piano-app/node_modules/vexflow/build/esm/src/element.js:368:18)
    at NoteHead.getBoundingBox 
(file:///C:/Users/denni/OneDrive/Documents/piano-app/node_modules/vexflow/build/esm/src/element.js:187:82)
    at NoteHead.getBoundingBox 
(file:///C:/Users/denni/OneDrive/Documents/piano-app/node_modules/vexflow/build/esm/src/note.js:377:35)
    at file:///C:/Users/denni/OneDrive/Documents/piano-app/node_modules/vexflow/build/esm/src/stavenote.js:410:44
    at Array.forEach (<anonymous>)
    at StaveNote.getBoundingBox 
(file:///C:/Users/denni/OneDrive/Documents/piano-app/node_modules/vexflow/build/esm/src/stavenote.js:409:25) undefined
Element: No context for txtCanvas. Returning empty text metrics.
Error: Not implemented: HTMLCanvasElement.prototype.getContext (without installing the canvas npm package)
    at module.exports 
(C:\Users\denni\OneDrive\Documents\piano-app\node_modules\jsdom\lib\jsdom\browser\not-implemented.js:9:17)
    at HTMLCanvasElementImpl.getContext 
(C:\Users\denni\OneDrive\Documents\piano-app\node_modules\jsdom\lib\jsdom\living\nodes\HTMLCanvasElement-impl.js:42:5)
    at HTMLCanvasElement.getContext 
(C:\Users\denni\OneDrive\Documents\piano-app\node_modules\jsdom\lib\jsdom\living\generated\HTMLCanvasElement.js:131:58)
    at NoteHead.measureText 
(file:///C:/Users/denni/OneDrive/Documents/piano-app/node_modules/vexflow/build/esm/src/element.js:341:107)
    at NoteHead.get width [as width] 
(file:///C:/Users/denni/OneDrive/Documents/piano-app/node_modules/vexflow/build/esm/src/element.js:277:18)
    at NoteHead.getBoundingBox 
(file:///C:/Users/denni/OneDrive/Documents/piano-app/node_modules/vexflow/build/esm/src/element.js:187:124)
    at NoteHead.getBoundingBox 
(file:///C:/Users/denni/OneDrive/Documents/piano-app/node_modules/vexflow/build/esm/src/note.js:377:35)
    at file:///C:/Users/denni/OneDrive/Documents/piano-app/node_modules/vexflow/build/esm/src/stavenote.js:410:44
    at Array.forEach (<anonymous>)
    at StaveNote.getBoundingBox 
(file:///C:/Users/denni/OneDrive/Documents/piano-app/node_modules/vexflow/build/esm/src/stavenote.js:409:25) undefined
Element: No context for txtCanvas. Returning empty text metrics.
Error: Not implemented: HTMLCanvasElement.prototype.getContext (without installing the canvas npm package)
    at module.exports 
(C:\Users\denni\OneDrive\Documents\piano-app\node_modules\jsdom\lib\jsdom\browser\not-implemented.js:9:17)
    at HTMLCanvasElementImpl.getContext 
(C:\Users\denni\OneDrive\Documents\piano-app\node_modules\jsdom\lib\jsdom\living\nodes\HTMLCanvasElement-impl.js:42:5)
    at HTMLCanvasElement.getContext 
(C:\Users\denni\OneDrive\Documents\piano-app\node_modules\jsdom\lib\jsdom\living\generated\HTMLCanvasElement.js:131:58)
    at NoteHead.measureText 
(file:///C:/Users/denni/OneDrive/Documents/piano-app/node_modules/vexflow/build/esm/src/element.js:341:107)
    at NoteHead.get height [as height] 
(file:///C:/Users/denni/OneDrive/Documents/piano-app/node_modules/vexflow/build/esm/src/element.js:376:18)
    at NoteHead.getBoundingBox 
(file:///C:/Users/denni/OneDrive/Documents/piano-app/node_modules/vexflow/build/esm/src/element.js:187:136)
    at NoteHead.getBoundingBox 
(file:///C:/Users/denni/OneDrive/Documents/piano-app/node_modules/vexflow/build/esm/src/note.js:377:35)
    at file:///C:/Users/denni/OneDrive/Documents/piano-app/node_modules/vexflow/build/esm/src/stavenote.js:410:44
    at Array.forEach (<anonymous>)
    at StaveNote.getBoundingBox 
(file:///C:/Users/denni/OneDrive/Documents/piano-app/node_modules/vexflow/build/esm/src/stavenote.js:409:25) undefined
Element: No context for txtCanvas. Returning empty text metrics.
Error: Not implemented: HTMLCanvasElement.prototype.getContext (without installing the canvas npm package)
    at module.exports 
(C:\Users\denni\OneDrive\Documents\piano-app\node_modules\jsdom\lib\jsdom\browser\not-implemented.js:9:17)
    at HTMLCanvasElementImpl.getContext 
(C:\Users\denni\OneDrive\Documents\piano-app\node_modules\jsdom\lib\jsdom\living\nodes\HTMLCanvasElement-impl.js:42:5)
    at HTMLCanvasElement.getContext 
(C:\Users\denni\OneDrive\Documents\piano-app\node_modules\jsdom\lib\jsdom\living\generated\HTMLCanvasElement.js:131:58)
    at NoteHead.measureText 
(file:///C:/Users/denni/OneDrive/Documents/piano-app/node_modules/vexflow/build/esm/src/element.js:341:107)
    at NoteHead.get textMetrics [as textMetrics] 
(file:///C:/Users/denni/OneDrive/Documents/piano-app/node_modules/vexflow/build/esm/src/element.js:368:18)
    at NoteHead.getBoundingBox 
(file:///C:/Users/denni/OneDrive/Documents/piano-app/node_modules/vexflow/build/esm/src/element.js:187:82)
    at NoteHead.getBoundingBox 
(file:///C:/Users/denni/OneDrive/Documents/piano-app/node_modules/vexflow/build/esm/src/note.js:377:35)
    at file:///C:/Users/denni/OneDrive/Documents/piano-app/node_modules/vexflow/build/esm/src/stavenote.js:410:44
    at Array.forEach (<anonymous>)
    at StaveNote.getBoundingBox 
(file:///C:/Users/denni/OneDrive/Documents/piano-app/node_modules/vexflow/build/esm/src/stavenote.js:409:25) undefined
Element: No context for txtCanvas. Returning empty text metrics.
Error: Not implemented: HTMLCanvasElement.prototype.getContext (without installing the canvas npm package)
    at module.exports 
(C:\Users\denni\OneDrive\Documents\piano-app\node_modules\jsdom\lib\jsdom\browser\not-implemented.js:9:17)
    at HTMLCanvasElementImpl.getContext 
(C:\Users\denni\OneDrive\Documents\piano-app\node_modules\jsdom\lib\jsdom\living\nodes\HTMLCanvasElement-impl.js:42:5)
    at HTMLCanvasElement.getContext 
(C:\Users\denni\OneDrive\Documents\piano-app\node_modules\jsdom\lib\jsdom\living\generated\HTMLCanvasElement.js:131:58)
    at NoteHead.measureText 
(file:///C:/Users/denni/OneDrive/Documents/piano-app/node_modules/vexflow/build/esm/src/element.js:341:107)
    at NoteHead.get width [as width] 
(file:///C:/Users/denni/OneDrive/Documents/piano-app/node_modules/vexflow/build/esm/src/element.js:277:18)
    at NoteHead.getBoundingBox 
(file:///C:/Users/denni/OneDrive/Documents/piano-app/node_modules/vexflow/build/esm/src/element.js:187:124)
    at NoteHead.getBoundingBox 
(file:///C:/Users/denni/OneDrive/Documents/piano-app/node_modules/vexflow/build/esm/src/note.js:377:35)
    at file:///C:/Users/denni/OneDrive/Documents/piano-app/node_modules/vexflow/build/esm/src/stavenote.js:410:44
    at Array.forEach (<anonymous>)
    at StaveNote.getBoundingBox 
(file:///C:/Users/denni/OneDrive/Documents/piano-app/node_modules/vexflow/build/esm/src/stavenote.js:409:25) undefined
Element: No context for txtCanvas. Returning empty text metrics.
Error: Not implemented: HTMLCanvasElement.prototype.getContext (without installing the canvas npm package)
    at module.exports 
(C:\Users\denni\OneDrive\Documents\piano-app\node_modules\jsdom\lib\jsdom\browser\not-implemented.js:9:17)
    at HTMLCanvasElementImpl.getContext 
(C:\Users\denni\OneDrive\Documents\piano-app\node_modules\jsdom\lib\jsdom\living\nodes\HTMLCanvasElement-impl.js:42:5)
    at HTMLCanvasElement.getContext 
(C:\Users\denni\OneDrive\Documents\piano-app\node_modules\jsdom\lib\jsdom\living\generated\HTMLCanvasElement.js:131:58)
    at NoteHead.measureText 
(file:///C:/Users/denni/OneDrive/Documents/piano-app/node_modules/vexflow/build/esm/src/element.js:341:107)
    at NoteHead.get height [as height] 
(file:///C:/Users/denni/OneDrive/Documents/piano-app/node_modules/vexflow/build/esm/src/element.js:376:18)
    at NoteHead.getBoundingBox 
(file:///C:/Users/denni/OneDrive/Documents/piano-app/node_modules/vexflow/build/esm/src/element.js:187:136)
    at NoteHead.getBoundingBox 
(file:///C:/Users/denni/OneDrive/Documents/piano-app/node_modules/vexflow/build/esm/src/note.js:377:35)
    at file:///C:/Users/denni/OneDrive/Documents/piano-app/node_modules/vexflow/build/esm/src/stavenote.js:410:44
    at Array.forEach (<anonymous>)
    at StaveNote.getBoundingBox 
(file:///C:/Users/denni/OneDrive/Documents/piano-app/node_modules/vexflow/build/esm/src/stavenote.js:409:25) undefined
Element: No context for txtCanvas. Returning empty text metrics.

stdout | src/test/i4v5-inversion-tracking.test.jsx > I-IV-V Inversion Tracking > should remember inversions played when moving between steps of same chord type
<empty line>
stderr | src/test/i4v5-inversion-tracking.test.jsx > I-IV-V Inversion Tracking > should remember inversions played 
when moving between steps of same chord type
Error: Not implemented: HTMLCanvasElement.prototype.getContext (without installing the canvas npm package)
    at module.exports 
(C:\Users\denni\OneDrive\Documents\piano-app\node_modules\jsdom\lib\jsdom\browser\not-implemented.js:9:17)
    at HTMLCanvasElementImpl.getContext 
(C:\Users\denni\OneDrive\Documents\piano-app\node_modules\jsdom\lib\jsdom\living\nodes\HTMLCanvasElement-impl.js:42:5)
    at HTMLCanvasElement.getContext 
(C:\Users\denni\OneDrive\Documents\piano-app\node_modules\jsdom\lib\jsdom\living\generated\HTMLCanvasElement.js:131:58)
    at StaveNote.measureText 
(file:///C:/Users/denni/OneDrive/Documents/piano-app/node_modules/vexflow/build/esm/src/element.js:341:107)
    at StaveNote.set width [as width] 
(file:///C:/Users/denni/OneDrive/Documents/piano-app/node_modules/vexflow/build/esm/src/element.js:286:18)
    at new Note (file:///C:/Users/denni/OneDrive/Documents/piano-app/node_modules/vexflow/build/esm/src/note.js:145:20)
    at new StemmableNote 
(file:///C:/Users/denni/OneDrive/Documents/piano-app/node_modules/vexflow/build/esm/src/stemmablenote.js:12:9)
    at new StaveNote 
(file:///C:/Users/denni/OneDrive/Documents/piano-app/node_modules/vexflow/build/esm/src/stavenote.js:252:9)
    at Factory.StaveNote 
(file:///C:/Users/denni/OneDrive/Documents/piano-app/node_modules/vexflow/build/esm/src/factory.js:131:22)
    at Builder.commitPiece 
(file:///C:/Users/denni/OneDrive/Documents/piano-app/node_modules/vexflow/build/esm/src/easyscore.js:280:23) undefined
Element: No context for txtCanvas. Returning empty text metrics.
Error: Not implemented: HTMLCanvasElement.prototype.getContext (without installing the canvas npm package)
    at module.exports 
(C:\Users\denni\OneDrive\Documents\piano-app\node_modules\jsdom\lib\jsdom\browser\not-implemented.js:9:17)
    at HTMLCanvasElementImpl.getContext 
(C:\Users\denni\OneDrive\Documents\piano-app\node_modules\jsdom\lib\jsdom\living\nodes\HTMLCanvasElement-impl.js:42:5)
    at HTMLCanvasElement.getContext 
(C:\Users\denni\OneDrive\Documents\piano-app\node_modules\jsdom\lib\jsdom\living\generated\HTMLCanvasElement.js:131:58)
    at NoteHead.measureText 
(file:///C:/Users/denni/OneDrive/Documents/piano-app/node_modules/vexflow/build/esm/src/element.js:341:107)
    at NoteHead.set width [as width] 
(file:///C:/Users/denni/OneDrive/Documents/piano-app/node_modules/vexflow/build/esm/src/element.js:286:18)
    at new Note (file:///C:/Users/denni/OneDrive/Documents/piano-app/node_modules/vexflow/build/esm/src/note.js:145:20)
    at new NoteHead 
(file:///C:/Users/denni/OneDrive/Documents/piano-app/node_modules/vexflow/build/esm/src/notehead.js:14:9)
    at StaveNote.buildNoteHeads 
(file:///C:/Users/denni/OneDrive/Documents/piano-app/node_modules/vexflow/build/esm/src/stavenote.js:343:30)
    at StaveNote.reset 
(file:///C:/Users/denni/OneDrive/Documents/piano-app/node_modules/vexflow/build/esm/src/stavenote.js:281:14)
    at StaveNote.setStemDirection 
(file:///C:/Users/denni/OneDrive/Documents/piano-app/node_modules/vexflow/build/esm/src/stemmablenote.js:100:14) 
undefined
Element: No context for txtCanvas. Returning empty text metrics.
Error: Not implemented: HTMLCanvasElement.prototype.getContext (without installing the canvas npm package)
    at module.exports 
(C:\Users\denni\OneDrive\Documents\piano-app\node_modules\jsdom\lib\jsdom\browser\not-implemented.js:9:17)
    at HTMLCanvasElementImpl.getContext 
(C:\Users\denni\OneDrive\Documents\piano-app\node_modules\jsdom\lib\jsdom\living\nodes\HTMLCanvasElement-impl.js:42:5)
    at HTMLCanvasElement.getContext 
(C:\Users\denni\OneDrive\Documents\piano-app\node_modules\jsdom\lib\jsdom\living\generated\HTMLCanvasElement.js:131:58)
    at NoteHead.measureText 
(file:///C:/Users/denni/OneDrive/Documents/piano-app/node_modules/vexflow/build/esm/src/element.js:341:107)
    at NoteHead.set width [as width] 
(file:///C:/Users/denni/OneDrive/Documents/piano-app/node_modules/vexflow/build/esm/src/element.js:286:18)
    at new Note (file:///C:/Users/denni/OneDrive/Documents/piano-app/node_modules/vexflow/build/esm/src/note.js:145:20)
    at new NoteHead 
(file:///C:/Users/denni/OneDrive/Documents/piano-app/node_modules/vexflow/build/esm/src/notehead.js:14:9)
    at StaveNote.buildNoteHeads 
(file:///C:/Users/denni/OneDrive/Documents/piano-app/node_modules/vexflow/build/esm/src/stavenote.js:343:30)
    at StaveNote.reset 
(file:///C:/Users/denni/OneDrive/Documents/piano-app/node_modules/vexflow/build/esm/src/stavenote.js:281:14)
    at StaveNote.setStemDirection 
(file:///C:/Users/denni/OneDrive/Documents/piano-app/node_modules/vexflow/build/esm/src/stemmablenote.js:100:14) 
undefined
Element: No context for txtCanvas. Returning empty text metrics.
Error: Not implemented: HTMLCanvasElement.prototype.getContext (without installing the canvas npm package)
    at module.exports 
(C:\Users\denni\OneDrive\Documents\piano-app\node_modules\jsdom\lib\jsdom\browser\not-implemented.js:9:17)
    at HTMLCanvasElementImpl.getContext 
(C:\Users\denni\OneDrive\Documents\piano-app\node_modules\jsdom\lib\jsdom\living\nodes\HTMLCanvasElement-impl.js:42:5)
    at HTMLCanvasElement.getContext 
(C:\Users\denni\OneDrive\Documents\piano-app\node_modules\jsdom\lib\jsdom\living\generated\HTMLCanvasElement.js:131:58)
    at NoteHead.measureText 
(file:///C:/Users/denni/OneDrive/Documents/piano-app/node_modules/vexflow/build/esm/src/element.js:341:107)
    at NoteHead.set width [as width] 
(file:///C:/Users/denni/OneDrive/Documents/piano-app/node_modules/vexflow/build/esm/src/element.js:286:18)
    at new Note (file:///C:/Users/denni/OneDrive/Documents/piano-app/node_modules/vexflow/build/esm/src/note.js:145:20)
    at new NoteHead 
(file:///C:/Users/denni/OneDrive/Documents/piano-app/node_modules/vexflow/build/esm/src/notehead.js:14:9)
    at StaveNote.buildNoteHeads 
(file:///C:/Users/denni/OneDrive/Documents/piano-app/node_modules/vexflow/build/esm/src/stavenote.js:343:30)
    at StaveNote.reset 
(file:///C:/Users/denni/OneDrive/Documents/piano-app/node_modules/vexflow/build/esm/src/stavenote.js:281:14)
    at StaveNote.setStemDirection 
(file:///C:/Users/denni/OneDrive/Documents/piano-app/node_modules/vexflow/build/esm/src/stemmablenote.js:100:14) 
undefined
Element: No context for txtCanvas. Returning empty text metrics.
Error: Not implemented: HTMLCanvasElement.prototype.getContext (without installing the canvas npm package)
    at module.exports 
(C:\Users\denni\OneDrive\Documents\piano-app\node_modules\jsdom\lib\jsdom\browser\not-implemented.js:9:17)
    at HTMLCanvasElementImpl.getContext 
(C:\Users\denni\OneDrive\Documents\piano-app\node_modules\jsdom\lib\jsdom\living\nodes\HTMLCanvasElement-impl.js:42:5)
    at HTMLCanvasElement.getContext 
(C:\Users\denni\OneDrive\Documents\piano-app\node_modules\jsdom\lib\jsdom\living\generated\HTMLCanvasElement.js:131:58)
    at Flag.measureText 
(file:///C:/Users/denni/OneDrive/Documents/piano-app/node_modules/vexflow/build/esm/src/element.js:341:107)
    at Flag.get height [as height] 
(file:///C:/Users/denni/OneDrive/Documents/piano-app/node_modules/vexflow/build/esm/src/element.js:376:18)
    at Flag.getHeight 
(file:///C:/Users/denni/OneDrive/Documents/piano-app/node_modules/vexflow/build/esm/src/element.js:372:21)
    at StaveNote.getStemExtension 
(file:///C:/Users/denni/OneDrive/Documents/piano-app/node_modules/vexflow/build/esm/src/stemmablenote.js:125:38)
    at StaveNote.getStemExtension 
(file:///C:/Users/denni/OneDrive/Documents/piano-app/node_modules/vexflow/build/esm/src/stavenote.js:784:42)
    at StaveNote.setStemDirection 
(file:///C:/Users/denni/OneDrive/Documents/piano-app/node_modules/vexflow/build/esm/src/stemmablenote.js:107:41)
    at new StaveNote 
(file:///C:/Users/denni/OneDrive/Documents/piano-app/node_modules/vexflow/build/esm/src/stavenote.js:273:18) undefined
Element: No context for txtCanvas. Returning empty text metrics.
Error: Not implemented: HTMLCanvasElement.prototype.getContext (without installing the canvas npm package)
    at module.exports 
(C:\Users\denni\OneDrive\Documents\piano-app\node_modules\jsdom\lib\jsdom\browser\not-implemented.js:9:17)
    at HTMLCanvasElementImpl.getContext 
(C:\Users\denni\OneDrive\Documents\piano-app\node_modules\jsdom\lib\jsdom\living\nodes\HTMLCanvasElement-impl.js:42:5)
    at HTMLCanvasElement.getContext 
(C:\Users\denni\OneDrive\Documents\piano-app\node_modules\jsdom\lib\jsdom\living\generated\HTMLCanvasElement.js:131:58)
    at NoteHead.measureText 
(file:///C:/Users/denni/OneDrive/Documents/piano-app/node_modules/vexflow/build/esm/src/element.js:341:107)
    at NoteHead.set width [as width] 
(file:///C:/Users/denni/OneDrive/Documents/piano-app/node_modules/vexflow/build/esm/src/element.js:286:18)
    at new Note (file:///C:/Users/denni/OneDrive/Documents/piano-app/node_modules/vexflow/build/esm/src/note.js:145:20)
    at new NoteHead 
(file:///C:/Users/denni/OneDrive/Documents/piano-app/node_modules/vexflow/build/esm/src/notehead.js:14:9)
    at StaveNote.buildNoteHeads 
(file:///C:/Users/denni/OneDrive/Documents/piano-app/node_modules/vexflow/build/esm/src/stavenote.js:343:30)
    at StaveNote.reset 
(file:///C:/Users/denni/OneDrive/Documents/piano-app/node_modules/vexflow/build/esm/src/stavenote.js:281:14)
    at new StaveNote 
(file:///C:/Users/denni/OneDrive/Documents/piano-app/node_modules/vexflow/build/esm/src/stavenote.js:275:14) undefined
Element: No context for txtCanvas. Returning empty text metrics.
Error: Not implemented: HTMLCanvasElement.prototype.getContext (without installing the canvas npm package)
    at module.exports 
(C:\Users\denni\OneDrive\Documents\piano-app\node_modules\jsdom\lib\jsdom\browser\not-implemented.js:9:17)
    at HTMLCanvasElementImpl.getContext 
(C:\Users\denni\OneDrive\Documents\piano-app\node_modules\jsdom\lib\jsdom\living\nodes\HTMLCanvasElement-impl.js:42:5)
    at HTMLCanvasElement.getContext 
(C:\Users\denni\OneDrive\Documents\piano-app\node_modules\jsdom\lib\jsdom\living\generated\HTMLCanvasElement.js:131:58)
    at NoteHead.measureText 
(file:///C:/Users/denni/OneDrive/Documents/piano-app/node_modules/vexflow/build/esm/src/element.js:341:107)
    at NoteHead.set width [as width] 
(file:///C:/Users/denni/OneDrive/Documents/piano-app/node_modules/vexflow/build/esm/src/element.js:286:18)
    at new Note (file:///C:/Users/denni/OneDrive/Documents/piano-app/node_modules/vexflow/build/esm/src/note.js:145:20)
    at new NoteHead 
(file:///C:/Users/denni/OneDrive/Documents/piano-app/node_modules/vexflow/build/esm/src/notehead.js:14:9)
    at StaveNote.buildNoteHeads 
(file:///C:/Users/denni/OneDrive/Documents/piano-app/node_modules/vexflow/build/esm/src/stavenote.js:343:30)
    at StaveNote.reset 
(file:///C:/Users/denni/OneDrive/Documents/piano-app/node_modules/vexflow/build/esm/src/stavenote.js:281:14)
    at new StaveNote 
(file:///C:/Users/denni/OneDrive/Documents/piano-app/node_modules/vexflow/build/esm/src/stavenote.js:275:14) undefined
Element: No context for txtCanvas. Returning empty text metrics.
Error: Not implemented: HTMLCanvasElement.prototype.getContext (without installing the canvas npm package)
    at module.exports 
(C:\Users\denni\OneDrive\Documents\piano-app\node_modules\jsdom\lib\jsdom\browser\not-implemented.js:9:17)
    at HTMLCanvasElementImpl.getContext 
(C:\Users\denni\OneDrive\Documents\piano-app\node_modules\jsdom\lib\jsdom\living\nodes\HTMLCanvasElement-impl.js:42:5)
    at HTMLCanvasElement.getContext 
(C:\Users\denni\OneDrive\Documents\piano-app\node_modules\jsdom\lib\jsdom\living\generated\HTMLCanvasElement.js:131:58)
    at NoteHead.measureText 
(file:///C:/Users/denni/OneDrive/Documents/piano-app/node_modules/vexflow/build/esm/src/element.js:341:107)
    at NoteHead.set width [as width] 
(file:///C:/Users/denni/OneDrive/Documents/piano-app/node_modules/vexflow/build/esm/src/element.js:286:18)
    at new Note (file:///C:/Users/denni/OneDrive/Documents/piano-app/node_modules/vexflow/build/esm/src/note.js:145:20)
    at new NoteHead 
(file:///C:/Users/denni/OneDrive/Documents/piano-app/node_modules/vexflow/build/esm/src/notehead.js:14:9)
    at StaveNote.buildNoteHeads 
(file:///C:/Users/denni/OneDrive/Documents/piano-app/node_modules/vexflow/build/esm/src/stavenote.js:343:30)
    at StaveNote.reset 
(file:///C:/Users/denni/OneDrive/Documents/piano-app/node_modules/vexflow/build/esm/src/stavenote.js:281:14)
    at new StaveNote 
(file:///C:/Users/denni/OneDrive/Documents/piano-app/node_modules/vexflow/build/esm/src/stavenote.js:275:14) undefined
Element: No context for txtCanvas. Returning empty text metrics.
Error: Not implemented: HTMLCanvasElement.prototype.getContext (without installing the canvas npm package)
    at module.exports 
(C:\Users\denni\OneDrive\Documents\piano-app\node_modules\jsdom\lib\jsdom\browser\not-implemented.js:9:17)
    at HTMLCanvasElementImpl.getContext 
(C:\Users\denni\OneDrive\Documents\piano-app\node_modules\jsdom\lib\jsdom\living\nodes\HTMLCanvasElement-impl.js:42:5)
    at HTMLCanvasElement.getContext 
(C:\Users\denni\OneDrive\Documents\piano-app\node_modules\jsdom\lib\jsdom\living\generated\HTMLCanvasElement.js:131:58)
    at NoteHead.measureText 
(file:///C:/Users/denni/OneDrive/Documents/piano-app/node_modules/vexflow/build/esm/src/element.js:341:107)
    at NoteHead.set width [as width] 
(file:///C:/Users/denni/OneDrive/Documents/piano-app/node_modules/vexflow/build/esm/src/element.js:286:18)
    at new Note (file:///C:/Users/denni/OneDrive/Documents/piano-app/node_modules/vexflow/build/esm/src/note.js:145:20)
    at new NoteHead 
(file:///C:/Users/denni/OneDrive/Documents/piano-app/node_modules/vexflow/build/esm/src/notehead.js:14:9)
    at StaveNote.buildNoteHeads 
(file:///C:/Users/denni/OneDrive/Documents/piano-app/node_modules/vexflow/build/esm/src/stavenote.js:343:30)
    at StaveNote.reset 
(file:///C:/Users/denni/OneDrive/Documents/piano-app/node_modules/vexflow/build/esm/src/stavenote.js:281:14)
    at StaveNote.setStemDirection 
(file:///C:/Users/denni/OneDrive/Documents/piano-app/node_modules/vexflow/build/esm/src/stemmablenote.js:100:14) 
undefined
Element: No context for txtCanvas. Returning empty text metrics.
Error: Not implemented: HTMLCanvasElement.prototype.getContext (without installing the canvas npm package)
    at module.exports 
(C:\Users\denni\OneDrive\Documents\piano-app\node_modules\jsdom\lib\jsdom\browser\not-implemented.js:9:17)
    at HTMLCanvasElementImpl.getContext 
(C:\Users\denni\OneDrive\Documents\piano-app\node_modules\jsdom\lib\jsdom\living\nodes\HTMLCanvasElement-impl.js:42:5)
    at HTMLCanvasElement.getContext 
(C:\Users\denni\OneDrive\Documents\piano-app\node_modules\jsdom\lib\jsdom\living\generated\HTMLCanvasElement.js:131:58)
    at NoteHead.measureText 
(file:///C:/Users/denni/OneDrive/Documents/piano-app/node_modules/vexflow/build/esm/src/element.js:341:107)
    at NoteHead.set width [as width] 
(file:///C:/Users/denni/OneDrive/Documents/piano-app/node_modules/vexflow/build/esm/src/element.js:286:18)
    at new Note (file:///C:/Users/denni/OneDrive/Documents/piano-app/node_modules/vexflow/build/esm/src/note.js:145:20)
    at new NoteHead 
(file:///C:/Users/denni/OneDrive/Documents/piano-app/node_modules/vexflow/build/esm/src/notehead.js:14:9)
    at StaveNote.buildNoteHeads 
(file:///C:/Users/denni/OneDrive/Documents/piano-app/node_modules/vexflow/build/esm/src/stavenote.js:343:30)
    at StaveNote.reset 
(file:///C:/Users/denni/OneDrive/Documents/piano-app/node_modules/vexflow/build/esm/src/stavenote.js:281:14)
    at StaveNote.setStemDirection 
(file:///C:/Users/denni/OneDrive/Documents/piano-app/node_modules/vexflow/build/esm/src/stemmablenote.js:100:14) 
undefined
Element: No context for txtCanvas. Returning empty text metrics.
Error: Not implemented: HTMLCanvasElement.prototype.getContext (without installing the canvas npm package)
    at module.exports 
(C:\Users\denni\OneDrive\Documents\piano-app\node_modules\jsdom\lib\jsdom\browser\not-implemented.js:9:17)
    at HTMLCanvasElementImpl.getContext 
(C:\Users\denni\OneDrive\Documents\piano-app\node_modules\jsdom\lib\jsdom\living\nodes\HTMLCanvasElement-impl.js:42:5)
    at HTMLCanvasElement.getContext 
(C:\Users\denni\OneDrive\Documents\piano-app\node_modules\jsdom\lib\jsdom\living\generated\HTMLCanvasElement.js:131:58)
    at NoteHead.measureText 
(file:///C:/Users/denni/OneDrive/Documents/piano-app/node_modules/vexflow/build/esm/src/element.js:341:107)
    at NoteHead.set width [as width] 
(file:///C:/Users/denni/OneDrive/Documents/piano-app/node_modules/vexflow/build/esm/src/element.js:286:18)
    at new Note (file:///C:/Users/denni/OneDrive/Documents/piano-app/node_modules/vexflow/build/esm/src/note.js:145:20)
    at new NoteHead 
(file:///C:/Users/denni/OneDrive/Documents/piano-app/node_modules/vexflow/build/esm/src/notehead.js:14:9)
    at StaveNote.buildNoteHeads 
(file:///C:/Users/denni/OneDrive/Documents/piano-app/node_modules/vexflow/build/esm/src/stavenote.js:343:30)
    at StaveNote.reset 
(file:///C:/Users/denni/OneDrive/Documents/piano-app/node_modules/vexflow/build/esm/src/stavenote.js:281:14)
    at StaveNote.setStemDirection 
(file:///C:/Users/denni/OneDrive/Documents/piano-app/node_modules/vexflow/build/esm/src/stemmablenote.js:100:14) 
undefined
Element: No context for txtCanvas. Returning empty text metrics.
Error: Not implemented: HTMLCanvasElement.prototype.getContext (without installing the canvas npm package)
    at module.exports 
(C:\Users\denni\OneDrive\Documents\piano-app\node_modules\jsdom\lib\jsdom\browser\not-implemented.js:9:17)
    at HTMLCanvasElementImpl.getContext 
(C:\Users\denni\OneDrive\Documents\piano-app\node_modules\jsdom\lib\jsdom\living\nodes\HTMLCanvasElement-impl.js:42:5)
    at HTMLCanvasElement.getContext 
(C:\Users\denni\OneDrive\Documents\piano-app\node_modules\jsdom\lib\jsdom\living\generated\HTMLCanvasElement.js:131:58)
    at Flag.measureText 
(file:///C:/Users/denni/OneDrive/Documents/piano-app/node_modules/vexflow/build/esm/src/element.js:341:107)
    at Flag.get height [as height] 
(file:///C:/Users/denni/OneDrive/Documents/piano-app/node_modules/vexflow/build/esm/src/element.js:376:18)
    at Flag.getHeight 
(file:///C:/Users/denni/OneDrive/Documents/piano-app/node_modules/vexflow/build/esm/src/element.js:372:21)
    at StaveNote.getStemExtension 
(file:///C:/Users/denni/OneDrive/Documents/piano-app/node_modules/vexflow/build/esm/src/stemmablenote.js:125:38)
    at StaveNote.getStemExtension 
(file:///C:/Users/denni/OneDrive/Documents/piano-app/node_modules/vexflow/build/esm/src/stavenote.js:784:42)
    at StaveNote.setStemDirection 
(file:///C:/Users/denni/OneDrive/Documents/piano-app/node_modules/vexflow/build/esm/src/stemmablenote.js:107:41)
    at Builder.commitPiece 
(file:///C:/Users/denni/OneDrive/Documents/piano-app/node_modules/vexflow/build/esm/src/easyscore.js:282:18) undefined
Element: No context for txtCanvas. Returning empty text metrics.
Error: Not implemented: HTMLCanvasElement.prototype.getContext (without installing the canvas npm package)
    at module.exports 
(C:\Users\denni\OneDrive\Documents\piano-app\node_modules\jsdom\lib\jsdom\browser\not-implemented.js:9:17)
    at HTMLCanvasElementImpl.getContext 
(C:\Users\denni\OneDrive\Documents\piano-app\node_modules\jsdom\lib\jsdom\living\nodes\HTMLCanvasElement-impl.js:42:5)
    at HTMLCanvasElement.getContext 
(C:\Users\denni\OneDrive\Documents\piano-app\node_modules\jsdom\lib\jsdom\living\generated\HTMLCanvasElement.js:131:58)
    at Stave.measureText 
(file:///C:/Users/denni/OneDrive/Documents/piano-app/node_modules/vexflow/build/esm/src/element.js:341:107)
    at Stave.set width [as width] 
(file:///C:/Users/denni/OneDrive/Documents/piano-app/node_modules/vexflow/build/esm/src/element.js:286:18)
    at new Stave 
(file:///C:/Users/denni/OneDrive/Documents/piano-app/node_modules/vexflow/build/esm/src/stave.js:43:20)
    at Factory.Stave 
(file:///C:/Users/denni/OneDrive/Documents/piano-app/node_modules/vexflow/build/esm/src/factory.js:115:23)
    at System.addStave 
(file:///C:/Users/denni/OneDrive/Documents/piano-app/node_modules/vexflow/build/esm/src/system.js:70:89)
    at Timeout.renderNotation [as _onTimeout] 
(C:\Users\denni\OneDrive\Documents\piano-app\src\components\SheetMusicDisplay.jsx:152:12)
    at listOnTimeout (node:internal/timers:605:17) undefined
Element: No context for txtCanvas. Returning empty text metrics.
Error: Not implemented: HTMLCanvasElement.prototype.getContext (without installing the canvas npm package)
    at module.exports 
(C:\Users\denni\OneDrive\Documents\piano-app\node_modules\jsdom\lib\jsdom\browser\not-implemented.js:9:17)
    at HTMLCanvasElementImpl.getContext 
(C:\Users\denni\OneDrive\Documents\piano-app\node_modules\jsdom\lib\jsdom\living\nodes\HTMLCanvasElement-impl.js:42:5)
    at HTMLCanvasElement.getContext 
(C:\Users\denni\OneDrive\Documents\piano-app\node_modules\jsdom\lib\jsdom\living\generated\HTMLCanvasElement.js:131:58)
    at Stave.measureText 
(file:///C:/Users/denni/OneDrive/Documents/piano-app/node_modules/vexflow/build/esm/src/element.js:341:107)
    at Stave.get width [as width] 
(file:///C:/Users/denni/OneDrive/Documents/piano-app/node_modules/vexflow/build/esm/src/element.js:277:18)
    at new Stave 
(file:///C:/Users/denni/OneDrive/Documents/piano-app/node_modules/vexflow/build/esm/src/stave.js:52:55)
    at Factory.Stave 
(file:///C:/Users/denni/OneDrive/Documents/piano-app/node_modules/vexflow/build/esm/src/factory.js:115:23)
    at System.addStave 
(file:///C:/Users/denni/OneDrive/Documents/piano-app/node_modules/vexflow/build/esm/src/system.js:70:89)
    at Timeout.renderNotation [as _onTimeout] 
(C:\Users\denni\OneDrive\Documents\piano-app\src\components\SheetMusicDisplay.jsx:152:12)
    at listOnTimeout (node:internal/timers:605:17) undefined
Element: No context for txtCanvas. Returning empty text metrics.
Error: Not implemented: HTMLCanvasElement.prototype.getContext (without installing the canvas npm package)
    at module.exports 
(C:\Users\denni\OneDrive\Documents\piano-app\node_modules\jsdom\lib\jsdom\browser\not-implemented.js:9:17)
    at HTMLCanvasElementImpl.getContext 
(C:\Users\denni\OneDrive\Documents\piano-app\node_modules\jsdom\lib\jsdom\living\nodes\HTMLCanvasElement-impl.js:42:5)
    at HTMLCanvasElement.getContext 
(C:\Users\denni\OneDrive\Documents\piano-app\node_modules\jsdom\lib\jsdom\living\generated\HTMLCanvasElement.js:131:58)
    at Stave.measureText 
(file:///C:/Users/denni/OneDrive/Documents/piano-app/node_modules/vexflow/build/esm/src/element.js:341:107)
    at Stave.set height [as height] 
(file:///C:/Users/denni/OneDrive/Documents/piano-app/node_modules/vexflow/build/esm/src/element.js:381:18)
    at Stave.resetLines 
(file:///C:/Users/denni/OneDrive/Documents/piano-app/node_modules/vexflow/build/esm/src/stave.js:72:21)
    at new Stave 
(file:///C:/Users/denni/OneDrive/Documents/piano-app/node_modules/vexflow/build/esm/src/stave.js:54:14)
    at Factory.Stave 
(file:///C:/Users/denni/OneDrive/Documents/piano-app/node_modules/vexflow/build/esm/src/factory.js:115:23)
    at System.addStave 
(file:///C:/Users/denni/OneDrive/Documents/piano-app/node_modules/vexflow/build/esm/src/system.js:70:89)
    at Timeout.renderNotation [as _onTimeout] 
(C:\Users\denni\OneDrive\Documents\piano-app\src\components\SheetMusicDisplay.jsx:152:12) undefined
Element: No context for txtCanvas. Returning empty text metrics.
Error: Not implemented: HTMLCanvasElement.prototype.getContext (without installing the canvas npm package)
    at module.exports 
(C:\Users\denni\OneDrive\Documents\piano-app\node_modules\jsdom\lib\jsdom\browser\not-implemented.js:9:17)
    at HTMLCanvasElementImpl.getContext 
(C:\Users\denni\OneDrive\Documents\piano-app\node_modules\jsdom\lib\jsdom\living\nodes\HTMLCanvasElement-impl.js:42:5)
    at HTMLCanvasElement.getContext 
(C:\Users\denni\OneDrive\Documents\piano-app\node_modules\jsdom\lib\jsdom\living\generated\HTMLCanvasElement.js:131:58)
    at Barline.measureText 
(file:///C:/Users/denni/OneDrive/Documents/piano-app/node_modules/vexflow/build/esm/src/element.js:341:107)
    at Barline.set width [as width] 
(file:///C:/Users/denni/OneDrive/Documents/piano-app/node_modules/vexflow/build/esm/src/element.js:286:18)
    at Barline.setWidth 
(file:///C:/Users/denni/OneDrive/Documents/piano-app/node_modules/vexflow/build/esm/src/element.js:281:20)
    at Barline.setType 
(file:///C:/Users/denni/OneDrive/Documents/piano-app/node_modules/vexflow/build/esm/src/stavebarline.js:102:14)
    at new Barline 
(file:///C:/Users/denni/OneDrive/Documents/piano-app/node_modules/vexflow/build/esm/src/stavebarline.js:95:14)
    at new Stave 
(file:///C:/Users/denni/OneDrive/Documents/piano-app/node_modules/vexflow/build/esm/src/stave.js:55:26)
    at Factory.Stave 
(file:///C:/Users/denni/OneDrive/Documents/piano-app/node_modules/vexflow/build/esm/src/factory.js:115:23) undefined
Element: No context for txtCanvas. Returning empty text metrics.
Error: Not implemented: HTMLCanvasElement.prototype.getContext (without installing the canvas npm package)
    at module.exports 
(C:\Users\denni\OneDrive\Documents\piano-app\node_modules\jsdom\lib\jsdom\browser\not-implemented.js:9:17)
    at HTMLCanvasElementImpl.getContext 
(C:\Users\denni\OneDrive\Documents\piano-app\node_modules\jsdom\lib\jsdom\living\nodes\HTMLCanvasElement-impl.js:42:5)
    at HTMLCanvasElement.getContext 
(C:\Users\denni\OneDrive\Documents\piano-app\node_modules\jsdom\lib\jsdom\living\generated\HTMLCanvasElement.js:131:58)
    at Barline.measureText 
(file:///C:/Users/denni/OneDrive/Documents/piano-app/node_modules/vexflow/build/esm/src/element.js:341:107)
    at Barline.set width [as width] 
(file:///C:/Users/denni/OneDrive/Documents/piano-app/node_modules/vexflow/build/esm/src/element.js:286:18)
    at Barline.setWidth 
(file:///C:/Users/denni/OneDrive/Documents/piano-app/node_modules/vexflow/build/esm/src/element.js:281:20)
    at Barline.setType 
(file:///C:/Users/denni/OneDrive/Documents/piano-app/node_modules/vexflow/build/esm/src/stavebarline.js:102:14)
    at new Barline 
(file:///C:/Users/denni/OneDrive/Documents/piano-app/node_modules/vexflow/build/esm/src/stavebarline.js:95:14)
    at new Stave 
(file:///C:/Users/denni/OneDrive/Documents/piano-app/node_modules/vexflow/build/esm/src/stave.js:56:29)
    at Factory.Stave 
(file:///C:/Users/denni/OneDrive/Documents/piano-app/node_modules/vexflow/build/esm/src/factory.js:115:23) undefined
Element: No context for txtCanvas. Returning empty text metrics.
Error: Not implemented: HTMLCanvasElement.prototype.getContext (without installing the canvas npm package)
    at module.exports 
(C:\Users\denni\OneDrive\Documents\piano-app\node_modules\jsdom\lib\jsdom\browser\not-implemented.js:9:17)
    at HTMLCanvasElementImpl.getContext 
(C:\Users\denni\OneDrive\Documents\piano-app\node_modules\jsdom\lib\jsdom\living\nodes\HTMLCanvasElement-impl.js:42:5)
    at HTMLCanvasElement.getContext 
(C:\Users\denni\OneDrive\Documents\piano-app\node_modules\jsdom\lib\jsdom\living\generated\HTMLCanvasElement.js:131:58)
    at Element.measureText 
(file:///C:/Users/denni/OneDrive/Documents/piano-app/node_modules/vexflow/build/esm/src/element.js:341:107)
    at Element.get width [as width] 
(file:///C:/Users/denni/OneDrive/Documents/piano-app/node_modules/vexflow/build/esm/src/element.js:277:18)
    at Element.getWidth 
(file:///C:/Users/denni/OneDrive/Documents/piano-app/node_modules/vexflow/build/esm/src/element.js:273:21)
    at TimeSignature.makeTimeSignatureGlyph 
(file:///C:/Users/denni/OneDrive/Documents/piano-app/node_modules/vexflow/build/esm/src/timesignature.js:71:33)
    at TimeSignature.setTimeSig 
(file:///C:/Users/denni/OneDrive/Documents/piano-app/node_modules/vexflow/build/esm/src/timesignature.js:103:18)
    at new TimeSignature 
(file:///C:/Users/denni/OneDrive/Documents/piano-app/node_modules/vexflow/build/esm/src/timesignature.js:32:14)
    at Stave.addTimeSignature 
(file:///C:/Users/denni/OneDrive/Documents/piano-app/node_modules/vexflow/build/esm/src/stave.js:336:26) undefined
Element: No context for txtCanvas. Returning empty text metrics.
Error: Not implemented: HTMLCanvasElement.prototype.getContext (without installing the canvas npm package)
    at module.exports 
(C:\Users\denni\OneDrive\Documents\piano-app\node_modules\jsdom\lib\jsdom\browser\not-implemented.js:9:17)
    at HTMLCanvasElementImpl.getContext 
(C:\Users\denni\OneDrive\Documents\piano-app\node_modules\jsdom\lib\jsdom\living\nodes\HTMLCanvasElement-impl.js:42:5)
    at HTMLCanvasElement.getContext 
(C:\Users\denni\OneDrive\Documents\piano-app\node_modules\jsdom\lib\jsdom\living\generated\HTMLCanvasElement.js:131:58)
    at Element.measureText 
(file:///C:/Users/denni/OneDrive/Documents/piano-app/node_modules/vexflow/build/esm/src/element.js:341:107)
    at Element.get height [as height] 
(file:///C:/Users/denni/OneDrive/Documents/piano-app/node_modules/vexflow/build/esm/src/element.js:376:18)
    at Element.getHeight 
(file:///C:/Users/denni/OneDrive/Documents/piano-app/node_modules/vexflow/build/esm/src/element.js:372:21)
    at TimeSignature.makeTimeSignatureGlyph 
(file:///C:/Users/denni/OneDrive/Documents/piano-app/node_modules/vexflow/build/esm/src/timesignature.js:72:31)
    at TimeSignature.setTimeSig 
(file:///C:/Users/denni/OneDrive/Documents/piano-app/node_modules/vexflow/build/esm/src/timesignature.js:103:18)
    at new TimeSignature 
(file:///C:/Users/denni/OneDrive/Documents/piano-app/node_modules/vexflow/build/esm/src/timesignature.js:32:14)
    at Stave.addTimeSignature 
(file:///C:/Users/denni/OneDrive/Documents/piano-app/node_modules/vexflow/build/esm/src/stave.js:336:26) undefined
Element: No context for txtCanvas. Returning empty text metrics.
Error: Not implemented: HTMLCanvasElement.prototype.getContext (without installing the canvas npm package)
    at module.exports 
(C:\Users\denni\OneDrive\Documents\piano-app\node_modules\jsdom\lib\jsdom\browser\not-implemented.js:9:17)
    at HTMLCanvasElementImpl.getContext 
(C:\Users\denni\OneDrive\Documents\piano-app\node_modules\jsdom\lib\jsdom\living\nodes\HTMLCanvasElement-impl.js:42:5)
    at HTMLCanvasElement.getContext 
(C:\Users\denni\OneDrive\Documents\piano-app\node_modules\jsdom\lib\jsdom\living\generated\HTMLCanvasElement.js:131:58)
    at Element.measureText 
(file:///C:/Users/denni/OneDrive/Documents/piano-app/node_modules/vexflow/build/esm/src/element.js:341:107)
    at Element.get width [as width] 
(file:///C:/Users/denni/OneDrive/Documents/piano-app/node_modules/vexflow/build/esm/src/element.js:277:18)
    at Element.getWidth 
(file:///C:/Users/denni/OneDrive/Documents/piano-app/node_modules/vexflow/build/esm/src/element.js:273:21)
    at TimeSignature.makeTimeSignatureGlyph 
(file:///C:/Users/denni/OneDrive/Documents/piano-app/node_modules/vexflow/build/esm/src/timesignature.js:80:33)
    at TimeSignature.setTimeSig 
(file:///C:/Users/denni/OneDrive/Documents/piano-app/node_modules/vexflow/build/esm/src/timesignature.js:103:18)
    at new TimeSignature 
(file:///C:/Users/denni/OneDrive/Documents/piano-app/node_modules/vexflow/build/esm/src/timesignature.js:32:14)
    at Stave.addTimeSignature 
(file:///C:/Users/denni/OneDrive/Documents/piano-app/node_modules/vexflow/build/esm/src/stave.js:336:26) undefined
Element: No context for txtCanvas. Returning empty text metrics.
Error: Not implemented: HTMLCanvasElement.prototype.getContext (without installing the canvas npm package)
    at module.exports 
(C:\Users\denni\OneDrive\Documents\piano-app\node_modules\jsdom\lib\jsdom\browser\not-implemented.js:9:17)
    at HTMLCanvasElementImpl.getContext 
(C:\Users\denni\OneDrive\Documents\piano-app\node_modules\jsdom\lib\jsdom\living\nodes\HTMLCanvasElement-impl.js:42:5)
    at HTMLCanvasElement.getContext 
(C:\Users\denni\OneDrive\Documents\piano-app\node_modules\jsdom\lib\jsdom\living\generated\HTMLCanvasElement.js:131:58)
    at Element.measureText 
(file:///C:/Users/denni/OneDrive/Documents/piano-app/node_modules/vexflow/build/esm/src/element.js:341:107)
    at Element.get height [as height] 
(file:///C:/Users/denni/OneDrive/Documents/piano-app/node_modules/vexflow/build/esm/src/element.js:376:18)
    at Element.getHeight 
(file:///C:/Users/denni/OneDrive/Documents/piano-app/node_modules/vexflow/build/esm/src/element.js:372:21)
    at TimeSignature.makeTimeSignatureGlyph 
(file:///C:/Users/denni/OneDrive/Documents/piano-app/node_modules/vexflow/build/esm/src/timesignature.js:81:48)
    at TimeSignature.setTimeSig 
(file:///C:/Users/denni/OneDrive/Documents/piano-app/node_modules/vexflow/build/esm/src/timesignature.js:103:18)
    at new TimeSignature 
(file:///C:/Users/denni/OneDrive/Documents/piano-app/node_modules/vexflow/build/esm/src/timesignature.js:32:14)
    at Stave.addTimeSignature 
(file:///C:/Users/denni/OneDrive/Documents/piano-app/node_modules/vexflow/build/esm/src/stave.js:336:26) undefined
Element: No context for txtCanvas. Returning empty text metrics.
Error: Not implemented: HTMLCanvasElement.prototype.getContext (without installing the canvas npm package)
    at module.exports 
(C:\Users\denni\OneDrive\Documents\piano-app\node_modules\jsdom\lib\jsdom\browser\not-implemented.js:9:17)
    at HTMLCanvasElementImpl.getContext 
(C:\Users\denni\OneDrive\Documents\piano-app\node_modules\jsdom\lib\jsdom\living\nodes\HTMLCanvasElement-impl.js:42:5)
    at HTMLCanvasElement.getContext 
(C:\Users\denni\OneDrive\Documents\piano-app\node_modules\jsdom\lib\jsdom\living\generated\HTMLCanvasElement.js:131:58)
    at TimeSignature.measureText 
(file:///C:/Users/denni/OneDrive/Documents/piano-app/node_modules/vexflow/build/esm/src/element.js:341:107)
    at TimeSignature.set width [as width] 
(file:///C:/Users/denni/OneDrive/Documents/piano-app/node_modules/vexflow/build/esm/src/element.js:286:18)
    at TimeSignature.makeTimeSignatureGlyph 
(file:///C:/Users/denni/OneDrive/Documents/piano-app/node_modules/vexflow/build/esm/src/timesignature.js:83:20)
    at TimeSignature.setTimeSig 
(file:///C:/Users/denni/OneDrive/Documents/piano-app/node_modules/vexflow/build/esm/src/timesignature.js:103:18)
    at new TimeSignature 
(file:///C:/Users/denni/OneDrive/Documents/piano-app/node_modules/vexflow/build/esm/src/timesignature.js:32:14)
    at Stave.addTimeSignature 
(file:///C:/Users/denni/OneDrive/Documents/piano-app/node_modules/vexflow/build/esm/src/stave.js:336:26)
    at Timeout.renderNotation [as _onTimeout] 
(C:\Users\denni\OneDrive\Documents\piano-app\src\components\SheetMusicDisplay.jsx:156:12) undefined
Element: No context for txtCanvas. Returning empty text metrics.
Error: Not implemented: HTMLCanvasElement.prototype.getContext (without installing the canvas npm package)
    at module.exports 
(C:\Users\denni\OneDrive\Documents\piano-app\node_modules\jsdom\lib\jsdom\browser\not-implemented.js:9:17)
    at HTMLCanvasElementImpl.getContext 
(C:\Users\denni\OneDrive\Documents\piano-app\node_modules\jsdom\lib\jsdom\living\nodes\HTMLCanvasElement-impl.js:42:5)
    at HTMLCanvasElement.getContext 
(C:\Users\denni\OneDrive\Documents\piano-app\node_modules\jsdom\lib\jsdom\living\generated\HTMLCanvasElement.js:131:58)
    at TimeSignature.measureText 
(file:///C:/Users/denni/OneDrive/Documents/piano-app/node_modules/vexflow/build/esm/src/element.js:341:107)
    at TimeSignature.get width [as width] 
(file:///C:/Users/denni/OneDrive/Documents/piano-app/node_modules/vexflow/build/esm/src/element.js:277:18)
    at TimeSignature.makeTimeSignatureGlyph 
(file:///C:/Users/denni/OneDrive/Documents/piano-app/node_modules/vexflow/build/esm/src/timesignature.js:84:32)
    at TimeSignature.setTimeSig 
(file:///C:/Users/denni/OneDrive/Documents/piano-app/node_modules/vexflow/build/esm/src/timesignature.js:103:18)
    at new TimeSignature 
(file:///C:/Users/denni/OneDrive/Documents/piano-app/node_modules/vexflow/build/esm/src/timesignature.js:32:14)
    at Stave.addTimeSignature 
(file:///C:/Users/denni/OneDrive/Documents/piano-app/node_modules/vexflow/build/esm/src/stave.js:336:26)
    at Timeout.renderNotation [as _onTimeout] 
(C:\Users\denni\OneDrive\Documents\piano-app\src\components\SheetMusicDisplay.jsx:156:12) undefined
Element: No context for txtCanvas. Returning empty text metrics.
Error: Not implemented: HTMLCanvasElement.prototype.getContext (without installing the canvas npm package)
    at module.exports 
(C:\Users\denni\OneDrive\Documents\piano-app\node_modules\jsdom\lib\jsdom\browser\not-implemented.js:9:17)
    at HTMLCanvasElementImpl.getContext 
(C:\Users\denni\OneDrive\Documents\piano-app\node_modules\jsdom\lib\jsdom\living\nodes\HTMLCanvasElement-impl.js:42:5)
    at HTMLCanvasElement.getContext 
(C:\Users\denni\OneDrive\Documents\piano-app\node_modules\jsdom\lib\jsdom\living\generated\HTMLCanvasElement.js:131:58)
    at TimeSignature.measureText 
(file:///C:/Users/denni/OneDrive/Documents/piano-app/node_modules/vexflow/build/esm/src/element.js:341:107)
    at TimeSignature.get width [as width] 
(file:///C:/Users/denni/OneDrive/Documents/piano-app/node_modules/vexflow/build/esm/src/element.js:277:18)
    at TimeSignature.makeTimeSignatureGlyph 
(file:///C:/Users/denni/OneDrive/Documents/piano-app/node_modules/vexflow/build/esm/src/timesignature.js:85:32)
    at TimeSignature.setTimeSig 
(file:///C:/Users/denni/OneDrive/Documents/piano-app/node_modules/vexflow/build/esm/src/timesignature.js:103:18)
    at new TimeSignature 
(file:///C:/Users/denni/OneDrive/Documents/piano-app/node_modules/vexflow/build/esm/src/timesignature.js:32:14)
    at Stave.addTimeSignature 
(file:///C:/Users/denni/OneDrive/Documents/piano-app/node_modules/vexflow/build/esm/src/stave.js:336:26)
    at Timeout.renderNotation [as _onTimeout] 
(C:\Users\denni\OneDrive\Documents\piano-app\src\components\SheetMusicDisplay.jsx:156:12) undefined
Element: No context for txtCanvas. Returning empty text metrics.
Error: Not implemented: HTMLCanvasElement.prototype.getContext (without installing the canvas npm package)
    at module.exports 
(C:\Users\denni\OneDrive\Documents\piano-app\node_modules\jsdom\lib\jsdom\browser\not-implemented.js:9:17)
    at HTMLCanvasElementImpl.getContext 
(C:\Users\denni\OneDrive\Documents\piano-app\node_modules\jsdom\lib\jsdom\living\nodes\HTMLCanvasElement-impl.js:42:5)
    at HTMLCanvasElement.getContext 
(C:\Users\denni\OneDrive\Documents\piano-app\node_modules\jsdom\lib\jsdom\living\generated\HTMLCanvasElement.js:131:58)
    at Barline.measureText 
(file:///C:/Users/denni/OneDrive/Documents/piano-app/node_modules/vexflow/build/esm/src/element.js:341:107)
    at Barline.get width [as width] 
(file:///C:/Users/denni/OneDrive/Documents/piano-app/node_modules/vexflow/build/esm/src/element.js:277:18)
    at Barline.getWidth 
(file:///C:/Users/denni/OneDrive/Documents/piano-app/node_modules/vexflow/build/esm/src/element.js:273:21)
    at Stave.format 
(file:///C:/Users/denni/OneDrive/Documents/piano-app/node_modules/vexflow/build/esm/src/stave.js:397:30)
    at Stave.getNoteStartX 
(file:///C:/Users/denni/OneDrive/Documents/piano-app/node_modules/vexflow/build/esm/src/stave.js:83:18)
    at file:///C:/Users/denni/OneDrive/Documents/piano-app/node_modules/vexflow/build/esm/src/system.js:109:44
    at Array.forEach (<anonymous>) undefined
Element: No context for txtCanvas. Returning empty text metrics.
Error: Not implemented: HTMLCanvasElement.prototype.getContext (without installing the canvas npm package)
    at module.exports 
(C:\Users\denni\OneDrive\Documents\piano-app\node_modules\jsdom\lib\jsdom\browser\not-implemented.js:9:17)
    at HTMLCanvasElementImpl.getContext 
(C:\Users\denni\OneDrive\Documents\piano-app\node_modules\jsdom\lib\jsdom\living\nodes\HTMLCanvasElement-impl.js:42:5)
    at HTMLCanvasElement.getContext 
(C:\Users\denni\OneDrive\Documents\piano-app\node_modules\jsdom\lib\jsdom\living\generated\HTMLCanvasElement.js:131:58)
    at Clef.measureText 
(file:///C:/Users/denni/OneDrive/Documents/piano-app/node_modules/vexflow/build/esm/src/element.js:341:107)
    at Clef.get width [as width] 
(file:///C:/Users/denni/OneDrive/Documents/piano-app/node_modules/vexflow/build/esm/src/element.js:277:18)
    at Clef.getWidth 
(file:///C:/Users/denni/OneDrive/Documents/piano-app/node_modules/vexflow/build/esm/src/element.js:273:21)
    at Stave.format 
(file:///C:/Users/denni/OneDrive/Documents/piano-app/node_modules/vexflow/build/esm/src/stave.js:397:30)
    at Stave.getNoteStartX 
(file:///C:/Users/denni/OneDrive/Documents/piano-app/node_modules/vexflow/build/esm/src/stave.js:83:18)
    at file:///C:/Users/denni/OneDrive/Documents/piano-app/node_modules/vexflow/build/esm/src/system.js:109:44
    at Array.forEach (<anonymous>) undefined
Element: No context for txtCanvas. Returning empty text metrics.
Error: Not implemented: HTMLCanvasElement.prototype.getContext (without installing the canvas npm package)
    at module.exports 
(C:\Users\denni\OneDrive\Documents\piano-app\node_modules\jsdom\lib\jsdom\browser\not-implemented.js:9:17)
    at HTMLCanvasElementImpl.getContext 
(C:\Users\denni\OneDrive\Documents\piano-app\node_modules\jsdom\lib\jsdom\living\nodes\HTMLCanvasElement-impl.js:42:5)
    at HTMLCanvasElement.getContext 
(C:\Users\denni\OneDrive\Documents\piano-app\node_modules\jsdom\lib\jsdom\living\generated\HTMLCanvasElement.js:131:58)
    at TimeSignature.measureText 
(file:///C:/Users/denni/OneDrive/Documents/piano-app/node_modules/vexflow/build/esm/src/element.js:341:107)
    at TimeSignature.get width [as width] 
(file:///C:/Users/denni/OneDrive/Documents/piano-app/node_modules/vexflow/build/esm/src/element.js:277:18)
    at TimeSignature.getWidth 
(file:///C:/Users/denni/OneDrive/Documents/piano-app/node_modules/vexflow/build/esm/src/element.js:273:21)
    at Stave.format 
(file:///C:/Users/denni/OneDrive/Documents/piano-app/node_modules/vexflow/build/esm/src/stave.js:397:30)
    at Stave.getNoteStartX 
(file:///C:/Users/denni/OneDrive/Documents/piano-app/node_modules/vexflow/build/esm/src/stave.js:83:18)
    at file:///C:/Users/denni/OneDrive/Documents/piano-app/node_modules/vexflow/build/esm/src/system.js:109:44
    at Array.forEach (<anonymous>) undefined
Element: No context for txtCanvas. Returning empty text metrics.
Error: Not implemented: HTMLCanvasElement.prototype.getContext (without installing the canvas npm package)
    at module.exports 
(C:\Users\denni\OneDrive\Documents\piano-app\node_modules\jsdom\lib\jsdom\browser\not-implemented.js:9:17)
    at HTMLCanvasElementImpl.getContext 
(C:\Users\denni\OneDrive\Documents\piano-app\node_modules\jsdom\lib\jsdom\living\nodes\HTMLCanvasElement-impl.js:42:5)
    at HTMLCanvasElement.getContext 
(C:\Users\denni\OneDrive\Documents\piano-app\node_modules\jsdom\lib\jsdom\living\generated\HTMLCanvasElement.js:131:58)
    at Stave.measureText 
(file:///C:/Users/denni/OneDrive/Documents/piano-app/node_modules/vexflow/build/esm/src/element.js:341:107)
    at Stave.get width [as width] 
(file:///C:/Users/denni/OneDrive/Documents/piano-app/node_modules/vexflow/build/esm/src/element.js:277:18)
    at Stave.format 
(file:///C:/Users/denni/OneDrive/Documents/piano-app/node_modules/vexflow/build/esm/src/stave.js:405:27)
    at Stave.getNoteStartX 
(file:///C:/Users/denni/OneDrive/Documents/piano-app/node_modules/vexflow/build/esm/src/stave.js:83:18)
    at file:///C:/Users/denni/OneDrive/Documents/piano-app/node_modules/vexflow/build/esm/src/system.js:109:44
    at Array.forEach (<anonymous>)
    at System.format 
(file:///C:/Users/denni/OneDrive/Documents/piano-app/node_modules/vexflow/build/esm/src/system.js:100:25) undefined
Element: No context for txtCanvas. Returning empty text metrics.
Error: Not implemented: HTMLCanvasElement.prototype.getContext (without installing the canvas npm package)
    at module.exports 
(C:\Users\denni\OneDrive\Documents\piano-app\node_modules\jsdom\lib\jsdom\browser\not-implemented.js:9:17)
    at HTMLCanvasElementImpl.getContext 
(C:\Users\denni\OneDrive\Documents\piano-app\node_modules\jsdom\lib\jsdom\living\nodes\HTMLCanvasElement-impl.js:42:5)
    at HTMLCanvasElement.getContext 
(C:\Users\denni\OneDrive\Documents\piano-app\node_modules\jsdom\lib\jsdom\living\generated\HTMLCanvasElement.js:131:58)
    at Stave.measureText 
(file:///C:/Users/denni/OneDrive/Documents/piano-app/node_modules/vexflow/build/esm/src/element.js:341:107)
    at Stave.get width [as width] 
(file:///C:/Users/denni/OneDrive/Documents/piano-app/node_modules/vexflow/build/esm/src/element.js:277:18)
    at Stave.format 
(file:///C:/Users/denni/OneDrive/Documents/piano-app/node_modules/vexflow/build/esm/src/stave.js:447:63)
    at Stave.getNoteStartX 
(file:///C:/Users/denni/OneDrive/Documents/piano-app/node_modules/vexflow/build/esm/src/stave.js:83:18)
    at file:///C:/Users/denni/OneDrive/Documents/piano-app/node_modules/vexflow/build/esm/src/system.js:109:44
    at Array.forEach (<anonymous>)
    at System.format 
(file:///C:/Users/denni/OneDrive/Documents/piano-app/node_modules/vexflow/build/esm/src/system.js:100:25) undefined
Element: No context for txtCanvas. Returning empty text metrics.
Error: Not implemented: HTMLCanvasElement.prototype.getContext (without installing the canvas npm package)
    at module.exports 
(C:\Users\denni\OneDrive\Documents\piano-app\node_modules\jsdom\lib\jsdom\browser\not-implemented.js:9:17)
    at HTMLCanvasElementImpl.getContext 
(C:\Users\denni\OneDrive\Documents\piano-app\node_modules\jsdom\lib\jsdom\living\nodes\HTMLCanvasElement-impl.js:42:5)
    at HTMLCanvasElement.getContext 
(C:\Users\denni\OneDrive\Documents\piano-app\node_modules\jsdom\lib\jsdom\living\generated\HTMLCanvasElement.js:131:58)
    at NoteHead.measureText 
(file:///C:/Users/denni/OneDrive/Documents/piano-app/node_modules/vexflow/build/esm/src/element.js:341:107)
    at NoteHead.get width [as width] 
(file:///C:/Users/denni/OneDrive/Documents/piano-app/node_modules/vexflow/build/esm/src/element.js:277:18)
    at NoteHead.getWidth 
(file:///C:/Users/denni/OneDrive/Documents/piano-app/node_modules/vexflow/build/esm/src/notehead.js:43:21)
    at StaveNote.getGlyphWidth 
(file:///C:/Users/denni/OneDrive/Documents/piano-app/node_modules/vexflow/build/esm/src/stavenote.js:592:34)
    at StaveNote.preFormat 
(file:///C:/Users/denni/OneDrive/Documents/piano-app/node_modules/vexflow/build/esm/src/stavenote.js:623:26)
    at TickContext.preFormat 
(file:///C:/Users/denni/OneDrive/Documents/piano-app/node_modules/vexflow/build/esm/src/tickcontext.js:149:22)
    at file:///C:/Users/denni/OneDrive/Documents/piano-app/node_modules/vexflow/build/esm/src/formatter.js:323:21 
undefined
Element: No context for txtCanvas. Returning empty text metrics.
Error: Not implemented: HTMLCanvasElement.prototype.getContext (without installing the canvas npm package)
    at module.exports 
(C:\Users\denni\OneDrive\Documents\piano-app\node_modules\jsdom\lib\jsdom\browser\not-implemented.js:9:17)
    at HTMLCanvasElementImpl.getContext 
(C:\Users\denni\OneDrive\Documents\piano-app\node_modules\jsdom\lib\jsdom\living\nodes\HTMLCanvasElement-impl.js:42:5)
    at HTMLCanvasElement.getContext 
(C:\Users\denni\OneDrive\Documents\piano-app\node_modules\jsdom\lib\jsdom\living\generated\HTMLCanvasElement.js:131:58)
    at StaveNote.measureText 
(file:///C:/Users/denni/OneDrive/Documents/piano-app/node_modules/vexflow/build/esm/src/element.js:341:107)
    at StaveNote.set width [as width] 
(file:///C:/Users/denni/OneDrive/Documents/piano-app/node_modules/vexflow/build/esm/src/element.js:286:18)
    at StaveNote.setWidth 
(file:///C:/Users/denni/OneDrive/Documents/piano-app/node_modules/vexflow/build/esm/src/element.js:281:20)
    at StaveNote.preFormat 
(file:///C:/Users/denni/OneDrive/Documents/piano-app/node_modules/vexflow/build/esm/src/stavenote.js:627:14)
    at TickContext.preFormat 
(file:///C:/Users/denni/OneDrive/Documents/piano-app/node_modules/vexflow/build/esm/src/tickcontext.js:149:22)
    at file:///C:/Users/denni/OneDrive/Documents/piano-app/node_modules/vexflow/build/esm/src/formatter.js:323:21
    at Array.forEach (<anonymous>) undefined
Element: No context for txtCanvas. Returning empty text metrics.
Error: Not implemented: HTMLCanvasElement.prototype.getContext (without installing the canvas npm package)
    at module.exports 
(C:\Users\denni\OneDrive\Documents\piano-app\node_modules\jsdom\lib\jsdom\browser\not-implemented.js:9:17)
    at HTMLCanvasElementImpl.getContext 
(C:\Users\denni\OneDrive\Documents\piano-app\node_modules\jsdom\lib\jsdom\living\nodes\HTMLCanvasElement-impl.js:42:5)
    at HTMLCanvasElement.getContext 
(C:\Users\denni\OneDrive\Documents\piano-app\node_modules\jsdom\lib\jsdom\living\generated\HTMLCanvasElement.js:131:58)
    at StaveNote.measureText 
(file:///C:/Users/denni/OneDrive/Documents/piano-app/node_modules/vexflow/build/esm/src/element.js:341:107)
    at StaveNote.get width [as width] 
(file:///C:/Users/denni/OneDrive/Documents/piano-app/node_modules/vexflow/build/esm/src/element.js:277:18)
    at StaveNote.getWidth 
(file:///C:/Users/denni/OneDrive/Documents/piano-app/node_modules/vexflow/build/esm/src/tickable.js:49:21)
    at StaveNote.getMetrics 
(file:///C:/Users/denni/OneDrive/Documents/piano-app/node_modules/vexflow/build/esm/src/note.js:321:28)
    at TickContext.preFormat 
(file:///C:/Users/denni/OneDrive/Documents/piano-app/node_modules/vexflow/build/esm/src/tickcontext.js:150:38)
    at file:///C:/Users/denni/OneDrive/Documents/piano-app/node_modules/vexflow/build/esm/src/formatter.js:323:21
    at Array.forEach (<anonymous>) undefined
Element: No context for txtCanvas. Returning empty text metrics.
Error: Not implemented: HTMLCanvasElement.prototype.getContext (without installing the canvas npm package)
    at module.exports 
(C:\Users\denni\OneDrive\Documents\piano-app\node_modules\jsdom\lib\jsdom\browser\not-implemented.js:9:17)
    at HTMLCanvasElementImpl.getContext 
(C:\Users\denni\OneDrive\Documents\piano-app\node_modules\jsdom\lib\jsdom\living\nodes\HTMLCanvasElement-impl.js:42:5)
    at HTMLCanvasElement.getContext 
(C:\Users\denni\OneDrive\Documents\piano-app\node_modules\jsdom\lib\jsdom\living\generated\HTMLCanvasElement.js:131:58)
    at NoteHead.measureText 
(file:///C:/Users/denni/OneDrive/Documents/piano-app/node_modules/vexflow/build/esm/src/element.js:341:107)
    at NoteHead.get width [as width] 
(file:///C:/Users/denni/OneDrive/Documents/piano-app/node_modules/vexflow/build/esm/src/element.js:277:18)
    at NoteHead.getWidth 
(file:///C:/Users/denni/OneDrive/Documents/piano-app/node_modules/vexflow/build/esm/src/notehead.js:43:21)
    at StaveNote.getGlyphWidth 
(file:///C:/Users/denni/OneDrive/Documents/piano-app/node_modules/vexflow/build/esm/src/stavenote.js:592:34)
    at StaveNote.getMetrics 
(file:///C:/Users/denni/OneDrive/Documents/piano-app/node_modules/vexflow/build/esm/src/note.js:322:33)
    at TickContext.preFormat 
(file:///C:/Users/denni/OneDrive/Documents/piano-app/node_modules/vexflow/build/esm/src/tickcontext.js:150:38)
    at file:///C:/Users/denni/OneDrive/Documents/piano-app/node_modules/vexflow/build/esm/src/formatter.js:323:21 
undefined
Element: No context for txtCanvas. Returning empty text metrics.
Error: Not implemented: HTMLCanvasElement.prototype.getContext (without installing the canvas npm package)
    at module.exports 
(C:\Users\denni\OneDrive\Documents\piano-app\node_modules\jsdom\lib\jsdom\browser\not-implemented.js:9:17)
    at HTMLCanvasElementImpl.getContext 
(C:\Users\denni\OneDrive\Documents\piano-app\node_modules\jsdom\lib\jsdom\living\nodes\HTMLCanvasElement-impl.js:42:5)
    at HTMLCanvasElement.getContext 
(C:\Users\denni\OneDrive\Documents\piano-app\node_modules\jsdom\lib\jsdom\living\generated\HTMLCanvasElement.js:131:58)
    at Stave.measureText 
(file:///C:/Users/denni/OneDrive/Documents/piano-app/node_modules/vexflow/build/esm/src/element.js:341:107)
    at Stave.get width [as width] 
(file:///C:/Users/denni/OneDrive/Documents/piano-app/node_modules/vexflow/build/esm/src/element.js:277:18)
    at Stave.draw 
(file:///C:/Users/denni/OneDrive/Documents/piano-app/node_modules/vexflow/build/esm/src/stave.js:458:28)
    at Stave.drawWithStyle 
(file:///C:/Users/denni/OneDrive/Documents/piano-app/node_modules/vexflow/build/esm/src/element.js:109:14)
    at file:///C:/Users/denni/OneDrive/Documents/piano-app/node_modules/vexflow/build/esm/src/factory.js:453:54
    at Array.forEach (<anonymous>)
    at Factory.draw 
(file:///C:/Users/denni/OneDrive/Documents/piano-app/node_modules/vexflow/build/esm/src/factory.js:453:21) undefined
Element: No context for txtCanvas. Returning empty text metrics.
Error: Not implemented: HTMLCanvasElement.prototype.getContext (without installing the canvas npm package)
    at module.exports 
(C:\Users\denni\OneDrive\Documents\piano-app\node_modules\jsdom\lib\jsdom\browser\not-implemented.js:9:17)
    at HTMLCanvasElementImpl.getContext 
(C:\Users\denni\OneDrive\Documents\piano-app\node_modules\jsdom\lib\jsdom\living\nodes\HTMLCanvasElement-impl.js:42:5)
    at HTMLCanvasElement.getContext 
(C:\Users\denni\OneDrive\Documents\piano-app\node_modules\jsdom\lib\jsdom\living\generated\HTMLCanvasElement.js:131:58)
    at NoteHead.measureText 
(file:///C:/Users/denni/OneDrive/Documents/piano-app/node_modules/vexflow/build/esm/src/element.js:341:107)
    at NoteHead.get width [as width] 
(file:///C:/Users/denni/OneDrive/Documents/piano-app/node_modules/vexflow/build/esm/src/element.js:277:18)
    at NoteHead.getWidth 
(file:///C:/Users/denni/OneDrive/Documents/piano-app/node_modules/vexflow/build/esm/src/notehead.js:43:21)
    at StaveNote.getGlyphWidth 
(file:///C:/Users/denni/OneDrive/Documents/piano-app/node_modules/vexflow/build/esm/src/stavenote.js:592:34)
    at StaveNote.getStemX 
(file:///C:/Users/denni/OneDrive/Documents/piano-app/node_modules/vexflow/build/esm/src/stemmablenote.js:116:63)
    at StaveNote.getStemX 
(file:///C:/Users/denni/OneDrive/Documents/piano-app/node_modules/vexflow/build/esm/src/stavenote.js:465:26)
    at StaveNote.draw 
(file:///C:/Users/denni/OneDrive/Documents/piano-app/node_modules/vexflow/build/esm/src/stavenote.js:822:32) undefined
Element: No context for txtCanvas. Returning empty text metrics.
Error: Not implemented: HTMLCanvasElement.prototype.getContext (without installing the canvas npm package)
    at module.exports 
(C:\Users\denni\OneDrive\Documents\piano-app\node_modules\jsdom\lib\jsdom\browser\not-implemented.js:9:17)
    at HTMLCanvasElementImpl.getContext 
(C:\Users\denni\OneDrive\Documents\piano-app\node_modules\jsdom\lib\jsdom\living\nodes\HTMLCanvasElement-impl.js:42:5)
    at HTMLCanvasElement.getContext 
(C:\Users\denni\OneDrive\Documents\piano-app\node_modules\jsdom\lib\jsdom\living\generated\HTMLCanvasElement.js:131:58)
    at NoteHead.measureText 
(file:///C:/Users/denni/OneDrive/Documents/piano-app/node_modules/vexflow/build/esm/src/element.js:341:107)
    at NoteHead.get width [as width] 
(file:///C:/Users/denni/OneDrive/Documents/piano-app/node_modules/vexflow/build/esm/src/element.js:277:18)
    at NoteHead.getWidth 
(file:///C:/Users/denni/OneDrive/Documents/piano-app/node_modules/vexflow/build/esm/src/notehead.js:43:21)
    at StaveNote.getGlyphWidth 
(file:///C:/Users/denni/OneDrive/Documents/piano-app/node_modules/vexflow/build/esm/src/stavenote.js:592:34)
    at StaveNote.drawLedgerLines 
(file:///C:/Users/denni/OneDrive/Documents/piano-app/node_modules/vexflow/build/esm/src/stavenote.js:690:28)
    at StaveNote.draw 
(file:///C:/Users/denni/OneDrive/Documents/piano-app/node_modules/vexflow/build/esm/src/stavenote.js:827:14)
    at StaveNote.drawWithStyle 
(file:///C:/Users/denni/OneDrive/Documents/piano-app/node_modules/vexflow/build/esm/src/element.js:109:14) undefined
Element: No context for txtCanvas. Returning empty text metrics.
Error: Not implemented: HTMLCanvasElement.prototype.getContext (without installing the canvas npm package)
    at module.exports 
(C:\Users\denni\OneDrive\Documents\piano-app\node_modules\jsdom\lib\jsdom\browser\not-implemented.js:9:17)
    at HTMLCanvasElementImpl.getContext 
(C:\Users\denni\OneDrive\Documents\piano-app\node_modules\jsdom\lib\jsdom\living\nodes\HTMLCanvasElement-impl.js:42:5)
    at HTMLCanvasElement.getContext 
(C:\Users\denni\OneDrive\Documents\piano-app\node_modules\jsdom\lib\jsdom\living\generated\HTMLCanvasElement.js:131:58)
    at NoteHead.measureText 
(file:///C:/Users/denni/OneDrive/Documents/piano-app/node_modules/vexflow/build/esm/src/element.js:341:107)
    at NoteHead.get width [as width] 
(file:///C:/Users/denni/OneDrive/Documents/piano-app/node_modules/vexflow/build/esm/src/element.js:277:18)
    at NoteHead.getWidth 
(file:///C:/Users/denni/OneDrive/Documents/piano-app/node_modules/vexflow/build/esm/src/notehead.js:43:21)
    at StaveNote.getGlyphWidth 
(file:///C:/Users/denni/OneDrive/Documents/piano-app/node_modules/vexflow/build/esm/src/stavenote.js:592:34)
    at StaveNote.drawLedgerLines 
(file:///C:/Users/denni/OneDrive/Documents/piano-app/node_modules/vexflow/build/esm/src/stavenote.js:691:39)
    at StaveNote.draw 
(file:///C:/Users/denni/OneDrive/Documents/piano-app/node_modules/vexflow/build/esm/src/stavenote.js:827:14)
    at StaveNote.drawWithStyle 
(file:///C:/Users/denni/OneDrive/Documents/piano-app/node_modules/vexflow/build/esm/src/element.js:109:14) undefined
Element: No context for txtCanvas. Returning empty text metrics.
Error: Not implemented: HTMLCanvasElement.prototype.getContext (without installing the canvas npm package)
    at module.exports 
(C:\Users\denni\OneDrive\Documents\piano-app\node_modules\jsdom\lib\jsdom\browser\not-implemented.js:9:17)
    at HTMLCanvasElementImpl.getContext 
(C:\Users\denni\OneDrive\Documents\piano-app\node_modules\jsdom\lib\jsdom\living\nodes\HTMLCanvasElement-impl.js:42:5)
    at HTMLCanvasElement.getContext 
(C:\Users\denni\OneDrive\Documents\piano-app\node_modules\jsdom\lib\jsdom\living\generated\HTMLCanvasElement.js:131:58)
    at NoteHead.measureText 
(file:///C:/Users/denni/OneDrive/Documents/piano-app/node_modules/vexflow/build/esm/src/element.js:341:107)
    at NoteHead.get textMetrics [as textMetrics] 
(file:///C:/Users/denni/OneDrive/Documents/piano-app/node_modules/vexflow/build/esm/src/element.js:368:18)
    at NoteHead.getBoundingBox 
(file:///C:/Users/denni/OneDrive/Documents/piano-app/node_modules/vexflow/build/esm/src/element.js:187:82)
    at NoteHead.getBoundingBox 
(file:///C:/Users/denni/OneDrive/Documents/piano-app/node_modules/vexflow/build/esm/src/note.js:377:35)
    at file:///C:/Users/denni/OneDrive/Documents/piano-app/node_modules/vexflow/build/esm/src/stavenote.js:410:44
    at Array.forEach (<anonymous>)
    at StaveNote.getBoundingBox 
(file:///C:/Users/denni/OneDrive/Documents/piano-app/node_modules/vexflow/build/esm/src/stavenote.js:409:25) undefined
Element: No context for txtCanvas. Returning empty text metrics.
Error: Not implemented: HTMLCanvasElement.prototype.getContext (without installing the canvas npm package)
    at module.exports 
(C:\Users\denni\OneDrive\Documents\piano-app\node_modules\jsdom\lib\jsdom\browser\not-implemented.js:9:17)
    at HTMLCanvasElementImpl.getContext 
(C:\Users\denni\OneDrive\Documents\piano-app\node_modules\jsdom\lib\jsdom\living\nodes\HTMLCanvasElement-impl.js:42:5)
    at HTMLCanvasElement.getContext 
(C:\Users\denni\OneDrive\Documents\piano-app\node_modules\jsdom\lib\jsdom\living\generated\HTMLCanvasElement.js:131:58)
    at NoteHead.measureText 
(file:///C:/Users/denni/OneDrive/Documents/piano-app/node_modules/vexflow/build/esm/src/element.js:341:107)
    at NoteHead.get width [as width] 
(file:///C:/Users/denni/OneDrive/Documents/piano-app/node_modules/vexflow/build/esm/src/element.js:277:18)
    at NoteHead.getBoundingBox 
(file:///C:/Users/denni/OneDrive/Documents/piano-app/node_modules/vexflow/build/esm/src/element.js:187:124)
    at NoteHead.getBoundingBox 
(file:///C:/Users/denni/OneDrive/Documents/piano-app/node_modules/vexflow/build/esm/src/note.js:377:35)
    at file:///C:/Users/denni/OneDrive/Documents/piano-app/node_modules/vexflow/build/esm/src/stavenote.js:410:44
    at Array.forEach (<anonymous>)
    at StaveNote.getBoundingBox 
(file:///C:/Users/denni/OneDrive/Documents/piano-app/node_modules/vexflow/build/esm/src/stavenote.js:409:25) undefined
Element: No context for txtCanvas. Returning empty text metrics.
Error: Not implemented: HTMLCanvasElement.prototype.getContext (without installing the canvas npm package)
    at module.exports 
(C:\Users\denni\OneDrive\Documents\piano-app\node_modules\jsdom\lib\jsdom\browser\not-implemented.js:9:17)
    at HTMLCanvasElementImpl.getContext 
(C:\Users\denni\OneDrive\Documents\piano-app\node_modules\jsdom\lib\jsdom\living\nodes\HTMLCanvasElement-impl.js:42:5)
    at HTMLCanvasElement.getContext 
(C:\Users\denni\OneDrive\Documents\piano-app\node_modules\jsdom\lib\jsdom\living\generated\HTMLCanvasElement.js:131:58)
    at NoteHead.measureText 
(file:///C:/Users/denni/OneDrive/Documents/piano-app/node_modules/vexflow/build/esm/src/element.js:341:107)
    at NoteHead.get height [as height] 
(file:///C:/Users/denni/OneDrive/Documents/piano-app/node_modules/vexflow/build/esm/src/element.js:376:18)
    at NoteHead.getBoundingBox 
(file:///C:/Users/denni/OneDrive/Documents/piano-app/node_modules/vexflow/build/esm/src/element.js:187:136)
    at NoteHead.getBoundingBox 
(file:///C:/Users/denni/OneDrive/Documents/piano-app/node_modules/vexflow/build/esm/src/note.js:377:35)
    at file:///C:/Users/denni/OneDrive/Documents/piano-app/node_modules/vexflow/build/esm/src/stavenote.js:410:44
    at Array.forEach (<anonymous>)
    at StaveNote.getBoundingBox 
(file:///C:/Users/denni/OneDrive/Documents/piano-app/node_modules/vexflow/build/esm/src/stavenote.js:409:25) undefined
Element: No context for txtCanvas. Returning empty text metrics.
Error: Not implemented: HTMLCanvasElement.prototype.getContext (without installing the canvas npm package)
    at module.exports 
(C:\Users\denni\OneDrive\Documents\piano-app\node_modules\jsdom\lib\jsdom\browser\not-implemented.js:9:17)
    at HTMLCanvasElementImpl.getContext 
(C:\Users\denni\OneDrive\Documents\piano-app\node_modules\jsdom\lib\jsdom\living\nodes\HTMLCanvasElement-impl.js:42:5)
    at HTMLCanvasElement.getContext 
(C:\Users\denni\OneDrive\Documents\piano-app\node_modules\jsdom\lib\jsdom\living\generated\HTMLCanvasElement.js:131:58)
    at NoteHead.measureText 
(file:///C:/Users/denni/OneDrive/Documents/piano-app/node_modules/vexflow/build/esm/src/element.js:341:107)
    at NoteHead.get textMetrics [as textMetrics] 
(file:///C:/Users/denni/OneDrive/Documents/piano-app/node_modules/vexflow/build/esm/src/element.js:368:18)
    at NoteHead.getBoundingBox 
(file:///C:/Users/denni/OneDrive/Documents/piano-app/node_modules/vexflow/build/esm/src/element.js:187:82)
    at NoteHead.getBoundingBox 
(file:///C:/Users/denni/OneDrive/Documents/piano-app/node_modules/vexflow/build/esm/src/note.js:377:35)
    at file:///C:/Users/denni/OneDrive/Documents/piano-app/node_modules/vexflow/build/esm/src/stavenote.js:410:44
    at Array.forEach (<anonymous>)
    at StaveNote.getBoundingBox 
(file:///C:/Users/denni/OneDrive/Documents/piano-app/node_modules/vexflow/build/esm/src/stavenote.js:409:25) undefined
Element: No context for txtCanvas. Returning empty text metrics.
Error: Not implemented: HTMLCanvasElement.prototype.getContext (without installing the canvas npm package)
    at module.exports 
(C:\Users\denni\OneDrive\Documents\piano-app\node_modules\jsdom\lib\jsdom\browser\not-implemented.js:9:17)
    at HTMLCanvasElementImpl.getContext 
(C:\Users\denni\OneDrive\Documents\piano-app\node_modules\jsdom\lib\jsdom\living\nodes\HTMLCanvasElement-impl.js:42:5)
    at HTMLCanvasElement.getContext 
(C:\Users\denni\OneDrive\Documents\piano-app\node_modules\jsdom\lib\jsdom\living\generated\HTMLCanvasElement.js:131:58)
    at NoteHead.measureText 
(file:///C:/Users/denni/OneDrive/Documents/piano-app/node_modules/vexflow/build/esm/src/element.js:341:107)
    at NoteHead.get width [as width] 
(file:///C:/Users/denni/OneDrive/Documents/piano-app/node_modules/vexflow/build/esm/src/element.js:277:18)
    at NoteHead.getBoundingBox 
(file:///C:/Users/denni/OneDrive/Documents/piano-app/node_modules/vexflow/build/esm/src/element.js:187:124)
    at NoteHead.getBoundingBox 
(file:///C:/Users/denni/OneDrive/Documents/piano-app/node_modules/vexflow/build/esm/src/note.js:377:35)
    at file:///C:/Users/denni/OneDrive/Documents/piano-app/node_modules/vexflow/build/esm/src/stavenote.js:410:44
    at Array.forEach (<anonymous>)
    at StaveNote.getBoundingBox 
(file:///C:/Users/denni/OneDrive/Documents/piano-app/node_modules/vexflow/build/esm/src/stavenote.js:409:25) undefined
Element: No context for txtCanvas. Returning empty text metrics.
Error: Not implemented: HTMLCanvasElement.prototype.getContext (without installing the canvas npm package)
    at module.exports 
(C:\Users\denni\OneDrive\Documents\piano-app\node_modules\jsdom\lib\jsdom\browser\not-implemented.js:9:17)
    at HTMLCanvasElementImpl.getContext 
(C:\Users\denni\OneDrive\Documents\piano-app\node_modules\jsdom\lib\jsdom\living\nodes\HTMLCanvasElement-impl.js:42:5)
    at HTMLCanvasElement.getContext 
(C:\Users\denni\OneDrive\Documents\piano-app\node_modules\jsdom\lib\jsdom\living\generated\HTMLCanvasElement.js:131:58)
    at NoteHead.measureText 
(file:///C:/Users/denni/OneDrive/Documents/piano-app/node_modules/vexflow/build/esm/src/element.js:341:107)
    at NoteHead.get height [as height] 
(file:///C:/Users/denni/OneDrive/Documents/piano-app/node_modules/vexflow/build/esm/src/element.js:376:18)
    at NoteHead.getBoundingBox 
(file:///C:/Users/denni/OneDrive/Documents/piano-app/node_modules/vexflow/build/esm/src/element.js:187:136)
    at NoteHead.getBoundingBox 
(file:///C:/Users/denni/OneDrive/Documents/piano-app/node_modules/vexflow/build/esm/src/note.js:377:35)
    at file:///C:/Users/denni/OneDrive/Documents/piano-app/node_modules/vexflow/build/esm/src/stavenote.js:410:44
    at Array.forEach (<anonymous>)
    at StaveNote.getBoundingBox 
(file:///C:/Users/denni/OneDrive/Documents/piano-app/node_modules/vexflow/build/esm/src/stavenote.js:409:25) undefined
Element: No context for txtCanvas. Returning empty text metrics.
Error: Not implemented: HTMLCanvasElement.prototype.getContext (without installing the canvas npm package)
    at module.exports 
(C:\Users\denni\OneDrive\Documents\piano-app\node_modules\jsdom\lib\jsdom\browser\not-implemented.js:9:17)
    at HTMLCanvasElementImpl.getContext 
(C:\Users\denni\OneDrive\Documents\piano-app\node_modules\jsdom\lib\jsdom\living\nodes\HTMLCanvasElement-impl.js:42:5)
    at HTMLCanvasElement.getContext 
(C:\Users\denni\OneDrive\Documents\piano-app\node_modules\jsdom\lib\jsdom\living\generated\HTMLCanvasElement.js:131:58)
    at NoteHead.measureText 
(file:///C:/Users/denni/OneDrive/Documents/piano-app/node_modules/vexflow/build/esm/src/element.js:341:107)
    at NoteHead.get textMetrics [as textMetrics] 
(file:///C:/Users/denni/OneDrive/Documents/piano-app/node_modules/vexflow/build/esm/src/element.js:368:18)
    at NoteHead.getBoundingBox 
(file:///C:/Users/denni/OneDrive/Documents/piano-app/node_modules/vexflow/build/esm/src/element.js:187:82)
    at NoteHead.getBoundingBox 
(file:///C:/Users/denni/OneDrive/Documents/piano-app/node_modules/vexflow/build/esm/src/note.js:377:35)
    at file:///C:/Users/denni/OneDrive/Documents/piano-app/node_modules/vexflow/build/esm/src/stavenote.js:410:44
    at Array.forEach (<anonymous>)
    at StaveNote.getBoundingBox 
(file:///C:/Users/denni/OneDrive/Documents/piano-app/node_modules/vexflow/build/esm/src/stavenote.js:409:25) undefined
Element: No context for txtCanvas. Returning empty text metrics.
Error: Not implemented: HTMLCanvasElement.prototype.getContext (without installing the canvas npm package)
    at module.exports 
(C:\Users\denni\OneDrive\Documents\piano-app\node_modules\jsdom\lib\jsdom\browser\not-implemented.js:9:17)
    at HTMLCanvasElementImpl.getContext 
(C:\Users\denni\OneDrive\Documents\piano-app\node_modules\jsdom\lib\jsdom\living\nodes\HTMLCanvasElement-impl.js:42:5)
    at HTMLCanvasElement.getContext 
(C:\Users\denni\OneDrive\Documents\piano-app\node_modules\jsdom\lib\jsdom\living\generated\HTMLCanvasElement.js:131:58)
    at NoteHead.measureText 
(file:///C:/Users/denni/OneDrive/Documents/piano-app/node_modules/vexflow/build/esm/src/element.js:341:107)
    at NoteHead.get width [as width] 
(file:///C:/Users/denni/OneDrive/Documents/piano-app/node_modules/vexflow/build/esm/src/element.js:277:18)
    at NoteHead.getBoundingBox 
(file:///C:/Users/denni/OneDrive/Documents/piano-app/node_modules/vexflow/build/esm/src/element.js:187:124)
    at NoteHead.getBoundingBox 
(file:///C:/Users/denni/OneDrive/Documents/piano-app/node_modules/vexflow/build/esm/src/note.js:377:35)
    at file:///C:/Users/denni/OneDrive/Documents/piano-app/node_modules/vexflow/build/esm/src/stavenote.js:410:44
    at Array.forEach (<anonymous>)
    at StaveNote.getBoundingBox 
(file:///C:/Users/denni/OneDrive/Documents/piano-app/node_modules/vexflow/build/esm/src/stavenote.js:409:25) undefined
Element: No context for txtCanvas. Returning empty text metrics.
Error: Not implemented: HTMLCanvasElement.prototype.getContext (without installing the canvas npm package)
    at module.exports 
(C:\Users\denni\OneDrive\Documents\piano-app\node_modules\jsdom\lib\jsdom\browser\not-implemented.js:9:17)
    at HTMLCanvasElementImpl.getContext 
(C:\Users\denni\OneDrive\Documents\piano-app\node_modules\jsdom\lib\jsdom\living\nodes\HTMLCanvasElement-impl.js:42:5)
    at HTMLCanvasElement.getContext 
(C:\Users\denni\OneDrive\Documents\piano-app\node_modules\jsdom\lib\jsdom\living\generated\HTMLCanvasElement.js:131:58)
    at NoteHead.measureText 
(file:///C:/Users/denni/OneDrive/Documents/piano-app/node_modules/vexflow/build/esm/src/element.js:341:107)
    at NoteHead.get height [as height] 
(file:///C:/Users/denni/OneDrive/Documents/piano-app/node_modules/vexflow/build/esm/src/element.js:376:18)
    at NoteHead.getBoundingBox 
(file:///C:/Users/denni/OneDrive/Documents/piano-app/node_modules/vexflow/build/esm/src/element.js:187:136)
    at NoteHead.getBoundingBox 
(file:///C:/Users/denni/OneDrive/Documents/piano-app/node_modules/vexflow/build/esm/src/note.js:377:35)
    at file:///C:/Users/denni/OneDrive/Documents/piano-app/node_modules/vexflow/build/esm/src/stavenote.js:410:44
    at Array.forEach (<anonymous>)
    at StaveNote.getBoundingBox 
(file:///C:/Users/denni/OneDrive/Documents/piano-app/node_modules/vexflow/build/esm/src/stavenote.js:409:25) undefined
Element: No context for txtCanvas. Returning empty text metrics.

stdout | src/test/i4v5-inversion-tracking.test.jsx > I-IV-V Inversion Tracking > should update inversion checkboxes when playing correct chord in non-target inversion
[useChordDetection] useEffect triggered { activeNotes: [], length: 0 }
[music-theory] identifyAllChords called { activeNotes: [], length: 0 }
[music-theory] identifyAllChords: insufficient notes { activeNotes: [], length: 0 }
[useChordDetection] All chords detected: 0 
[useChordDetection] Γ¥î NO CHORD DETECTED {
  activeNotes: [],
  activeNotesLength: 0,
  reason: 'Insufficient notes (need 3+)'
}
[useChordDetection] No suggestions (insufficient notes)
[App] ΓÜá∩╕Å No chord detected { activeNotes: [], activeNotesLength: 0 }
[App] Auto-enabled requireAllInversions for I-IV-V inversion exercise
[ProgressionBuilder] validateAndParse called { text: 'I IV V I', selectedRoot: 'C', selectedScaleType: 'major' }
[ProgressionBuilder] Validation successful: [
  { roman: 'I', name: 'C Major', type: 'roman' },
  { roman: 'IV', name: 'F Major', type: 'roman' },
  { roman: 'V', name: 'G Major', type: 'roman' },
  { roman: 'I', name: 'C Major', type: 'roman' }
]
[App] handleChordPractice called {
  activeNotes: [],
  activeNotesLength: 0,
  progression: [],
  progressionLength: 0,
  currentStepIndex: 0,
  mode: 'chord'
}
[music-theory] identifyChord called { activeNotes: [], length: 0 }
[music-theory] identifyChord: insufficient notes { activeNotes: [], length: 0 }
[App] Γ¥î NO CHORD in handleChordPractice { activeNotes: [], activeNotesLength: 0 }
[App] handleChordPractice: detected chord null
[App] handleChordPractice: no progression set
[App] handleChordPractice: idle, no progression
[App] getChordHighlights: target chord {
  name: 'C Major',
  inversion: '1st Inversion',
  inversionNumber: 1,
  midiNotes: [ 52, 55, 60, 64, 67, 72 ]
}
[App] handleChordPractice called {
  activeNotes: [],
  activeNotesLength: 0,
  progression: [
    { name: 'C Major', roman: 'I', inversion: '1st Inversion' },
    { name: 'C Major', roman: 'I', inversion: '2nd Inversion' },
    { name: 'C Major', roman: 'I', inversion: 'Root Position' },
    { name: 'C Major', roman: 'I', inversion: '2nd Inversion' },
    { name: 'C Major', roman: 'I', inversion: 'Root Position' },
    { name: 'C Major', roman: 'I', inversion: '1st Inversion' },
    { name: 'F Major', roman: 'IV', inversion: '1st Inversion' },
    { name: 'F Major', roman: 'IV', inversion: '2nd Inversion' },
    { name: 'F Major', roman: 'IV', inversion: 'Root Position' },
    { name: 'F Major', roman: 'IV', inversion: '2nd Inversion' },
    { name: 'F Major', roman: 'IV', inversion: 'Root Position' },
    { name: 'F Major', roman: 'IV', inversion: '1st Inversion' },
    { name: 'G Major', roman: 'V', inversion: '1st Inversion' },
    { name: 'G Major', roman: 'V', inversion: '2nd Inversion' },
    { name: 'G Major', roman: 'V', inversion: 'Root Position' },
    { name: 'G Major', roman: 'V', inversion: '2nd Inversion' },
    { name: 'G Major', roman: 'V', inversion: 'Root Position' },
    { name: 'G Major', roman: 'V', inversion: '1st Inversion' }
  ],
  progressionLength: 18,
  currentStepIndex: 0,
  mode: 'chord'
}
[music-theory] identifyChord called { activeNotes: [], length: 0 }
[music-theory] identifyChord: insufficient notes { activeNotes: [], length: 0 }
[App] Γ¥î NO CHORD in handleChordPractice { activeNotes: [], activeNotesLength: 0 }
[App] handleChordPractice: detected chord null
[App] handleChordPractice: target chord { name: 'C Major', roman: 'I', inversion: '1st Inversion' }
[App] handleChordPractice: status message (idle) Target: C Major (I)
[App] Chord type changed to I loaded inversions: []
[App] getChordHighlights: target chord {
  name: 'C Major',
  inversion: '1st Inversion',
  inversionNumber: 1,
  midiNotes: [ 52, 55, 60, 64, 67, 72 ]
}
[App] getChordHighlights: target chord {
  name: 'C Major',
  inversion: '1st Inversion',
  inversionNumber: 1,
  midiNotes: [ 52, 55, 60, 64, 67, 72 ]
}

stderr | src/test/i4v5-inversion-tracking.test.jsx > I-IV-V Inversion Tracking > should update inversion checkboxes 
when playing correct chord in non-target inversion
Error: Not implemented: HTMLCanvasElement.prototype.getContext (without installing the canvas npm package)
    at module.exports 
(C:\Users\denni\OneDrive\Documents\piano-app\node_modules\jsdom\lib\jsdom\browser\not-implemented.js:9:17)
    at HTMLCanvasElementImpl.getContext 
(C:\Users\denni\OneDrive\Documents\piano-app\node_modules\jsdom\lib\jsdom\living\nodes\HTMLCanvasElement-impl.js:42:5)
    at HTMLCanvasElement.getContext 
(C:\Users\denni\OneDrive\Documents\piano-app\node_modules\jsdom\lib\jsdom\living\generated\HTMLCanvasElement.js:131:58)
    at StaveNote.measureText 
(file:///C:/Users/denni/OneDrive/Documents/piano-app/node_modules/vexflow/build/esm/src/element.js:341:107)
    at StaveNote.set width [as width] 
(file:///C:/Users/denni/OneDrive/Documents/piano-app/node_modules/vexflow/build/esm/src/element.js:286:18)
    at new Note (file:///C:/Users/denni/OneDrive/Documents/piano-app/node_modules/vexflow/build/esm/src/note.js:145:20)
    at new StemmableNote 
(file:///C:/Users/denni/OneDrive/Documents/piano-app/node_modules/vexflow/build/esm/src/stemmablenote.js:12:9)
    at new StaveNote 
(file:///C:/Users/denni/OneDrive/Documents/piano-app/node_modules/vexflow/build/esm/src/stavenote.js:252:9)
    at Factory.StaveNote 
(file:///C:/Users/denni/OneDrive/Documents/piano-app/node_modules/vexflow/build/esm/src/factory.js:131:22)
    at Builder.commitPiece 
(file:///C:/Users/denni/OneDrive/Documents/piano-app/node_modules/vexflow/build/esm/src/easyscore.js:280:23) undefined
Element: No context for txtCanvas. Returning empty text metrics.
Error: Not implemented: HTMLCanvasElement.prototype.getContext (without installing the canvas npm package)
    at module.exports 
(C:\Users\denni\OneDrive\Documents\piano-app\node_modules\jsdom\lib\jsdom\browser\not-implemented.js:9:17)
    at HTMLCanvasElementImpl.getContext 
(C:\Users\denni\OneDrive\Documents\piano-app\node_modules\jsdom\lib\jsdom\living\nodes\HTMLCanvasElement-impl.js:42:5)
    at HTMLCanvasElement.getContext 
(C:\Users\denni\OneDrive\Documents\piano-app\node_modules\jsdom\lib\jsdom\living\generated\HTMLCanvasElement.js:131:58)
    at NoteHead.measureText 
(file:///C:/Users/denni/OneDrive/Documents/piano-app/node_modules/vexflow/build/esm/src/element.js:341:107)
    at NoteHead.set width [as width] 
(file:///C:/Users/denni/OneDrive/Documents/piano-app/node_modules/vexflow/build/esm/src/element.js:286:18)
    at new Note (file:///C:/Users/denni/OneDrive/Documents/piano-app/node_modules/vexflow/build/esm/src/note.js:145:20)
    at new NoteHead 
(file:///C:/Users/denni/OneDrive/Documents/piano-app/node_modules/vexflow/build/esm/src/notehead.js:14:9)
    at StaveNote.buildNoteHeads 
(file:///C:/Users/denni/OneDrive/Documents/piano-app/node_modules/vexflow/build/esm/src/stavenote.js:343:30)
    at StaveNote.reset 
(file:///C:/Users/denni/OneDrive/Documents/piano-app/node_modules/vexflow/build/esm/src/stavenote.js:281:14)
    at StaveNote.setStemDirection 
(file:///C:/Users/denni/OneDrive/Documents/piano-app/node_modules/vexflow/build/esm/src/stemmablenote.js:100:14) 
undefined
Element: No context for txtCanvas. Returning empty text metrics.
Error: Not implemented: HTMLCanvasElement.prototype.getContext (without installing the canvas npm package)
    at module.exports 
(C:\Users\denni\OneDrive\Documents\piano-app\node_modules\jsdom\lib\jsdom\browser\not-implemented.js:9:17)
    at HTMLCanvasElementImpl.getContext 
(C:\Users\denni\OneDrive\Documents\piano-app\node_modules\jsdom\lib\jsdom\living\nodes\HTMLCanvasElement-impl.js:42:5)
    at HTMLCanvasElement.getContext 
(C:\Users\denni\OneDrive\Documents\piano-app\node_modules\jsdom\lib\jsdom\living\generated\HTMLCanvasElement.js:131:58)
    at NoteHead.measureText 
(file:///C:/Users/denni/OneDrive/Documents/piano-app/node_modules/vexflow/build/esm/src/element.js:341:107)
    at NoteHead.set width [as width] 
(file:///C:/Users/denni/OneDrive/Documents/piano-app/node_modules/vexflow/build/esm/src/element.js:286:18)
    at new Note (file:///C:/Users/denni/OneDrive/Documents/piano-app/node_modules/vexflow/build/esm/src/note.js:145:20)
    at new NoteHead 
(file:///C:/Users/denni/OneDrive/Documents/piano-app/node_modules/vexflow/build/esm/src/notehead.js:14:9)
    at StaveNote.buildNoteHeads 
(file:///C:/Users/denni/OneDrive/Documents/piano-app/node_modules/vexflow/build/esm/src/stavenote.js:343:30)
    at StaveNote.reset 
(file:///C:/Users/denni/OneDrive/Documents/piano-app/node_modules/vexflow/build/esm/src/stavenote.js:281:14)
    at StaveNote.setStemDirection 
(file:///C:/Users/denni/OneDrive/Documents/piano-app/node_modules/vexflow/build/esm/src/stemmablenote.js:100:14) 
undefined
Element: No context for txtCanvas. Returning empty text metrics.
Error: Not implemented: HTMLCanvasElement.prototype.getContext (without installing the canvas npm package)
    at module.exports 
(C:\Users\denni\OneDrive\Documents\piano-app\node_modules\jsdom\lib\jsdom\browser\not-implemented.js:9:17)
    at HTMLCanvasElementImpl.getContext 
(C:\Users\denni\OneDrive\Documents\piano-app\node_modules\jsdom\lib\jsdom\living\nodes\HTMLCanvasElement-impl.js:42:5)
    at HTMLCanvasElement.getContext 
(C:\Users\denni\OneDrive\Documents\piano-app\node_modules\jsdom\lib\jsdom\living\generated\HTMLCanvasElement.js:131:58)
    at NoteHead.measureText 
(file:///C:/Users/denni/OneDrive/Documents/piano-app/node_modules/vexflow/build/esm/src/element.js:341:107)
    at NoteHead.set width [as width] 
(file:///C:/Users/denni/OneDrive/Documents/piano-app/node_modules/vexflow/build/esm/src/element.js:286:18)
    at new Note (file:///C:/Users/denni/OneDrive/Documents/piano-app/node_modules/vexflow/build/esm/src/note.js:145:20)
    at new NoteHead 
(file:///C:/Users/denni/OneDrive/Documents/piano-app/node_modules/vexflow/build/esm/src/notehead.js:14:9)
    at StaveNote.buildNoteHeads 
(file:///C:/Users/denni/OneDrive/Documents/piano-app/node_modules/vexflow/build/esm/src/stavenote.js:343:30)
    at StaveNote.reset 
(file:///C:/Users/denni/OneDrive/Documents/piano-app/node_modules/vexflow/build/esm/src/stavenote.js:281:14)
    at StaveNote.setStemDirection 
(file:///C:/Users/denni/OneDrive/Documents/piano-app/node_modules/vexflow/build/esm/src/stemmablenote.js:100:14) 
undefined
Element: No context for txtCanvas. Returning empty text metrics.
Error: Not implemented: HTMLCanvasElement.prototype.getContext (without installing the canvas npm package)
    at module.exports 
(C:\Users\denni\OneDrive\Documents\piano-app\node_modules\jsdom\lib\jsdom\browser\not-implemented.js:9:17)
    at HTMLCanvasElementImpl.getContext 
(C:\Users\denni\OneDrive\Documents\piano-app\node_modules\jsdom\lib\jsdom\living\nodes\HTMLCanvasElement-impl.js:42:5)
    at HTMLCanvasElement.getContext 
(C:\Users\denni\OneDrive\Documents\piano-app\node_modules\jsdom\lib\jsdom\living\generated\HTMLCanvasElement.js:131:58)
    at Flag.measureText 
(file:///C:/Users/denni/OneDrive/Documents/piano-app/node_modules/vexflow/build/esm/src/element.js:341:107)
    at Flag.get height [as height] 
(file:///C:/Users/denni/OneDrive/Documents/piano-app/node_modules/vexflow/build/esm/src/element.js:376:18)
    at Flag.getHeight 
(file:///C:/Users/denni/OneDrive/Documents/piano-app/node_modules/vexflow/build/esm/src/element.js:372:21)
    at StaveNote.getStemExtension 
(file:///C:/Users/denni/OneDrive/Documents/piano-app/node_modules/vexflow/build/esm/src/stemmablenote.js:125:38)
    at StaveNote.getStemExtension 
(file:///C:/Users/denni/OneDrive/Documents/piano-app/node_modules/vexflow/build/esm/src/stavenote.js:784:42)
    at StaveNote.setStemDirection 
(file:///C:/Users/denni/OneDrive/Documents/piano-app/node_modules/vexflow/build/esm/src/stemmablenote.js:107:41)
    at new StaveNote 
(file:///C:/Users/denni/OneDrive/Documents/piano-app/node_modules/vexflow/build/esm/src/stavenote.js:273:18) undefined
Element: No context for txtCanvas. Returning empty text metrics.
Error: Not implemented: HTMLCanvasElement.prototype.getContext (without installing the canvas npm package)
    at module.exports 
(C:\Users\denni\OneDrive\Documents\piano-app\node_modules\jsdom\lib\jsdom\browser\not-implemented.js:9:17)
    at HTMLCanvasElementImpl.getContext 
(C:\Users\denni\OneDrive\Documents\piano-app\node_modules\jsdom\lib\jsdom\living\nodes\HTMLCanvasElement-impl.js:42:5)
    at HTMLCanvasElement.getContext 
(C:\Users\denni\OneDrive\Documents\piano-app\node_modules\jsdom\lib\jsdom\living\generated\HTMLCanvasElement.js:131:58)
    at NoteHead.measureText 
(file:///C:/Users/denni/OneDrive/Documents/piano-app/node_modules/vexflow/build/esm/src/element.js:341:107)
    at NoteHead.set width [as width] 
(file:///C:/Users/denni/OneDrive/Documents/piano-app/node_modules/vexflow/build/esm/src/element.js:286:18)
    at new Note (file:///C:/Users/denni/OneDrive/Documents/piano-app/node_modules/vexflow/build/esm/src/note.js:145:20)
    at new NoteHead 
(file:///C:/Users/denni/OneDrive/Documents/piano-app/node_modules/vexflow/build/esm/src/notehead.js:14:9)
    at StaveNote.buildNoteHeads 
(file:///C:/Users/denni/OneDrive/Documents/piano-app/node_modules/vexflow/build/esm/src/stavenote.js:343:30)
    at StaveNote.reset 
(file:///C:/Users/denni/OneDrive/Documents/piano-app/node_modules/vexflow/build/esm/src/stavenote.js:281:14)
    at new StaveNote 
(file:///C:/Users/denni/OneDrive/Documents/piano-app/node_modules/vexflow/build/esm/src/stavenote.js:275:14) undefined
Element: No context for txtCanvas. Returning empty text metrics.
Error: Not implemented: HTMLCanvasElement.prototype.getContext (without installing the canvas npm package)
    at module.exports 
(C:\Users\denni\OneDrive\Documents\piano-app\node_modules\jsdom\lib\jsdom\browser\not-implemented.js:9:17)
    at HTMLCanvasElementImpl.getContext 
(C:\Users\denni\OneDrive\Documents\piano-app\node_modules\jsdom\lib\jsdom\living\nodes\HTMLCanvasElement-impl.js:42:5)
    at HTMLCanvasElement.getContext 
(C:\Users\denni\OneDrive\Documents\piano-app\node_modules\jsdom\lib\jsdom\living\generated\HTMLCanvasElement.js:131:58)
    at NoteHead.measureText 
(file:///C:/Users/denni/OneDrive/Documents/piano-app/node_modules/vexflow/build/esm/src/element.js:341:107)
    at NoteHead.set width [as width] 
(file:///C:/Users/denni/OneDrive/Documents/piano-app/node_modules/vexflow/build/esm/src/element.js:286:18)
    at new Note (file:///C:/Users/denni/OneDrive/Documents/piano-app/node_modules/vexflow/build/esm/src/note.js:145:20)
    at new NoteHead 
(file:///C:/Users/denni/OneDrive/Documents/piano-app/node_modules/vexflow/build/esm/src/notehead.js:14:9)
    at StaveNote.buildNoteHeads 
(file:///C:/Users/denni/OneDrive/Documents/piano-app/node_modules/vexflow/build/esm/src/stavenote.js:343:30)
    at StaveNote.reset 
(file:///C:/Users/denni/OneDrive/Documents/piano-app/node_modules/vexflow/build/esm/src/stavenote.js:281:14)
    at new StaveNote 
(file:///C:/Users/denni/OneDrive/Documents/piano-app/node_modules/vexflow/build/esm/src/stavenote.js:275:14) undefined
Element: No context for txtCanvas. Returning empty text metrics.
Error: Not implemented: HTMLCanvasElement.prototype.getContext (without installing the canvas npm package)
    at module.exports 
(C:\Users\denni\OneDrive\Documents\piano-app\node_modules\jsdom\lib\jsdom\browser\not-implemented.js:9:17)
    at HTMLCanvasElementImpl.getContext 
(C:\Users\denni\OneDrive\Documents\piano-app\node_modules\jsdom\lib\jsdom\living\nodes\HTMLCanvasElement-impl.js:42:5)
    at HTMLCanvasElement.getContext 
(C:\Users\denni\OneDrive\Documents\piano-app\node_modules\jsdom\lib\jsdom\living\generated\HTMLCanvasElement.js:131:58)
    at NoteHead.measureText 
(file:///C:/Users/denni/OneDrive/Documents/piano-app/node_modules/vexflow/build/esm/src/element.js:341:107)
    at NoteHead.set width [as width] 
(file:///C:/Users/denni/OneDrive/Documents/piano-app/node_modules/vexflow/build/esm/src/element.js:286:18)
    at new Note (file:///C:/Users/denni/OneDrive/Documents/piano-app/node_modules/vexflow/build/esm/src/note.js:145:20)
    at new NoteHead 
(file:///C:/Users/denni/OneDrive/Documents/piano-app/node_modules/vexflow/build/esm/src/notehead.js:14:9)
    at StaveNote.buildNoteHeads 
(file:///C:/Users/denni/OneDrive/Documents/piano-app/node_modules/vexflow/build/esm/src/stavenote.js:343:30)
    at StaveNote.reset 
(file:///C:/Users/denni/OneDrive/Documents/piano-app/node_modules/vexflow/build/esm/src/stavenote.js:281:14)
    at new StaveNote 
(file:///C:/Users/denni/OneDrive/Documents/piano-app/node_modules/vexflow/build/esm/src/stavenote.js:275:14) undefined
Element: No context for txtCanvas. Returning empty text metrics.
Error: Not implemented: HTMLCanvasElement.prototype.getContext (without installing the canvas npm package)
    at module.exports 
(C:\Users\denni\OneDrive\Documents\piano-app\node_modules\jsdom\lib\jsdom\browser\not-implemented.js:9:17)
    at HTMLCanvasElementImpl.getContext 
(C:\Users\denni\OneDrive\Documents\piano-app\node_modules\jsdom\lib\jsdom\living\nodes\HTMLCanvasElement-impl.js:42:5)
    at HTMLCanvasElement.getContext 
(C:\Users\denni\OneDrive\Documents\piano-app\node_modules\jsdom\lib\jsdom\living\generated\HTMLCanvasElement.js:131:58)
    at NoteHead.measureText 
(file:///C:/Users/denni/OneDrive/Documents/piano-app/node_modules/vexflow/build/esm/src/element.js:341:107)
    at NoteHead.set width [as width] 
(file:///C:/Users/denni/OneDrive/Documents/piano-app/node_modules/vexflow/build/esm/src/element.js:286:18)
    at new Note (file:///C:/Users/denni/OneDrive/Documents/piano-app/node_modules/vexflow/build/esm/src/note.js:145:20)
    at new NoteHead 
(file:///C:/Users/denni/OneDrive/Documents/piano-app/node_modules/vexflow/build/esm/src/notehead.js:14:9)
    at StaveNote.buildNoteHeads 
(file:///C:/Users/denni/OneDrive/Documents/piano-app/node_modules/vexflow/build/esm/src/stavenote.js:343:30)
    at StaveNote.reset 
(file:///C:/Users/denni/OneDrive/Documents/piano-app/node_modules/vexflow/build/esm/src/stavenote.js:281:14)
    at StaveNote.setStemDirection 
(file:///C:/Users/denni/OneDrive/Documents/piano-app/node_modules/vexflow/build/esm/src/stemmablenote.js:100:14) 
undefined
Element: No context for txtCanvas. Returning empty text metrics.
Error: Not implemented: HTMLCanvasElement.prototype.getContext (without installing the canvas npm package)
    at module.exports 
(C:\Users\denni\OneDrive\Documents\piano-app\node_modules\jsdom\lib\jsdom\browser\not-implemented.js:9:17)
    at HTMLCanvasElementImpl.getContext 
(C:\Users\denni\OneDrive\Documents\piano-app\node_modules\jsdom\lib\jsdom\living\nodes\HTMLCanvasElement-impl.js:42:5)
    at HTMLCanvasElement.getContext 
(C:\Users\denni\OneDrive\Documents\piano-app\node_modules\jsdom\lib\jsdom\living\generated\HTMLCanvasElement.js:131:58)
    at NoteHead.measureText 
(file:///C:/Users/denni/OneDrive/Documents/piano-app/node_modules/vexflow/build/esm/src/element.js:341:107)
    at NoteHead.set width [as width] 
(file:///C:/Users/denni/OneDrive/Documents/piano-app/node_modules/vexflow/build/esm/src/element.js:286:18)
    at new Note (file:///C:/Users/denni/OneDrive/Documents/piano-app/node_modules/vexflow/build/esm/src/note.js:145:20)
    at new NoteHead 
(file:///C:/Users/denni/OneDrive/Documents/piano-app/node_modules/vexflow/build/esm/src/notehead.js:14:9)
    at StaveNote.buildNoteHeads 
(file:///C:/Users/denni/OneDrive/Documents/piano-app/node_modules/vexflow/build/esm/src/stavenote.js:343:30)
    at StaveNote.reset 
(file:///C:/Users/denni/OneDrive/Documents/piano-app/node_modules/vexflow/build/esm/src/stavenote.js:281:14)
    at StaveNote.setStemDirection 
(file:///C:/Users/denni/OneDrive/Documents/piano-app/node_modules/vexflow/build/esm/src/stemmablenote.js:100:14) 
undefined
Element: No context for txtCanvas. Returning empty text metrics.
Error: Not implemented: HTMLCanvasElement.prototype.getContext (without installing the canvas npm package)
    at module.exports 
(C:\Users\denni\OneDrive\Documents\piano-app\node_modules\jsdom\lib\jsdom\browser\not-implemented.js:9:17)
    at HTMLCanvasElementImpl.getContext 
(C:\Users\denni\OneDrive\Documents\piano-app\node_modules\jsdom\lib\jsdom\living\nodes\HTMLCanvasElement-impl.js:42:5)
    at HTMLCanvasElement.getContext 
(C:\Users\denni\OneDrive\Documents\piano-app\node_modules\jsdom\lib\jsdom\living\generated\HTMLCanvasElement.js:131:58)
    at NoteHead.measureText 
(file:///C:/Users/denni/OneDrive/Documents/piano-app/node_modules/vexflow/build/esm/src/element.js:341:107)
    at NoteHead.set width [as width] 
(file:///C:/Users/denni/OneDrive/Documents/piano-app/node_modules/vexflow/build/esm/src/element.js:286:18)
    at new Note (file:///C:/Users/denni/OneDrive/Documents/piano-app/node_modules/vexflow/build/esm/src/note.js:145:20)
    at new NoteHead 
(file:///C:/Users/denni/OneDrive/Documents/piano-app/node_modules/vexflow/build/esm/src/notehead.js:14:9)
    at StaveNote.buildNoteHeads 
(file:///C:/Users/denni/OneDrive/Documents/piano-app/node_modules/vexflow/build/esm/src/stavenote.js:343:30)
    at StaveNote.reset 
(file:///C:/Users/denni/OneDrive/Documents/piano-app/node_modules/vexflow/build/esm/src/stavenote.js:281:14)
    at StaveNote.setStemDirection 
(file:///C:/Users/denni/OneDrive/Documents/piano-app/node_modules/vexflow/build/esm/src/stemmablenote.js:100:14) 
undefined
Element: No context for txtCanvas. Returning empty text metrics.
Error: Not implemented: HTMLCanvasElement.prototype.getContext (without installing the canvas npm package)
    at module.exports 
(C:\Users\denni\OneDrive\Documents\piano-app\node_modules\jsdom\lib\jsdom\browser\not-implemented.js:9:17)
    at HTMLCanvasElementImpl.getContext 
(C:\Users\denni\OneDrive\Documents\piano-app\node_modules\jsdom\lib\jsdom\living\nodes\HTMLCanvasElement-impl.js:42:5)
    at HTMLCanvasElement.getContext 
(C:\Users\denni\OneDrive\Documents\piano-app\node_modules\jsdom\lib\jsdom\living\generated\HTMLCanvasElement.js:131:58)
    at Flag.measureText 
(file:///C:/Users/denni/OneDrive/Documents/piano-app/node_modules/vexflow/build/esm/src/element.js:341:107)
    at Flag.get height [as height] 
(file:///C:/Users/denni/OneDrive/Documents/piano-app/node_modules/vexflow/build/esm/src/element.js:376:18)
    at Flag.getHeight 
(file:///C:/Users/denni/OneDrive/Documents/piano-app/node_modules/vexflow/build/esm/src/element.js:372:21)
    at StaveNote.getStemExtension 
(file:///C:/Users/denni/OneDrive/Documents/piano-app/node_modules/vexflow/build/esm/src/stemmablenote.js:125:38)
    at StaveNote.getStemExtension 
(file:///C:/Users/denni/OneDrive/Documents/piano-app/node_modules/vexflow/build/esm/src/stavenote.js:784:42)
    at StaveNote.setStemDirection 
(file:///C:/Users/denni/OneDrive/Documents/piano-app/node_modules/vexflow/build/esm/src/stemmablenote.js:107:41)
    at Builder.commitPiece 
(file:///C:/Users/denni/OneDrive/Documents/piano-app/node_modules/vexflow/build/esm/src/easyscore.js:282:18) undefined
Element: No context for txtCanvas. Returning empty text metrics.
Error: Not implemented: HTMLCanvasElement.prototype.getContext (without installing the canvas npm package)
    at module.exports 
(C:\Users\denni\OneDrive\Documents\piano-app\node_modules\jsdom\lib\jsdom\browser\not-implemented.js:9:17)
    at HTMLCanvasElementImpl.getContext 
(C:\Users\denni\OneDrive\Documents\piano-app\node_modules\jsdom\lib\jsdom\living\nodes\HTMLCanvasElement-impl.js:42:5)
    at HTMLCanvasElement.getContext 
(C:\Users\denni\OneDrive\Documents\piano-app\node_modules\jsdom\lib\jsdom\living\generated\HTMLCanvasElement.js:131:58)
    at Stave.measureText 
(file:///C:/Users/denni/OneDrive/Documents/piano-app/node_modules/vexflow/build/esm/src/element.js:341:107)
    at Stave.set width [as width] 
(file:///C:/Users/denni/OneDrive/Documents/piano-app/node_modules/vexflow/build/esm/src/element.js:286:18)
    at new Stave 
(file:///C:/Users/denni/OneDrive/Documents/piano-app/node_modules/vexflow/build/esm/src/stave.js:43:20)
    at Factory.Stave 
(file:///C:/Users/denni/OneDrive/Documents/piano-app/node_modules/vexflow/build/esm/src/factory.js:115:23)
    at System.addStave 
(file:///C:/Users/denni/OneDrive/Documents/piano-app/node_modules/vexflow/build/esm/src/system.js:70:89)
    at Timeout.renderNotation [as _onTimeout] 
(C:\Users\denni\OneDrive\Documents\piano-app\src\components\SheetMusicDisplay.jsx:152:12)
    at listOnTimeout (node:internal/timers:605:17) undefined
Element: No context for txtCanvas. Returning empty text metrics.
Error: Not implemented: HTMLCanvasElement.prototype.getContext (without installing the canvas npm package)
    at module.exports 
(C:\Users\denni\OneDrive\Documents\piano-app\node_modules\jsdom\lib\jsdom\browser\not-implemented.js:9:17)
    at HTMLCanvasElementImpl.getContext 
(C:\Users\denni\OneDrive\Documents\piano-app\node_modules\jsdom\lib\jsdom\living\nodes\HTMLCanvasElement-impl.js:42:5)
    at HTMLCanvasElement.getContext 
(C:\Users\denni\OneDrive\Documents\piano-app\node_modules\jsdom\lib\jsdom\living\generated\HTMLCanvasElement.js:131:58)
    at Stave.measureText 
(file:///C:/Users/denni/OneDrive/Documents/piano-app/node_modules/vexflow/build/esm/src/element.js:341:107)
    at Stave.get width [as width] 
(file:///C:/Users/denni/OneDrive/Documents/piano-app/node_modules/vexflow/build/esm/src/element.js:277:18)
    at new Stave 
(file:///C:/Users/denni/OneDrive/Documents/piano-app/node_modules/vexflow/build/esm/src/stave.js:52:55)
    at Factory.Stave 
(file:///C:/Users/denni/OneDrive/Documents/piano-app/node_modules/vexflow/build/esm/src/factory.js:115:23)
    at System.addStave 
(file:///C:/Users/denni/OneDrive/Documents/piano-app/node_modules/vexflow/build/esm/src/system.js:70:89)
    at Timeout.renderNotation [as _onTimeout] 
(C:\Users\denni\OneDrive\Documents\piano-app\src\components\SheetMusicDisplay.jsx:152:12)
    at listOnTimeout (node:internal/timers:605:17) undefined
Element: No context for txtCanvas. Returning empty text metrics.
Error: Not implemented: HTMLCanvasElement.prototype.getContext (without installing the canvas npm package)
    at module.exports 
(C:\Users\denni\OneDrive\Documents\piano-app\node_modules\jsdom\lib\jsdom\browser\not-implemented.js:9:17)
    at HTMLCanvasElementImpl.getContext 
(C:\Users\denni\OneDrive\Documents\piano-app\node_modules\jsdom\lib\jsdom\living\nodes\HTMLCanvasElement-impl.js:42:5)
    at HTMLCanvasElement.getContext 
(C:\Users\denni\OneDrive\Documents\piano-app\node_modules\jsdom\lib\jsdom\living\generated\HTMLCanvasElement.js:131:58)
    at Stave.measureText 
(file:///C:/Users/denni/OneDrive/Documents/piano-app/node_modules/vexflow/build/esm/src/element.js:341:107)
    at Stave.set height [as height] 
(file:///C:/Users/denni/OneDrive/Documents/piano-app/node_modules/vexflow/build/esm/src/element.js:381:18)
    at Stave.resetLines 
(file:///C:/Users/denni/OneDrive/Documents/piano-app/node_modules/vexflow/build/esm/src/stave.js:72:21)
    at new Stave 
(file:///C:/Users/denni/OneDrive/Documents/piano-app/node_modules/vexflow/build/esm/src/stave.js:54:14)
    at Factory.Stave 
(file:///C:/Users/denni/OneDrive/Documents/piano-app/node_modules/vexflow/build/esm/src/factory.js:115:23)
    at System.addStave 
(file:///C:/Users/denni/OneDrive/Documents/piano-app/node_modules/vexflow/build/esm/src/system.js:70:89)
    at Timeout.renderNotation [as _onTimeout] 
(C:\Users\denni\OneDrive\Documents\piano-app\src\components\SheetMusicDisplay.jsx:152:12) undefined
Element: No context for txtCanvas. Returning empty text metrics.
Error: Not implemented: HTMLCanvasElement.prototype.getContext (without installing the canvas npm package)
    at module.exports 
(C:\Users\denni\OneDrive\Documents\piano-app\node_modules\jsdom\lib\jsdom\browser\not-implemented.js:9:17)
    at HTMLCanvasElementImpl.getContext 
(C:\Users\denni\OneDrive\Documents\piano-app\node_modules\jsdom\lib\jsdom\living\nodes\HTMLCanvasElement-impl.js:42:5)
    at HTMLCanvasElement.getContext 
(C:\Users\denni\OneDrive\Documents\piano-app\node_modules\jsdom\lib\jsdom\living\generated\HTMLCanvasElement.js:131:58)
    at Barline.measureText 
(file:///C:/Users/denni/OneDrive/Documents/piano-app/node_modules/vexflow/build/esm/src/element.js:341:107)
    at Barline.set width [as width] 
(file:///C:/Users/denni/OneDrive/Documents/piano-app/node_modules/vexflow/build/esm/src/element.js:286:18)
    at Barline.setWidth 
(file:///C:/Users/denni/OneDrive/Documents/piano-app/node_modules/vexflow/build/esm/src/element.js:281:20)
    at Barline.setType 
(file:///C:/Users/denni/OneDrive/Documents/piano-app/node_modules/vexflow/build/esm/src/stavebarline.js:102:14)
    at new Barline 
(file:///C:/Users/denni/OneDrive/Documents/piano-app/node_modules/vexflow/build/esm/src/stavebarline.js:95:14)
    at new Stave 
(file:///C:/Users/denni/OneDrive/Documents/piano-app/node_modules/vexflow/build/esm/src/stave.js:55:26)
    at Factory.Stave 
(file:///C:/Users/denni/OneDrive/Documents/piano-app/node_modules/vexflow/build/esm/src/factory.js:115:23) undefined
Element: No context for txtCanvas. Returning empty text metrics.
Error: Not implemented: HTMLCanvasElement.prototype.getContext (without installing the canvas npm package)
    at module.exports 
(C:\Users\denni\OneDrive\Documents\piano-app\node_modules\jsdom\lib\jsdom\browser\not-implemented.js:9:17)
    at HTMLCanvasElementImpl.getContext 
(C:\Users\denni\OneDrive\Documents\piano-app\node_modules\jsdom\lib\jsdom\living\nodes\HTMLCanvasElement-impl.js:42:5)
    at HTMLCanvasElement.getContext 
(C:\Users\denni\OneDrive\Documents\piano-app\node_modules\jsdom\lib\jsdom\living\generated\HTMLCanvasElement.js:131:58)
    at Barline.measureText 
(file:///C:/Users/denni/OneDrive/Documents/piano-app/node_modules/vexflow/build/esm/src/element.js:341:107)
    at Barline.set width [as width] 
(file:///C:/Users/denni/OneDrive/Documents/piano-app/node_modules/vexflow/build/esm/src/element.js:286:18)
    at Barline.setWidth 
(file:///C:/Users/denni/OneDrive/Documents/piano-app/node_modules/vexflow/build/esm/src/element.js:281:20)
    at Barline.setType 
(file:///C:/Users/denni/OneDrive/Documents/piano-app/node_modules/vexflow/build/esm/src/stavebarline.js:102:14)
    at new Barline 
(file:///C:/Users/denni/OneDrive/Documents/piano-app/node_modules/vexflow/build/esm/src/stavebarline.js:95:14)
    at new Stave 
(file:///C:/Users/denni/OneDrive/Documents/piano-app/node_modules/vexflow/build/esm/src/stave.js:56:29)
    at Factory.Stave 
(file:///C:/Users/denni/OneDrive/Documents/piano-app/node_modules/vexflow/build/esm/src/factory.js:115:23) undefined
Element: No context for txtCanvas. Returning empty text metrics.
Error: Not implemented: HTMLCanvasElement.prototype.getContext (without installing the canvas npm package)
    at module.exports 
(C:\Users\denni\OneDrive\Documents\piano-app\node_modules\jsdom\lib\jsdom\browser\not-implemented.js:9:17)
    at HTMLCanvasElementImpl.getContext 
(C:\Users\denni\OneDrive\Documents\piano-app\node_modules\jsdom\lib\jsdom\living\nodes\HTMLCanvasElement-impl.js:42:5)
    at HTMLCanvasElement.getContext 
(C:\Users\denni\OneDrive\Documents\piano-app\node_modules\jsdom\lib\jsdom\living\generated\HTMLCanvasElement.js:131:58)
    at Element.measureText 
(file:///C:/Users/denni/OneDrive/Documents/piano-app/node_modules/vexflow/build/esm/src/element.js:341:107)
    at Element.get width [as width] 
(file:///C:/Users/denni/OneDrive/Documents/piano-app/node_modules/vexflow/build/esm/src/element.js:277:18)
    at Element.getWidth 
(file:///C:/Users/denni/OneDrive/Documents/piano-app/node_modules/vexflow/build/esm/src/element.js:273:21)
    at TimeSignature.makeTimeSignatureGlyph 
(file:///C:/Users/denni/OneDrive/Documents/piano-app/node_modules/vexflow/build/esm/src/timesignature.js:71:33)
    at TimeSignature.setTimeSig 
(file:///C:/Users/denni/OneDrive/Documents/piano-app/node_modules/vexflow/build/esm/src/timesignature.js:103:18)
    at new TimeSignature 
(file:///C:/Users/denni/OneDrive/Documents/piano-app/node_modules/vexflow/build/esm/src/timesignature.js:32:14)
    at Stave.addTimeSignature 
(file:///C:/Users/denni/OneDrive/Documents/piano-app/node_modules/vexflow/build/esm/src/stave.js:336:26) undefined
Element: No context for txtCanvas. Returning empty text metrics.
Error: Not implemented: HTMLCanvasElement.prototype.getContext (without installing the canvas npm package)
    at module.exports 
(C:\Users\denni\OneDrive\Documents\piano-app\node_modules\jsdom\lib\jsdom\browser\not-implemented.js:9:17)
    at HTMLCanvasElementImpl.getContext 
(C:\Users\denni\OneDrive\Documents\piano-app\node_modules\jsdom\lib\jsdom\living\nodes\HTMLCanvasElement-impl.js:42:5)
    at HTMLCanvasElement.getContext 
(C:\Users\denni\OneDrive\Documents\piano-app\node_modules\jsdom\lib\jsdom\living\generated\HTMLCanvasElement.js:131:58)
    at Element.measureText 
(file:///C:/Users/denni/OneDrive/Documents/piano-app/node_modules/vexflow/build/esm/src/element.js:341:107)
    at Element.get height [as height] 
(file:///C:/Users/denni/OneDrive/Documents/piano-app/node_modules/vexflow/build/esm/src/element.js:376:18)
    at Element.getHeight 
(file:///C:/Users/denni/OneDrive/Documents/piano-app/node_modules/vexflow/build/esm/src/element.js:372:21)
    at TimeSignature.makeTimeSignatureGlyph 
(file:///C:/Users/denni/OneDrive/Documents/piano-app/node_modules/vexflow/build/esm/src/timesignature.js:72:31)
    at TimeSignature.setTimeSig 
(file:///C:/Users/denni/OneDrive/Documents/piano-app/node_modules/vexflow/build/esm/src/timesignature.js:103:18)
    at new TimeSignature 
(file:///C:/Users/denni/OneDrive/Documents/piano-app/node_modules/vexflow/build/esm/src/timesignature.js:32:14)
    at Stave.addTimeSignature 
(file:///C:/Users/denni/OneDrive/Documents/piano-app/node_modules/vexflow/build/esm/src/stave.js:336:26) undefined
Element: No context for txtCanvas. Returning empty text metrics.
Error: Not implemented: HTMLCanvasElement.prototype.getContext (without installing the canvas npm package)
    at module.exports 
(C:\Users\denni\OneDrive\Documents\piano-app\node_modules\jsdom\lib\jsdom\browser\not-implemented.js:9:17)
    at HTMLCanvasElementImpl.getContext 
(C:\Users\denni\OneDrive\Documents\piano-app\node_modules\jsdom\lib\jsdom\living\nodes\HTMLCanvasElement-impl.js:42:5)
    at HTMLCanvasElement.getContext 
(C:\Users\denni\OneDrive\Documents\piano-app\node_modules\jsdom\lib\jsdom\living\generated\HTMLCanvasElement.js:131:58)
    at Element.measureText 
(file:///C:/Users/denni/OneDrive/Documents/piano-app/node_modules/vexflow/build/esm/src/element.js:341:107)
    at Element.get width [as width] 
(file:///C:/Users/denni/OneDrive/Documents/piano-app/node_modules/vexflow/build/esm/src/element.js:277:18)
    at Element.getWidth 
(file:///C:/Users/denni/OneDrive/Documents/piano-app/node_modules/vexflow/build/esm/src/element.js:273:21)
    at TimeSignature.makeTimeSignatureGlyph 
(file:///C:/Users/denni/OneDrive/Documents/piano-app/node_modules/vexflow/build/esm/src/timesignature.js:80:33)
    at TimeSignature.setTimeSig 
(file:///C:/Users/denni/OneDrive/Documents/piano-app/node_modules/vexflow/build/esm/src/timesignature.js:103:18)
    at new TimeSignature 
(file:///C:/Users/denni/OneDrive/Documents/piano-app/node_modules/vexflow/build/esm/src/timesignature.js:32:14)
    at Stave.addTimeSignature 
(file:///C:/Users/denni/OneDrive/Documents/piano-app/node_modules/vexflow/build/esm/src/stave.js:336:26) undefined
Element: No context for txtCanvas. Returning empty text metrics.
Error: Not implemented: HTMLCanvasElement.prototype.getContext (without installing the canvas npm package)
    at module.exports 
(C:\Users\denni\OneDrive\Documents\piano-app\node_modules\jsdom\lib\jsdom\browser\not-implemented.js:9:17)
    at HTMLCanvasElementImpl.getContext 
(C:\Users\denni\OneDrive\Documents\piano-app\node_modules\jsdom\lib\jsdom\living\nodes\HTMLCanvasElement-impl.js:42:5)
    at HTMLCanvasElement.getContext 
(C:\Users\denni\OneDrive\Documents\piano-app\node_modules\jsdom\lib\jsdom\living\generated\HTMLCanvasElement.js:131:58)
    at Element.measureText 
(file:///C:/Users/denni/OneDrive/Documents/piano-app/node_modules/vexflow/build/esm/src/element.js:341:107)
    at Element.get height [as height] 
(file:///C:/Users/denni/OneDrive/Documents/piano-app/node_modules/vexflow/build/esm/src/element.js:376:18)
    at Element.getHeight 
(file:///C:/Users/denni/OneDrive/Documents/piano-app/node_modules/vexflow/build/esm/src/element.js:372:21)
    at TimeSignature.makeTimeSignatureGlyph 
(file:///C:/Users/denni/OneDrive/Documents/piano-app/node_modules/vexflow/build/esm/src/timesignature.js:81:48)
    at TimeSignature.setTimeSig 
(file:///C:/Users/denni/OneDrive/Documents/piano-app/node_modules/vexflow/build/esm/src/timesignature.js:103:18)
    at new TimeSignature 
(file:///C:/Users/denni/OneDrive/Documents/piano-app/node_modules/vexflow/build/esm/src/timesignature.js:32:14)
    at Stave.addTimeSignature 
(file:///C:/Users/denni/OneDrive/Documents/piano-app/node_modules/vexflow/build/esm/src/stave.js:336:26) undefined
Element: No context for txtCanvas. Returning empty text metrics.
Error: Not implemented: HTMLCanvasElement.prototype.getContext (without installing the canvas npm package)
    at module.exports 
(C:\Users\denni\OneDrive\Documents\piano-app\node_modules\jsdom\lib\jsdom\browser\not-implemented.js:9:17)
    at HTMLCanvasElementImpl.getContext 
(C:\Users\denni\OneDrive\Documents\piano-app\node_modules\jsdom\lib\jsdom\living\nodes\HTMLCanvasElement-impl.js:42:5)
    at HTMLCanvasElement.getContext 
(C:\Users\denni\OneDrive\Documents\piano-app\node_modules\jsdom\lib\jsdom\living\generated\HTMLCanvasElement.js:131:58)
    at TimeSignature.measureText 
(file:///C:/Users/denni/OneDrive/Documents/piano-app/node_modules/vexflow/build/esm/src/element.js:341:107)
    at TimeSignature.set width [as width] 
(file:///C:/Users/denni/OneDrive/Documents/piano-app/node_modules/vexflow/build/esm/src/element.js:286:18)
    at TimeSignature.makeTimeSignatureGlyph 
(file:///C:/Users/denni/OneDrive/Documents/piano-app/node_modules/vexflow/build/esm/src/timesignature.js:83:20)
    at TimeSignature.setTimeSig 
(file:///C:/Users/denni/OneDrive/Documents/piano-app/node_modules/vexflow/build/esm/src/timesignature.js:103:18)
    at new TimeSignature 
(file:///C:/Users/denni/OneDrive/Documents/piano-app/node_modules/vexflow/build/esm/src/timesignature.js:32:14)
    at Stave.addTimeSignature 
(file:///C:/Users/denni/OneDrive/Documents/piano-app/node_modules/vexflow/build/esm/src/stave.js:336:26)
    at Timeout.renderNotation [as _onTimeout] 
(C:\Users\denni\OneDrive\Documents\piano-app\src\components\SheetMusicDisplay.jsx:156:12) undefined
Element: No context for txtCanvas. Returning empty text metrics.
Error: Not implemented: HTMLCanvasElement.prototype.getContext (without installing the canvas npm package)
    at module.exports 
(C:\Users\denni\OneDrive\Documents\piano-app\node_modules\jsdom\lib\jsdom\browser\not-implemented.js:9:17)
    at HTMLCanvasElementImpl.getContext 
(C:\Users\denni\OneDrive\Documents\piano-app\node_modules\jsdom\lib\jsdom\living\nodes\HTMLCanvasElement-impl.js:42:5)
    at HTMLCanvasElement.getContext 
(C:\Users\denni\OneDrive\Documents\piano-app\node_modules\jsdom\lib\jsdom\living\generated\HTMLCanvasElement.js:131:58)
    at TimeSignature.measureText 
(file:///C:/Users/denni/OneDrive/Documents/piano-app/node_modules/vexflow/build/esm/src/element.js:341:107)
    at TimeSignature.get width [as width] 
(file:///C:/Users/denni/OneDrive/Documents/piano-app/node_modules/vexflow/build/esm/src/element.js:277:18)
    at TimeSignature.makeTimeSignatureGlyph 
(file:///C:/Users/denni/OneDrive/Documents/piano-app/node_modules/vexflow/build/esm/src/timesignature.js:84:32)
    at TimeSignature.setTimeSig 
(file:///C:/Users/denni/OneDrive/Documents/piano-app/node_modules/vexflow/build/esm/src/timesignature.js:103:18)
    at new TimeSignature 
(file:///C:/Users/denni/OneDrive/Documents/piano-app/node_modules/vexflow/build/esm/src/timesignature.js:32:14)
    at Stave.addTimeSignature 
(file:///C:/Users/denni/OneDrive/Documents/piano-app/node_modules/vexflow/build/esm/src/stave.js:336:26)
    at Timeout.renderNotation [as _onTimeout] 
(C:\Users\denni\OneDrive\Documents\piano-app\src\components\SheetMusicDisplay.jsx:156:12) undefined
Element: No context for txtCanvas. Returning empty text metrics.
Error: Not implemented: HTMLCanvasElement.prototype.getContext (without installing the canvas npm package)
    at module.exports 
(C:\Users\denni\OneDrive\Documents\piano-app\node_modules\jsdom\lib\jsdom\browser\not-implemented.js:9:17)
    at HTMLCanvasElementImpl.getContext 
(C:\Users\denni\OneDrive\Documents\piano-app\node_modules\jsdom\lib\jsdom\living\nodes\HTMLCanvasElement-impl.js:42:5)
    at HTMLCanvasElement.getContext 
(C:\Users\denni\OneDrive\Documents\piano-app\node_modules\jsdom\lib\jsdom\living\generated\HTMLCanvasElement.js:131:58)
    at TimeSignature.measureText 
(file:///C:/Users/denni/OneDrive/Documents/piano-app/node_modules/vexflow/build/esm/src/element.js:341:107)
    at TimeSignature.get width [as width] 
(file:///C:/Users/denni/OneDrive/Documents/piano-app/node_modules/vexflow/build/esm/src/element.js:277:18)
    at TimeSignature.makeTimeSignatureGlyph 
(file:///C:/Users/denni/OneDrive/Documents/piano-app/node_modules/vexflow/build/esm/src/timesignature.js:85:32)
    at TimeSignature.setTimeSig 
(file:///C:/Users/denni/OneDrive/Documents/piano-app/node_modules/vexflow/build/esm/src/timesignature.js:103:18)
    at new TimeSignature 
(file:///C:/Users/denni/OneDrive/Documents/piano-app/node_modules/vexflow/build/esm/src/timesignature.js:32:14)
    at Stave.addTimeSignature 
(file:///C:/Users/denni/OneDrive/Documents/piano-app/node_modules/vexflow/build/esm/src/stave.js:336:26)
    at Timeout.renderNotation [as _onTimeout] 
(C:\Users\denni\OneDrive\Documents\piano-app\src\components\SheetMusicDisplay.jsx:156:12) undefined
Element: No context for txtCanvas. Returning empty text metrics.
Error: Not implemented: HTMLCanvasElement.prototype.getContext (without installing the canvas npm package)
    at module.exports 
(C:\Users\denni\OneDrive\Documents\piano-app\node_modules\jsdom\lib\jsdom\browser\not-implemented.js:9:17)
    at HTMLCanvasElementImpl.getContext 
(C:\Users\denni\OneDrive\Documents\piano-app\node_modules\jsdom\lib\jsdom\living\nodes\HTMLCanvasElement-impl.js:42:5)
    at HTMLCanvasElement.getContext 
(C:\Users\denni\OneDrive\Documents\piano-app\node_modules\jsdom\lib\jsdom\living\generated\HTMLCanvasElement.js:131:58)
    at Barline.measureText 
(file:///C:/Users/denni/OneDrive/Documents/piano-app/node_modules/vexflow/build/esm/src/element.js:341:107)
    at Barline.get width [as width] 
(file:///C:/Users/denni/OneDrive/Documents/piano-app/node_modules/vexflow/build/esm/src/element.js:277:18)
    at Barline.getWidth 
(file:///C:/Users/denni/OneDrive/Documents/piano-app/node_modules/vexflow/build/esm/src/element.js:273:21)
    at Stave.format 
(file:///C:/Users/denni/OneDrive/Documents/piano-app/node_modules/vexflow/build/esm/src/stave.js:397:30)
    at Stave.getNoteStartX 
(file:///C:/Users/denni/OneDrive/Documents/piano-app/node_modules/vexflow/build/esm/src/stave.js:83:18)
    at file:///C:/Users/denni/OneDrive/Documents/piano-app/node_modules/vexflow/build/esm/src/system.js:109:44
    at Array.forEach (<anonymous>) undefined
Element: No context for txtCanvas. Returning empty text metrics.
Error: Not implemented: HTMLCanvasElement.prototype.getContext (without installing the canvas npm package)
    at module.exports 
(C:\Users\denni\OneDrive\Documents\piano-app\node_modules\jsdom\lib\jsdom\browser\not-implemented.js:9:17)
    at HTMLCanvasElementImpl.getContext 
(C:\Users\denni\OneDrive\Documents\piano-app\node_modules\jsdom\lib\jsdom\living\nodes\HTMLCanvasElement-impl.js:42:5)
    at HTMLCanvasElement.getContext 
(C:\Users\denni\OneDrive\Documents\piano-app\node_modules\jsdom\lib\jsdom\living\generated\HTMLCanvasElement.js:131:58)
    at Clef.measureText 
(file:///C:/Users/denni/OneDrive/Documents/piano-app/node_modules/vexflow/build/esm/src/element.js:341:107)
    at Clef.get width [as width] 
(file:///C:/Users/denni/OneDrive/Documents/piano-app/node_modules/vexflow/build/esm/src/element.js:277:18)
    at Clef.getWidth 
(file:///C:/Users/denni/OneDrive/Documents/piano-app/node_modules/vexflow/build/esm/src/element.js:273:21)
    at Stave.format 
(file:///C:/Users/denni/OneDrive/Documents/piano-app/node_modules/vexflow/build/esm/src/stave.js:397:30)
    at Stave.getNoteStartX 
(file:///C:/Users/denni/OneDrive/Documents/piano-app/node_modules/vexflow/build/esm/src/stave.js:83:18)
    at file:///C:/Users/denni/OneDrive/Documents/piano-app/node_modules/vexflow/build/esm/src/system.js:109:44
    at Array.forEach (<anonymous>) undefined
Element: No context for txtCanvas. Returning empty text metrics.
Error: Not implemented: HTMLCanvasElement.prototype.getContext (without installing the canvas npm package)
    at module.exports 
(C:\Users\denni\OneDrive\Documents\piano-app\node_modules\jsdom\lib\jsdom\browser\not-implemented.js:9:17)
    at HTMLCanvasElementImpl.getContext 
(C:\Users\denni\OneDrive\Documents\piano-app\node_modules\jsdom\lib\jsdom\living\nodes\HTMLCanvasElement-impl.js:42:5)
    at HTMLCanvasElement.getContext 
(C:\Users\denni\OneDrive\Documents\piano-app\node_modules\jsdom\lib\jsdom\living\generated\HTMLCanvasElement.js:131:58)
    at TimeSignature.measureText 
(file:///C:/Users/denni/OneDrive/Documents/piano-app/node_modules/vexflow/build/esm/src/element.js:341:107)
    at TimeSignature.get width [as width] 
(file:///C:/Users/denni/OneDrive/Documents/piano-app/node_modules/vexflow/build/esm/src/element.js:277:18)
    at TimeSignature.getWidth 
(file:///C:/Users/denni/OneDrive/Documents/piano-app/node_modules/vexflow/build/esm/src/element.js:273:21)
    at Stave.format 
(file:///C:/Users/denni/OneDrive/Documents/piano-app/node_modules/vexflow/build/esm/src/stave.js:397:30)
    at Stave.getNoteStartX 
(file:///C:/Users/denni/OneDrive/Documents/piano-app/node_modules/vexflow/build/esm/src/stave.js:83:18)
    at file:///C:/Users/denni/OneDrive/Documents/piano-app/node_modules/vexflow/build/esm/src/system.js:109:44
    at Array.forEach (<anonymous>) undefined
Element: No context for txtCanvas. Returning empty text metrics.
Error: Not implemented: HTMLCanvasElement.prototype.getContext (without installing the canvas npm package)
    at module.exports 
(C:\Users\denni\OneDrive\Documents\piano-app\node_modules\jsdom\lib\jsdom\browser\not-implemented.js:9:17)
    at HTMLCanvasElementImpl.getContext 
(C:\Users\denni\OneDrive\Documents\piano-app\node_modules\jsdom\lib\jsdom\living\nodes\HTMLCanvasElement-impl.js:42:5)
    at HTMLCanvasElement.getContext 
(C:\Users\denni\OneDrive\Documents\piano-app\node_modules\jsdom\lib\jsdom\living\generated\HTMLCanvasElement.js:131:58)
    at Stave.measureText 
(file:///C:/Users/denni/OneDrive/Documents/piano-app/node_modules/vexflow/build/esm/src/element.js:341:107)
    at Stave.get width [as width] 
(file:///C:/Users/denni/OneDrive/Documents/piano-app/node_modules/vexflow/build/esm/src/element.js:277:18)
    at Stave.format 
(file:///C:/Users/denni/OneDrive/Documents/piano-app/node_modules/vexflow/build/esm/src/stave.js:405:27)
    at Stave.getNoteStartX 
(file:///C:/Users/denni/OneDrive/Documents/piano-app/node_modules/vexflow/build/esm/src/stave.js:83:18)
    at file:///C:/Users/denni/OneDrive/Documents/piano-app/node_modules/vexflow/build/esm/src/system.js:109:44
    at Array.forEach (<anonymous>)
    at System.format 
(file:///C:/Users/denni/OneDrive/Documents/piano-app/node_modules/vexflow/build/esm/src/system.js:100:25) undefined
Element: No context for txtCanvas. Returning empty text metrics.
Error: Not implemented: HTMLCanvasElement.prototype.getContext (without installing the canvas npm package)
    at module.exports 
(C:\Users\denni\OneDrive\Documents\piano-app\node_modules\jsdom\lib\jsdom\browser\not-implemented.js:9:17)
    at HTMLCanvasElementImpl.getContext 
(C:\Users\denni\OneDrive\Documents\piano-app\node_modules\jsdom\lib\jsdom\living\nodes\HTMLCanvasElement-impl.js:42:5)
    at HTMLCanvasElement.getContext 
(C:\Users\denni\OneDrive\Documents\piano-app\node_modules\jsdom\lib\jsdom\living\generated\HTMLCanvasElement.js:131:58)
    at Stave.measureText 
(file:///C:/Users/denni/OneDrive/Documents/piano-app/node_modules/vexflow/build/esm/src/element.js:341:107)
    at Stave.get width [as width] 
(file:///C:/Users/denni/OneDrive/Documents/piano-app/node_modules/vexflow/build/esm/src/element.js:277:18)
    at Stave.format 
(file:///C:/Users/denni/OneDrive/Documents/piano-app/node_modules/vexflow/build/esm/src/stave.js:447:63)
    at Stave.getNoteStartX 
(file:///C:/Users/denni/OneDrive/Documents/piano-app/node_modules/vexflow/build/esm/src/stave.js:83:18)
    at file:///C:/Users/denni/OneDrive/Documents/piano-app/node_modules/vexflow/build/esm/src/system.js:109:44
    at Array.forEach (<anonymous>)
    at System.format 
(file:///C:/Users/denni/OneDrive/Documents/piano-app/node_modules/vexflow/build/esm/src/system.js:100:25) undefined
Element: No context for txtCanvas. Returning empty text metrics.
Error: Not implemented: HTMLCanvasElement.prototype.getContext (without installing the canvas npm package)
    at module.exports 
(C:\Users\denni\OneDrive\Documents\piano-app\node_modules\jsdom\lib\jsdom\browser\not-implemented.js:9:17)
    at HTMLCanvasElementImpl.getContext 
(C:\Users\denni\OneDrive\Documents\piano-app\node_modules\jsdom\lib\jsdom\living\nodes\HTMLCanvasElement-impl.js:42:5)
    at HTMLCanvasElement.getContext 
(C:\Users\denni\OneDrive\Documents\piano-app\node_modules\jsdom\lib\jsdom\living\generated\HTMLCanvasElement.js:131:58)
    at NoteHead.measureText 
(file:///C:/Users/denni/OneDrive/Documents/piano-app/node_modules/vexflow/build/esm/src/element.js:341:107)
    at NoteHead.get width [as width] 
(file:///C:/Users/denni/OneDrive/Documents/piano-app/node_modules/vexflow/build/esm/src/element.js:277:18)
    at NoteHead.getWidth 
(file:///C:/Users/denni/OneDrive/Documents/piano-app/node_modules/vexflow/build/esm/src/notehead.js:43:21)
    at StaveNote.getGlyphWidth 
(file:///C:/Users/denni/OneDrive/Documents/piano-app/node_modules/vexflow/build/esm/src/stavenote.js:592:34)
    at StaveNote.preFormat 
(file:///C:/Users/denni/OneDrive/Documents/piano-app/node_modules/vexflow/build/esm/src/stavenote.js:623:26)
    at TickContext.preFormat 
(file:///C:/Users/denni/OneDrive/Documents/piano-app/node_modules/vexflow/build/esm/src/tickcontext.js:149:22)
    at file:///C:/Users/denni/OneDrive/Documents/piano-app/node_modules/vexflow/build/esm/src/formatter.js:323:21 
undefined
Element: No context for txtCanvas. Returning empty text metrics.
Error: Not implemented: HTMLCanvasElement.prototype.getContext (without installing the canvas npm package)
    at module.exports 
(C:\Users\denni\OneDrive\Documents\piano-app\node_modules\jsdom\lib\jsdom\browser\not-implemented.js:9:17)
    at HTMLCanvasElementImpl.getContext 
(C:\Users\denni\OneDrive\Documents\piano-app\node_modules\jsdom\lib\jsdom\living\nodes\HTMLCanvasElement-impl.js:42:5)
    at HTMLCanvasElement.getContext 
(C:\Users\denni\OneDrive\Documents\piano-app\node_modules\jsdom\lib\jsdom\living\generated\HTMLCanvasElement.js:131:58)
    at StaveNote.measureText 
(file:///C:/Users/denni/OneDrive/Documents/piano-app/node_modules/vexflow/build/esm/src/element.js:341:107)
    at StaveNote.set width [as width] 
(file:///C:/Users/denni/OneDrive/Documents/piano-app/node_modules/vexflow/build/esm/src/element.js:286:18)
    at StaveNote.setWidth 
(file:///C:/Users/denni/OneDrive/Documents/piano-app/node_modules/vexflow/build/esm/src/element.js:281:20)
    at StaveNote.preFormat 
(file:///C:/Users/denni/OneDrive/Documents/piano-app/node_modules/vexflow/build/esm/src/stavenote.js:627:14)
    at TickContext.preFormat 
(file:///C:/Users/denni/OneDrive/Documents/piano-app/node_modules/vexflow/build/esm/src/tickcontext.js:149:22)
    at file:///C:/Users/denni/OneDrive/Documents/piano-app/node_modules/vexflow/build/esm/src/formatter.js:323:21
    at Array.forEach (<anonymous>) undefined
Element: No context for txtCanvas. Returning empty text metrics.
Error: Not implemented: HTMLCanvasElement.prototype.getContext (without installing the canvas npm package)
    at module.exports 
(C:\Users\denni\OneDrive\Documents\piano-app\node_modules\jsdom\lib\jsdom\browser\not-implemented.js:9:17)
    at HTMLCanvasElementImpl.getContext 
(C:\Users\denni\OneDrive\Documents\piano-app\node_modules\jsdom\lib\jsdom\living\nodes\HTMLCanvasElement-impl.js:42:5)
    at HTMLCanvasElement.getContext 
(C:\Users\denni\OneDrive\Documents\piano-app\node_modules\jsdom\lib\jsdom\living\generated\HTMLCanvasElement.js:131:58)
    at StaveNote.measureText 
(file:///C:/Users/denni/OneDrive/Documents/piano-app/node_modules/vexflow/build/esm/src/element.js:341:107)
    at StaveNote.get width [as width] 
(file:///C:/Users/denni/OneDrive/Documents/piano-app/node_modules/vexflow/build/esm/src/element.js:277:18)
    at StaveNote.getWidth 
(file:///C:/Users/denni/OneDrive/Documents/piano-app/node_modules/vexflow/build/esm/src/tickable.js:49:21)
    at StaveNote.getMetrics 
(file:///C:/Users/denni/OneDrive/Documents/piano-app/node_modules/vexflow/build/esm/src/note.js:321:28)
    at TickContext.preFormat 
(file:///C:/Users/denni/OneDrive/Documents/piano-app/node_modules/vexflow/build/esm/src/tickcontext.js:150:38)
    at file:///C:/Users/denni/OneDrive/Documents/piano-app/node_modules/vexflow/build/esm/src/formatter.js:323:21
    at Array.forEach (<anonymous>) undefined
Element: No context for txtCanvas. Returning empty text metrics.
Error: Not implemented: HTMLCanvasElement.prototype.getContext (without installing the canvas npm package)
    at module.exports 
(C:\Users\denni\OneDrive\Documents\piano-app\node_modules\jsdom\lib\jsdom\browser\not-implemented.js:9:17)
    at HTMLCanvasElementImpl.getContext 
(C:\Users\denni\OneDrive\Documents\piano-app\node_modules\jsdom\lib\jsdom\living\nodes\HTMLCanvasElement-impl.js:42:5)
    at HTMLCanvasElement.getContext 
(C:\Users\denni\OneDrive\Documents\piano-app\node_modules\jsdom\lib\jsdom\living\generated\HTMLCanvasElement.js:131:58)
    at NoteHead.measureText 
(file:///C:/Users/denni/OneDrive/Documents/piano-app/node_modules/vexflow/build/esm/src/element.js:341:107)
    at NoteHead.get width [as width] 
(file:///C:/Users/denni/OneDrive/Documents/piano-app/node_modules/vexflow/build/esm/src/element.js:277:18)
    at NoteHead.getWidth 
(file:///C:/Users/denni/OneDrive/Documents/piano-app/node_modules/vexflow/build/esm/src/notehead.js:43:21)
    at StaveNote.getGlyphWidth 
(file:///C:/Users/denni/OneDrive/Documents/piano-app/node_modules/vexflow/build/esm/src/stavenote.js:592:34)
    at StaveNote.getMetrics 
(file:///C:/Users/denni/OneDrive/Documents/piano-app/node_modules/vexflow/build/esm/src/note.js:322:33)
    at TickContext.preFormat 
(file:///C:/Users/denni/OneDrive/Documents/piano-app/node_modules/vexflow/build/esm/src/tickcontext.js:150:38)
    at file:///C:/Users/denni/OneDrive/Documents/piano-app/node_modules/vexflow/build/esm/src/formatter.js:323:21 
undefined
Element: No context for txtCanvas. Returning empty text metrics.
Error: Not implemented: HTMLCanvasElement.prototype.getContext (without installing the canvas npm package)
    at module.exports 
(C:\Users\denni\OneDrive\Documents\piano-app\node_modules\jsdom\lib\jsdom\browser\not-implemented.js:9:17)
    at HTMLCanvasElementImpl.getContext 
(C:\Users\denni\OneDrive\Documents\piano-app\node_modules\jsdom\lib\jsdom\living\nodes\HTMLCanvasElement-impl.js:42:5)
    at HTMLCanvasElement.getContext 
(C:\Users\denni\OneDrive\Documents\piano-app\node_modules\jsdom\lib\jsdom\living\generated\HTMLCanvasElement.js:131:58)
    at Stave.measureText 
(file:///C:/Users/denni/OneDrive/Documents/piano-app/node_modules/vexflow/build/esm/src/element.js:341:107)
    at Stave.get width [as width] 
(file:///C:/Users/denni/OneDrive/Documents/piano-app/node_modules/vexflow/build/esm/src/element.js:277:18)
    at Stave.draw 
(file:///C:/Users/denni/OneDrive/Documents/piano-app/node_modules/vexflow/build/esm/src/stave.js:458:28)
    at Stave.drawWithStyle 
(file:///C:/Users/denni/OneDrive/Documents/piano-app/node_modules/vexflow/build/esm/src/element.js:109:14)
    at file:///C:/Users/denni/OneDrive/Documents/piano-app/node_modules/vexflow/build/esm/src/factory.js:453:54
    at Array.forEach (<anonymous>)
    at Factory.draw 
(file:///C:/Users/denni/OneDrive/Documents/piano-app/node_modules/vexflow/build/esm/src/factory.js:453:21) undefined
Element: No context for txtCanvas. Returning empty text metrics.
Error: Not implemented: HTMLCanvasElement.prototype.getContext (without installing the canvas npm package)
    at module.exports 
(C:\Users\denni\OneDrive\Documents\piano-app\node_modules\jsdom\lib\jsdom\browser\not-implemented.js:9:17)
    at HTMLCanvasElementImpl.getContext 
(C:\Users\denni\OneDrive\Documents\piano-app\node_modules\jsdom\lib\jsdom\living\nodes\HTMLCanvasElement-impl.js:42:5)
    at HTMLCanvasElement.getContext 
(C:\Users\denni\OneDrive\Documents\piano-app\node_modules\jsdom\lib\jsdom\living\generated\HTMLCanvasElement.js:131:58)
    at NoteHead.measureText 
(file:///C:/Users/denni/OneDrive/Documents/piano-app/node_modules/vexflow/build/esm/src/element.js:341:107)
    at NoteHead.get width [as width] 
(file:///C:/Users/denni/OneDrive/Documents/piano-app/node_modules/vexflow/build/esm/src/element.js:277:18)
    at NoteHead.getWidth 
(file:///C:/Users/denni/OneDrive/Documents/piano-app/node_modules/vexflow/build/esm/src/notehead.js:43:21)
    at StaveNote.getGlyphWidth 
(file:///C:/Users/denni/OneDrive/Documents/piano-app/node_modules/vexflow/build/esm/src/stavenote.js:592:34)
    at StaveNote.getStemX 
(file:///C:/Users/denni/OneDrive/Documents/piano-app/node_modules/vexflow/build/esm/src/stemmablenote.js:116:63)
    at StaveNote.getStemX 
(file:///C:/Users/denni/OneDrive/Documents/piano-app/node_modules/vexflow/build/esm/src/stavenote.js:465:26)
    at StaveNote.draw 
(file:///C:/Users/denni/OneDrive/Documents/piano-app/node_modules/vexflow/build/esm/src/stavenote.js:822:32) undefined
Element: No context for txtCanvas. Returning empty text metrics.
Error: Not implemented: HTMLCanvasElement.prototype.getContext (without installing the canvas npm package)
    at module.exports 
(C:\Users\denni\OneDrive\Documents\piano-app\node_modules\jsdom\lib\jsdom\browser\not-implemented.js:9:17)
    at HTMLCanvasElementImpl.getContext 
(C:\Users\denni\OneDrive\Documents\piano-app\node_modules\jsdom\lib\jsdom\living\nodes\HTMLCanvasElement-impl.js:42:5)
    at HTMLCanvasElement.getContext 
(C:\Users\denni\OneDrive\Documents\piano-app\node_modules\jsdom\lib\jsdom\living\generated\HTMLCanvasElement.js:131:58)
    at NoteHead.measureText 
(file:///C:/Users/denni/OneDrive/Documents/piano-app/node_modules/vexflow/build/esm/src/element.js:341:107)
    at NoteHead.get width [as width] 
(file:///C:/Users/denni/OneDrive/Documents/piano-app/node_modules/vexflow/build/esm/src/element.js:277:18)
    at NoteHead.getWidth 
(file:///C:/Users/denni/OneDrive/Documents/piano-app/node_modules/vexflow/build/esm/src/notehead.js:43:21)
    at StaveNote.getGlyphWidth 
(file:///C:/Users/denni/OneDrive/Documents/piano-app/node_modules/vexflow/build/esm/src/stavenote.js:592:34)
    at StaveNote.drawLedgerLines 
(file:///C:/Users/denni/OneDrive/Documents/piano-app/node_modules/vexflow/build/esm/src/stavenote.js:690:28)
    at StaveNote.draw 
(file:///C:/Users/denni/OneDrive/Documents/piano-app/node_modules/vexflow/build/esm/src/stavenote.js:827:14)
    at StaveNote.drawWithStyle 
(file:///C:/Users/denni/OneDrive/Documents/piano-app/node_modules/vexflow/build/esm/src/element.js:109:14) undefined
Element: No context for txtCanvas. Returning empty text metrics.
Error: Not implemented: HTMLCanvasElement.prototype.getContext (without installing the canvas npm package)
    at module.exports 
(C:\Users\denni\OneDrive\Documents\piano-app\node_modules\jsdom\lib\jsdom\browser\not-implemented.js:9:17)
    at HTMLCanvasElementImpl.getContext 
(C:\Users\denni\OneDrive\Documents\piano-app\node_modules\jsdom\lib\jsdom\living\nodes\HTMLCanvasElement-impl.js:42:5)
    at HTMLCanvasElement.getContext 
(C:\Users\denni\OneDrive\Documents\piano-app\node_modules\jsdom\lib\jsdom\living\generated\HTMLCanvasElement.js:131:58)
    at NoteHead.measureText 
(file:///C:/Users/denni/OneDrive/Documents/piano-app/node_modules/vexflow/build/esm/src/element.js:341:107)
    at NoteHead.get width [as width] 
(file:///C:/Users/denni/OneDrive/Documents/piano-app/node_modules/vexflow/build/esm/src/element.js:277:18)
    at NoteHead.getWidth 
(file:///C:/Users/denni/OneDrive/Documents/piano-app/node_modules/vexflow/build/esm/src/notehead.js:43:21)
    at StaveNote.getGlyphWidth 
(file:///C:/Users/denni/OneDrive/Documents/piano-app/node_modules/vexflow/build/esm/src/stavenote.js:592:34)
    at StaveNote.drawLedgerLines 
(file:///C:/Users/denni/OneDrive/Documents/piano-app/node_modules/vexflow/build/esm/src/stavenote.js:691:39)
    at StaveNote.draw 
(file:///C:/Users/denni/OneDrive/Documents/piano-app/node_modules/vexflow/build/esm/src/stavenote.js:827:14)
    at StaveNote.drawWithStyle 
(file:///C:/Users/denni/OneDrive/Documents/piano-app/node_modules/vexflow/build/esm/src/element.js:109:14) undefined
Element: No context for txtCanvas. Returning empty text metrics.
Error: Not implemented: HTMLCanvasElement.prototype.getContext (without installing the canvas npm package)
    at module.exports 
(C:\Users\denni\OneDrive\Documents\piano-app\node_modules\jsdom\lib\jsdom\browser\not-implemented.js:9:17)
    at HTMLCanvasElementImpl.getContext 
(C:\Users\denni\OneDrive\Documents\piano-app\node_modules\jsdom\lib\jsdom\living\nodes\HTMLCanvasElement-impl.js:42:5)
    at HTMLCanvasElement.getContext 
(C:\Users\denni\OneDrive\Documents\piano-app\node_modules\jsdom\lib\jsdom\living\generated\HTMLCanvasElement.js:131:58)
    at NoteHead.measureText 
(file:///C:/Users/denni/OneDrive/Documents/piano-app/node_modules/vexflow/build/esm/src/element.js:341:107)
    at NoteHead.get textMetrics [as textMetrics] 
(file:///C:/Users/denni/OneDrive/Documents/piano-app/node_modules/vexflow/build/esm/src/element.js:368:18)
    at NoteHead.getBoundingBox 
(file:///C:/Users/denni/OneDrive/Documents/piano-app/node_modules/vexflow/build/esm/src/element.js:187:82)
    at NoteHead.getBoundingBox 
(file:///C:/Users/denni/OneDrive/Documents/piano-app/node_modules/vexflow/build/esm/src/note.js:377:35)
    at file:///C:/Users/denni/OneDrive/Documents/piano-app/node_modules/vexflow/build/esm/src/stavenote.js:410:44
    at Array.forEach (<anonymous>)
    at StaveNote.getBoundingBox 
(file:///C:/Users/denni/OneDrive/Documents/piano-app/node_modules/vexflow/build/esm/src/stavenote.js:409:25) undefined
Element: No context for txtCanvas. Returning empty text metrics.
Error: Not implemented: HTMLCanvasElement.prototype.getContext (without installing the canvas npm package)
    at module.exports 
(C:\Users\denni\OneDrive\Documents\piano-app\node_modules\jsdom\lib\jsdom\browser\not-implemented.js:9:17)
    at HTMLCanvasElementImpl.getContext 
(C:\Users\denni\OneDrive\Documents\piano-app\node_modules\jsdom\lib\jsdom\living\nodes\HTMLCanvasElement-impl.js:42:5)
    at HTMLCanvasElement.getContext 
(C:\Users\denni\OneDrive\Documents\piano-app\node_modules\jsdom\lib\jsdom\living\generated\HTMLCanvasElement.js:131:58)
    at NoteHead.measureText 
(file:///C:/Users/denni/OneDrive/Documents/piano-app/node_modules/vexflow/build/esm/src/element.js:341:107)
    at NoteHead.get width [as width] 
(file:///C:/Users/denni/OneDrive/Documents/piano-app/node_modules/vexflow/build/esm/src/element.js:277:18)
    at NoteHead.getBoundingBox 
(file:///C:/Users/denni/OneDrive/Documents/piano-app/node_modules/vexflow/build/esm/src/element.js:187:124)
    at NoteHead.getBoundingBox 
(file:///C:/Users/denni/OneDrive/Documents/piano-app/node_modules/vexflow/build/esm/src/note.js:377:35)
    at file:///C:/Users/denni/OneDrive/Documents/piano-app/node_modules/vexflow/build/esm/src/stavenote.js:410:44
    at Array.forEach (<anonymous>)
    at StaveNote.getBoundingBox 
(file:///C:/Users/denni/OneDrive/Documents/piano-app/node_modules/vexflow/build/esm/src/stavenote.js:409:25) undefined
Element: No context for txtCanvas. Returning empty text metrics.
Error: Not implemented: HTMLCanvasElement.prototype.getContext (without installing the canvas npm package)
    at module.exports 
(C:\Users\denni\OneDrive\Documents\piano-app\node_modules\jsdom\lib\jsdom\browser\not-implemented.js:9:17)
    at HTMLCanvasElementImpl.getContext 
(C:\Users\denni\OneDrive\Documents\piano-app\node_modules\jsdom\lib\jsdom\living\nodes\HTMLCanvasElement-impl.js:42:5)
    at HTMLCanvasElement.getContext 
(C:\Users\denni\OneDrive\Documents\piano-app\node_modules\jsdom\lib\jsdom\living\generated\HTMLCanvasElement.js:131:58)
    at NoteHead.measureText 
(file:///C:/Users/denni/OneDrive/Documents/piano-app/node_modules/vexflow/build/esm/src/element.js:341:107)
    at NoteHead.get height [as height] 
(file:///C:/Users/denni/OneDrive/Documents/piano-app/node_modules/vexflow/build/esm/src/element.js:376:18)
    at NoteHead.getBoundingBox 
(file:///C:/Users/denni/OneDrive/Documents/piano-app/node_modules/vexflow/build/esm/src/element.js:187:136)
    at NoteHead.getBoundingBox 
(file:///C:/Users/denni/OneDrive/Documents/piano-app/node_modules/vexflow/build/esm/src/note.js:377:35)
    at file:///C:/Users/denni/OneDrive/Documents/piano-app/node_modules/vexflow/build/esm/src/stavenote.js:410:44
    at Array.forEach (<anonymous>)
    at StaveNote.getBoundingBox 
(file:///C:/Users/denni/OneDrive/Documents/piano-app/node_modules/vexflow/build/esm/src/stavenote.js:409:25) undefined
Element: No context for txtCanvas. Returning empty text metrics.
Error: Not implemented: HTMLCanvasElement.prototype.getContext (without installing the canvas npm package)
    at module.exports 
(C:\Users\denni\OneDrive\Documents\piano-app\node_modules\jsdom\lib\jsdom\browser\not-implemented.js:9:17)
    at HTMLCanvasElementImpl.getContext 
(C:\Users\denni\OneDrive\Documents\piano-app\node_modules\jsdom\lib\jsdom\living\nodes\HTMLCanvasElement-impl.js:42:5)
    at HTMLCanvasElement.getContext 
(C:\Users\denni\OneDrive\Documents\piano-app\node_modules\jsdom\lib\jsdom\living\generated\HTMLCanvasElement.js:131:58)
    at NoteHead.measureText 
(file:///C:/Users/denni/OneDrive/Documents/piano-app/node_modules/vexflow/build/esm/src/element.js:341:107)
    at NoteHead.get textMetrics [as textMetrics] 
(file:///C:/Users/denni/OneDrive/Documents/piano-app/node_modules/vexflow/build/esm/src/element.js:368:18)
    at NoteHead.getBoundingBox 
(file:///C:/Users/denni/OneDrive/Documents/piano-app/node_modules/vexflow/build/esm/src/element.js:187:82)
    at NoteHead.getBoundingBox 
(file:///C:/Users/denni/OneDrive/Documents/piano-app/node_modules/vexflow/build/esm/src/note.js:377:35)
    at file:///C:/Users/denni/OneDrive/Documents/piano-app/node_modules/vexflow/build/esm/src/stavenote.js:410:44
    at Array.forEach (<anonymous>)
    at StaveNote.getBoundingBox 
(file:///C:/Users/denni/OneDrive/Documents/piano-app/node_modules/vexflow/build/esm/src/stavenote.js:409:25) undefined
Element: No context for txtCanvas. Returning empty text metrics.
Error: Not implemented: HTMLCanvasElement.prototype.getContext (without installing the canvas npm package)
    at module.exports 
(C:\Users\denni\OneDrive\Documents\piano-app\node_modules\jsdom\lib\jsdom\browser\not-implemented.js:9:17)
    at HTMLCanvasElementImpl.getContext 
(C:\Users\denni\OneDrive\Documents\piano-app\node_modules\jsdom\lib\jsdom\living\nodes\HTMLCanvasElement-impl.js:42:5)
    at HTMLCanvasElement.getContext 
(C:\Users\denni\OneDrive\Documents\piano-app\node_modules\jsdom\lib\jsdom\living\generated\HTMLCanvasElement.js:131:58)
    at NoteHead.measureText 
(file:///C:/Users/denni/OneDrive/Documents/piano-app/node_modules/vexflow/build/esm/src/element.js:341:107)
    at NoteHead.get width [as width] 
(file:///C:/Users/denni/OneDrive/Documents/piano-app/node_modules/vexflow/build/esm/src/element.js:277:18)
    at NoteHead.getBoundingBox 
(file:///C:/Users/denni/OneDrive/Documents/piano-app/node_modules/vexflow/build/esm/src/element.js:187:124)
    at NoteHead.getBoundingBox 
(file:///C:/Users/denni/OneDrive/Documents/piano-app/node_modules/vexflow/build/esm/src/note.js:377:35)
    at file:///C:/Users/denni/OneDrive/Documents/piano-app/node_modules/vexflow/build/esm/src/stavenote.js:410:44
    at Array.forEach (<anonymous>)
    at StaveNote.getBoundingBox 
(file:///C:/Users/denni/OneDrive/Documents/piano-app/node_modules/vexflow/build/esm/src/stavenote.js:409:25) undefined
Element: No context for txtCanvas. Returning empty text metrics.
Error: Not implemented: HTMLCanvasElement.prototype.getContext (without installing the canvas npm package)
    at module.exports 
(C:\Users\denni\OneDrive\Documents\piano-app\node_modules\jsdom\lib\jsdom\browser\not-implemented.js:9:17)
    at HTMLCanvasElementImpl.getContext 
(C:\Users\denni\OneDrive\Documents\piano-app\node_modules\jsdom\lib\jsdom\living\nodes\HTMLCanvasElement-impl.js:42:5)
    at HTMLCanvasElement.getContext 
(C:\Users\denni\OneDrive\Documents\piano-app\node_modules\jsdom\lib\jsdom\living\generated\HTMLCanvasElement.js:131:58)
    at NoteHead.measureText 
(file:///C:/Users/denni/OneDrive/Documents/piano-app/node_modules/vexflow/build/esm/src/element.js:341:107)
    at NoteHead.get height [as height] 
(file:///C:/Users/denni/OneDrive/Documents/piano-app/node_modules/vexflow/build/esm/src/element.js:376:18)
    at NoteHead.getBoundingBox 
(file:///C:/Users/denni/OneDrive/Documents/piano-app/node_modules/vexflow/build/esm/src/element.js:187:136)
    at NoteHead.getBoundingBox 
(file:///C:/Users/denni/OneDrive/Documents/piano-app/node_modules/vexflow/build/esm/src/note.js:377:35)
    at file:///C:/Users/denni/OneDrive/Documents/piano-app/node_modules/vexflow/build/esm/src/stavenote.js:410:44
    at Array.forEach (<anonymous>)
    at StaveNote.getBoundingBox 
(file:///C:/Users/denni/OneDrive/Documents/piano-app/node_modules/vexflow/build/esm/src/stavenote.js:409:25) undefined
Element: No context for txtCanvas. Returning empty text metrics.
Error: Not implemented: HTMLCanvasElement.prototype.getContext (without installing the canvas npm package)
    at module.exports 
(C:\Users\denni\OneDrive\Documents\piano-app\node_modules\jsdom\lib\jsdom\browser\not-implemented.js:9:17)
    at HTMLCanvasElementImpl.getContext 
(C:\Users\denni\OneDrive\Documents\piano-app\node_modules\jsdom\lib\jsdom\living\nodes\HTMLCanvasElement-impl.js:42:5)
    at HTMLCanvasElement.getContext 
(C:\Users\denni\OneDrive\Documents\piano-app\node_modules\jsdom\lib\jsdom\living\generated\HTMLCanvasElement.js:131:58)
    at NoteHead.measureText 
(file:///C:/Users/denni/OneDrive/Documents/piano-app/node_modules/vexflow/build/esm/src/element.js:341:107)
    at NoteHead.get textMetrics [as textMetrics] 
(file:///C:/Users/denni/OneDrive/Documents/piano-app/node_modules/vexflow/build/esm/src/element.js:368:18)
    at NoteHead.getBoundingBox 
(file:///C:/Users/denni/OneDrive/Documents/piano-app/node_modules/vexflow/build/esm/src/element.js:187:82)
    at NoteHead.getBoundingBox 
(file:///C:/Users/denni/OneDrive/Documents/piano-app/node_modules/vexflow/build/esm/src/note.js:377:35)
    at file:///C:/Users/denni/OneDrive/Documents/piano-app/node_modules/vexflow/build/esm/src/stavenote.js:410:44
    at Array.forEach (<anonymous>)
    at StaveNote.getBoundingBox 
(file:///C:/Users/denni/OneDrive/Documents/piano-app/node_modules/vexflow/build/esm/src/stavenote.js:409:25) undefined
Element: No context for txtCanvas. Returning empty text metrics.
Error: Not implemented: HTMLCanvasElement.prototype.getContext (without installing the canvas npm package)
    at module.exports 
(C:\Users\denni\OneDrive\Documents\piano-app\node_modules\jsdom\lib\jsdom\browser\not-implemented.js:9:17)
    at HTMLCanvasElementImpl.getContext 
(C:\Users\denni\OneDrive\Documents\piano-app\node_modules\jsdom\lib\jsdom\living\nodes\HTMLCanvasElement-impl.js:42:5)
    at HTMLCanvasElement.getContext 
(C:\Users\denni\OneDrive\Documents\piano-app\node_modules\jsdom\lib\jsdom\living\generated\HTMLCanvasElement.js:131:58)
    at NoteHead.measureText 
(file:///C:/Users/denni/OneDrive/Documents/piano-app/node_modules/vexflow/build/esm/src/element.js:341:107)
    at NoteHead.get width [as width] 
(file:///C:/Users/denni/OneDrive/Documents/piano-app/node_modules/vexflow/build/esm/src/element.js:277:18)
    at NoteHead.getBoundingBox 
(file:///C:/Users/denni/OneDrive/Documents/piano-app/node_modules/vexflow/build/esm/src/element.js:187:124)
    at NoteHead.getBoundingBox 
(file:///C:/Users/denni/OneDrive/Documents/piano-app/node_modules/vexflow/build/esm/src/note.js:377:35)
    at file:///C:/Users/denni/OneDrive/Documents/piano-app/node_modules/vexflow/build/esm/src/stavenote.js:410:44
    at Array.forEach (<anonymous>)
    at StaveNote.getBoundingBox 
(file:///C:/Users/denni/OneDrive/Documents/piano-app/node_modules/vexflow/build/esm/src/stavenote.js:409:25) undefined
Element: No context for txtCanvas. Returning empty text metrics.
Error: Not implemented: HTMLCanvasElement.prototype.getContext (without installing the canvas npm package)
    at module.exports 
(C:\Users\denni\OneDrive\Documents\piano-app\node_modules\jsdom\lib\jsdom\browser\not-implemented.js:9:17)
    at HTMLCanvasElementImpl.getContext 
(C:\Users\denni\OneDrive\Documents\piano-app\node_modules\jsdom\lib\jsdom\living\nodes\HTMLCanvasElement-impl.js:42:5)
    at HTMLCanvasElement.getContext 
(C:\Users\denni\OneDrive\Documents\piano-app\node_modules\jsdom\lib\jsdom\living\generated\HTMLCanvasElement.js:131:58)
    at NoteHead.measureText 
(file:///C:/Users/denni/OneDrive/Documents/piano-app/node_modules/vexflow/build/esm/src/element.js:341:107)
    at NoteHead.get height [as height] 
(file:///C:/Users/denni/OneDrive/Documents/piano-app/node_modules/vexflow/build/esm/src/element.js:376:18)
    at NoteHead.getBoundingBox 
(file:///C:/Users/denni/OneDrive/Documents/piano-app/node_modules/vexflow/build/esm/src/element.js:187:136)
    at NoteHead.getBoundingBox 
(file:///C:/Users/denni/OneDrive/Documents/piano-app/node_modules/vexflow/build/esm/src/note.js:377:35)
    at file:///C:/Users/denni/OneDrive/Documents/piano-app/node_modules/vexflow/build/esm/src/stavenote.js:410:44
    at Array.forEach (<anonymous>)
    at StaveNote.getBoundingBox 
(file:///C:/Users/denni/OneDrive/Documents/piano-app/node_modules/vexflow/build/esm/src/stavenote.js:409:25) undefined
Element: No context for txtCanvas. Returning empty text metrics.

stdout | src/test/i4v5-inversion-tracking.test.jsx > I-IV-V Inversion Tracking > should update inversion checkboxes when playing correct chord in non-target inversion
[App] ≡ƒÄ╣ MIDI MESSAGE RECEIVED: {
  eventType: 'noteOn',
  activeNotesList: [ 60, 64, 67 ],
  activeNotesCount: 3,
  event: { type: 'noteOn', note: 60, velocity: 64 },
  note: 60,
  velocity: 64
}
[App] Γ£à activeNotes state updated to: [ 60, 64, 67 ]
[music-theory] identifyChord called { activeNotes: [ 60, 64, 67 ], length: 3 }
[music-theory] identifyChord: pitch classes { activeNotes: [ 60, 64, 67 ], pitchClasses: [ 0, 4, 7 ] }
[music-theory] identifyChord: MATCH FOUND! {
  root: 'C',
  type: 'major',
  pitchClasses: [ 0, 4, 7 ],
  targetNotes: [ 'C', 'E', 'G' ]
}
[music-theory] identifyChord: inversion calculation { bassMidi: 60, bassNoteIndex: 0, rootIndex: 0, interval: 0 }
[music-theory] identifyChord: returning {
  root: 'C',
  type: 'major',
  name: 'C Major',
  inversion: 'Root Position'
}
[App] ≡ƒÄ╡ IMMEDIATE CHORD DETECTION: C Major Root Position
[App] getChordHighlights: target chord {
  name: 'C Major',
  inversion: '1st Inversion',
  inversionNumber: 1,
  midiNotes: [ 52, 55, 60, 64, 67, 72 ]
}
[useChordDetection] useEffect triggered { activeNotes: [ 60, 64, 67 ], length: 3 }
[music-theory] identifyAllChords called { activeNotes: [ 60, 64, 67 ], length: 3 }
[music-theory] identifyAllChords: pitch classes { activeNotes: [ 60, 64, 67 ], pitchClasses: [ 0, 4, 7 ] }
[music-theory] identifyAllChords: MATCH FOUND! {
  root: 'C',
  type: 'major',
  pitchClasses: [ 0, 4, 7 ],
  targetNotes: [ 'C', 'E', 'G' ]
}
[music-theory] identifyAllChords: inversion calculation { bassMidi: 60, bassNoteIndex: 0, rootIndex: 0, interval: 0 }
[music-theory] identifyAllChords: added match {
  root: 'C',
  type: 'major',
  name: 'C Major',
  inversion: 'Root Position'
}
[music-theory] identifyAllChords: found 1 matches
[useChordDetection] All chords detected: 1 C Major
[useChordDetection] Γ£à CHORDS DETECTED: {
  count: 1,
  chords: [
    {
      name: 'C Major',
      root: 'C',
      type: 'major',
      inversion: 'Root Position'
    }
  ],
  activeNotes: [ 60, 64, 67 ]
}
[useChordDetection] Potential chords found: 5
[useChordDetection] Filtered suggestions: 5
[App] ΓÜá∩╕Å No chord detected { activeNotes: [ 60, 64, 67 ], activeNotesLength: 3 }
[App] handleChordPractice called {
  activeNotes: [ 60, 64, 67 ],
  activeNotesLength: 3,
  progression: [
    { name: 'C Major', roman: 'I', inversion: '1st Inversion' },
    { name: 'C Major', roman: 'I', inversion: '2nd Inversion' },
    { name: 'C Major', roman: 'I', inversion: 'Root Position' },
    { name: 'C Major', roman: 'I', inversion: '2nd Inversion' },
    { name: 'C Major', roman: 'I', inversion: 'Root Position' },
    { name: 'C Major', roman: 'I', inversion: '1st Inversion' },
    { name: 'F Major', roman: 'IV', inversion: '1st Inversion' },
    { name: 'F Major', roman: 'IV', inversion: '2nd Inversion' },
    { name: 'F Major', roman: 'IV', inversion: 'Root Position' },
    { name: 'F Major', roman: 'IV', inversion: '2nd Inversion' },
    { name: 'F Major', roman: 'IV', inversion: 'Root Position' },
    { name: 'F Major', roman: 'IV', inversion: '1st Inversion' },
    { name: 'G Major', roman: 'V', inversion: '1st Inversion' },
    { name: 'G Major', roman: 'V', inversion: '2nd Inversion' },
    { name: 'G Major', roman: 'V', inversion: 'Root Position' },
    { name: 'G Major', roman: 'V', inversion: '2nd Inversion' },
    { name: 'G Major', roman: 'V', inversion: 'Root Position' },
    { name: 'G Major', roman: 'V', inversion: '1st Inversion' }
  ],
  progressionLength: 18,
  currentStepIndex: 0,
  mode: 'chord'
}
[music-theory] identifyChord called { activeNotes: [ 60, 64, 67 ], length: 3 }
[music-theory] identifyChord: pitch classes { activeNotes: [ 60, 64, 67 ], pitchClasses: [ 0, 4, 7 ] }
[music-theory] identifyChord: MATCH FOUND! {
  root: 'C',
  type: 'major',
  pitchClasses: [ 0, 4, 7 ],
  targetNotes: [ 'C', 'E', 'G' ]
}
[music-theory] identifyChord: inversion calculation { bassMidi: 60, bassNoteIndex: 0, rootIndex: 0, interval: 0 }
[music-theory] identifyChord: returning {
  root: 'C',
  type: 'major',
  name: 'C Major',
  inversion: 'Root Position'
}
[App] ≡ƒÄ╡ CHORD DETECTED IN handleChordPractice: C Major Root Position
[App] handleChordPractice: detected chord {
  root: 'C',
  type: 'major',
  name: 'C Major',
  inversion: 'Root Position'
}
[App] handleChordPractice: target chord { name: 'C Major', roman: 'I', inversion: '1st Inversion' }
[App] handleChordPractice: status message Target: C Major (I) | Playing: C Major (Root Position)
[music-theory] identifyChord called { activeNotes: [ 60, 64, 67 ], length: 3 }
[music-theory] identifyChord: pitch classes { activeNotes: [ 60, 64, 67 ], pitchClasses: [ 0, 4, 7 ] }
[music-theory] identifyChord: MATCH FOUND! {
  root: 'C',
  type: 'major',
  pitchClasses: [ 0, 4, 7 ],
  targetNotes: [ 'C', 'E', 'G' ]
}
[music-theory] identifyChord: inversion calculation { bassMidi: 60, bassNoteIndex: 0, rootIndex: 0, interval: 0 }
[music-theory] identifyChord: returning {
  root: 'C',
  type: 'major',
  name: 'C Major',
  inversion: 'Root Position'
}
[App] Chord validation: target chord { name: 'C Major', roman: 'I', inversion: '1st Inversion' }
[music-theory] identifyChord called { activeNotes: [ 60, 64, 67 ], length: 3 }
[music-theory] identifyChord: pitch classes { activeNotes: [ 60, 64, 67 ], pitchClasses: [ 0, 4, 7 ] }
[music-theory] identifyChord: MATCH FOUND! {
  root: 'C',
  type: 'major',
  pitchClasses: [ 0, 4, 7 ],
  targetNotes: [ 'C', 'E', 'G' ]
}
[music-theory] identifyChord: inversion calculation { bassMidi: 60, bassNoteIndex: 0, rootIndex: 0, interval: 0 }
[music-theory] identifyChord: returning {
  root: 'C',
  type: 'major',
  name: 'C Major',
  inversion: 'Root Position'
}
[App] Chord validation: detected chord {
  root: 'C',
  type: 'major',
  name: 'C Major',
  inversion: 'Root Position'
}
[App] Chord validation: comparison {
  targetChordName: 'C Major',
  targetInversion: '1st Inversion',
  detectedName: 'C Major',
  detectedInversion: 'Root Position',
  targetRootIdx: 0,
  detectedRootIdx: 0,
  match: false,
  correctChordWrongInversion: true
}
[App] Chord validation: tracked inversion (wrong target) Root Position for chord type I
[App] getChordHighlights: target chord {
  name: 'C Major',
  inversion: '1st Inversion',
  inversionNumber: 1,
  midiNotes: [ 52, 55, 60, 64, 67, 72 ]
}
[App] ≡ƒÄ╡≡ƒÄ╡≡ƒÄ╡ CHORD DETECTED AND AVAILABLE: {
  name: 'C Major',
  root: 'C',
  type: 'major',
  inversion: 'Root Position',
  activeNotes: [ 60, 64, 67 ]
}
[App] ≡ƒÄ╡ CHORD NAME: C Major (Root Position)
[App] Chord validation: target chord { name: 'C Major', roman: 'I', inversion: '1st Inversion' }
[music-theory] identifyChord called { activeNotes: [ 60, 64, 67 ], length: 3 }
[music-theory] identifyChord: pitch classes { activeNotes: [ 60, 64, 67 ], pitchClasses: [ 0, 4, 7 ] }
[music-theory] identifyChord: MATCH FOUND! {
  root: 'C',
  type: 'major',
  pitchClasses: [ 0, 4, 7 ],
  targetNotes: [ 'C', 'E', 'G' ]
}
[music-theory] identifyChord: inversion calculation { bassMidi: 60, bassNoteIndex: 0, rootIndex: 0, interval: 0 }
[music-theory] identifyChord: returning {
  root: 'C',
  type: 'major',
  name: 'C Major',
  inversion: 'Root Position'
}
[App] Chord validation: detected chord {
  root: 'C',
  type: 'major',
  name: 'C Major',
  inversion: 'Root Position'
}
[App] Chord validation: comparison {
  targetChordName: 'C Major',
  targetInversion: '1st Inversion',
  detectedName: 'C Major',
  detectedInversion: 'Root Position',
  targetRootIdx: 0,
  detectedRootIdx: 0,
  match: false,
  correctChordWrongInversion: true
}
[App] getChordHighlights: target chord {
  name: 'C Major',
  inversion: '1st Inversion',
  inversionNumber: 1,
  midiNotes: [ 52, 55, 60, 64, 67, 72 ]
}

stdout | src/test/i4v5-inversion-tracking.test.jsx > I-IV-V Inversion Tracking > should show Root Position as played in Inversions Progress after playing root
[useChordDetection] useEffect triggered { activeNotes: [], length: 0 }
[music-theory] identifyAllChords called { activeNotes: [], length: 0 }
[music-theory] identifyAllChords: insufficient notes { activeNotes: [], length: 0 }
[useChordDetection] All chords detected: 0 
[useChordDetection] Γ¥î NO CHORD DETECTED {
  activeNotes: [],
  activeNotesLength: 0,
  reason: 'Insufficient notes (need 3+)'
}
[useChordDetection] No suggestions (insufficient notes)
[App] ΓÜá∩╕Å No chord detected { activeNotes: [], activeNotesLength: 0 }
[App] Auto-enabled requireAllInversions for I-IV-V inversion exercise
[ProgressionBuilder] validateAndParse called { text: 'I IV V I', selectedRoot: 'C', selectedScaleType: 'major' }
[ProgressionBuilder] Validation successful: [
  { roman: 'I', name: 'C Major', type: 'roman' },
  { roman: 'IV', name: 'F Major', type: 'roman' },
  { roman: 'V', name: 'G Major', type: 'roman' },
  { roman: 'I', name: 'C Major', type: 'roman' }
]
[App] handleChordPractice called {
  activeNotes: [],
  activeNotesLength: 0,
  progression: [],
  progressionLength: 0,
  currentStepIndex: 0,
  mode: 'chord'
}
[music-theory] identifyChord called { activeNotes: [], length: 0 }
[music-theory] identifyChord: insufficient notes { activeNotes: [], length: 0 }
[App] Γ¥î NO CHORD in handleChordPractice { activeNotes: [], activeNotesLength: 0 }
[App] handleChordPractice: detected chord null
[App] handleChordPractice: no progression set
[App] handleChordPractice: idle, no progression
[App] getChordHighlights: target chord {
  name: 'C Major',
  inversion: '1st Inversion',
  inversionNumber: 1,
  midiNotes: [ 52, 55, 60, 64, 67, 72 ]
}
[App] handleChordPractice called {
  activeNotes: [],
  activeNotesLength: 0,
  progression: [
    { name: 'C Major', roman: 'I', inversion: '1st Inversion' },
    { name: 'C Major', roman: 'I', inversion: '2nd Inversion' },
    { name: 'C Major', roman: 'I', inversion: 'Root Position' },
    { name: 'C Major', roman: 'I', inversion: '2nd Inversion' },
    { name: 'C Major', roman: 'I', inversion: 'Root Position' },
    { name: 'C Major', roman: 'I', inversion: '1st Inversion' },
    { name: 'F Major', roman: 'IV', inversion: '1st Inversion' },
    { name: 'F Major', roman: 'IV', inversion: '2nd Inversion' },
    { name: 'F Major', roman: 'IV', inversion: 'Root Position' },
    { name: 'F Major', roman: 'IV', inversion: '2nd Inversion' },
    { name: 'F Major', roman: 'IV', inversion: 'Root Position' },
    { name: 'F Major', roman: 'IV', inversion: '1st Inversion' },
    { name: 'G Major', roman: 'V', inversion: '1st Inversion' },
    { name: 'G Major', roman: 'V', inversion: '2nd Inversion' },
    { name: 'G Major', roman: 'V', inversion: 'Root Position' },
    { name: 'G Major', roman: 'V', inversion: '2nd Inversion' },
    { name: 'G Major', roman: 'V', inversion: 'Root Position' },
    { name: 'G Major', roman: 'V', inversion: '1st Inversion' }
  ],
  progressionLength: 18,
  currentStepIndex: 0,
  mode: 'chord'
}
[music-theory] identifyChord called { activeNotes: [], length: 0 }
[music-theory] identifyChord: insufficient notes { activeNotes: [], length: 0 }
[App] Γ¥î NO CHORD in handleChordPractice { activeNotes: [], activeNotesLength: 0 }
[App] handleChordPractice: detected chord null
[App] handleChordPractice: target chord { name: 'C Major', roman: 'I', inversion: '1st Inversion' }
[App] handleChordPractice: status message (idle) Target: C Major (I)
[App] Chord type changed to I loaded inversions: []
[App] getChordHighlights: target chord {
  name: 'C Major',
  inversion: '1st Inversion',
  inversionNumber: 1,
  midiNotes: [ 52, 55, 60, 64, 67, 72 ]
}
[App] getChordHighlights: target chord {
  name: 'C Major',
  inversion: '1st Inversion',
  inversionNumber: 1,
  midiNotes: [ 52, 55, 60, 64, 67, 72 ]
}

stderr | src/test/i4v5-inversion-tracking.test.jsx > I-IV-V Inversion Tracking > should show Root Position as played 
in Inversions Progress after playing root
Error: Not implemented: HTMLCanvasElement.prototype.getContext (without installing the canvas npm package)
    at module.exports 
(C:\Users\denni\OneDrive\Documents\piano-app\node_modules\jsdom\lib\jsdom\browser\not-implemented.js:9:17)
    at HTMLCanvasElementImpl.getContext 
(C:\Users\denni\OneDrive\Documents\piano-app\node_modules\jsdom\lib\jsdom\living\nodes\HTMLCanvasElement-impl.js:42:5)
    at HTMLCanvasElement.getContext 
(C:\Users\denni\OneDrive\Documents\piano-app\node_modules\jsdom\lib\jsdom\living\generated\HTMLCanvasElement.js:131:58)
    at StaveNote.measureText 
(file:///C:/Users/denni/OneDrive/Documents/piano-app/node_modules/vexflow/build/esm/src/element.js:341:107)
    at StaveNote.set width [as width] 
(file:///C:/Users/denni/OneDrive/Documents/piano-app/node_modules/vexflow/build/esm/src/element.js:286:18)
    at new Note (file:///C:/Users/denni/OneDrive/Documents/piano-app/node_modules/vexflow/build/esm/src/note.js:145:20)
    at new StemmableNote 
(file:///C:/Users/denni/OneDrive/Documents/piano-app/node_modules/vexflow/build/esm/src/stemmablenote.js:12:9)
    at new StaveNote 
(file:///C:/Users/denni/OneDrive/Documents/piano-app/node_modules/vexflow/build/esm/src/stavenote.js:252:9)
    at Factory.StaveNote 
(file:///C:/Users/denni/OneDrive/Documents/piano-app/node_modules/vexflow/build/esm/src/factory.js:131:22)
    at Builder.commitPiece 
(file:///C:/Users/denni/OneDrive/Documents/piano-app/node_modules/vexflow/build/esm/src/easyscore.js:280:23) undefined
Element: No context for txtCanvas. Returning empty text metrics.
Error: Not implemented: HTMLCanvasElement.prototype.getContext (without installing the canvas npm package)
    at module.exports 
(C:\Users\denni\OneDrive\Documents\piano-app\node_modules\jsdom\lib\jsdom\browser\not-implemented.js:9:17)
    at HTMLCanvasElementImpl.getContext 
(C:\Users\denni\OneDrive\Documents\piano-app\node_modules\jsdom\lib\jsdom\living\nodes\HTMLCanvasElement-impl.js:42:5)
    at HTMLCanvasElement.getContext 
(C:\Users\denni\OneDrive\Documents\piano-app\node_modules\jsdom\lib\jsdom\living\generated\HTMLCanvasElement.js:131:58)
    at NoteHead.measureText 
(file:///C:/Users/denni/OneDrive/Documents/piano-app/node_modules/vexflow/build/esm/src/element.js:341:107)
    at NoteHead.set width [as width] 
(file:///C:/Users/denni/OneDrive/Documents/piano-app/node_modules/vexflow/build/esm/src/element.js:286:18)
    at new Note (file:///C:/Users/denni/OneDrive/Documents/piano-app/node_modules/vexflow/build/esm/src/note.js:145:20)
    at new NoteHead 
(file:///C:/Users/denni/OneDrive/Documents/piano-app/node_modules/vexflow/build/esm/src/notehead.js:14:9)
    at StaveNote.buildNoteHeads 
(file:///C:/Users/denni/OneDrive/Documents/piano-app/node_modules/vexflow/build/esm/src/stavenote.js:343:30)
    at StaveNote.reset 
(file:///C:/Users/denni/OneDrive/Documents/piano-app/node_modules/vexflow/build/esm/src/stavenote.js:281:14)
    at StaveNote.setStemDirection 
(file:///C:/Users/denni/OneDrive/Documents/piano-app/node_modules/vexflow/build/esm/src/stemmablenote.js:100:14) 
undefined
Element: No context for txtCanvas. Returning empty text metrics.
Error: Not implemented: HTMLCanvasElement.prototype.getContext (without installing the canvas npm package)
    at module.exports 
(C:\Users\denni\OneDrive\Documents\piano-app\node_modules\jsdom\lib\jsdom\browser\not-implemented.js:9:17)
    at HTMLCanvasElementImpl.getContext 
(C:\Users\denni\OneDrive\Documents\piano-app\node_modules\jsdom\lib\jsdom\living\nodes\HTMLCanvasElement-impl.js:42:5)
    at HTMLCanvasElement.getContext 
(C:\Users\denni\OneDrive\Documents\piano-app\node_modules\jsdom\lib\jsdom\living\generated\HTMLCanvasElement.js:131:58)
    at NoteHead.measureText 
(file:///C:/Users/denni/OneDrive/Documents/piano-app/node_modules/vexflow/build/esm/src/element.js:341:107)
    at NoteHead.set width [as width] 
(file:///C:/Users/denni/OneDrive/Documents/piano-app/node_modules/vexflow/build/esm/src/element.js:286:18)
    at new Note (file:///C:/Users/denni/OneDrive/Documents/piano-app/node_modules/vexflow/build/esm/src/note.js:145:20)
    at new NoteHead 
(file:///C:/Users/denni/OneDrive/Documents/piano-app/node_modules/vexflow/build/esm/src/notehead.js:14:9)
    at StaveNote.buildNoteHeads 
(file:///C:/Users/denni/OneDrive/Documents/piano-app/node_modules/vexflow/build/esm/src/stavenote.js:343:30)
    at StaveNote.reset 
(file:///C:/Users/denni/OneDrive/Documents/piano-app/node_modules/vexflow/build/esm/src/stavenote.js:281:14)
    at StaveNote.setStemDirection 
(file:///C:/Users/denni/OneDrive/Documents/piano-app/node_modules/vexflow/build/esm/src/stemmablenote.js:100:14) 
undefined
Element: No context for txtCanvas. Returning empty text metrics.
Error: Not implemented: HTMLCanvasElement.prototype.getContext (without installing the canvas npm package)
    at module.exports 
(C:\Users\denni\OneDrive\Documents\piano-app\node_modules\jsdom\lib\jsdom\browser\not-implemented.js:9:17)
    at HTMLCanvasElementImpl.getContext 
(C:\Users\denni\OneDrive\Documents\piano-app\node_modules\jsdom\lib\jsdom\living\nodes\HTMLCanvasElement-impl.js:42:5)
    at HTMLCanvasElement.getContext 
(C:\Users\denni\OneDrive\Documents\piano-app\node_modules\jsdom\lib\jsdom\living\generated\HTMLCanvasElement.js:131:58)
    at NoteHead.measureText 
(file:///C:/Users/denni/OneDrive/Documents/piano-app/node_modules/vexflow/build/esm/src/element.js:341:107)
    at NoteHead.set width [as width] 
(file:///C:/Users/denni/OneDrive/Documents/piano-app/node_modules/vexflow/build/esm/src/element.js:286:18)
    at new Note (file:///C:/Users/denni/OneDrive/Documents/piano-app/node_modules/vexflow/build/esm/src/note.js:145:20)
    at new NoteHead 
(file:///C:/Users/denni/OneDrive/Documents/piano-app/node_modules/vexflow/build/esm/src/notehead.js:14:9)
    at StaveNote.buildNoteHeads 
(file:///C:/Users/denni/OneDrive/Documents/piano-app/node_modules/vexflow/build/esm/src/stavenote.js:343:30)
    at StaveNote.reset 
(file:///C:/Users/denni/OneDrive/Documents/piano-app/node_modules/vexflow/build/esm/src/stavenote.js:281:14)
    at StaveNote.setStemDirection 
(file:///C:/Users/denni/OneDrive/Documents/piano-app/node_modules/vexflow/build/esm/src/stemmablenote.js:100:14) 
undefined
Element: No context for txtCanvas. Returning empty text metrics.
Error: Not implemented: HTMLCanvasElement.prototype.getContext (without installing the canvas npm package)
    at module.exports 
(C:\Users\denni\OneDrive\Documents\piano-app\node_modules\jsdom\lib\jsdom\browser\not-implemented.js:9:17)
    at HTMLCanvasElementImpl.getContext 
(C:\Users\denni\OneDrive\Documents\piano-app\node_modules\jsdom\lib\jsdom\living\nodes\HTMLCanvasElement-impl.js:42:5)
    at HTMLCanvasElement.getContext 
(C:\Users\denni\OneDrive\Documents\piano-app\node_modules\jsdom\lib\jsdom\living\generated\HTMLCanvasElement.js:131:58)
    at Flag.measureText 
(file:///C:/Users/denni/OneDrive/Documents/piano-app/node_modules/vexflow/build/esm/src/element.js:341:107)
    at Flag.get height [as height] 
(file:///C:/Users/denni/OneDrive/Documents/piano-app/node_modules/vexflow/build/esm/src/element.js:376:18)
    at Flag.getHeight 
(file:///C:/Users/denni/OneDrive/Documents/piano-app/node_modules/vexflow/build/esm/src/element.js:372:21)
    at StaveNote.getStemExtension 
(file:///C:/Users/denni/OneDrive/Documents/piano-app/node_modules/vexflow/build/esm/src/stemmablenote.js:125:38)
    at StaveNote.getStemExtension 
(file:///C:/Users/denni/OneDrive/Documents/piano-app/node_modules/vexflow/build/esm/src/stavenote.js:784:42)
    at StaveNote.setStemDirection 
(file:///C:/Users/denni/OneDrive/Documents/piano-app/node_modules/vexflow/build/esm/src/stemmablenote.js:107:41)
    at new StaveNote 
(file:///C:/Users/denni/OneDrive/Documents/piano-app/node_modules/vexflow/build/esm/src/stavenote.js:273:18) undefined
Element: No context for txtCanvas. Returning empty text metrics.
Error: Not implemented: HTMLCanvasElement.prototype.getContext (without installing the canvas npm package)
    at module.exports 
(C:\Users\denni\OneDrive\Documents\piano-app\node_modules\jsdom\lib\jsdom\browser\not-implemented.js:9:17)
    at HTMLCanvasElementImpl.getContext 
(C:\Users\denni\OneDrive\Documents\piano-app\node_modules\jsdom\lib\jsdom\living\nodes\HTMLCanvasElement-impl.js:42:5)
    at HTMLCanvasElement.getContext 
(C:\Users\denni\OneDrive\Documents\piano-app\node_modules\jsdom\lib\jsdom\living\generated\HTMLCanvasElement.js:131:58)
    at NoteHead.measureText 
(file:///C:/Users/denni/OneDrive/Documents/piano-app/node_modules/vexflow/build/esm/src/element.js:341:107)
    at NoteHead.set width [as width] 
(file:///C:/Users/denni/OneDrive/Documents/piano-app/node_modules/vexflow/build/esm/src/element.js:286:18)
    at new Note (file:///C:/Users/denni/OneDrive/Documents/piano-app/node_modules/vexflow/build/esm/src/note.js:145:20)
    at new NoteHead 
(file:///C:/Users/denni/OneDrive/Documents/piano-app/node_modules/vexflow/build/esm/src/notehead.js:14:9)
    at StaveNote.buildNoteHeads 
(file:///C:/Users/denni/OneDrive/Documents/piano-app/node_modules/vexflow/build/esm/src/stavenote.js:343:30)
    at StaveNote.reset 
(file:///C:/Users/denni/OneDrive/Documents/piano-app/node_modules/vexflow/build/esm/src/stavenote.js:281:14)
    at new StaveNote 
(file:///C:/Users/denni/OneDrive/Documents/piano-app/node_modules/vexflow/build/esm/src/stavenote.js:275:14) undefined
Element: No context for txtCanvas. Returning empty text metrics.
Error: Not implemented: HTMLCanvasElement.prototype.getContext (without installing the canvas npm package)
    at module.exports 
(C:\Users\denni\OneDrive\Documents\piano-app\node_modules\jsdom\lib\jsdom\browser\not-implemented.js:9:17)
    at HTMLCanvasElementImpl.getContext 
(C:\Users\denni\OneDrive\Documents\piano-app\node_modules\jsdom\lib\jsdom\living\nodes\HTMLCanvasElement-impl.js:42:5)
    at HTMLCanvasElement.getContext 
(C:\Users\denni\OneDrive\Documents\piano-app\node_modules\jsdom\lib\jsdom\living\generated\HTMLCanvasElement.js:131:58)
    at NoteHead.measureText 
(file:///C:/Users/denni/OneDrive/Documents/piano-app/node_modules/vexflow/build/esm/src/element.js:341:107)
    at NoteHead.set width [as width] 
(file:///C:/Users/denni/OneDrive/Documents/piano-app/node_modules/vexflow/build/esm/src/element.js:286:18)
    at new Note (file:///C:/Users/denni/OneDrive/Documents/piano-app/node_modules/vexflow/build/esm/src/note.js:145:20)
    at new NoteHead 
(file:///C:/Users/denni/OneDrive/Documents/piano-app/node_modules/vexflow/build/esm/src/notehead.js:14:9)
    at StaveNote.buildNoteHeads 
(file:///C:/Users/denni/OneDrive/Documents/piano-app/node_modules/vexflow/build/esm/src/stavenote.js:343:30)
    at StaveNote.reset 
(file:///C:/Users/denni/OneDrive/Documents/piano-app/node_modules/vexflow/build/esm/src/stavenote.js:281:14)
    at new StaveNote 
(file:///C:/Users/denni/OneDrive/Documents/piano-app/node_modules/vexflow/build/esm/src/stavenote.js:275:14) undefined
Element: No context for txtCanvas. Returning empty text metrics.
Error: Not implemented: HTMLCanvasElement.prototype.getContext (without installing the canvas npm package)
    at module.exports 
(C:\Users\denni\OneDrive\Documents\piano-app\node_modules\jsdom\lib\jsdom\browser\not-implemented.js:9:17)
    at HTMLCanvasElementImpl.getContext 
(C:\Users\denni\OneDrive\Documents\piano-app\node_modules\jsdom\lib\jsdom\living\nodes\HTMLCanvasElement-impl.js:42:5)
    at HTMLCanvasElement.getContext 
(C:\Users\denni\OneDrive\Documents\piano-app\node_modules\jsdom\lib\jsdom\living\generated\HTMLCanvasElement.js:131:58)
    at NoteHead.measureText 
(file:///C:/Users/denni/OneDrive/Documents/piano-app/node_modules/vexflow/build/esm/src/element.js:341:107)
    at NoteHead.set width [as width] 
(file:///C:/Users/denni/OneDrive/Documents/piano-app/node_modules/vexflow/build/esm/src/element.js:286:18)
    at new Note (file:///C:/Users/denni/OneDrive/Documents/piano-app/node_modules/vexflow/build/esm/src/note.js:145:20)
    at new NoteHead 
(file:///C:/Users/denni/OneDrive/Documents/piano-app/node_modules/vexflow/build/esm/src/notehead.js:14:9)
    at StaveNote.buildNoteHeads 
(file:///C:/Users/denni/OneDrive/Documents/piano-app/node_modules/vexflow/build/esm/src/stavenote.js:343:30)
    at StaveNote.reset 
(file:///C:/Users/denni/OneDrive/Documents/piano-app/node_modules/vexflow/build/esm/src/stavenote.js:281:14)
    at new StaveNote 
(file:///C:/Users/denni/OneDrive/Documents/piano-app/node_modules/vexflow/build/esm/src/stavenote.js:275:14) undefined
Element: No context for txtCanvas. Returning empty text metrics.
Error: Not implemented: HTMLCanvasElement.prototype.getContext (without installing the canvas npm package)
    at module.exports 
(C:\Users\denni\OneDrive\Documents\piano-app\node_modules\jsdom\lib\jsdom\browser\not-implemented.js:9:17)
    at HTMLCanvasElementImpl.getContext 
(C:\Users\denni\OneDrive\Documents\piano-app\node_modules\jsdom\lib\jsdom\living\nodes\HTMLCanvasElement-impl.js:42:5)
    at HTMLCanvasElement.getContext 
(C:\Users\denni\OneDrive\Documents\piano-app\node_modules\jsdom\lib\jsdom\living\generated\HTMLCanvasElement.js:131:58)
    at NoteHead.measureText 
(file:///C:/Users/denni/OneDrive/Documents/piano-app/node_modules/vexflow/build/esm/src/element.js:341:107)
    at NoteHead.set width [as width] 
(file:///C:/Users/denni/OneDrive/Documents/piano-app/node_modules/vexflow/build/esm/src/element.js:286:18)
    at new Note (file:///C:/Users/denni/OneDrive/Documents/piano-app/node_modules/vexflow/build/esm/src/note.js:145:20)
    at new NoteHead 
(file:///C:/Users/denni/OneDrive/Documents/piano-app/node_modules/vexflow/build/esm/src/notehead.js:14:9)
    at StaveNote.buildNoteHeads 
(file:///C:/Users/denni/OneDrive/Documents/piano-app/node_modules/vexflow/build/esm/src/stavenote.js:343:30)
    at StaveNote.reset 
(file:///C:/Users/denni/OneDrive/Documents/piano-app/node_modules/vexflow/build/esm/src/stavenote.js:281:14)
    at StaveNote.setStemDirection 
(file:///C:/Users/denni/OneDrive/Documents/piano-app/node_modules/vexflow/build/esm/src/stemmablenote.js:100:14) 
undefined
Element: No context for txtCanvas. Returning empty text metrics.
Error: Not implemented: HTMLCanvasElement.prototype.getContext (without installing the canvas npm package)
    at module.exports 
(C:\Users\denni\OneDrive\Documents\piano-app\node_modules\jsdom\lib\jsdom\browser\not-implemented.js:9:17)
    at HTMLCanvasElementImpl.getContext 
(C:\Users\denni\OneDrive\Documents\piano-app\node_modules\jsdom\lib\jsdom\living\nodes\HTMLCanvasElement-impl.js:42:5)
    at HTMLCanvasElement.getContext 
(C:\Users\denni\OneDrive\Documents\piano-app\node_modules\jsdom\lib\jsdom\living\generated\HTMLCanvasElement.js:131:58)
    at NoteHead.measureText 
(file:///C:/Users/denni/OneDrive/Documents/piano-app/node_modules/vexflow/build/esm/src/element.js:341:107)
    at NoteHead.set width [as width] 
(file:///C:/Users/denni/OneDrive/Documents/piano-app/node_modules/vexflow/build/esm/src/element.js:286:18)
    at new Note (file:///C:/Users/denni/OneDrive/Documents/piano-app/node_modules/vexflow/build/esm/src/note.js:145:20)
    at new NoteHead 
(file:///C:/Users/denni/OneDrive/Documents/piano-app/node_modules/vexflow/build/esm/src/notehead.js:14:9)
    at StaveNote.buildNoteHeads 
(file:///C:/Users/denni/OneDrive/Documents/piano-app/node_modules/vexflow/build/esm/src/stavenote.js:343:30)
    at StaveNote.reset 
(file:///C:/Users/denni/OneDrive/Documents/piano-app/node_modules/vexflow/build/esm/src/stavenote.js:281:14)
    at StaveNote.setStemDirection 
(file:///C:/Users/denni/OneDrive/Documents/piano-app/node_modules/vexflow/build/esm/src/stemmablenote.js:100:14) 
undefined
Element: No context for txtCanvas. Returning empty text metrics.
Error: Not implemented: HTMLCanvasElement.prototype.getContext (without installing the canvas npm package)
    at module.exports 
(C:\Users\denni\OneDrive\Documents\piano-app\node_modules\jsdom\lib\jsdom\browser\not-implemented.js:9:17)
    at HTMLCanvasElementImpl.getContext 
(C:\Users\denni\OneDrive\Documents\piano-app\node_modules\jsdom\lib\jsdom\living\nodes\HTMLCanvasElement-impl.js:42:5)
    at HTMLCanvasElement.getContext 
(C:\Users\denni\OneDrive\Documents\piano-app\node_modules\jsdom\lib\jsdom\living\generated\HTMLCanvasElement.js:131:58)
    at NoteHead.measureText 
(file:///C:/Users/denni/OneDrive/Documents/piano-app/node_modules/vexflow/build/esm/src/element.js:341:107)
    at NoteHead.set width [as width] 
(file:///C:/Users/denni/OneDrive/Documents/piano-app/node_modules/vexflow/build/esm/src/element.js:286:18)
    at new Note (file:///C:/Users/denni/OneDrive/Documents/piano-app/node_modules/vexflow/build/esm/src/note.js:145:20)
    at new NoteHead 
(file:///C:/Users/denni/OneDrive/Documents/piano-app/node_modules/vexflow/build/esm/src/notehead.js:14:9)
    at StaveNote.buildNoteHeads 
(file:///C:/Users/denni/OneDrive/Documents/piano-app/node_modules/vexflow/build/esm/src/stavenote.js:343:30)
    at StaveNote.reset 
(file:///C:/Users/denni/OneDrive/Documents/piano-app/node_modules/vexflow/build/esm/src/stavenote.js:281:14)
    at StaveNote.setStemDirection 
(file:///C:/Users/denni/OneDrive/Documents/piano-app/node_modules/vexflow/build/esm/src/stemmablenote.js:100:14) 
undefined
Element: No context for txtCanvas. Returning empty text metrics.
Error: Not implemented: HTMLCanvasElement.prototype.getContext (without installing the canvas npm package)
    at module.exports 
(C:\Users\denni\OneDrive\Documents\piano-app\node_modules\jsdom\lib\jsdom\browser\not-implemented.js:9:17)
    at HTMLCanvasElementImpl.getContext 
(C:\Users\denni\OneDrive\Documents\piano-app\node_modules\jsdom\lib\jsdom\living\nodes\HTMLCanvasElement-impl.js:42:5)
    at HTMLCanvasElement.getContext 
(C:\Users\denni\OneDrive\Documents\piano-app\node_modules\jsdom\lib\jsdom\living\generated\HTMLCanvasElement.js:131:58)
    at Flag.measureText 
(file:///C:/Users/denni/OneDrive/Documents/piano-app/node_modules/vexflow/build/esm/src/element.js:341:107)
    at Flag.get height [as height] 
(file:///C:/Users/denni/OneDrive/Documents/piano-app/node_modules/vexflow/build/esm/src/element.js:376:18)
    at Flag.getHeight 
(file:///C:/Users/denni/OneDrive/Documents/piano-app/node_modules/vexflow/build/esm/src/element.js:372:21)
    at StaveNote.getStemExtension 
(file:///C:/Users/denni/OneDrive/Documents/piano-app/node_modules/vexflow/build/esm/src/stemmablenote.js:125:38)
    at StaveNote.getStemExtension 
(file:///C:/Users/denni/OneDrive/Documents/piano-app/node_modules/vexflow/build/esm/src/stavenote.js:784:42)
    at StaveNote.setStemDirection 
(file:///C:/Users/denni/OneDrive/Documents/piano-app/node_modules/vexflow/build/esm/src/stemmablenote.js:107:41)
    at Builder.commitPiece 
(file:///C:/Users/denni/OneDrive/Documents/piano-app/node_modules/vexflow/build/esm/src/easyscore.js:282:18) undefined
Element: No context for txtCanvas. Returning empty text metrics.
Error: Not implemented: HTMLCanvasElement.prototype.getContext (without installing the canvas npm package)
    at module.exports 
(C:\Users\denni\OneDrive\Documents\piano-app\node_modules\jsdom\lib\jsdom\browser\not-implemented.js:9:17)
    at HTMLCanvasElementImpl.getContext 
(C:\Users\denni\OneDrive\Documents\piano-app\node_modules\jsdom\lib\jsdom\living\nodes\HTMLCanvasElement-impl.js:42:5)
    at HTMLCanvasElement.getContext 
(C:\Users\denni\OneDrive\Documents\piano-app\node_modules\jsdom\lib\jsdom\living\generated\HTMLCanvasElement.js:131:58)
    at Stave.measureText 
(file:///C:/Users/denni/OneDrive/Documents/piano-app/node_modules/vexflow/build/esm/src/element.js:341:107)
    at Stave.set width [as width] 
(file:///C:/Users/denni/OneDrive/Documents/piano-app/node_modules/vexflow/build/esm/src/element.js:286:18)
    at new Stave 
(file:///C:/Users/denni/OneDrive/Documents/piano-app/node_modules/vexflow/build/esm/src/stave.js:43:20)
    at Factory.Stave 
(file:///C:/Users/denni/OneDrive/Documents/piano-app/node_modules/vexflow/build/esm/src/factory.js:115:23)
    at System.addStave 
(file:///C:/Users/denni/OneDrive/Documents/piano-app/node_modules/vexflow/build/esm/src/system.js:70:89)
    at Timeout.renderNotation [as _onTimeout] 
(C:\Users\denni\OneDrive\Documents\piano-app\src\components\SheetMusicDisplay.jsx:152:12)
    at listOnTimeout (node:internal/timers:605:17) undefined
Element: No context for txtCanvas. Returning empty text metrics.
Error: Not implemented: HTMLCanvasElement.prototype.getContext (without installing the canvas npm package)
    at module.exports 
(C:\Users\denni\OneDrive\Documents\piano-app\node_modules\jsdom\lib\jsdom\browser\not-implemented.js:9:17)
    at HTMLCanvasElementImpl.getContext 
(C:\Users\denni\OneDrive\Documents\piano-app\node_modules\jsdom\lib\jsdom\living\nodes\HTMLCanvasElement-impl.js:42:5)
    at HTMLCanvasElement.getContext 
(C:\Users\denni\OneDrive\Documents\piano-app\node_modules\jsdom\lib\jsdom\living\generated\HTMLCanvasElement.js:131:58)
    at Stave.measureText 
(file:///C:/Users/denni/OneDrive/Documents/piano-app/node_modules/vexflow/build/esm/src/element.js:341:107)
    at Stave.get width [as width] 
(file:///C:/Users/denni/OneDrive/Documents/piano-app/node_modules/vexflow/build/esm/src/element.js:277:18)
    at new Stave 
(file:///C:/Users/denni/OneDrive/Documents/piano-app/node_modules/vexflow/build/esm/src/stave.js:52:55)
    at Factory.Stave 
(file:///C:/Users/denni/OneDrive/Documents/piano-app/node_modules/vexflow/build/esm/src/factory.js:115:23)
    at System.addStave 
(file:///C:/Users/denni/OneDrive/Documents/piano-app/node_modules/vexflow/build/esm/src/system.js:70:89)
    at Timeout.renderNotation [as _onTimeout] 
(C:\Users\denni\OneDrive\Documents\piano-app\src\components\SheetMusicDisplay.jsx:152:12)
    at listOnTimeout (node:internal/timers:605:17) undefined
Element: No context for txtCanvas. Returning empty text metrics.
Error: Not implemented: HTMLCanvasElement.prototype.getContext (without installing the canvas npm package)
    at module.exports 
(C:\Users\denni\OneDrive\Documents\piano-app\node_modules\jsdom\lib\jsdom\browser\not-implemented.js:9:17)
    at HTMLCanvasElementImpl.getContext 
(C:\Users\denni\OneDrive\Documents\piano-app\node_modules\jsdom\lib\jsdom\living\nodes\HTMLCanvasElement-impl.js:42:5)
    at HTMLCanvasElement.getContext 
(C:\Users\denni\OneDrive\Documents\piano-app\node_modules\jsdom\lib\jsdom\living\generated\HTMLCanvasElement.js:131:58)
    at Stave.measureText 
(file:///C:/Users/denni/OneDrive/Documents/piano-app/node_modules/vexflow/build/esm/src/element.js:341:107)
    at Stave.set height [as height] 
(file:///C:/Users/denni/OneDrive/Documents/piano-app/node_modules/vexflow/build/esm/src/element.js:381:18)
    at Stave.resetLines 
(file:///C:/Users/denni/OneDrive/Documents/piano-app/node_modules/vexflow/build/esm/src/stave.js:72:21)
    at new Stave 
(file:///C:/Users/denni/OneDrive/Documents/piano-app/node_modules/vexflow/build/esm/src/stave.js:54:14)
    at Factory.Stave 
(file:///C:/Users/denni/OneDrive/Documents/piano-app/node_modules/vexflow/build/esm/src/factory.js:115:23)
    at System.addStave 
(file:///C:/Users/denni/OneDrive/Documents/piano-app/node_modules/vexflow/build/esm/src/system.js:70:89)
    at Timeout.renderNotation [as _onTimeout] 
(C:\Users\denni\OneDrive\Documents\piano-app\src\components\SheetMusicDisplay.jsx:152:12) undefined
Element: No context for txtCanvas. Returning empty text metrics.
Error: Not implemented: HTMLCanvasElement.prototype.getContext (without installing the canvas npm package)
    at module.exports 
(C:\Users\denni\OneDrive\Documents\piano-app\node_modules\jsdom\lib\jsdom\browser\not-implemented.js:9:17)
    at HTMLCanvasElementImpl.getContext 
(C:\Users\denni\OneDrive\Documents\piano-app\node_modules\jsdom\lib\jsdom\living\nodes\HTMLCanvasElement-impl.js:42:5)
    at HTMLCanvasElement.getContext 
(C:\Users\denni\OneDrive\Documents\piano-app\node_modules\jsdom\lib\jsdom\living\generated\HTMLCanvasElement.js:131:58)
    at Barline.measureText 
(file:///C:/Users/denni/OneDrive/Documents/piano-app/node_modules/vexflow/build/esm/src/element.js:341:107)
    at Barline.set width [as width] 
(file:///C:/Users/denni/OneDrive/Documents/piano-app/node_modules/vexflow/build/esm/src/element.js:286:18)
    at Barline.setWidth 
(file:///C:/Users/denni/OneDrive/Documents/piano-app/node_modules/vexflow/build/esm/src/element.js:281:20)
    at Barline.setType 
(file:///C:/Users/denni/OneDrive/Documents/piano-app/node_modules/vexflow/build/esm/src/stavebarline.js:102:14)
    at new Barline 
(file:///C:/Users/denni/OneDrive/Documents/piano-app/node_modules/vexflow/build/esm/src/stavebarline.js:95:14)
    at new Stave 
(file:///C:/Users/denni/OneDrive/Documents/piano-app/node_modules/vexflow/build/esm/src/stave.js:55:26)
    at Factory.Stave 
(file:///C:/Users/denni/OneDrive/Documents/piano-app/node_modules/vexflow/build/esm/src/factory.js:115:23) undefined
Element: No context for txtCanvas. Returning empty text metrics.
Error: Not implemented: HTMLCanvasElement.prototype.getContext (without installing the canvas npm package)
    at module.exports 
(C:\Users\denni\OneDrive\Documents\piano-app\node_modules\jsdom\lib\jsdom\browser\not-implemented.js:9:17)
    at HTMLCanvasElementImpl.getContext 
(C:\Users\denni\OneDrive\Documents\piano-app\node_modules\jsdom\lib\jsdom\living\nodes\HTMLCanvasElement-impl.js:42:5)
    at HTMLCanvasElement.getContext 
(C:\Users\denni\OneDrive\Documents\piano-app\node_modules\jsdom\lib\jsdom\living\generated\HTMLCanvasElement.js:131:58)
    at Barline.measureText 
(file:///C:/Users/denni/OneDrive/Documents/piano-app/node_modules/vexflow/build/esm/src/element.js:341:107)
    at Barline.set width [as width] 
(file:///C:/Users/denni/OneDrive/Documents/piano-app/node_modules/vexflow/build/esm/src/element.js:286:18)
    at Barline.setWidth 
(file:///C:/Users/denni/OneDrive/Documents/piano-app/node_modules/vexflow/build/esm/src/element.js:281:20)
    at Barline.setType 
(file:///C:/Users/denni/OneDrive/Documents/piano-app/node_modules/vexflow/build/esm/src/stavebarline.js:102:14)
    at new Barline 
(file:///C:/Users/denni/OneDrive/Documents/piano-app/node_modules/vexflow/build/esm/src/stavebarline.js:95:14)
    at new Stave 
(file:///C:/Users/denni/OneDrive/Documents/piano-app/node_modules/vexflow/build/esm/src/stave.js:56:29)
    at Factory.Stave 
(file:///C:/Users/denni/OneDrive/Documents/piano-app/node_modules/vexflow/build/esm/src/factory.js:115:23) undefined
Element: No context for txtCanvas. Returning empty text metrics.
Error: Not implemented: HTMLCanvasElement.prototype.getContext (without installing the canvas npm package)
    at module.exports 
(C:\Users\denni\OneDrive\Documents\piano-app\node_modules\jsdom\lib\jsdom\browser\not-implemented.js:9:17)
    at HTMLCanvasElementImpl.getContext 
(C:\Users\denni\OneDrive\Documents\piano-app\node_modules\jsdom\lib\jsdom\living\nodes\HTMLCanvasElement-impl.js:42:5)
    at HTMLCanvasElement.getContext 
(C:\Users\denni\OneDrive\Documents\piano-app\node_modules\jsdom\lib\jsdom\living\generated\HTMLCanvasElement.js:131:58)
    at Element.measureText 
(file:///C:/Users/denni/OneDrive/Documents/piano-app/node_modules/vexflow/build/esm/src/element.js:341:107)
    at Element.get width [as width] 
(file:///C:/Users/denni/OneDrive/Documents/piano-app/node_modules/vexflow/build/esm/src/element.js:277:18)
    at Element.getWidth 
(file:///C:/Users/denni/OneDrive/Documents/piano-app/node_modules/vexflow/build/esm/src/element.js:273:21)
    at TimeSignature.makeTimeSignatureGlyph 
(file:///C:/Users/denni/OneDrive/Documents/piano-app/node_modules/vexflow/build/esm/src/timesignature.js:71:33)
    at TimeSignature.setTimeSig 
(file:///C:/Users/denni/OneDrive/Documents/piano-app/node_modules/vexflow/build/esm/src/timesignature.js:103:18)
    at new TimeSignature 
(file:///C:/Users/denni/OneDrive/Documents/piano-app/node_modules/vexflow/build/esm/src/timesignature.js:32:14)
    at Stave.addTimeSignature 
(file:///C:/Users/denni/OneDrive/Documents/piano-app/node_modules/vexflow/build/esm/src/stave.js:336:26) undefined
Element: No context for txtCanvas. Returning empty text metrics.
Error: Not implemented: HTMLCanvasElement.prototype.getContext (without installing the canvas npm package)
    at module.exports 
(C:\Users\denni\OneDrive\Documents\piano-app\node_modules\jsdom\lib\jsdom\browser\not-implemented.js:9:17)
    at HTMLCanvasElementImpl.getContext 
(C:\Users\denni\OneDrive\Documents\piano-app\node_modules\jsdom\lib\jsdom\living\nodes\HTMLCanvasElement-impl.js:42:5)
    at HTMLCanvasElement.getContext 
(C:\Users\denni\OneDrive\Documents\piano-app\node_modules\jsdom\lib\jsdom\living\generated\HTMLCanvasElement.js:131:58)
    at Element.measureText 
(file:///C:/Users/denni/OneDrive/Documents/piano-app/node_modules/vexflow/build/esm/src/element.js:341:107)
    at Element.get height [as height] 
(file:///C:/Users/denni/OneDrive/Documents/piano-app/node_modules/vexflow/build/esm/src/element.js:376:18)
    at Element.getHeight 
(file:///C:/Users/denni/OneDrive/Documents/piano-app/node_modules/vexflow/build/esm/src/element.js:372:21)
    at TimeSignature.makeTimeSignatureGlyph 
(file:///C:/Users/denni/OneDrive/Documents/piano-app/node_modules/vexflow/build/esm/src/timesignature.js:72:31)
    at TimeSignature.setTimeSig 
(file:///C:/Users/denni/OneDrive/Documents/piano-app/node_modules/vexflow/build/esm/src/timesignature.js:103:18)
    at new TimeSignature 
(file:///C:/Users/denni/OneDrive/Documents/piano-app/node_modules/vexflow/build/esm/src/timesignature.js:32:14)
    at Stave.addTimeSignature 
(file:///C:/Users/denni/OneDrive/Documents/piano-app/node_modules/vexflow/build/esm/src/stave.js:336:26) undefined
Element: No context for txtCanvas. Returning empty text metrics.
Error: Not implemented: HTMLCanvasElement.prototype.getContext (without installing the canvas npm package)
    at module.exports 
(C:\Users\denni\OneDrive\Documents\piano-app\node_modules\jsdom\lib\jsdom\browser\not-implemented.js:9:17)
    at HTMLCanvasElementImpl.getContext 
(C:\Users\denni\OneDrive\Documents\piano-app\node_modules\jsdom\lib\jsdom\living\nodes\HTMLCanvasElement-impl.js:42:5)
    at HTMLCanvasElement.getContext 
(C:\Users\denni\OneDrive\Documents\piano-app\node_modules\jsdom\lib\jsdom\living\generated\HTMLCanvasElement.js:131:58)
    at Element.measureText 
(file:///C:/Users/denni/OneDrive/Documents/piano-app/node_modules/vexflow/build/esm/src/element.js:341:107)
    at Element.get width [as width] 
(file:///C:/Users/denni/OneDrive/Documents/piano-app/node_modules/vexflow/build/esm/src/element.js:277:18)
    at Element.getWidth 
(file:///C:/Users/denni/OneDrive/Documents/piano-app/node_modules/vexflow/build/esm/src/element.js:273:21)
    at TimeSignature.makeTimeSignatureGlyph 
(file:///C:/Users/denni/OneDrive/Documents/piano-app/node_modules/vexflow/build/esm/src/timesignature.js:80:33)
    at TimeSignature.setTimeSig 
(file:///C:/Users/denni/OneDrive/Documents/piano-app/node_modules/vexflow/build/esm/src/timesignature.js:103:18)
    at new TimeSignature 
(file:///C:/Users/denni/OneDrive/Documents/piano-app/node_modules/vexflow/build/esm/src/timesignature.js:32:14)
    at Stave.addTimeSignature 
(file:///C:/Users/denni/OneDrive/Documents/piano-app/node_modules/vexflow/build/esm/src/stave.js:336:26) undefined
Element: No context for txtCanvas. Returning empty text metrics.
Error: Not implemented: HTMLCanvasElement.prototype.getContext (without installing the canvas npm package)
    at module.exports 
(C:\Users\denni\OneDrive\Documents\piano-app\node_modules\jsdom\lib\jsdom\browser\not-implemented.js:9:17)
    at HTMLCanvasElementImpl.getContext 
(C:\Users\denni\OneDrive\Documents\piano-app\node_modules\jsdom\lib\jsdom\living\nodes\HTMLCanvasElement-impl.js:42:5)
    at HTMLCanvasElement.getContext 
(C:\Users\denni\OneDrive\Documents\piano-app\node_modules\jsdom\lib\jsdom\living\generated\HTMLCanvasElement.js:131:58)
    at Element.measureText 
(file:///C:/Users/denni/OneDrive/Documents/piano-app/node_modules/vexflow/build/esm/src/element.js:341:107)
    at Element.get height [as height] 
(file:///C:/Users/denni/OneDrive/Documents/piano-app/node_modules/vexflow/build/esm/src/element.js:376:18)
    at Element.getHeight 
(file:///C:/Users/denni/OneDrive/Documents/piano-app/node_modules/vexflow/build/esm/src/element.js:372:21)
    at TimeSignature.makeTimeSignatureGlyph 
(file:///C:/Users/denni/OneDrive/Documents/piano-app/node_modules/vexflow/build/esm/src/timesignature.js:81:48)
    at TimeSignature.setTimeSig 
(file:///C:/Users/denni/OneDrive/Documents/piano-app/node_modules/vexflow/build/esm/src/timesignature.js:103:18)
    at new TimeSignature 
(file:///C:/Users/denni/OneDrive/Documents/piano-app/node_modules/vexflow/build/esm/src/timesignature.js:32:14)
    at Stave.addTimeSignature 
(file:///C:/Users/denni/OneDrive/Documents/piano-app/node_modules/vexflow/build/esm/src/stave.js:336:26) undefined
Element: No context for txtCanvas. Returning empty text metrics.
Error: Not implemented: HTMLCanvasElement.prototype.getContext (without installing the canvas npm package)
    at module.exports 
(C:\Users\denni\OneDrive\Documents\piano-app\node_modules\jsdom\lib\jsdom\browser\not-implemented.js:9:17)
    at HTMLCanvasElementImpl.getContext 
(C:\Users\denni\OneDrive\Documents\piano-app\node_modules\jsdom\lib\jsdom\living\nodes\HTMLCanvasElement-impl.js:42:5)
    at HTMLCanvasElement.getContext 
(C:\Users\denni\OneDrive\Documents\piano-app\node_modules\jsdom\lib\jsdom\living\generated\HTMLCanvasElement.js:131:58)
    at TimeSignature.measureText 
(file:///C:/Users/denni/OneDrive/Documents/piano-app/node_modules/vexflow/build/esm/src/element.js:341:107)
    at TimeSignature.set width [as width] 
(file:///C:/Users/denni/OneDrive/Documents/piano-app/node_modules/vexflow/build/esm/src/element.js:286:18)
    at TimeSignature.makeTimeSignatureGlyph 
(file:///C:/Users/denni/OneDrive/Documents/piano-app/node_modules/vexflow/build/esm/src/timesignature.js:83:20)
    at TimeSignature.setTimeSig 
(file:///C:/Users/denni/OneDrive/Documents/piano-app/node_modules/vexflow/build/esm/src/timesignature.js:103:18)
    at new TimeSignature 
(file:///C:/Users/denni/OneDrive/Documents/piano-app/node_modules/vexflow/build/esm/src/timesignature.js:32:14)
    at Stave.addTimeSignature 
(file:///C:/Users/denni/OneDrive/Documents/piano-app/node_modules/vexflow/build/esm/src/stave.js:336:26)
    at Timeout.renderNotation [as _onTimeout] 
(C:\Users\denni\OneDrive\Documents\piano-app\src\components\SheetMusicDisplay.jsx:156:12) undefined
Element: No context for txtCanvas. Returning empty text metrics.
Error: Not implemented: HTMLCanvasElement.prototype.getContext (without installing the canvas npm package)
    at module.exports 
(C:\Users\denni\OneDrive\Documents\piano-app\node_modules\jsdom\lib\jsdom\browser\not-implemented.js:9:17)
    at HTMLCanvasElementImpl.getContext 
(C:\Users\denni\OneDrive\Documents\piano-app\node_modules\jsdom\lib\jsdom\living\nodes\HTMLCanvasElement-impl.js:42:5)
    at HTMLCanvasElement.getContext 
(C:\Users\denni\OneDrive\Documents\piano-app\node_modules\jsdom\lib\jsdom\living\generated\HTMLCanvasElement.js:131:58)
    at TimeSignature.measureText 
(file:///C:/Users/denni/OneDrive/Documents/piano-app/node_modules/vexflow/build/esm/src/element.js:341:107)
    at TimeSignature.get width [as width] 
(file:///C:/Users/denni/OneDrive/Documents/piano-app/node_modules/vexflow/build/esm/src/element.js:277:18)
    at TimeSignature.makeTimeSignatureGlyph 
(file:///C:/Users/denni/OneDrive/Documents/piano-app/node_modules/vexflow/build/esm/src/timesignature.js:84:32)
    at TimeSignature.setTimeSig 
(file:///C:/Users/denni/OneDrive/Documents/piano-app/node_modules/vexflow/build/esm/src/timesignature.js:103:18)
    at new TimeSignature 
(file:///C:/Users/denni/OneDrive/Documents/piano-app/node_modules/vexflow/build/esm/src/timesignature.js:32:14)
    at Stave.addTimeSignature 
(file:///C:/Users/denni/OneDrive/Documents/piano-app/node_modules/vexflow/build/esm/src/stave.js:336:26)
    at Timeout.renderNotation [as _onTimeout] 
(C:\Users\denni\OneDrive\Documents\piano-app\src\components\SheetMusicDisplay.jsx:156:12) undefined
Element: No context for txtCanvas. Returning empty text metrics.
Error: Not implemented: HTMLCanvasElement.prototype.getContext (without installing the canvas npm package)
    at module.exports 
(C:\Users\denni\OneDrive\Documents\piano-app\node_modules\jsdom\lib\jsdom\browser\not-implemented.js:9:17)
    at HTMLCanvasElementImpl.getContext 
(C:\Users\denni\OneDrive\Documents\piano-app\node_modules\jsdom\lib\jsdom\living\nodes\HTMLCanvasElement-impl.js:42:5)
    at HTMLCanvasElement.getContext 
(C:\Users\denni\OneDrive\Documents\piano-app\node_modules\jsdom\lib\jsdom\living\generated\HTMLCanvasElement.js:131:58)
    at TimeSignature.measureText 
(file:///C:/Users/denni/OneDrive/Documents/piano-app/node_modules/vexflow/build/esm/src/element.js:341:107)
    at TimeSignature.get width [as width] 
(file:///C:/Users/denni/OneDrive/Documents/piano-app/node_modules/vexflow/build/esm/src/element.js:277:18)
    at TimeSignature.makeTimeSignatureGlyph 
(file:///C:/Users/denni/OneDrive/Documents/piano-app/node_modules/vexflow/build/esm/src/timesignature.js:85:32)
    at TimeSignature.setTimeSig 
(file:///C:/Users/denni/OneDrive/Documents/piano-app/node_modules/vexflow/build/esm/src/timesignature.js:103:18)
    at new TimeSignature 
(file:///C:/Users/denni/OneDrive/Documents/piano-app/node_modules/vexflow/build/esm/src/timesignature.js:32:14)
    at Stave.addTimeSignature 
(file:///C:/Users/denni/OneDrive/Documents/piano-app/node_modules/vexflow/build/esm/src/stave.js:336:26)
    at Timeout.renderNotation [as _onTimeout] 
(C:\Users\denni\OneDrive\Documents\piano-app\src\components\SheetMusicDisplay.jsx:156:12) undefined
Element: No context for txtCanvas. Returning empty text metrics.
Error: Not implemented: HTMLCanvasElement.prototype.getContext (without installing the canvas npm package)
    at module.exports 
(C:\Users\denni\OneDrive\Documents\piano-app\node_modules\jsdom\lib\jsdom\browser\not-implemented.js:9:17)
    at HTMLCanvasElementImpl.getContext 
(C:\Users\denni\OneDrive\Documents\piano-app\node_modules\jsdom\lib\jsdom\living\nodes\HTMLCanvasElement-impl.js:42:5)
    at HTMLCanvasElement.getContext 
(C:\Users\denni\OneDrive\Documents\piano-app\node_modules\jsdom\lib\jsdom\living\generated\HTMLCanvasElement.js:131:58)
    at Barline.measureText 
(file:///C:/Users/denni/OneDrive/Documents/piano-app/node_modules/vexflow/build/esm/src/element.js:341:107)
    at Barline.get width [as width] 
(file:///C:/Users/denni/OneDrive/Documents/piano-app/node_modules/vexflow/build/esm/src/element.js:277:18)
    at Barline.getWidth 
(file:///C:/Users/denni/OneDrive/Documents/piano-app/node_modules/vexflow/build/esm/src/element.js:273:21)
    at Stave.format 
(file:///C:/Users/denni/OneDrive/Documents/piano-app/node_modules/vexflow/build/esm/src/stave.js:397:30)
    at Stave.getNoteStartX 
(file:///C:/Users/denni/OneDrive/Documents/piano-app/node_modules/vexflow/build/esm/src/stave.js:83:18)
    at file:///C:/Users/denni/OneDrive/Documents/piano-app/node_modules/vexflow/build/esm/src/system.js:109:44
    at Array.forEach (<anonymous>) undefined
Element: No context for txtCanvas. Returning empty text metrics.
Error: Not implemented: HTMLCanvasElement.prototype.getContext (without installing the canvas npm package)
    at module.exports 
(C:\Users\denni\OneDrive\Documents\piano-app\node_modules\jsdom\lib\jsdom\browser\not-implemented.js:9:17)
    at HTMLCanvasElementImpl.getContext 
(C:\Users\denni\OneDrive\Documents\piano-app\node_modules\jsdom\lib\jsdom\living\nodes\HTMLCanvasElement-impl.js:42:5)
    at HTMLCanvasElement.getContext 
(C:\Users\denni\OneDrive\Documents\piano-app\node_modules\jsdom\lib\jsdom\living\generated\HTMLCanvasElement.js:131:58)
    at Clef.measureText 
(file:///C:/Users/denni/OneDrive/Documents/piano-app/node_modules/vexflow/build/esm/src/element.js:341:107)
    at Clef.get width [as width] 
(file:///C:/Users/denni/OneDrive/Documents/piano-app/node_modules/vexflow/build/esm/src/element.js:277:18)
    at Clef.getWidth 
(file:///C:/Users/denni/OneDrive/Documents/piano-app/node_modules/vexflow/build/esm/src/element.js:273:21)
    at Stave.format 
(file:///C:/Users/denni/OneDrive/Documents/piano-app/node_modules/vexflow/build/esm/src/stave.js:397:30)
    at Stave.getNoteStartX 
(file:///C:/Users/denni/OneDrive/Documents/piano-app/node_modules/vexflow/build/esm/src/stave.js:83:18)
    at file:///C:/Users/denni/OneDrive/Documents/piano-app/node_modules/vexflow/build/esm/src/system.js:109:44
    at Array.forEach (<anonymous>) undefined
Element: No context for txtCanvas. Returning empty text metrics.
Error: Not implemented: HTMLCanvasElement.prototype.getContext (without installing the canvas npm package)
    at module.exports 
(C:\Users\denni\OneDrive\Documents\piano-app\node_modules\jsdom\lib\jsdom\browser\not-implemented.js:9:17)
    at HTMLCanvasElementImpl.getContext 
(C:\Users\denni\OneDrive\Documents\piano-app\node_modules\jsdom\lib\jsdom\living\nodes\HTMLCanvasElement-impl.js:42:5)
    at HTMLCanvasElement.getContext 
(C:\Users\denni\OneDrive\Documents\piano-app\node_modules\jsdom\lib\jsdom\living\generated\HTMLCanvasElement.js:131:58)
    at TimeSignature.measureText 
(file:///C:/Users/denni/OneDrive/Documents/piano-app/node_modules/vexflow/build/esm/src/element.js:341:107)
    at TimeSignature.get width [as width] 
(file:///C:/Users/denni/OneDrive/Documents/piano-app/node_modules/vexflow/build/esm/src/element.js:277:18)
    at TimeSignature.getWidth 
(file:///C:/Users/denni/OneDrive/Documents/piano-app/node_modules/vexflow/build/esm/src/element.js:273:21)
    at Stave.format 
(file:///C:/Users/denni/OneDrive/Documents/piano-app/node_modules/vexflow/build/esm/src/stave.js:397:30)
    at Stave.getNoteStartX 
(file:///C:/Users/denni/OneDrive/Documents/piano-app/node_modules/vexflow/build/esm/src/stave.js:83:18)
    at file:///C:/Users/denni/OneDrive/Documents/piano-app/node_modules/vexflow/build/esm/src/system.js:109:44
    at Array.forEach (<anonymous>) undefined
Element: No context for txtCanvas. Returning empty text metrics.
Error: Not implemented: HTMLCanvasElement.prototype.getContext (without installing the canvas npm package)
    at module.exports 
(C:\Users\denni\OneDrive\Documents\piano-app\node_modules\jsdom\lib\jsdom\browser\not-implemented.js:9:17)
    at HTMLCanvasElementImpl.getContext 
(C:\Users\denni\OneDrive\Documents\piano-app\node_modules\jsdom\lib\jsdom\living\nodes\HTMLCanvasElement-impl.js:42:5)
    at HTMLCanvasElement.getContext 
(C:\Users\denni\OneDrive\Documents\piano-app\node_modules\jsdom\lib\jsdom\living\generated\HTMLCanvasElement.js:131:58)
    at Stave.measureText 
(file:///C:/Users/denni/OneDrive/Documents/piano-app/node_modules/vexflow/build/esm/src/element.js:341:107)
    at Stave.get width [as width] 
(file:///C:/Users/denni/OneDrive/Documents/piano-app/node_modules/vexflow/build/esm/src/element.js:277:18)
    at Stave.format 
(file:///C:/Users/denni/OneDrive/Documents/piano-app/node_modules/vexflow/build/esm/src/stave.js:405:27)
    at Stave.getNoteStartX 
(file:///C:/Users/denni/OneDrive/Documents/piano-app/node_modules/vexflow/build/esm/src/stave.js:83:18)
    at file:///C:/Users/denni/OneDrive/Documents/piano-app/node_modules/vexflow/build/esm/src/system.js:109:44
    at Array.forEach (<anonymous>)
    at System.format 
(file:///C:/Users/denni/OneDrive/Documents/piano-app/node_modules/vexflow/build/esm/src/system.js:100:25) undefined
Element: No context for txtCanvas. Returning empty text metrics.
Error: Not implemented: HTMLCanvasElement.prototype.getContext (without installing the canvas npm package)
    at module.exports 
(C:\Users\denni\OneDrive\Documents\piano-app\node_modules\jsdom\lib\jsdom\browser\not-implemented.js:9:17)
    at HTMLCanvasElementImpl.getContext 
(C:\Users\denni\OneDrive\Documents\piano-app\node_modules\jsdom\lib\jsdom\living\nodes\HTMLCanvasElement-impl.js:42:5)
    at HTMLCanvasElement.getContext 
(C:\Users\denni\OneDrive\Documents\piano-app\node_modules\jsdom\lib\jsdom\living\generated\HTMLCanvasElement.js:131:58)
    at Stave.measureText 
(file:///C:/Users/denni/OneDrive/Documents/piano-app/node_modules/vexflow/build/esm/src/element.js:341:107)
    at Stave.get width [as width] 
(file:///C:/Users/denni/OneDrive/Documents/piano-app/node_modules/vexflow/build/esm/src/element.js:277:18)
    at Stave.format 
(file:///C:/Users/denni/OneDrive/Documents/piano-app/node_modules/vexflow/build/esm/src/stave.js:447:63)
    at Stave.getNoteStartX 
(file:///C:/Users/denni/OneDrive/Documents/piano-app/node_modules/vexflow/build/esm/src/stave.js:83:18)
    at file:///C:/Users/denni/OneDrive/Documents/piano-app/node_modules/vexflow/build/esm/src/system.js:109:44
    at Array.forEach (<anonymous>)
    at System.format 
(file:///C:/Users/denni/OneDrive/Documents/piano-app/node_modules/vexflow/build/esm/src/system.js:100:25) undefined
Element: No context for txtCanvas. Returning empty text metrics.
Error: Not implemented: HTMLCanvasElement.prototype.getContext (without installing the canvas npm package)
    at module.exports 
(C:\Users\denni\OneDrive\Documents\piano-app\node_modules\jsdom\lib\jsdom\browser\not-implemented.js:9:17)
    at HTMLCanvasElementImpl.getContext 
(C:\Users\denni\OneDrive\Documents\piano-app\node_modules\jsdom\lib\jsdom\living\nodes\HTMLCanvasElement-impl.js:42:5)
    at HTMLCanvasElement.getContext 
(C:\Users\denni\OneDrive\Documents\piano-app\node_modules\jsdom\lib\jsdom\living\generated\HTMLCanvasElement.js:131:58)
    at NoteHead.measureText 
(file:///C:/Users/denni/OneDrive/Documents/piano-app/node_modules/vexflow/build/esm/src/element.js:341:107)
    at NoteHead.get width [as width] 
(file:///C:/Users/denni/OneDrive/Documents/piano-app/node_modules/vexflow/build/esm/src/element.js:277:18)
    at NoteHead.getWidth 
(file:///C:/Users/denni/OneDrive/Documents/piano-app/node_modules/vexflow/build/esm/src/notehead.js:43:21)
    at StaveNote.getGlyphWidth 
(file:///C:/Users/denni/OneDrive/Documents/piano-app/node_modules/vexflow/build/esm/src/stavenote.js:592:34)
    at StaveNote.preFormat 
(file:///C:/Users/denni/OneDrive/Documents/piano-app/node_modules/vexflow/build/esm/src/stavenote.js:623:26)
    at TickContext.preFormat 
(file:///C:/Users/denni/OneDrive/Documents/piano-app/node_modules/vexflow/build/esm/src/tickcontext.js:149:22)
    at file:///C:/Users/denni/OneDrive/Documents/piano-app/node_modules/vexflow/build/esm/src/formatter.js:323:21 
undefined
Element: No context for txtCanvas. Returning empty text metrics.
Error: Not implemented: HTMLCanvasElement.prototype.getContext (without installing the canvas npm package)
    at module.exports 
(C:\Users\denni\OneDrive\Documents\piano-app\node_modules\jsdom\lib\jsdom\browser\not-implemented.js:9:17)
    at HTMLCanvasElementImpl.getContext 
(C:\Users\denni\OneDrive\Documents\piano-app\node_modules\jsdom\lib\jsdom\living\nodes\HTMLCanvasElement-impl.js:42:5)
    at HTMLCanvasElement.getContext 
(C:\Users\denni\OneDrive\Documents\piano-app\node_modules\jsdom\lib\jsdom\living\generated\HTMLCanvasElement.js:131:58)
    at StaveNote.measureText 
(file:///C:/Users/denni/OneDrive/Documents/piano-app/node_modules/vexflow/build/esm/src/element.js:341:107)
    at StaveNote.set width [as width] 
(file:///C:/Users/denni/OneDrive/Documents/piano-app/node_modules/vexflow/build/esm/src/element.js:286:18)
    at StaveNote.setWidth 
(file:///C:/Users/denni/OneDrive/Documents/piano-app/node_modules/vexflow/build/esm/src/element.js:281:20)
    at StaveNote.preFormat 
(file:///C:/Users/denni/OneDrive/Documents/piano-app/node_modules/vexflow/build/esm/src/stavenote.js:627:14)
    at TickContext.preFormat 
(file:///C:/Users/denni/OneDrive/Documents/piano-app/node_modules/vexflow/build/esm/src/tickcontext.js:149:22)
    at file:///C:/Users/denni/OneDrive/Documents/piano-app/node_modules/vexflow/build/esm/src/formatter.js:323:21
    at Array.forEach (<anonymous>) undefined
Element: No context for txtCanvas. Returning empty text metrics.
Error: Not implemented: HTMLCanvasElement.prototype.getContext (without installing the canvas npm package)
    at module.exports 
(C:\Users\denni\OneDrive\Documents\piano-app\node_modules\jsdom\lib\jsdom\browser\not-implemented.js:9:17)
    at HTMLCanvasElementImpl.getContext 
(C:\Users\denni\OneDrive\Documents\piano-app\node_modules\jsdom\lib\jsdom\living\nodes\HTMLCanvasElement-impl.js:42:5)
    at HTMLCanvasElement.getContext 
(C:\Users\denni\OneDrive\Documents\piano-app\node_modules\jsdom\lib\jsdom\living\generated\HTMLCanvasElement.js:131:58)
    at StaveNote.measureText 
(file:///C:/Users/denni/OneDrive/Documents/piano-app/node_modules/vexflow/build/esm/src/element.js:341:107)
    at StaveNote.get width [as width] 
(file:///C:/Users/denni/OneDrive/Documents/piano-app/node_modules/vexflow/build/esm/src/element.js:277:18)
    at StaveNote.getWidth 
(file:///C:/Users/denni/OneDrive/Documents/piano-app/node_modules/vexflow/build/esm/src/tickable.js:49:21)
    at StaveNote.getMetrics 
(file:///C:/Users/denni/OneDrive/Documents/piano-app/node_modules/vexflow/build/esm/src/note.js:321:28)
    at TickContext.preFormat 
(file:///C:/Users/denni/OneDrive/Documents/piano-app/node_modules/vexflow/build/esm/src/tickcontext.js:150:38)
    at file:///C:/Users/denni/OneDrive/Documents/piano-app/node_modules/vexflow/build/esm/src/formatter.js:323:21
    at Array.forEach (<anonymous>) undefined
Element: No context for txtCanvas. Returning empty text metrics.
Error: Not implemented: HTMLCanvasElement.prototype.getContext (without installing the canvas npm package)
    at module.exports 
(C:\Users\denni\OneDrive\Documents\piano-app\node_modules\jsdom\lib\jsdom\browser\not-implemented.js:9:17)
    at HTMLCanvasElementImpl.getContext 
(C:\Users\denni\OneDrive\Documents\piano-app\node_modules\jsdom\lib\jsdom\living\nodes\HTMLCanvasElement-impl.js:42:5)
    at HTMLCanvasElement.getContext 
(C:\Users\denni\OneDrive\Documents\piano-app\node_modules\jsdom\lib\jsdom\living\generated\HTMLCanvasElement.js:131:58)
    at NoteHead.measureText 
(file:///C:/Users/denni/OneDrive/Documents/piano-app/node_modules/vexflow/build/esm/src/element.js:341:107)
    at NoteHead.get width [as width] 
(file:///C:/Users/denni/OneDrive/Documents/piano-app/node_modules/vexflow/build/esm/src/element.js:277:18)
    at NoteHead.getWidth 
(file:///C:/Users/denni/OneDrive/Documents/piano-app/node_modules/vexflow/build/esm/src/notehead.js:43:21)
    at StaveNote.getGlyphWidth 
(file:///C:/Users/denni/OneDrive/Documents/piano-app/node_modules/vexflow/build/esm/src/stavenote.js:592:34)
    at StaveNote.getMetrics 
(file:///C:/Users/denni/OneDrive/Documents/piano-app/node_modules/vexflow/build/esm/src/note.js:322:33)
    at TickContext.preFormat 
(file:///C:/Users/denni/OneDrive/Documents/piano-app/node_modules/vexflow/build/esm/src/tickcontext.js:150:38)
    at file:///C:/Users/denni/OneDrive/Documents/piano-app/node_modules/vexflow/build/esm/src/formatter.js:323:21 
undefined
Element: No context for txtCanvas. Returning empty text metrics.
Error: Not implemented: HTMLCanvasElement.prototype.getContext (without installing the canvas npm package)
    at module.exports 
(C:\Users\denni\OneDrive\Documents\piano-app\node_modules\jsdom\lib\jsdom\browser\not-implemented.js:9:17)
    at HTMLCanvasElementImpl.getContext 
(C:\Users\denni\OneDrive\Documents\piano-app\node_modules\jsdom\lib\jsdom\living\nodes\HTMLCanvasElement-impl.js:42:5)
    at HTMLCanvasElement.getContext 
(C:\Users\denni\OneDrive\Documents\piano-app\node_modules\jsdom\lib\jsdom\living\generated\HTMLCanvasElement.js:131:58)
    at Stave.measureText 
(file:///C:/Users/denni/OneDrive/Documents/piano-app/node_modules/vexflow/build/esm/src/element.js:341:107)
    at Stave.get width [as width] 
(file:///C:/Users/denni/OneDrive/Documents/piano-app/node_modules/vexflow/build/esm/src/element.js:277:18)
    at Stave.draw 
(file:///C:/Users/denni/OneDrive/Documents/piano-app/node_modules/vexflow/build/esm/src/stave.js:458:28)
    at Stave.drawWithStyle 
(file:///C:/Users/denni/OneDrive/Documents/piano-app/node_modules/vexflow/build/esm/src/element.js:109:14)
    at file:///C:/Users/denni/OneDrive/Documents/piano-app/node_modules/vexflow/build/esm/src/factory.js:453:54
    at Array.forEach (<anonymous>)
    at Factory.draw 
(file:///C:/Users/denni/OneDrive/Documents/piano-app/node_modules/vexflow/build/esm/src/factory.js:453:21) undefined
Element: No context for txtCanvas. Returning empty text metrics.
Error: Not implemented: HTMLCanvasElement.prototype.getContext (without installing the canvas npm package)
    at module.exports 
(C:\Users\denni\OneDrive\Documents\piano-app\node_modules\jsdom\lib\jsdom\browser\not-implemented.js:9:17)
    at HTMLCanvasElementImpl.getContext 
(C:\Users\denni\OneDrive\Documents\piano-app\node_modules\jsdom\lib\jsdom\living\nodes\HTMLCanvasElement-impl.js:42:5)
    at HTMLCanvasElement.getContext 
(C:\Users\denni\OneDrive\Documents\piano-app\node_modules\jsdom\lib\jsdom\living\generated\HTMLCanvasElement.js:131:58)
    at NoteHead.measureText 
(file:///C:/Users/denni/OneDrive/Documents/piano-app/node_modules/vexflow/build/esm/src/element.js:341:107)
    at NoteHead.get width [as width] 
(file:///C:/Users/denni/OneDrive/Documents/piano-app/node_modules/vexflow/build/esm/src/element.js:277:18)
    at NoteHead.getWidth 
(file:///C:/Users/denni/OneDrive/Documents/piano-app/node_modules/vexflow/build/esm/src/notehead.js:43:21)
    at StaveNote.getGlyphWidth 
(file:///C:/Users/denni/OneDrive/Documents/piano-app/node_modules/vexflow/build/esm/src/stavenote.js:592:34)
    at StaveNote.getStemX 
(file:///C:/Users/denni/OneDrive/Documents/piano-app/node_modules/vexflow/build/esm/src/stemmablenote.js:116:63)
    at StaveNote.getStemX 
(file:///C:/Users/denni/OneDrive/Documents/piano-app/node_modules/vexflow/build/esm/src/stavenote.js:465:26)
    at StaveNote.draw 
(file:///C:/Users/denni/OneDrive/Documents/piano-app/node_modules/vexflow/build/esm/src/stavenote.js:822:32) undefined
Element: No context for txtCanvas. Returning empty text metrics.
Error: Not implemented: HTMLCanvasElement.prototype.getContext (without installing the canvas npm package)
    at module.exports 
(C:\Users\denni\OneDrive\Documents\piano-app\node_modules\jsdom\lib\jsdom\browser\not-implemented.js:9:17)
    at HTMLCanvasElementImpl.getContext 
(C:\Users\denni\OneDrive\Documents\piano-app\node_modules\jsdom\lib\jsdom\living\nodes\HTMLCanvasElement-impl.js:42:5)
    at HTMLCanvasElement.getContext 
(C:\Users\denni\OneDrive\Documents\piano-app\node_modules\jsdom\lib\jsdom\living\generated\HTMLCanvasElement.js:131:58)
    at NoteHead.measureText 
(file:///C:/Users/denni/OneDrive/Documents/piano-app/node_modules/vexflow/build/esm/src/element.js:341:107)
    at NoteHead.get width [as width] 
(file:///C:/Users/denni/OneDrive/Documents/piano-app/node_modules/vexflow/build/esm/src/element.js:277:18)
    at NoteHead.getWidth 
(file:///C:/Users/denni/OneDrive/Documents/piano-app/node_modules/vexflow/build/esm/src/notehead.js:43:21)
    at StaveNote.getGlyphWidth 
(file:///C:/Users/denni/OneDrive/Documents/piano-app/node_modules/vexflow/build/esm/src/stavenote.js:592:34)
    at StaveNote.drawLedgerLines 
(file:///C:/Users/denni/OneDrive/Documents/piano-app/node_modules/vexflow/build/esm/src/stavenote.js:690:28)
    at StaveNote.draw 
(file:///C:/Users/denni/OneDrive/Documents/piano-app/node_modules/vexflow/build/esm/src/stavenote.js:827:14)
    at StaveNote.drawWithStyle 
(file:///C:/Users/denni/OneDrive/Documents/piano-app/node_modules/vexflow/build/esm/src/element.js:109:14) undefined
Element: No context for txtCanvas. Returning empty text metrics.
Error: Not implemented: HTMLCanvasElement.prototype.getContext (without installing the canvas npm package)
    at module.exports 
(C:\Users\denni\OneDrive\Documents\piano-app\node_modules\jsdom\lib\jsdom\browser\not-implemented.js:9:17)
    at HTMLCanvasElementImpl.getContext 
(C:\Users\denni\OneDrive\Documents\piano-app\node_modules\jsdom\lib\jsdom\living\nodes\HTMLCanvasElement-impl.js:42:5)
    at HTMLCanvasElement.getContext 
(C:\Users\denni\OneDrive\Documents\piano-app\node_modules\jsdom\lib\jsdom\living\generated\HTMLCanvasElement.js:131:58)
    at NoteHead.measureText 
(file:///C:/Users/denni/OneDrive/Documents/piano-app/node_modules/vexflow/build/esm/src/element.js:341:107)
    at NoteHead.get width [as width] 
(file:///C:/Users/denni/OneDrive/Documents/piano-app/node_modules/vexflow/build/esm/src/element.js:277:18)
    at NoteHead.getWidth 
(file:///C:/Users/denni/OneDrive/Documents/piano-app/node_modules/vexflow/build/esm/src/notehead.js:43:21)
    at StaveNote.getGlyphWidth 
(file:///C:/Users/denni/OneDrive/Documents/piano-app/node_modules/vexflow/build/esm/src/stavenote.js:592:34)
    at StaveNote.drawLedgerLines 
(file:///C:/Users/denni/OneDrive/Documents/piano-app/node_modules/vexflow/build/esm/src/stavenote.js:691:39)
    at StaveNote.draw 
(file:///C:/Users/denni/OneDrive/Documents/piano-app/node_modules/vexflow/build/esm/src/stavenote.js:827:14)
    at StaveNote.drawWithStyle 
(file:///C:/Users/denni/OneDrive/Documents/piano-app/node_modules/vexflow/build/esm/src/element.js:109:14) undefined
Element: No context for txtCanvas. Returning empty text metrics.
Error: Not implemented: HTMLCanvasElement.prototype.getContext (without installing the canvas npm package)
    at module.exports 
(C:\Users\denni\OneDrive\Documents\piano-app\node_modules\jsdom\lib\jsdom\browser\not-implemented.js:9:17)
    at HTMLCanvasElementImpl.getContext 
(C:\Users\denni\OneDrive\Documents\piano-app\node_modules\jsdom\lib\jsdom\living\nodes\HTMLCanvasElement-impl.js:42:5)
    at HTMLCanvasElement.getContext 
(C:\Users\denni\OneDrive\Documents\piano-app\node_modules\jsdom\lib\jsdom\living\generated\HTMLCanvasElement.js:131:58)
    at NoteHead.measureText 
(file:///C:/Users/denni/OneDrive/Documents/piano-app/node_modules/vexflow/build/esm/src/element.js:341:107)
    at NoteHead.get textMetrics [as textMetrics] 
(file:///C:/Users/denni/OneDrive/Documents/piano-app/node_modules/vexflow/build/esm/src/element.js:368:18)
    at NoteHead.getBoundingBox 
(file:///C:/Users/denni/OneDrive/Documents/piano-app/node_modules/vexflow/build/esm/src/element.js:187:82)
    at NoteHead.getBoundingBox 
(file:///C:/Users/denni/OneDrive/Documents/piano-app/node_modules/vexflow/build/esm/src/note.js:377:35)
    at file:///C:/Users/denni/OneDrive/Documents/piano-app/node_modules/vexflow/build/esm/src/stavenote.js:410:44
    at Array.forEach (<anonymous>)
    at StaveNote.getBoundingBox 
(file:///C:/Users/denni/OneDrive/Documents/piano-app/node_modules/vexflow/build/esm/src/stavenote.js:409:25) undefined
Element: No context for txtCanvas. Returning empty text metrics.
Error: Not implemented: HTMLCanvasElement.prototype.getContext (without installing the canvas npm package)
    at module.exports 
(C:\Users\denni\OneDrive\Documents\piano-app\node_modules\jsdom\lib\jsdom\browser\not-implemented.js:9:17)
    at HTMLCanvasElementImpl.getContext 
(C:\Users\denni\OneDrive\Documents\piano-app\node_modules\jsdom\lib\jsdom\living\nodes\HTMLCanvasElement-impl.js:42:5)
    at HTMLCanvasElement.getContext 
(C:\Users\denni\OneDrive\Documents\piano-app\node_modules\jsdom\lib\jsdom\living\generated\HTMLCanvasElement.js:131:58)
    at NoteHead.measureText 
(file:///C:/Users/denni/OneDrive/Documents/piano-app/node_modules/vexflow/build/esm/src/element.js:341:107)
    at NoteHead.get width [as width] 
(file:///C:/Users/denni/OneDrive/Documents/piano-app/node_modules/vexflow/build/esm/src/element.js:277:18)
    at NoteHead.getBoundingBox 
(file:///C:/Users/denni/OneDrive/Documents/piano-app/node_modules/vexflow/build/esm/src/element.js:187:124)
    at NoteHead.getBoundingBox 
(file:///C:/Users/denni/OneDrive/Documents/piano-app/node_modules/vexflow/build/esm/src/note.js:377:35)
    at file:///C:/Users/denni/OneDrive/Documents/piano-app/node_modules/vexflow/build/esm/src/stavenote.js:410:44
    at Array.forEach (<anonymous>)
    at StaveNote.getBoundingBox 
(file:///C:/Users/denni/OneDrive/Documents/piano-app/node_modules/vexflow/build/esm/src/stavenote.js:409:25) undefined
Element: No context for txtCanvas. Returning empty text metrics.
Error: Not implemented: HTMLCanvasElement.prototype.getContext (without installing the canvas npm package)
    at module.exports 
(C:\Users\denni\OneDrive\Documents\piano-app\node_modules\jsdom\lib\jsdom\browser\not-implemented.js:9:17)
    at HTMLCanvasElementImpl.getContext 
(C:\Users\denni\OneDrive\Documents\piano-app\node_modules\jsdom\lib\jsdom\living\nodes\HTMLCanvasElement-impl.js:42:5)
    at HTMLCanvasElement.getContext 
(C:\Users\denni\OneDrive\Documents\piano-app\node_modules\jsdom\lib\jsdom\living\generated\HTMLCanvasElement.js:131:58)
    at NoteHead.measureText 
(file:///C:/Users/denni/OneDrive/Documents/piano-app/node_modules/vexflow/build/esm/src/element.js:341:107)
    at NoteHead.get height [as height] 
(file:///C:/Users/denni/OneDrive/Documents/piano-app/node_modules/vexflow/build/esm/src/element.js:376:18)
    at NoteHead.getBoundingBox 
(file:///C:/Users/denni/OneDrive/Documents/piano-app/node_modules/vexflow/build/esm/src/element.js:187:136)
    at NoteHead.getBoundingBox 
(file:///C:/Users/denni/OneDrive/Documents/piano-app/node_modules/vexflow/build/esm/src/note.js:377:35)
    at file:///C:/Users/denni/OneDrive/Documents/piano-app/node_modules/vexflow/build/esm/src/stavenote.js:410:44
    at Array.forEach (<anonymous>)
    at StaveNote.getBoundingBox 
(file:///C:/Users/denni/OneDrive/Documents/piano-app/node_modules/vexflow/build/esm/src/stavenote.js:409:25) undefined
Element: No context for txtCanvas. Returning empty text metrics.
Error: Not implemented: HTMLCanvasElement.prototype.getContext (without installing the canvas npm package)
    at module.exports 
(C:\Users\denni\OneDrive\Documents\piano-app\node_modules\jsdom\lib\jsdom\browser\not-implemented.js:9:17)
    at HTMLCanvasElementImpl.getContext 
(C:\Users\denni\OneDrive\Documents\piano-app\node_modules\jsdom\lib\jsdom\living\nodes\HTMLCanvasElement-impl.js:42:5)
    at HTMLCanvasElement.getContext 
(C:\Users\denni\OneDrive\Documents\piano-app\node_modules\jsdom\lib\jsdom\living\generated\HTMLCanvasElement.js:131:58)
    at NoteHead.measureText 
(file:///C:/Users/denni/OneDrive/Documents/piano-app/node_modules/vexflow/build/esm/src/element.js:341:107)
    at NoteHead.get textMetrics [as textMetrics] 
(file:///C:/Users/denni/OneDrive/Documents/piano-app/node_modules/vexflow/build/esm/src/element.js:368:18)
    at NoteHead.getBoundingBox 
(file:///C:/Users/denni/OneDrive/Documents/piano-app/node_modules/vexflow/build/esm/src/element.js:187:82)
    at NoteHead.getBoundingBox 
(file:///C:/Users/denni/OneDrive/Documents/piano-app/node_modules/vexflow/build/esm/src/note.js:377:35)
    at file:///C:/Users/denni/OneDrive/Documents/piano-app/node_modules/vexflow/build/esm/src/stavenote.js:410:44
    at Array.forEach (<anonymous>)
    at StaveNote.getBoundingBox 
(file:///C:/Users/denni/OneDrive/Documents/piano-app/node_modules/vexflow/build/esm/src/stavenote.js:409:25) undefined
Element: No context for txtCanvas. Returning empty text metrics.
Error: Not implemented: HTMLCanvasElement.prototype.getContext (without installing the canvas npm package)
    at module.exports 
(C:\Users\denni\OneDrive\Documents\piano-app\node_modules\jsdom\lib\jsdom\browser\not-implemented.js:9:17)
    at HTMLCanvasElementImpl.getContext 
(C:\Users\denni\OneDrive\Documents\piano-app\node_modules\jsdom\lib\jsdom\living\nodes\HTMLCanvasElement-impl.js:42:5)
    at HTMLCanvasElement.getContext 
(C:\Users\denni\OneDrive\Documents\piano-app\node_modules\jsdom\lib\jsdom\living\generated\HTMLCanvasElement.js:131:58)
    at NoteHead.measureText 
(file:///C:/Users/denni/OneDrive/Documents/piano-app/node_modules/vexflow/build/esm/src/element.js:341:107)
    at NoteHead.get width [as width] 
(file:///C:/Users/denni/OneDrive/Documents/piano-app/node_modules/vexflow/build/esm/src/element.js:277:18)
    at NoteHead.getBoundingBox 
(file:///C:/Users/denni/OneDrive/Documents/piano-app/node_modules/vexflow/build/esm/src/element.js:187:124)
    at NoteHead.getBoundingBox 
(file:///C:/Users/denni/OneDrive/Documents/piano-app/node_modules/vexflow/build/esm/src/note.js:377:35)
    at file:///C:/Users/denni/OneDrive/Documents/piano-app/node_modules/vexflow/build/esm/src/stavenote.js:410:44
    at Array.forEach (<anonymous>)
    at StaveNote.getBoundingBox 
(file:///C:/Users/denni/OneDrive/Documents/piano-app/node_modules/vexflow/build/esm/src/stavenote.js:409:25) undefined
Element: No context for txtCanvas. Returning empty text metrics.
Error: Not implemented: HTMLCanvasElement.prototype.getContext (without installing the canvas npm package)
    at module.exports 
(C:\Users\denni\OneDrive\Documents\piano-app\node_modules\jsdom\lib\jsdom\browser\not-implemented.js:9:17)
    at HTMLCanvasElementImpl.getContext 
(C:\Users\denni\OneDrive\Documents\piano-app\node_modules\jsdom\lib\jsdom\living\nodes\HTMLCanvasElement-impl.js:42:5)
    at HTMLCanvasElement.getContext 
(C:\Users\denni\OneDrive\Documents\piano-app\node_modules\jsdom\lib\jsdom\living\generated\HTMLCanvasElement.js:131:58)
    at NoteHead.measureText 
(file:///C:/Users/denni/OneDrive/Documents/piano-app/node_modules/vexflow/build/esm/src/element.js:341:107)
    at NoteHead.get height [as height] 
(file:///C:/Users/denni/OneDrive/Documents/piano-app/node_modules/vexflow/build/esm/src/element.js:376:18)
    at NoteHead.getBoundingBox 
(file:///C:/Users/denni/OneDrive/Documents/piano-app/node_modules/vexflow/build/esm/src/element.js:187:136)
    at NoteHead.getBoundingBox 
(file:///C:/Users/denni/OneDrive/Documents/piano-app/node_modules/vexflow/build/esm/src/note.js:377:35)
    at file:///C:/Users/denni/OneDrive/Documents/piano-app/node_modules/vexflow/build/esm/src/stavenote.js:410:44
    at Array.forEach (<anonymous>)
    at StaveNote.getBoundingBox 
(file:///C:/Users/denni/OneDrive/Documents/piano-app/node_modules/vexflow/build/esm/src/stavenote.js:409:25) undefined
Element: No context for txtCanvas. Returning empty text metrics.
Error: Not implemented: HTMLCanvasElement.prototype.getContext (without installing the canvas npm package)
    at module.exports 
(C:\Users\denni\OneDrive\Documents\piano-app\node_modules\jsdom\lib\jsdom\browser\not-implemented.js:9:17)
    at HTMLCanvasElementImpl.getContext 
(C:\Users\denni\OneDrive\Documents\piano-app\node_modules\jsdom\lib\jsdom\living\nodes\HTMLCanvasElement-impl.js:42:5)
    at HTMLCanvasElement.getContext 
(C:\Users\denni\OneDrive\Documents\piano-app\node_modules\jsdom\lib\jsdom\living\generated\HTMLCanvasElement.js:131:58)
    at NoteHead.measureText 
(file:///C:/Users/denni/OneDrive/Documents/piano-app/node_modules/vexflow/build/esm/src/element.js:341:107)
    at NoteHead.get textMetrics [as textMetrics] 
(file:///C:/Users/denni/OneDrive/Documents/piano-app/node_modules/vexflow/build/esm/src/element.js:368:18)
    at NoteHead.getBoundingBox 
(file:///C:/Users/denni/OneDrive/Documents/piano-app/node_modules/vexflow/build/esm/src/element.js:187:82)
    at NoteHead.getBoundingBox 
(file:///C:/Users/denni/OneDrive/Documents/piano-app/node_modules/vexflow/build/esm/src/note.js:377:35)
    at file:///C:/Users/denni/OneDrive/Documents/piano-app/node_modules/vexflow/build/esm/src/stavenote.js:410:44
    at Array.forEach (<anonymous>)
    at StaveNote.getBoundingBox 
(file:///C:/Users/denni/OneDrive/Documents/piano-app/node_modules/vexflow/build/esm/src/stavenote.js:409:25) undefined
Element: No context for txtCanvas. Returning empty text metrics.
Error: Not implemented: HTMLCanvasElement.prototype.getContext (without installing the canvas npm package)
    at module.exports 
(C:\Users\denni\OneDrive\Documents\piano-app\node_modules\jsdom\lib\jsdom\browser\not-implemented.js:9:17)
    at HTMLCanvasElementImpl.getContext 
(C:\Users\denni\OneDrive\Documents\piano-app\node_modules\jsdom\lib\jsdom\living\nodes\HTMLCanvasElement-impl.js:42:5)
    at HTMLCanvasElement.getContext 
(C:\Users\denni\OneDrive\Documents\piano-app\node_modules\jsdom\lib\jsdom\living\generated\HTMLCanvasElement.js:131:58)
    at NoteHead.measureText 
(file:///C:/Users/denni/OneDrive/Documents/piano-app/node_modules/vexflow/build/esm/src/element.js:341:107)
    at NoteHead.get width [as width] 
(file:///C:/Users/denni/OneDrive/Documents/piano-app/node_modules/vexflow/build/esm/src/element.js:277:18)
    at NoteHead.getBoundingBox 
(file:///C:/Users/denni/OneDrive/Documents/piano-app/node_modules/vexflow/build/esm/src/element.js:187:124)
    at NoteHead.getBoundingBox 
(file:///C:/Users/denni/OneDrive/Documents/piano-app/node_modules/vexflow/build/esm/src/note.js:377:35)
    at file:///C:/Users/denni/OneDrive/Documents/piano-app/node_modules/vexflow/build/esm/src/stavenote.js:410:44
    at Array.forEach (<anonymous>)
    at StaveNote.getBoundingBox 
(file:///C:/Users/denni/OneDrive/Documents/piano-app/node_modules/vexflow/build/esm/src/stavenote.js:409:25) undefined
Element: No context for txtCanvas. Returning empty text metrics.
Error: Not implemented: HTMLCanvasElement.prototype.getContext (without installing the canvas npm package)
    at module.exports 
(C:\Users\denni\OneDrive\Documents\piano-app\node_modules\jsdom\lib\jsdom\browser\not-implemented.js:9:17)
    at HTMLCanvasElementImpl.getContext 
(C:\Users\denni\OneDrive\Documents\piano-app\node_modules\jsdom\lib\jsdom\living\nodes\HTMLCanvasElement-impl.js:42:5)
    at HTMLCanvasElement.getContext 
(C:\Users\denni\OneDrive\Documents\piano-app\node_modules\jsdom\lib\jsdom\living\generated\HTMLCanvasElement.js:131:58)
    at NoteHead.measureText 
(file:///C:/Users/denni/OneDrive/Documents/piano-app/node_modules/vexflow/build/esm/src/element.js:341:107)
    at NoteHead.get height [as height] 
(file:///C:/Users/denni/OneDrive/Documents/piano-app/node_modules/vexflow/build/esm/src/element.js:376:18)
    at NoteHead.getBoundingBox 
(file:///C:/Users/denni/OneDrive/Documents/piano-app/node_modules/vexflow/build/esm/src/element.js:187:136)
    at NoteHead.getBoundingBox 
(file:///C:/Users/denni/OneDrive/Documents/piano-app/node_modules/vexflow/build/esm/src/note.js:377:35)
    at file:///C:/Users/denni/OneDrive/Documents/piano-app/node_modules/vexflow/build/esm/src/stavenote.js:410:44
    at Array.forEach (<anonymous>)
    at StaveNote.getBoundingBox 
(file:///C:/Users/denni/OneDrive/Documents/piano-app/node_modules/vexflow/build/esm/src/stavenote.js:409:25) undefined
Element: No context for txtCanvas. Returning empty text metrics.

stdout | src/test/i4v5-inversion-tracking.test.jsx > I-IV-V Inversion Tracking > should show Root Position as played in Inversions Progress after playing root
[App] ≡ƒÄ╣ MIDI MESSAGE RECEIVED: {
  eventType: 'noteOn',
  activeNotesList: [ 60, 64, 67 ],
  activeNotesCount: 3,
  event: { type: 'noteOn', note: 60, velocity: 64 },
  note: 60,
  velocity: 64
}
[App] Γ£à activeNotes state updated to: [ 60, 64, 67 ]
[music-theory] identifyChord called { activeNotes: [ 60, 64, 67 ], length: 3 }
[music-theory] identifyChord: pitch classes { activeNotes: [ 60, 64, 67 ], pitchClasses: [ 0, 4, 7 ] }
[music-theory] identifyChord: MATCH FOUND! {
  root: 'C',
  type: 'major',
  pitchClasses: [ 0, 4, 7 ],
  targetNotes: [ 'C', 'E', 'G' ]
}
[music-theory] identifyChord: inversion calculation { bassMidi: 60, bassNoteIndex: 0, rootIndex: 0, interval: 0 }
[music-theory] identifyChord: returning {
  root: 'C',
  type: 'major',
  name: 'C Major',
  inversion: 'Root Position'
}
[App] ≡ƒÄ╡ IMMEDIATE CHORD DETECTION: C Major Root Position
[App] getChordHighlights: target chord {
  name: 'C Major',
  inversion: '1st Inversion',
  inversionNumber: 1,
  midiNotes: [ 52, 55, 60, 64, 67, 72 ]
}
[useChordDetection] useEffect triggered { activeNotes: [ 60, 64, 67 ], length: 3 }
[music-theory] identifyAllChords called { activeNotes: [ 60, 64, 67 ], length: 3 }
[music-theory] identifyAllChords: pitch classes { activeNotes: [ 60, 64, 67 ], pitchClasses: [ 0, 4, 7 ] }
[music-theory] identifyAllChords: MATCH FOUND! {
  root: 'C',
  type: 'major',
  pitchClasses: [ 0, 4, 7 ],
  targetNotes: [ 'C', 'E', 'G' ]
}
[music-theory] identifyAllChords: inversion calculation { bassMidi: 60, bassNoteIndex: 0, rootIndex: 0, interval: 0 }
[music-theory] identifyAllChords: added match {
  root: 'C',
  type: 'major',
  name: 'C Major',
  inversion: 'Root Position'
}
[music-theory] identifyAllChords: found 1 matches
[useChordDetection] All chords detected: 1 C Major
[useChordDetection] Γ£à CHORDS DETECTED: {
  count: 1,
  chords: [
    {
      name: 'C Major',
      root: 'C',
      type: 'major',
      inversion: 'Root Position'
    }
  ],
  activeNotes: [ 60, 64, 67 ]
}
[useChordDetection] Potential chords found: 5
[useChordDetection] Filtered suggestions: 5
[App] ΓÜá∩╕Å No chord detected { activeNotes: [ 60, 64, 67 ], activeNotesLength: 3 }
[App] handleChordPractice called {
  activeNotes: [ 60, 64, 67 ],
  activeNotesLength: 3,
  progression: [
    { name: 'C Major', roman: 'I', inversion: '1st Inversion' },
    { name: 'C Major', roman: 'I', inversion: '2nd Inversion' },
    { name: 'C Major', roman: 'I', inversion: 'Root Position' },
    { name: 'C Major', roman: 'I', inversion: '2nd Inversion' },
    { name: 'C Major', roman: 'I', inversion: 'Root Position' },
    { name: 'C Major', roman: 'I', inversion: '1st Inversion' },
    { name: 'F Major', roman: 'IV', inversion: '1st Inversion' },
    { name: 'F Major', roman: 'IV', inversion: '2nd Inversion' },
    { name: 'F Major', roman: 'IV', inversion: 'Root Position' },
    { name: 'F Major', roman: 'IV', inversion: '2nd Inversion' },
    { name: 'F Major', roman: 'IV', inversion: 'Root Position' },
    { name: 'F Major', roman: 'IV', inversion: '1st Inversion' },
    { name: 'G Major', roman: 'V', inversion: '1st Inversion' },
    { name: 'G Major', roman: 'V', inversion: '2nd Inversion' },
    { name: 'G Major', roman: 'V', inversion: 'Root Position' },
    { name: 'G Major', roman: 'V', inversion: '2nd Inversion' },
    { name: 'G Major', roman: 'V', inversion: 'Root Position' },
    { name: 'G Major', roman: 'V', inversion: '1st Inversion' }
  ],
  progressionLength: 18,
  currentStepIndex: 0,
  mode: 'chord'
}
[music-theory] identifyChord called { activeNotes: [ 60, 64, 67 ], length: 3 }
[music-theory] identifyChord: pitch classes { activeNotes: [ 60, 64, 67 ], pitchClasses: [ 0, 4, 7 ] }
[music-theory] identifyChord: MATCH FOUND! {
  root: 'C',
  type: 'major',
  pitchClasses: [ 0, 4, 7 ],
  targetNotes: [ 'C', 'E', 'G' ]
}
[music-theory] identifyChord: inversion calculation { bassMidi: 60, bassNoteIndex: 0, rootIndex: 0, interval: 0 }
[music-theory] identifyChord: returning {
  root: 'C',
  type: 'major',
  name: 'C Major',
  inversion: 'Root Position'
}
[App] ≡ƒÄ╡ CHORD DETECTED IN handleChordPractice: C Major Root Position
[App] handleChordPractice: detected chord {
  root: 'C',
  type: 'major',
  name: 'C Major',
  inversion: 'Root Position'
}
[App] handleChordPractice: target chord { name: 'C Major', roman: 'I', inversion: '1st Inversion' }
[App] handleChordPractice: status message Target: C Major (I) | Playing: C Major (Root Position)
[music-theory] identifyChord called { activeNotes: [ 60, 64, 67 ], length: 3 }
[music-theory] identifyChord: pitch classes { activeNotes: [ 60, 64, 67 ], pitchClasses: [ 0, 4, 7 ] }
[music-theory] identifyChord: MATCH FOUND! {
  root: 'C',
  type: 'major',
  pitchClasses: [ 0, 4, 7 ],
  targetNotes: [ 'C', 'E', 'G' ]
}
[music-theory] identifyChord: inversion calculation { bassMidi: 60, bassNoteIndex: 0, rootIndex: 0, interval: 0 }
[music-theory] identifyChord: returning {
  root: 'C',
  type: 'major',
  name: 'C Major',
  inversion: 'Root Position'
}
[App] Chord validation: target chord { name: 'C Major', roman: 'I', inversion: '1st Inversion' }
[music-theory] identifyChord called { activeNotes: [ 60, 64, 67 ], length: 3 }
[music-theory] identifyChord: pitch classes { activeNotes: [ 60, 64, 67 ], pitchClasses: [ 0, 4, 7 ] }
[music-theory] identifyChord: MATCH FOUND! {
  root: 'C',
  type: 'major',
  pitchClasses: [ 0, 4, 7 ],
  targetNotes: [ 'C', 'E', 'G' ]
}
[music-theory] identifyChord: inversion calculation { bassMidi: 60, bassNoteIndex: 0, rootIndex: 0, interval: 0 }
[music-theory] identifyChord: returning {
  root: 'C',
  type: 'major',
  name: 'C Major',
  inversion: 'Root Position'
}
[App] Chord validation: detected chord {
  root: 'C',
  type: 'major',
  name: 'C Major',
  inversion: 'Root Position'
}
[App] Chord validation: comparison {
  targetChordName: 'C Major',
  targetInversion: '1st Inversion',
  detectedName: 'C Major',
  detectedInversion: 'Root Position',
  targetRootIdx: 0,
  detectedRootIdx: 0,
  match: false,
  correctChordWrongInversion: true
}
[App] Chord validation: tracked inversion (wrong target) Root Position for chord type I
[App] getChordHighlights: target chord {
  name: 'C Major',
  inversion: '1st Inversion',
  inversionNumber: 1,
  midiNotes: [ 52, 55, 60, 64, 67, 72 ]
}
[App] ≡ƒÄ╡≡ƒÄ╡≡ƒÄ╡ CHORD DETECTED AND AVAILABLE: {
  name: 'C Major',
  root: 'C',
  type: 'major',
  inversion: 'Root Position',
  activeNotes: [ 60, 64, 67 ]
}
[App] ≡ƒÄ╡ CHORD NAME: C Major (Root Position)
[App] Chord validation: target chord { name: 'C Major', roman: 'I', inversion: '1st Inversion' }
[music-theory] identifyChord called { activeNotes: [ 60, 64, 67 ], length: 3 }
[music-theory] identifyChord: pitch classes { activeNotes: [ 60, 64, 67 ], pitchClasses: [ 0, 4, 7 ] }
[music-theory] identifyChord: MATCH FOUND! {
  root: 'C',
  type: 'major',
  pitchClasses: [ 0, 4, 7 ],
  targetNotes: [ 'C', 'E', 'G' ]
}
[music-theory] identifyChord: inversion calculation { bassMidi: 60, bassNoteIndex: 0, rootIndex: 0, interval: 0 }
[music-theory] identifyChord: returning {
  root: 'C',
  type: 'major',
  name: 'C Major',
  inversion: 'Root Position'
}
[App] Chord validation: detected chord {
  root: 'C',
  type: 'major',
  name: 'C Major',
  inversion: 'Root Position'
}
[App] Chord validation: comparison {
  targetChordName: 'C Major',
  targetInversion: '1st Inversion',
  detectedName: 'C Major',
  detectedInversion: 'Root Position',
  targetRootIdx: 0,
  detectedRootIdx: 0,
  match: false,
  correctChordWrongInversion: true
}
[App] getChordHighlights: target chord {
  name: 'C Major',
  inversion: '1st Inversion',
  inversionNumber: 1,
  midiNotes: [ 52, 55, 60, 64, 67, 72 ]
}

stdout | src/test/i4v5-inversion-tracking.test.jsx > I-IV-V Inversion Tracking > should reset inversion tracking when moving to different chord type
[useChordDetection] useEffect triggered { activeNotes: [], length: 0 }
[music-theory] identifyAllChords called { activeNotes: [], length: 0 }
[music-theory] identifyAllChords: insufficient notes { activeNotes: [], length: 0 }
[useChordDetection] All chords detected: 0 
[useChordDetection] Γ¥î NO CHORD DETECTED {
  activeNotes: [],
  activeNotesLength: 0,
  reason: 'Insufficient notes (need 3+)'
}
[useChordDetection] No suggestions (insufficient notes)
[App] ΓÜá∩╕Å No chord detected { activeNotes: [], activeNotesLength: 0 }
[App] Auto-enabled requireAllInversions for I-IV-V inversion exercise
[ProgressionBuilder] validateAndParse called { text: 'I IV V I', selectedRoot: 'C', selectedScaleType: 'major' }
[ProgressionBuilder] Validation successful: [
  { roman: 'I', name: 'C Major', type: 'roman' },
  { roman: 'IV', name: 'F Major', type: 'roman' },
  { roman: 'V', name: 'G Major', type: 'roman' },
  { roman: 'I', name: 'C Major', type: 'roman' }
]
[App] handleChordPractice called {
  activeNotes: [],
  activeNotesLength: 0,
  progression: [],
  progressionLength: 0,
  currentStepIndex: 0,
  mode: 'chord'
}
[music-theory] identifyChord called { activeNotes: [], length: 0 }
[music-theory] identifyChord: insufficient notes { activeNotes: [], length: 0 }
[App] Γ¥î NO CHORD in handleChordPractice { activeNotes: [], activeNotesLength: 0 }
[App] handleChordPractice: detected chord null
[App] handleChordPractice: no progression set
[App] handleChordPractice: idle, no progression
[App] getChordHighlights: target chord {
  name: 'C Major',
  inversion: '1st Inversion',
  inversionNumber: 1,
  midiNotes: [ 52, 55, 60, 64, 67, 72 ]
}
[App] handleChordPractice called {
  activeNotes: [],
  activeNotesLength: 0,
  progression: [
    { name: 'C Major', roman: 'I', inversion: '1st Inversion' },
    { name: 'C Major', roman: 'I', inversion: '2nd Inversion' },
    { name: 'C Major', roman: 'I', inversion: 'Root Position' },
    { name: 'C Major', roman: 'I', inversion: '2nd Inversion' },
    { name: 'C Major', roman: 'I', inversion: 'Root Position' },
    { name: 'C Major', roman: 'I', inversion: '1st Inversion' },
    { name: 'F Major', roman: 'IV', inversion: '1st Inversion' },
    { name: 'F Major', roman: 'IV', inversion: '2nd Inversion' },
    { name: 'F Major', roman: 'IV', inversion: 'Root Position' },
    { name: 'F Major', roman: 'IV', inversion: '2nd Inversion' },
    { name: 'F Major', roman: 'IV', inversion: 'Root Position' },
    { name: 'F Major', roman: 'IV', inversion: '1st Inversion' },
    { name: 'G Major', roman: 'V', inversion: '1st Inversion' },
    { name: 'G Major', roman: 'V', inversion: '2nd Inversion' },
    { name: 'G Major', roman: 'V', inversion: 'Root Position' },
    { name: 'G Major', roman: 'V', inversion: '2nd Inversion' },
    { name: 'G Major', roman: 'V', inversion: 'Root Position' },
    { name: 'G Major', roman: 'V', inversion: '1st Inversion' }
  ],
  progressionLength: 18,
  currentStepIndex: 0,
  mode: 'chord'
}
[music-theory] identifyChord called { activeNotes: [], length: 0 }
[music-theory] identifyChord: insufficient notes { activeNotes: [], length: 0 }
[App] Γ¥î NO CHORD in handleChordPractice { activeNotes: [], activeNotesLength: 0 }
[App] handleChordPractice: detected chord null
[App] handleChordPractice: target chord { name: 'C Major', roman: 'I', inversion: '1st Inversion' }
[App] handleChordPractice: status message (idle) Target: C Major (I)
[App] Chord type changed to I loaded inversions: []
[App] getChordHighlights: target chord {
  name: 'C Major',
  inversion: '1st Inversion',
  inversionNumber: 1,
  midiNotes: [ 52, 55, 60, 64, 67, 72 ]
}
[App] getChordHighlights: target chord {
  name: 'C Major',
  inversion: '1st Inversion',
  inversionNumber: 1,
  midiNotes: [ 52, 55, 60, 64, 67, 72 ]
}

stderr | src/test/i4v5-inversion-tracking.test.jsx > I-IV-V Inversion Tracking > should reset inversion tracking when 
moving to different chord type
Error: Not implemented: HTMLCanvasElement.prototype.getContext (without installing the canvas npm package)
    at module.exports 
(C:\Users\denni\OneDrive\Documents\piano-app\node_modules\jsdom\lib\jsdom\browser\not-implemented.js:9:17)
    at HTMLCanvasElementImpl.getContext 
(C:\Users\denni\OneDrive\Documents\piano-app\node_modules\jsdom\lib\jsdom\living\nodes\HTMLCanvasElement-impl.js:42:5)
    at HTMLCanvasElement.getContext 
(C:\Users\denni\OneDrive\Documents\piano-app\node_modules\jsdom\lib\jsdom\living\generated\HTMLCanvasElement.js:131:58)
    at StaveNote.measureText 
(file:///C:/Users/denni/OneDrive/Documents/piano-app/node_modules/vexflow/build/esm/src/element.js:341:107)
    at StaveNote.set width [as width] 
(file:///C:/Users/denni/OneDrive/Documents/piano-app/node_modules/vexflow/build/esm/src/element.js:286:18)
    at new Note (file:///C:/Users/denni/OneDrive/Documents/piano-app/node_modules/vexflow/build/esm/src/note.js:145:20)
    at new StemmableNote 
(file:///C:/Users/denni/OneDrive/Documents/piano-app/node_modules/vexflow/build/esm/src/stemmablenote.js:12:9)
    at new StaveNote 
(file:///C:/Users/denni/OneDrive/Documents/piano-app/node_modules/vexflow/build/esm/src/stavenote.js:252:9)
    at Factory.StaveNote 
(file:///C:/Users/denni/OneDrive/Documents/piano-app/node_modules/vexflow/build/esm/src/factory.js:131:22)
    at Builder.commitPiece 
(file:///C:/Users/denni/OneDrive/Documents/piano-app/node_modules/vexflow/build/esm/src/easyscore.js:280:23) undefined
Element: No context for txtCanvas. Returning empty text metrics.
Error: Not implemented: HTMLCanvasElement.prototype.getContext (without installing the canvas npm package)
    at module.exports 
(C:\Users\denni\OneDrive\Documents\piano-app\node_modules\jsdom\lib\jsdom\browser\not-implemented.js:9:17)
    at HTMLCanvasElementImpl.getContext 
(C:\Users\denni\OneDrive\Documents\piano-app\node_modules\jsdom\lib\jsdom\living\nodes\HTMLCanvasElement-impl.js:42:5)
    at HTMLCanvasElement.getContext 
(C:\Users\denni\OneDrive\Documents\piano-app\node_modules\jsdom\lib\jsdom\living\generated\HTMLCanvasElement.js:131:58)
    at NoteHead.measureText 
(file:///C:/Users/denni/OneDrive/Documents/piano-app/node_modules/vexflow/build/esm/src/element.js:341:107)
    at NoteHead.set width [as width] 
(file:///C:/Users/denni/OneDrive/Documents/piano-app/node_modules/vexflow/build/esm/src/element.js:286:18)
    at new Note (file:///C:/Users/denni/OneDrive/Documents/piano-app/node_modules/vexflow/build/esm/src/note.js:145:20)
    at new NoteHead 
(file:///C:/Users/denni/OneDrive/Documents/piano-app/node_modules/vexflow/build/esm/src/notehead.js:14:9)
    at StaveNote.buildNoteHeads 
(file:///C:/Users/denni/OneDrive/Documents/piano-app/node_modules/vexflow/build/esm/src/stavenote.js:343:30)
    at StaveNote.reset 
(file:///C:/Users/denni/OneDrive/Documents/piano-app/node_modules/vexflow/build/esm/src/stavenote.js:281:14)
    at StaveNote.setStemDirection 
(file:///C:/Users/denni/OneDrive/Documents/piano-app/node_modules/vexflow/build/esm/src/stemmablenote.js:100:14) 
undefined
Element: No context for txtCanvas. Returning empty text metrics.
Error: Not implemented: HTMLCanvasElement.prototype.getContext (without installing the canvas npm package)
    at module.exports 
(C:\Users\denni\OneDrive\Documents\piano-app\node_modules\jsdom\lib\jsdom\browser\not-implemented.js:9:17)
    at HTMLCanvasElementImpl.getContext 
(C:\Users\denni\OneDrive\Documents\piano-app\node_modules\jsdom\lib\jsdom\living\nodes\HTMLCanvasElement-impl.js:42:5)
    at HTMLCanvasElement.getContext 
(C:\Users\denni\OneDrive\Documents\piano-app\node_modules\jsdom\lib\jsdom\living\generated\HTMLCanvasElement.js:131:58)
    at NoteHead.measureText 
(file:///C:/Users/denni/OneDrive/Documents/piano-app/node_modules/vexflow/build/esm/src/element.js:341:107)
    at NoteHead.set width [as width] 
(file:///C:/Users/denni/OneDrive/Documents/piano-app/node_modules/vexflow/build/esm/src/element.js:286:18)
    at new Note (file:///C:/Users/denni/OneDrive/Documents/piano-app/node_modules/vexflow/build/esm/src/note.js:145:20)
    at new NoteHead 
(file:///C:/Users/denni/OneDrive/Documents/piano-app/node_modules/vexflow/build/esm/src/notehead.js:14:9)
    at StaveNote.buildNoteHeads 
(file:///C:/Users/denni/OneDrive/Documents/piano-app/node_modules/vexflow/build/esm/src/stavenote.js:343:30)
    at StaveNote.reset 
(file:///C:/Users/denni/OneDrive/Documents/piano-app/node_modules/vexflow/build/esm/src/stavenote.js:281:14)
    at StaveNote.setStemDirection 
(file:///C:/Users/denni/OneDrive/Documents/piano-app/node_modules/vexflow/build/esm/src/stemmablenote.js:100:14) 
undefined
Element: No context for txtCanvas. Returning empty text metrics.
Error: Not implemented: HTMLCanvasElement.prototype.getContext (without installing the canvas npm package)
    at module.exports 
(C:\Users\denni\OneDrive\Documents\piano-app\node_modules\jsdom\lib\jsdom\browser\not-implemented.js:9:17)
    at HTMLCanvasElementImpl.getContext 
(C:\Users\denni\OneDrive\Documents\piano-app\node_modules\jsdom\lib\jsdom\living\nodes\HTMLCanvasElement-impl.js:42:5)
    at HTMLCanvasElement.getContext 
(C:\Users\denni\OneDrive\Documents\piano-app\node_modules\jsdom\lib\jsdom\living\generated\HTMLCanvasElement.js:131:58)
    at NoteHead.measureText 
(file:///C:/Users/denni/OneDrive/Documents/piano-app/node_modules/vexflow/build/esm/src/element.js:341:107)
    at NoteHead.set width [as width] 
(file:///C:/Users/denni/OneDrive/Documents/piano-app/node_modules/vexflow/build/esm/src/element.js:286:18)
    at new Note (file:///C:/Users/denni/OneDrive/Documents/piano-app/node_modules/vexflow/build/esm/src/note.js:145:20)
    at new NoteHead 
(file:///C:/Users/denni/OneDrive/Documents/piano-app/node_modules/vexflow/build/esm/src/notehead.js:14:9)
    at StaveNote.buildNoteHeads 
(file:///C:/Users/denni/OneDrive/Documents/piano-app/node_modules/vexflow/build/esm/src/stavenote.js:343:30)
    at StaveNote.reset 
(file:///C:/Users/denni/OneDrive/Documents/piano-app/node_modules/vexflow/build/esm/src/stavenote.js:281:14)
    at StaveNote.setStemDirection 
(file:///C:/Users/denni/OneDrive/Documents/piano-app/node_modules/vexflow/build/esm/src/stemmablenote.js:100:14) 
undefined
Element: No context for txtCanvas. Returning empty text metrics.
Error: Not implemented: HTMLCanvasElement.prototype.getContext (without installing the canvas npm package)
    at module.exports 
(C:\Users\denni\OneDrive\Documents\piano-app\node_modules\jsdom\lib\jsdom\browser\not-implemented.js:9:17)
    at HTMLCanvasElementImpl.getContext 
(C:\Users\denni\OneDrive\Documents\piano-app\node_modules\jsdom\lib\jsdom\living\nodes\HTMLCanvasElement-impl.js:42:5)
    at HTMLCanvasElement.getContext 
(C:\Users\denni\OneDrive\Documents\piano-app\node_modules\jsdom\lib\jsdom\living\generated\HTMLCanvasElement.js:131:58)
    at Flag.measureText 
(file:///C:/Users/denni/OneDrive/Documents/piano-app/node_modules/vexflow/build/esm/src/element.js:341:107)
    at Flag.get height [as height] 
(file:///C:/Users/denni/OneDrive/Documents/piano-app/node_modules/vexflow/build/esm/src/element.js:376:18)
    at Flag.getHeight 
(file:///C:/Users/denni/OneDrive/Documents/piano-app/node_modules/vexflow/build/esm/src/element.js:372:21)
    at StaveNote.getStemExtension 
(file:///C:/Users/denni/OneDrive/Documents/piano-app/node_modules/vexflow/build/esm/src/stemmablenote.js:125:38)
    at StaveNote.getStemExtension 
(file:///C:/Users/denni/OneDrive/Documents/piano-app/node_modules/vexflow/build/esm/src/stavenote.js:784:42)
    at StaveNote.setStemDirection 
(file:///C:/Users/denni/OneDrive/Documents/piano-app/node_modules/vexflow/build/esm/src/stemmablenote.js:107:41)
    at new StaveNote 
(file:///C:/Users/denni/OneDrive/Documents/piano-app/node_modules/vexflow/build/esm/src/stavenote.js:273:18) undefined
Element: No context for txtCanvas. Returning empty text metrics.
Error: Not implemented: HTMLCanvasElement.prototype.getContext (without installing the canvas npm package)
    at module.exports 
(C:\Users\denni\OneDrive\Documents\piano-app\node_modules\jsdom\lib\jsdom\browser\not-implemented.js:9:17)
    at HTMLCanvasElementImpl.getContext 
(C:\Users\denni\OneDrive\Documents\piano-app\node_modules\jsdom\lib\jsdom\living\nodes\HTMLCanvasElement-impl.js:42:5)
    at HTMLCanvasElement.getContext 
(C:\Users\denni\OneDrive\Documents\piano-app\node_modules\jsdom\lib\jsdom\living\generated\HTMLCanvasElement.js:131:58)
    at NoteHead.measureText 
(file:///C:/Users/denni/OneDrive/Documents/piano-app/node_modules/vexflow/build/esm/src/element.js:341:107)
    at NoteHead.set width [as width] 
(file:///C:/Users/denni/OneDrive/Documents/piano-app/node_modules/vexflow/build/esm/src/element.js:286:18)
    at new Note (file:///C:/Users/denni/OneDrive/Documents/piano-app/node_modules/vexflow/build/esm/src/note.js:145:20)
    at new NoteHead 
(file:///C:/Users/denni/OneDrive/Documents/piano-app/node_modules/vexflow/build/esm/src/notehead.js:14:9)
    at StaveNote.buildNoteHeads 
(file:///C:/Users/denni/OneDrive/Documents/piano-app/node_modules/vexflow/build/esm/src/stavenote.js:343:30)
    at StaveNote.reset 
(file:///C:/Users/denni/OneDrive/Documents/piano-app/node_modules/vexflow/build/esm/src/stavenote.js:281:14)
    at new StaveNote 
(file:///C:/Users/denni/OneDrive/Documents/piano-app/node_modules/vexflow/build/esm/src/stavenote.js:275:14) undefined
Element: No context for txtCanvas. Returning empty text metrics.
Error: Not implemented: HTMLCanvasElement.prototype.getContext (without installing the canvas npm package)
    at module.exports 
(C:\Users\denni\OneDrive\Documents\piano-app\node_modules\jsdom\lib\jsdom\browser\not-implemented.js:9:17)
    at HTMLCanvasElementImpl.getContext 
(C:\Users\denni\OneDrive\Documents\piano-app\node_modules\jsdom\lib\jsdom\living\nodes\HTMLCanvasElement-impl.js:42:5)
    at HTMLCanvasElement.getContext 
(C:\Users\denni\OneDrive\Documents\piano-app\node_modules\jsdom\lib\jsdom\living\generated\HTMLCanvasElement.js:131:58)
    at NoteHead.measureText 
(file:///C:/Users/denni/OneDrive/Documents/piano-app/node_modules/vexflow/build/esm/src/element.js:341:107)
    at NoteHead.set width [as width] 
(file:///C:/Users/denni/OneDrive/Documents/piano-app/node_modules/vexflow/build/esm/src/element.js:286:18)
    at new Note (file:///C:/Users/denni/OneDrive/Documents/piano-app/node_modules/vexflow/build/esm/src/note.js:145:20)
    at new NoteHead 
(file:///C:/Users/denni/OneDrive/Documents/piano-app/node_modules/vexflow/build/esm/src/notehead.js:14:9)
    at StaveNote.buildNoteHeads 
(file:///C:/Users/denni/OneDrive/Documents/piano-app/node_modules/vexflow/build/esm/src/stavenote.js:343:30)
    at StaveNote.reset 
(file:///C:/Users/denni/OneDrive/Documents/piano-app/node_modules/vexflow/build/esm/src/stavenote.js:281:14)
    at new StaveNote 
(file:///C:/Users/denni/OneDrive/Documents/piano-app/node_modules/vexflow/build/esm/src/stavenote.js:275:14) undefined
Element: No context for txtCanvas. Returning empty text metrics.
Error: Not implemented: HTMLCanvasElement.prototype.getContext (without installing the canvas npm package)
    at module.exports 
(C:\Users\denni\OneDrive\Documents\piano-app\node_modules\jsdom\lib\jsdom\browser\not-implemented.js:9:17)
    at HTMLCanvasElementImpl.getContext 
(C:\Users\denni\OneDrive\Documents\piano-app\node_modules\jsdom\lib\jsdom\living\nodes\HTMLCanvasElement-impl.js:42:5)
    at HTMLCanvasElement.getContext 
(C:\Users\denni\OneDrive\Documents\piano-app\node_modules\jsdom\lib\jsdom\living\generated\HTMLCanvasElement.js:131:58)
    at NoteHead.measureText 
(file:///C:/Users/denni/OneDrive/Documents/piano-app/node_modules/vexflow/build/esm/src/element.js:341:107)
    at NoteHead.set width [as width] 
(file:///C:/Users/denni/OneDrive/Documents/piano-app/node_modules/vexflow/build/esm/src/element.js:286:18)
    at new Note (file:///C:/Users/denni/OneDrive/Documents/piano-app/node_modules/vexflow/build/esm/src/note.js:145:20)
    at new NoteHead 
(file:///C:/Users/denni/OneDrive/Documents/piano-app/node_modules/vexflow/build/esm/src/notehead.js:14:9)
    at StaveNote.buildNoteHeads 
(file:///C:/Users/denni/OneDrive/Documents/piano-app/node_modules/vexflow/build/esm/src/stavenote.js:343:30)
    at StaveNote.reset 
(file:///C:/Users/denni/OneDrive/Documents/piano-app/node_modules/vexflow/build/esm/src/stavenote.js:281:14)
    at new StaveNote 
(file:///C:/Users/denni/OneDrive/Documents/piano-app/node_modules/vexflow/build/esm/src/stavenote.js:275:14) undefined
Element: No context for txtCanvas. Returning empty text metrics.
Error: Not implemented: HTMLCanvasElement.prototype.getContext (without installing the canvas npm package)
    at module.exports 
(C:\Users\denni\OneDrive\Documents\piano-app\node_modules\jsdom\lib\jsdom\browser\not-implemented.js:9:17)
    at HTMLCanvasElementImpl.getContext 
(C:\Users\denni\OneDrive\Documents\piano-app\node_modules\jsdom\lib\jsdom\living\nodes\HTMLCanvasElement-impl.js:42:5)
    at HTMLCanvasElement.getContext 
(C:\Users\denni\OneDrive\Documents\piano-app\node_modules\jsdom\lib\jsdom\living\generated\HTMLCanvasElement.js:131:58)
    at NoteHead.measureText 
(file:///C:/Users/denni/OneDrive/Documents/piano-app/node_modules/vexflow/build/esm/src/element.js:341:107)
    at NoteHead.set width [as width] 
(file:///C:/Users/denni/OneDrive/Documents/piano-app/node_modules/vexflow/build/esm/src/element.js:286:18)
    at new Note (file:///C:/Users/denni/OneDrive/Documents/piano-app/node_modules/vexflow/build/esm/src/note.js:145:20)
    at new NoteHead 
(file:///C:/Users/denni/OneDrive/Documents/piano-app/node_modules/vexflow/build/esm/src/notehead.js:14:9)
    at StaveNote.buildNoteHeads 
(file:///C:/Users/denni/OneDrive/Documents/piano-app/node_modules/vexflow/build/esm/src/stavenote.js:343:30)
    at StaveNote.reset 
(file:///C:/Users/denni/OneDrive/Documents/piano-app/node_modules/vexflow/build/esm/src/stavenote.js:281:14)
    at StaveNote.setStemDirection 
(file:///C:/Users/denni/OneDrive/Documents/piano-app/node_modules/vexflow/build/esm/src/stemmablenote.js:100:14) 
undefined
Element: No context for txtCanvas. Returning empty text metrics.
Error: Not implemented: HTMLCanvasElement.prototype.getContext (without installing the canvas npm package)
    at module.exports 
(C:\Users\denni\OneDrive\Documents\piano-app\node_modules\jsdom\lib\jsdom\browser\not-implemented.js:9:17)
    at HTMLCanvasElementImpl.getContext 
(C:\Users\denni\OneDrive\Documents\piano-app\node_modules\jsdom\lib\jsdom\living\nodes\HTMLCanvasElement-impl.js:42:5)
    at HTMLCanvasElement.getContext 
(C:\Users\denni\OneDrive\Documents\piano-app\node_modules\jsdom\lib\jsdom\living\generated\HTMLCanvasElement.js:131:58)
    at NoteHead.measureText 
(file:///C:/Users/denni/OneDrive/Documents/piano-app/node_modules/vexflow/build/esm/src/element.js:341:107)
    at NoteHead.set width [as width] 
(file:///C:/Users/denni/OneDrive/Documents/piano-app/node_modules/vexflow/build/esm/src/element.js:286:18)
    at new Note (file:///C:/Users/denni/OneDrive/Documents/piano-app/node_modules/vexflow/build/esm/src/note.js:145:20)
    at new NoteHead 
(file:///C:/Users/denni/OneDrive/Documents/piano-app/node_modules/vexflow/build/esm/src/notehead.js:14:9)
    at StaveNote.buildNoteHeads 
(file:///C:/Users/denni/OneDrive/Documents/piano-app/node_modules/vexflow/build/esm/src/stavenote.js:343:30)
    at StaveNote.reset 
(file:///C:/Users/denni/OneDrive/Documents/piano-app/node_modules/vexflow/build/esm/src/stavenote.js:281:14)
    at StaveNote.setStemDirection 
(file:///C:/Users/denni/OneDrive/Documents/piano-app/node_modules/vexflow/build/esm/src/stemmablenote.js:100:14) 
undefined
Element: No context for txtCanvas. Returning empty text metrics.
Error: Not implemented: HTMLCanvasElement.prototype.getContext (without installing the canvas npm package)
    at module.exports 
(C:\Users\denni\OneDrive\Documents\piano-app\node_modules\jsdom\lib\jsdom\browser\not-implemented.js:9:17)
    at HTMLCanvasElementImpl.getContext 
(C:\Users\denni\OneDrive\Documents\piano-app\node_modules\jsdom\lib\jsdom\living\nodes\HTMLCanvasElement-impl.js:42:5)
    at HTMLCanvasElement.getContext 
(C:\Users\denni\OneDrive\Documents\piano-app\node_modules\jsdom\lib\jsdom\living\generated\HTMLCanvasElement.js:131:58)
    at NoteHead.measureText 
(file:///C:/Users/denni/OneDrive/Documents/piano-app/node_modules/vexflow/build/esm/src/element.js:341:107)
    at NoteHead.set width [as width] 
(file:///C:/Users/denni/OneDrive/Documents/piano-app/node_modules/vexflow/build/esm/src/element.js:286:18)
    at new Note (file:///C:/Users/denni/OneDrive/Documents/piano-app/node_modules/vexflow/build/esm/src/note.js:145:20)
    at new NoteHead 
(file:///C:/Users/denni/OneDrive/Documents/piano-app/node_modules/vexflow/build/esm/src/notehead.js:14:9)
    at StaveNote.buildNoteHeads 
(file:///C:/Users/denni/OneDrive/Documents/piano-app/node_modules/vexflow/build/esm/src/stavenote.js:343:30)
    at StaveNote.reset 
(file:///C:/Users/denni/OneDrive/Documents/piano-app/node_modules/vexflow/build/esm/src/stavenote.js:281:14)
    at StaveNote.setStemDirection 
(file:///C:/Users/denni/OneDrive/Documents/piano-app/node_modules/vexflow/build/esm/src/stemmablenote.js:100:14) 
undefined
Element: No context for txtCanvas. Returning empty text metrics.
Error: Not implemented: HTMLCanvasElement.prototype.getContext (without installing the canvas npm package)
    at module.exports 
(C:\Users\denni\OneDrive\Documents\piano-app\node_modules\jsdom\lib\jsdom\browser\not-implemented.js:9:17)
    at HTMLCanvasElementImpl.getContext 
(C:\Users\denni\OneDrive\Documents\piano-app\node_modules\jsdom\lib\jsdom\living\nodes\HTMLCanvasElement-impl.js:42:5)
    at HTMLCanvasElement.getContext 
(C:\Users\denni\OneDrive\Documents\piano-app\node_modules\jsdom\lib\jsdom\living\generated\HTMLCanvasElement.js:131:58)
    at Flag.measureText 
(file:///C:/Users/denni/OneDrive/Documents/piano-app/node_modules/vexflow/build/esm/src/element.js:341:107)
    at Flag.get height [as height] 
(file:///C:/Users/denni/OneDrive/Documents/piano-app/node_modules/vexflow/build/esm/src/element.js:376:18)
    at Flag.getHeight 
(file:///C:/Users/denni/OneDrive/Documents/piano-app/node_modules/vexflow/build/esm/src/element.js:372:21)
    at StaveNote.getStemExtension 
(file:///C:/Users/denni/OneDrive/Documents/piano-app/node_modules/vexflow/build/esm/src/stemmablenote.js:125:38)
    at StaveNote.getStemExtension 
(file:///C:/Users/denni/OneDrive/Documents/piano-app/node_modules/vexflow/build/esm/src/stavenote.js:784:42)
    at StaveNote.setStemDirection 
(file:///C:/Users/denni/OneDrive/Documents/piano-app/node_modules/vexflow/build/esm/src/stemmablenote.js:107:41)
    at Builder.commitPiece 
(file:///C:/Users/denni/OneDrive/Documents/piano-app/node_modules/vexflow/build/esm/src/easyscore.js:282:18) undefined
Element: No context for txtCanvas. Returning empty text metrics.
Error: Not implemented: HTMLCanvasElement.prototype.getContext (without installing the canvas npm package)
    at module.exports 
(C:\Users\denni\OneDrive\Documents\piano-app\node_modules\jsdom\lib\jsdom\browser\not-implemented.js:9:17)
    at HTMLCanvasElementImpl.getContext 
(C:\Users\denni\OneDrive\Documents\piano-app\node_modules\jsdom\lib\jsdom\living\nodes\HTMLCanvasElement-impl.js:42:5)
    at HTMLCanvasElement.getContext 
(C:\Users\denni\OneDrive\Documents\piano-app\node_modules\jsdom\lib\jsdom\living\generated\HTMLCanvasElement.js:131:58)
    at Stave.measureText 
(file:///C:/Users/denni/OneDrive/Documents/piano-app/node_modules/vexflow/build/esm/src/element.js:341:107)
    at Stave.set width [as width] 
(file:///C:/Users/denni/OneDrive/Documents/piano-app/node_modules/vexflow/build/esm/src/element.js:286:18)
    at new Stave 
(file:///C:/Users/denni/OneDrive/Documents/piano-app/node_modules/vexflow/build/esm/src/stave.js:43:20)
    at Factory.Stave 
(file:///C:/Users/denni/OneDrive/Documents/piano-app/node_modules/vexflow/build/esm/src/factory.js:115:23)
    at System.addStave 
(file:///C:/Users/denni/OneDrive/Documents/piano-app/node_modules/vexflow/build/esm/src/system.js:70:89)
    at Timeout.renderNotation [as _onTimeout] 
(C:\Users\denni\OneDrive\Documents\piano-app\src\components\SheetMusicDisplay.jsx:152:12)
    at listOnTimeout (node:internal/timers:605:17) undefined
Element: No context for txtCanvas. Returning empty text metrics.
Error: Not implemented: HTMLCanvasElement.prototype.getContext (without installing the canvas npm package)
    at module.exports 
(C:\Users\denni\OneDrive\Documents\piano-app\node_modules\jsdom\lib\jsdom\browser\not-implemented.js:9:17)
    at HTMLCanvasElementImpl.getContext 
(C:\Users\denni\OneDrive\Documents\piano-app\node_modules\jsdom\lib\jsdom\living\nodes\HTMLCanvasElement-impl.js:42:5)
    at HTMLCanvasElement.getContext 
(C:\Users\denni\OneDrive\Documents\piano-app\node_modules\jsdom\lib\jsdom\living\generated\HTMLCanvasElement.js:131:58)
    at Stave.measureText 
(file:///C:/Users/denni/OneDrive/Documents/piano-app/node_modules/vexflow/build/esm/src/element.js:341:107)
    at Stave.get width [as width] 
(file:///C:/Users/denni/OneDrive/Documents/piano-app/node_modules/vexflow/build/esm/src/element.js:277:18)
    at new Stave 
(file:///C:/Users/denni/OneDrive/Documents/piano-app/node_modules/vexflow/build/esm/src/stave.js:52:55)
    at Factory.Stave 
(file:///C:/Users/denni/OneDrive/Documents/piano-app/node_modules/vexflow/build/esm/src/factory.js:115:23)
    at System.addStave 
(file:///C:/Users/denni/OneDrive/Documents/piano-app/node_modules/vexflow/build/esm/src/system.js:70:89)
    at Timeout.renderNotation [as _onTimeout] 
(C:\Users\denni\OneDrive\Documents\piano-app\src\components\SheetMusicDisplay.jsx:152:12)
    at listOnTimeout (node:internal/timers:605:17) undefined
Element: No context for txtCanvas. Returning empty text metrics.
Error: Not implemented: HTMLCanvasElement.prototype.getContext (without installing the canvas npm package)
    at module.exports 
(C:\Users\denni\OneDrive\Documents\piano-app\node_modules\jsdom\lib\jsdom\browser\not-implemented.js:9:17)
    at HTMLCanvasElementImpl.getContext 
(C:\Users\denni\OneDrive\Documents\piano-app\node_modules\jsdom\lib\jsdom\living\nodes\HTMLCanvasElement-impl.js:42:5)
    at HTMLCanvasElement.getContext 
(C:\Users\denni\OneDrive\Documents\piano-app\node_modules\jsdom\lib\jsdom\living\generated\HTMLCanvasElement.js:131:58)
    at Stave.measureText 
(file:///C:/Users/denni/OneDrive/Documents/piano-app/node_modules/vexflow/build/esm/src/element.js:341:107)
    at Stave.set height [as height] 
(file:///C:/Users/denni/OneDrive/Documents/piano-app/node_modules/vexflow/build/esm/src/element.js:381:18)
    at Stave.resetLines 
(file:///C:/Users/denni/OneDrive/Documents/piano-app/node_modules/vexflow/build/esm/src/stave.js:72:21)
    at new Stave 
(file:///C:/Users/denni/OneDrive/Documents/piano-app/node_modules/vexflow/build/esm/src/stave.js:54:14)
    at Factory.Stave 
(file:///C:/Users/denni/OneDrive/Documents/piano-app/node_modules/vexflow/build/esm/src/factory.js:115:23)
    at System.addStave 
(file:///C:/Users/denni/OneDrive/Documents/piano-app/node_modules/vexflow/build/esm/src/system.js:70:89)
    at Timeout.renderNotation [as _onTimeout] 
(C:\Users\denni\OneDrive\Documents\piano-app\src\components\SheetMusicDisplay.jsx:152:12) undefined
Element: No context for txtCanvas. Returning empty text metrics.
Error: Not implemented: HTMLCanvasElement.prototype.getContext (without installing the canvas npm package)
    at module.exports 
(C:\Users\denni\OneDrive\Documents\piano-app\node_modules\jsdom\lib\jsdom\browser\not-implemented.js:9:17)
    at HTMLCanvasElementImpl.getContext 
(C:\Users\denni\OneDrive\Documents\piano-app\node_modules\jsdom\lib\jsdom\living\nodes\HTMLCanvasElement-impl.js:42:5)
    at HTMLCanvasElement.getContext 
(C:\Users\denni\OneDrive\Documents\piano-app\node_modules\jsdom\lib\jsdom\living\generated\HTMLCanvasElement.js:131:58)
    at Barline.measureText 
(file:///C:/Users/denni/OneDrive/Documents/piano-app/node_modules/vexflow/build/esm/src/element.js:341:107)
    at Barline.set width [as width] 
(file:///C:/Users/denni/OneDrive/Documents/piano-app/node_modules/vexflow/build/esm/src/element.js:286:18)
    at Barline.setWidth 
(file:///C:/Users/denni/OneDrive/Documents/piano-app/node_modules/vexflow/build/esm/src/element.js:281:20)
    at Barline.setType 
(file:///C:/Users/denni/OneDrive/Documents/piano-app/node_modules/vexflow/build/esm/src/stavebarline.js:102:14)
    at new Barline 
(file:///C:/Users/denni/OneDrive/Documents/piano-app/node_modules/vexflow/build/esm/src/stavebarline.js:95:14)
    at new Stave 
(file:///C:/Users/denni/OneDrive/Documents/piano-app/node_modules/vexflow/build/esm/src/stave.js:55:26)
    at Factory.Stave 
(file:///C:/Users/denni/OneDrive/Documents/piano-app/node_modules/vexflow/build/esm/src/factory.js:115:23) undefined
Element: No context for txtCanvas. Returning empty text metrics.
Error: Not implemented: HTMLCanvasElement.prototype.getContext (without installing the canvas npm package)
    at module.exports 
(C:\Users\denni\OneDrive\Documents\piano-app\node_modules\jsdom\lib\jsdom\browser\not-implemented.js:9:17)
    at HTMLCanvasElementImpl.getContext 
(C:\Users\denni\OneDrive\Documents\piano-app\node_modules\jsdom\lib\jsdom\living\nodes\HTMLCanvasElement-impl.js:42:5)
    at HTMLCanvasElement.getContext 
(C:\Users\denni\OneDrive\Documents\piano-app\node_modules\jsdom\lib\jsdom\living\generated\HTMLCanvasElement.js:131:58)
    at Barline.measureText 
(file:///C:/Users/denni/OneDrive/Documents/piano-app/node_modules/vexflow/build/esm/src/element.js:341:107)
    at Barline.set width [as width] 
(file:///C:/Users/denni/OneDrive/Documents/piano-app/node_modules/vexflow/build/esm/src/element.js:286:18)
    at Barline.setWidth 
(file:///C:/Users/denni/OneDrive/Documents/piano-app/node_modules/vexflow/build/esm/src/element.js:281:20)
    at Barline.setType 
(file:///C:/Users/denni/OneDrive/Documents/piano-app/node_modules/vexflow/build/esm/src/stavebarline.js:102:14)
    at new Barline 
(file:///C:/Users/denni/OneDrive/Documents/piano-app/node_modules/vexflow/build/esm/src/stavebarline.js:95:14)
    at new Stave 
(file:///C:/Users/denni/OneDrive/Documents/piano-app/node_modules/vexflow/build/esm/src/stave.js:56:29)
    at Factory.Stave 
(file:///C:/Users/denni/OneDrive/Documents/piano-app/node_modules/vexflow/build/esm/src/factory.js:115:23) undefined
Element: No context for txtCanvas. Returning empty text metrics.
Error: Not implemented: HTMLCanvasElement.prototype.getContext (without installing the canvas npm package)
    at module.exports 
(C:\Users\denni\OneDrive\Documents\piano-app\node_modules\jsdom\lib\jsdom\browser\not-implemented.js:9:17)
    at HTMLCanvasElementImpl.getContext 
(C:\Users\denni\OneDrive\Documents\piano-app\node_modules\jsdom\lib\jsdom\living\nodes\HTMLCanvasElement-impl.js:42:5)
    at HTMLCanvasElement.getContext 
(C:\Users\denni\OneDrive\Documents\piano-app\node_modules\jsdom\lib\jsdom\living\generated\HTMLCanvasElement.js:131:58)
    at Element.measureText 
(file:///C:/Users/denni/OneDrive/Documents/piano-app/node_modules/vexflow/build/esm/src/element.js:341:107)
    at Element.get width [as width] 
(file:///C:/Users/denni/OneDrive/Documents/piano-app/node_modules/vexflow/build/esm/src/element.js:277:18)
    at Element.getWidth 
(file:///C:/Users/denni/OneDrive/Documents/piano-app/node_modules/vexflow/build/esm/src/element.js:273:21)
    at TimeSignature.makeTimeSignatureGlyph 
(file:///C:/Users/denni/OneDrive/Documents/piano-app/node_modules/vexflow/build/esm/src/timesignature.js:71:33)
    at TimeSignature.setTimeSig 
(file:///C:/Users/denni/OneDrive/Documents/piano-app/node_modules/vexflow/build/esm/src/timesignature.js:103:18)
    at new TimeSignature 
(file:///C:/Users/denni/OneDrive/Documents/piano-app/node_modules/vexflow/build/esm/src/timesignature.js:32:14)
    at Stave.addTimeSignature 
(file:///C:/Users/denni/OneDrive/Documents/piano-app/node_modules/vexflow/build/esm/src/stave.js:336:26) undefined
Element: No context for txtCanvas. Returning empty text metrics.
Error: Not implemented: HTMLCanvasElement.prototype.getContext (without installing the canvas npm package)
    at module.exports 
(C:\Users\denni\OneDrive\Documents\piano-app\node_modules\jsdom\lib\jsdom\browser\not-implemented.js:9:17)
    at HTMLCanvasElementImpl.getContext 
(C:\Users\denni\OneDrive\Documents\piano-app\node_modules\jsdom\lib\jsdom\living\nodes\HTMLCanvasElement-impl.js:42:5)
    at HTMLCanvasElement.getContext 
(C:\Users\denni\OneDrive\Documents\piano-app\node_modules\jsdom\lib\jsdom\living\generated\HTMLCanvasElement.js:131:58)
    at Element.measureText 
(file:///C:/Users/denni/OneDrive/Documents/piano-app/node_modules/vexflow/build/esm/src/element.js:341:107)
    at Element.get height [as height] 
(file:///C:/Users/denni/OneDrive/Documents/piano-app/node_modules/vexflow/build/esm/src/element.js:376:18)
    at Element.getHeight 
(file:///C:/Users/denni/OneDrive/Documents/piano-app/node_modules/vexflow/build/esm/src/element.js:372:21)
    at TimeSignature.makeTimeSignatureGlyph 
(file:///C:/Users/denni/OneDrive/Documents/piano-app/node_modules/vexflow/build/esm/src/timesignature.js:72:31)
    at TimeSignature.setTimeSig 
(file:///C:/Users/denni/OneDrive/Documents/piano-app/node_modules/vexflow/build/esm/src/timesignature.js:103:18)
    at new TimeSignature 
(file:///C:/Users/denni/OneDrive/Documents/piano-app/node_modules/vexflow/build/esm/src/timesignature.js:32:14)
    at Stave.addTimeSignature 
(file:///C:/Users/denni/OneDrive/Documents/piano-app/node_modules/vexflow/build/esm/src/stave.js:336:26) undefined
Element: No context for txtCanvas. Returning empty text metrics.
Error: Not implemented: HTMLCanvasElement.prototype.getContext (without installing the canvas npm package)
    at module.exports 
(C:\Users\denni\OneDrive\Documents\piano-app\node_modules\jsdom\lib\jsdom\browser\not-implemented.js:9:17)
    at HTMLCanvasElementImpl.getContext 
(C:\Users\denni\OneDrive\Documents\piano-app\node_modules\jsdom\lib\jsdom\living\nodes\HTMLCanvasElement-impl.js:42:5)
    at HTMLCanvasElement.getContext 
(C:\Users\denni\OneDrive\Documents\piano-app\node_modules\jsdom\lib\jsdom\living\generated\HTMLCanvasElement.js:131:58)
    at Element.measureText 
(file:///C:/Users/denni/OneDrive/Documents/piano-app/node_modules/vexflow/build/esm/src/element.js:341:107)
    at Element.get width [as width] 
(file:///C:/Users/denni/OneDrive/Documents/piano-app/node_modules/vexflow/build/esm/src/element.js:277:18)
    at Element.getWidth 
(file:///C:/Users/denni/OneDrive/Documents/piano-app/node_modules/vexflow/build/esm/src/element.js:273:21)
    at TimeSignature.makeTimeSignatureGlyph 
(file:///C:/Users/denni/OneDrive/Documents/piano-app/node_modules/vexflow/build/esm/src/timesignature.js:80:33)
    at TimeSignature.setTimeSig 
(file:///C:/Users/denni/OneDrive/Documents/piano-app/node_modules/vexflow/build/esm/src/timesignature.js:103:18)
    at new TimeSignature 
(file:///C:/Users/denni/OneDrive/Documents/piano-app/node_modules/vexflow/build/esm/src/timesignature.js:32:14)
    at Stave.addTimeSignature 
(file:///C:/Users/denni/OneDrive/Documents/piano-app/node_modules/vexflow/build/esm/src/stave.js:336:26) undefined
Element: No context for txtCanvas. Returning empty text metrics.
Error: Not implemented: HTMLCanvasElement.prototype.getContext (without installing the canvas npm package)
    at module.exports 
(C:\Users\denni\OneDrive\Documents\piano-app\node_modules\jsdom\lib\jsdom\browser\not-implemented.js:9:17)
    at HTMLCanvasElementImpl.getContext 
(C:\Users\denni\OneDrive\Documents\piano-app\node_modules\jsdom\lib\jsdom\living\nodes\HTMLCanvasElement-impl.js:42:5)
    at HTMLCanvasElement.getContext 
(C:\Users\denni\OneDrive\Documents\piano-app\node_modules\jsdom\lib\jsdom\living\generated\HTMLCanvasElement.js:131:58)
    at Element.measureText 
(file:///C:/Users/denni/OneDrive/Documents/piano-app/node_modules/vexflow/build/esm/src/element.js:341:107)
    at Element.get height [as height] 
(file:///C:/Users/denni/OneDrive/Documents/piano-app/node_modules/vexflow/build/esm/src/element.js:376:18)
    at Element.getHeight 
(file:///C:/Users/denni/OneDrive/Documents/piano-app/node_modules/vexflow/build/esm/src/element.js:372:21)
    at TimeSignature.makeTimeSignatureGlyph 
(file:///C:/Users/denni/OneDrive/Documents/piano-app/node_modules/vexflow/build/esm/src/timesignature.js:81:48)
    at TimeSignature.setTimeSig 
(file:///C:/Users/denni/OneDrive/Documents/piano-app/node_modules/vexflow/build/esm/src/timesignature.js:103:18)
    at new TimeSignature 
(file:///C:/Users/denni/OneDrive/Documents/piano-app/node_modules/vexflow/build/esm/src/timesignature.js:32:14)
    at Stave.addTimeSignature 
(file:///C:/Users/denni/OneDrive/Documents/piano-app/node_modules/vexflow/build/esm/src/stave.js:336:26) undefined
Element: No context for txtCanvas. Returning empty text metrics.
Error: Not implemented: HTMLCanvasElement.prototype.getContext (without installing the canvas npm package)
    at module.exports 
(C:\Users\denni\OneDrive\Documents\piano-app\node_modules\jsdom\lib\jsdom\browser\not-implemented.js:9:17)
    at HTMLCanvasElementImpl.getContext 
(C:\Users\denni\OneDrive\Documents\piano-app\node_modules\jsdom\lib\jsdom\living\nodes\HTMLCanvasElement-impl.js:42:5)
    at HTMLCanvasElement.getContext 
(C:\Users\denni\OneDrive\Documents\piano-app\node_modules\jsdom\lib\jsdom\living\generated\HTMLCanvasElement.js:131:58)
    at TimeSignature.measureText 
(file:///C:/Users/denni/OneDrive/Documents/piano-app/node_modules/vexflow/build/esm/src/element.js:341:107)
    at TimeSignature.set width [as width] 
(file:///C:/Users/denni/OneDrive/Documents/piano-app/node_modules/vexflow/build/esm/src/element.js:286:18)
    at TimeSignature.makeTimeSignatureGlyph 
(file:///C:/Users/denni/OneDrive/Documents/piano-app/node_modules/vexflow/build/esm/src/timesignature.js:83:20)
    at TimeSignature.setTimeSig 
(file:///C:/Users/denni/OneDrive/Documents/piano-app/node_modules/vexflow/build/esm/src/timesignature.js:103:18)
    at new TimeSignature 
(file:///C:/Users/denni/OneDrive/Documents/piano-app/node_modules/vexflow/build/esm/src/timesignature.js:32:14)
    at Stave.addTimeSignature 
(file:///C:/Users/denni/OneDrive/Documents/piano-app/node_modules/vexflow/build/esm/src/stave.js:336:26)
    at Timeout.renderNotation [as _onTimeout] 
(C:\Users\denni\OneDrive\Documents\piano-app\src\components\SheetMusicDisplay.jsx:156:12) undefined
Element: No context for txtCanvas. Returning empty text metrics.
Error: Not implemented: HTMLCanvasElement.prototype.getContext (without installing the canvas npm package)
    at module.exports 
(C:\Users\denni\OneDrive\Documents\piano-app\node_modules\jsdom\lib\jsdom\browser\not-implemented.js:9:17)
    at HTMLCanvasElementImpl.getContext 
(C:\Users\denni\OneDrive\Documents\piano-app\node_modules\jsdom\lib\jsdom\living\nodes\HTMLCanvasElement-impl.js:42:5)
    at HTMLCanvasElement.getContext 
(C:\Users\denni\OneDrive\Documents\piano-app\node_modules\jsdom\lib\jsdom\living\generated\HTMLCanvasElement.js:131:58)
    at TimeSignature.measureText 
(file:///C:/Users/denni/OneDrive/Documents/piano-app/node_modules/vexflow/build/esm/src/element.js:341:107)
    at TimeSignature.get width [as width] 
(file:///C:/Users/denni/OneDrive/Documents/piano-app/node_modules/vexflow/build/esm/src/element.js:277:18)
    at TimeSignature.makeTimeSignatureGlyph 
(file:///C:/Users/denni/OneDrive/Documents/piano-app/node_modules/vexflow/build/esm/src/timesignature.js:84:32)
    at TimeSignature.setTimeSig 
(file:///C:/Users/denni/OneDrive/Documents/piano-app/node_modules/vexflow/build/esm/src/timesignature.js:103:18)
    at new TimeSignature 
(file:///C:/Users/denni/OneDrive/Documents/piano-app/node_modules/vexflow/build/esm/src/timesignature.js:32:14)
    at Stave.addTimeSignature 
(file:///C:/Users/denni/OneDrive/Documents/piano-app/node_modules/vexflow/build/esm/src/stave.js:336:26)
    at Timeout.renderNotation [as _onTimeout] 
(C:\Users\denni\OneDrive\Documents\piano-app\src\components\SheetMusicDisplay.jsx:156:12) undefined
Element: No context for txtCanvas. Returning empty text metrics.
Error: Not implemented: HTMLCanvasElement.prototype.getContext (without installing the canvas npm package)
    at module.exports 
(C:\Users\denni\OneDrive\Documents\piano-app\node_modules\jsdom\lib\jsdom\browser\not-implemented.js:9:17)
    at HTMLCanvasElementImpl.getContext 
(C:\Users\denni\OneDrive\Documents\piano-app\node_modules\jsdom\lib\jsdom\living\nodes\HTMLCanvasElement-impl.js:42:5)
    at HTMLCanvasElement.getContext 
(C:\Users\denni\OneDrive\Documents\piano-app\node_modules\jsdom\lib\jsdom\living\generated\HTMLCanvasElement.js:131:58)
    at TimeSignature.measureText 
(file:///C:/Users/denni/OneDrive/Documents/piano-app/node_modules/vexflow/build/esm/src/element.js:341:107)
    at TimeSignature.get width [as width] 
(file:///C:/Users/denni/OneDrive/Documents/piano-app/node_modules/vexflow/build/esm/src/element.js:277:18)
    at TimeSignature.makeTimeSignatureGlyph 
(file:///C:/Users/denni/OneDrive/Documents/piano-app/node_modules/vexflow/build/esm/src/timesignature.js:85:32)
    at TimeSignature.setTimeSig 
(file:///C:/Users/denni/OneDrive/Documents/piano-app/node_modules/vexflow/build/esm/src/timesignature.js:103:18)
    at new TimeSignature 
(file:///C:/Users/denni/OneDrive/Documents/piano-app/node_modules/vexflow/build/esm/src/timesignature.js:32:14)
    at Stave.addTimeSignature 
(file:///C:/Users/denni/OneDrive/Documents/piano-app/node_modules/vexflow/build/esm/src/stave.js:336:26)
    at Timeout.renderNotation [as _onTimeout] 
(C:\Users\denni\OneDrive\Documents\piano-app\src\components\SheetMusicDisplay.jsx:156:12) undefined
Element: No context for txtCanvas. Returning empty text metrics.
Error: Not implemented: HTMLCanvasElement.prototype.getContext (without installing the canvas npm package)
    at module.exports 
(C:\Users\denni\OneDrive\Documents\piano-app\node_modules\jsdom\lib\jsdom\browser\not-implemented.js:9:17)
    at HTMLCanvasElementImpl.getContext 
(C:\Users\denni\OneDrive\Documents\piano-app\node_modules\jsdom\lib\jsdom\living\nodes\HTMLCanvasElement-impl.js:42:5)
    at HTMLCanvasElement.getContext 
(C:\Users\denni\OneDrive\Documents\piano-app\node_modules\jsdom\lib\jsdom\living\generated\HTMLCanvasElement.js:131:58)
    at Barline.measureText 
(file:///C:/Users/denni/OneDrive/Documents/piano-app/node_modules/vexflow/build/esm/src/element.js:341:107)
    at Barline.get width [as width] 
(file:///C:/Users/denni/OneDrive/Documents/piano-app/node_modules/vexflow/build/esm/src/element.js:277:18)
    at Barline.getWidth 
(file:///C:/Users/denni/OneDrive/Documents/piano-app/node_modules/vexflow/build/esm/src/element.js:273:21)
    at Stave.format 
(file:///C:/Users/denni/OneDrive/Documents/piano-app/node_modules/vexflow/build/esm/src/stave.js:397:30)
    at Stave.getNoteStartX 
(file:///C:/Users/denni/OneDrive/Documents/piano-app/node_modules/vexflow/build/esm/src/stave.js:83:18)
    at file:///C:/Users/denni/OneDrive/Documents/piano-app/node_modules/vexflow/build/esm/src/system.js:109:44
    at Array.forEach (<anonymous>) undefined
Element: No context for txtCanvas. Returning empty text metrics.
Error: Not implemented: HTMLCanvasElement.prototype.getContext (without installing the canvas npm package)
    at module.exports 
(C:\Users\denni\OneDrive\Documents\piano-app\node_modules\jsdom\lib\jsdom\browser\not-implemented.js:9:17)
    at HTMLCanvasElementImpl.getContext 
(C:\Users\denni\OneDrive\Documents\piano-app\node_modules\jsdom\lib\jsdom\living\nodes\HTMLCanvasElement-impl.js:42:5)
    at HTMLCanvasElement.getContext 
(C:\Users\denni\OneDrive\Documents\piano-app\node_modules\jsdom\lib\jsdom\living\generated\HTMLCanvasElement.js:131:58)
    at Clef.measureText 
(file:///C:/Users/denni/OneDrive/Documents/piano-app/node_modules/vexflow/build/esm/src/element.js:341:107)
    at Clef.get width [as width] 
(file:///C:/Users/denni/OneDrive/Documents/piano-app/node_modules/vexflow/build/esm/src/element.js:277:18)
    at Clef.getWidth 
(file:///C:/Users/denni/OneDrive/Documents/piano-app/node_modules/vexflow/build/esm/src/element.js:273:21)
    at Stave.format 
(file:///C:/Users/denni/OneDrive/Documents/piano-app/node_modules/vexflow/build/esm/src/stave.js:397:30)
    at Stave.getNoteStartX 
(file:///C:/Users/denni/OneDrive/Documents/piano-app/node_modules/vexflow/build/esm/src/stave.js:83:18)
    at file:///C:/Users/denni/OneDrive/Documents/piano-app/node_modules/vexflow/build/esm/src/system.js:109:44
    at Array.forEach (<anonymous>) undefined
Element: No context for txtCanvas. Returning empty text metrics.
Error: Not implemented: HTMLCanvasElement.prototype.getContext (without installing the canvas npm package)
    at module.exports 
(C:\Users\denni\OneDrive\Documents\piano-app\node_modules\jsdom\lib\jsdom\browser\not-implemented.js:9:17)
    at HTMLCanvasElementImpl.getContext 
(C:\Users\denni\OneDrive\Documents\piano-app\node_modules\jsdom\lib\jsdom\living\nodes\HTMLCanvasElement-impl.js:42:5)
    at HTMLCanvasElement.getContext 
(C:\Users\denni\OneDrive\Documents\piano-app\node_modules\jsdom\lib\jsdom\living\generated\HTMLCanvasElement.js:131:58)
    at TimeSignature.measureText 
(file:///C:/Users/denni/OneDrive/Documents/piano-app/node_modules/vexflow/build/esm/src/element.js:341:107)
    at TimeSignature.get width [as width] 
(file:///C:/Users/denni/OneDrive/Documents/piano-app/node_modules/vexflow/build/esm/src/element.js:277:18)
    at TimeSignature.getWidth 
(file:///C:/Users/denni/OneDrive/Documents/piano-app/node_modules/vexflow/build/esm/src/element.js:273:21)
    at Stave.format 
(file:///C:/Users/denni/OneDrive/Documents/piano-app/node_modules/vexflow/build/esm/src/stave.js:397:30)
    at Stave.getNoteStartX 
(file:///C:/Users/denni/OneDrive/Documents/piano-app/node_modules/vexflow/build/esm/src/stave.js:83:18)
    at file:///C:/Users/denni/OneDrive/Documents/piano-app/node_modules/vexflow/build/esm/src/system.js:109:44
    at Array.forEach (<anonymous>) undefined
Element: No context for txtCanvas. Returning empty text metrics.
Error: Not implemented: HTMLCanvasElement.prototype.getContext (without installing the canvas npm package)
    at module.exports 
(C:\Users\denni\OneDrive\Documents\piano-app\node_modules\jsdom\lib\jsdom\browser\not-implemented.js:9:17)
    at HTMLCanvasElementImpl.getContext 
(C:\Users\denni\OneDrive\Documents\piano-app\node_modules\jsdom\lib\jsdom\living\nodes\HTMLCanvasElement-impl.js:42:5)
    at HTMLCanvasElement.getContext 
(C:\Users\denni\OneDrive\Documents\piano-app\node_modules\jsdom\lib\jsdom\living\generated\HTMLCanvasElement.js:131:58)
    at Stave.measureText 
(file:///C:/Users/denni/OneDrive/Documents/piano-app/node_modules/vexflow/build/esm/src/element.js:341:107)
    at Stave.get width [as width] 
(file:///C:/Users/denni/OneDrive/Documents/piano-app/node_modules/vexflow/build/esm/src/element.js:277:18)
    at Stave.format 
(file:///C:/Users/denni/OneDrive/Documents/piano-app/node_modules/vexflow/build/esm/src/stave.js:405:27)
    at Stave.getNoteStartX 
(file:///C:/Users/denni/OneDrive/Documents/piano-app/node_modules/vexflow/build/esm/src/stave.js:83:18)
    at file:///C:/Users/denni/OneDrive/Documents/piano-app/node_modules/vexflow/build/esm/src/system.js:109:44
    at Array.forEach (<anonymous>)
    at System.format 
(file:///C:/Users/denni/OneDrive/Documents/piano-app/node_modules/vexflow/build/esm/src/system.js:100:25) undefined
Element: No context for txtCanvas. Returning empty text metrics.
Error: Not implemented: HTMLCanvasElement.prototype.getContext (without installing the canvas npm package)
    at module.exports 
(C:\Users\denni\OneDrive\Documents\piano-app\node_modules\jsdom\lib\jsdom\browser\not-implemented.js:9:17)
    at HTMLCanvasElementImpl.getContext 
(C:\Users\denni\OneDrive\Documents\piano-app\node_modules\jsdom\lib\jsdom\living\nodes\HTMLCanvasElement-impl.js:42:5)
    at HTMLCanvasElement.getContext 
(C:\Users\denni\OneDrive\Documents\piano-app\node_modules\jsdom\lib\jsdom\living\generated\HTMLCanvasElement.js:131:58)
    at Stave.measureText 
(file:///C:/Users/denni/OneDrive/Documents/piano-app/node_modules/vexflow/build/esm/src/element.js:341:107)
    at Stave.get width [as width] 
(file:///C:/Users/denni/OneDrive/Documents/piano-app/node_modules/vexflow/build/esm/src/element.js:277:18)
    at Stave.format 
(file:///C:/Users/denni/OneDrive/Documents/piano-app/node_modules/vexflow/build/esm/src/stave.js:447:63)
    at Stave.getNoteStartX 
(file:///C:/Users/denni/OneDrive/Documents/piano-app/node_modules/vexflow/build/esm/src/stave.js:83:18)
    at file:///C:/Users/denni/OneDrive/Documents/piano-app/node_modules/vexflow/build/esm/src/system.js:109:44
    at Array.forEach (<anonymous>)
    at System.format 
(file:///C:/Users/denni/OneDrive/Documents/piano-app/node_modules/vexflow/build/esm/src/system.js:100:25) undefined
Element: No context for txtCanvas. Returning empty text metrics.
Error: Not implemented: HTMLCanvasElement.prototype.getContext (without installing the canvas npm package)
    at module.exports 
(C:\Users\denni\OneDrive\Documents\piano-app\node_modules\jsdom\lib\jsdom\browser\not-implemented.js:9:17)
    at HTMLCanvasElementImpl.getContext 
(C:\Users\denni\OneDrive\Documents\piano-app\node_modules\jsdom\lib\jsdom\living\nodes\HTMLCanvasElement-impl.js:42:5)
    at HTMLCanvasElement.getContext 
(C:\Users\denni\OneDrive\Documents\piano-app\node_modules\jsdom\lib\jsdom\living\generated\HTMLCanvasElement.js:131:58)
    at NoteHead.measureText 
(file:///C:/Users/denni/OneDrive/Documents/piano-app/node_modules/vexflow/build/esm/src/element.js:341:107)
    at NoteHead.get width [as width] 
(file:///C:/Users/denni/OneDrive/Documents/piano-app/node_modules/vexflow/build/esm/src/element.js:277:18)
    at NoteHead.getWidth 
(file:///C:/Users/denni/OneDrive/Documents/piano-app/node_modules/vexflow/build/esm/src/notehead.js:43:21)
    at StaveNote.getGlyphWidth 
(file:///C:/Users/denni/OneDrive/Documents/piano-app/node_modules/vexflow/build/esm/src/stavenote.js:592:34)
    at StaveNote.preFormat 
(file:///C:/Users/denni/OneDrive/Documents/piano-app/node_modules/vexflow/build/esm/src/stavenote.js:623:26)
    at TickContext.preFormat 
(file:///C:/Users/denni/OneDrive/Documents/piano-app/node_modules/vexflow/build/esm/src/tickcontext.js:149:22)
    at file:///C:/Users/denni/OneDrive/Documents/piano-app/node_modules/vexflow/build/esm/src/formatter.js:323:21 
undefined
Element: No context for txtCanvas. Returning empty text metrics.
Error: Not implemented: HTMLCanvasElement.prototype.getContext (without installing the canvas npm package)
    at module.exports 
(C:\Users\denni\OneDrive\Documents\piano-app\node_modules\jsdom\lib\jsdom\browser\not-implemented.js:9:17)
    at HTMLCanvasElementImpl.getContext 
(C:\Users\denni\OneDrive\Documents\piano-app\node_modules\jsdom\lib\jsdom\living\nodes\HTMLCanvasElement-impl.js:42:5)
    at HTMLCanvasElement.getContext 
(C:\Users\denni\OneDrive\Documents\piano-app\node_modules\jsdom\lib\jsdom\living\generated\HTMLCanvasElement.js:131:58)
    at StaveNote.measureText 
(file:///C:/Users/denni/OneDrive/Documents/piano-app/node_modules/vexflow/build/esm/src/element.js:341:107)
    at StaveNote.set width [as width] 
(file:///C:/Users/denni/OneDrive/Documents/piano-app/node_modules/vexflow/build/esm/src/element.js:286:18)
    at StaveNote.setWidth 
(file:///C:/Users/denni/OneDrive/Documents/piano-app/node_modules/vexflow/build/esm/src/element.js:281:20)
    at StaveNote.preFormat 
(file:///C:/Users/denni/OneDrive/Documents/piano-app/node_modules/vexflow/build/esm/src/stavenote.js:627:14)
    at TickContext.preFormat 
(file:///C:/Users/denni/OneDrive/Documents/piano-app/node_modules/vexflow/build/esm/src/tickcontext.js:149:22)
    at file:///C:/Users/denni/OneDrive/Documents/piano-app/node_modules/vexflow/build/esm/src/formatter.js:323:21
    at Array.forEach (<anonymous>) undefined
Element: No context for txtCanvas. Returning empty text metrics.
Error: Not implemented: HTMLCanvasElement.prototype.getContext (without installing the canvas npm package)
    at module.exports 
(C:\Users\denni\OneDrive\Documents\piano-app\node_modules\jsdom\lib\jsdom\browser\not-implemented.js:9:17)
    at HTMLCanvasElementImpl.getContext 
(C:\Users\denni\OneDrive\Documents\piano-app\node_modules\jsdom\lib\jsdom\living\nodes\HTMLCanvasElement-impl.js:42:5)
    at HTMLCanvasElement.getContext 
(C:\Users\denni\OneDrive\Documents\piano-app\node_modules\jsdom\lib\jsdom\living\generated\HTMLCanvasElement.js:131:58)
    at StaveNote.measureText 
(file:///C:/Users/denni/OneDrive/Documents/piano-app/node_modules/vexflow/build/esm/src/element.js:341:107)
    at StaveNote.get width [as width] 
(file:///C:/Users/denni/OneDrive/Documents/piano-app/node_modules/vexflow/build/esm/src/element.js:277:18)
    at StaveNote.getWidth 
(file:///C:/Users/denni/OneDrive/Documents/piano-app/node_modules/vexflow/build/esm/src/tickable.js:49:21)
    at StaveNote.getMetrics 
(file:///C:/Users/denni/OneDrive/Documents/piano-app/node_modules/vexflow/build/esm/src/note.js:321:28)
    at TickContext.preFormat 
(file:///C:/Users/denni/OneDrive/Documents/piano-app/node_modules/vexflow/build/esm/src/tickcontext.js:150:38)
    at file:///C:/Users/denni/OneDrive/Documents/piano-app/node_modules/vexflow/build/esm/src/formatter.js:323:21
    at Array.forEach (<anonymous>) undefined
Element: No context for txtCanvas. Returning empty text metrics.
Error: Not implemented: HTMLCanvasElement.prototype.getContext (without installing the canvas npm package)
    at module.exports 
(C:\Users\denni\OneDrive\Documents\piano-app\node_modules\jsdom\lib\jsdom\browser\not-implemented.js:9:17)
    at HTMLCanvasElementImpl.getContext 
(C:\Users\denni\OneDrive\Documents\piano-app\node_modules\jsdom\lib\jsdom\living\nodes\HTMLCanvasElement-impl.js:42:5)
    at HTMLCanvasElement.getContext 
(C:\Users\denni\OneDrive\Documents\piano-app\node_modules\jsdom\lib\jsdom\living\generated\HTMLCanvasElement.js:131:58)
    at NoteHead.measureText 
(file:///C:/Users/denni/OneDrive/Documents/piano-app/node_modules/vexflow/build/esm/src/element.js:341:107)
    at NoteHead.get width [as width] 
(file:///C:/Users/denni/OneDrive/Documents/piano-app/node_modules/vexflow/build/esm/src/element.js:277:18)
    at NoteHead.getWidth 
(file:///C:/Users/denni/OneDrive/Documents/piano-app/node_modules/vexflow/build/esm/src/notehead.js:43:21)
    at StaveNote.getGlyphWidth 
(file:///C:/Users/denni/OneDrive/Documents/piano-app/node_modules/vexflow/build/esm/src/stavenote.js:592:34)
    at StaveNote.getMetrics 
(file:///C:/Users/denni/OneDrive/Documents/piano-app/node_modules/vexflow/build/esm/src/note.js:322:33)
    at TickContext.preFormat 
(file:///C:/Users/denni/OneDrive/Documents/piano-app/node_modules/vexflow/build/esm/src/tickcontext.js:150:38)
    at file:///C:/Users/denni/OneDrive/Documents/piano-app/node_modules/vexflow/build/esm/src/formatter.js:323:21 
undefined
Element: No context for txtCanvas. Returning empty text metrics.
Error: Not implemented: HTMLCanvasElement.prototype.getContext (without installing the canvas npm package)
    at module.exports 
(C:\Users\denni\OneDrive\Documents\piano-app\node_modules\jsdom\lib\jsdom\browser\not-implemented.js:9:17)
    at HTMLCanvasElementImpl.getContext 
(C:\Users\denni\OneDrive\Documents\piano-app\node_modules\jsdom\lib\jsdom\living\nodes\HTMLCanvasElement-impl.js:42:5)
    at HTMLCanvasElement.getContext 
(C:\Users\denni\OneDrive\Documents\piano-app\node_modules\jsdom\lib\jsdom\living\generated\HTMLCanvasElement.js:131:58)
    at Stave.measureText 
(file:///C:/Users/denni/OneDrive/Documents/piano-app/node_modules/vexflow/build/esm/src/element.js:341:107)
    at Stave.get width [as width] 
(file:///C:/Users/denni/OneDrive/Documents/piano-app/node_modules/vexflow/build/esm/src/element.js:277:18)
    at Stave.draw 
(file:///C:/Users/denni/OneDrive/Documents/piano-app/node_modules/vexflow/build/esm/src/stave.js:458:28)
    at Stave.drawWithStyle 
(file:///C:/Users/denni/OneDrive/Documents/piano-app/node_modules/vexflow/build/esm/src/element.js:109:14)
    at file:///C:/Users/denni/OneDrive/Documents/piano-app/node_modules/vexflow/build/esm/src/factory.js:453:54
    at Array.forEach (<anonymous>)
    at Factory.draw 
(file:///C:/Users/denni/OneDrive/Documents/piano-app/node_modules/vexflow/build/esm/src/factory.js:453:21) undefined
Element: No context for txtCanvas. Returning empty text metrics.
Error: Not implemented: HTMLCanvasElement.prototype.getContext (without installing the canvas npm package)
    at module.exports 
(C:\Users\denni\OneDrive\Documents\piano-app\node_modules\jsdom\lib\jsdom\browser\not-implemented.js:9:17)
    at HTMLCanvasElementImpl.getContext 
(C:\Users\denni\OneDrive\Documents\piano-app\node_modules\jsdom\lib\jsdom\living\nodes\HTMLCanvasElement-impl.js:42:5)
    at HTMLCanvasElement.getContext 
(C:\Users\denni\OneDrive\Documents\piano-app\node_modules\jsdom\lib\jsdom\living\generated\HTMLCanvasElement.js:131:58)
    at NoteHead.measureText 
(file:///C:/Users/denni/OneDrive/Documents/piano-app/node_modules/vexflow/build/esm/src/element.js:341:107)
    at NoteHead.get width [as width] 
(file:///C:/Users/denni/OneDrive/Documents/piano-app/node_modules/vexflow/build/esm/src/element.js:277:18)
    at NoteHead.getWidth 
(file:///C:/Users/denni/OneDrive/Documents/piano-app/node_modules/vexflow/build/esm/src/notehead.js:43:21)
    at StaveNote.getGlyphWidth 
(file:///C:/Users/denni/OneDrive/Documents/piano-app/node_modules/vexflow/build/esm/src/stavenote.js:592:34)
    at StaveNote.getStemX 
(file:///C:/Users/denni/OneDrive/Documents/piano-app/node_modules/vexflow/build/esm/src/stemmablenote.js:116:63)
    at StaveNote.getStemX 
(file:///C:/Users/denni/OneDrive/Documents/piano-app/node_modules/vexflow/build/esm/src/stavenote.js:465:26)
    at StaveNote.draw 
(file:///C:/Users/denni/OneDrive/Documents/piano-app/node_modules/vexflow/build/esm/src/stavenote.js:822:32) undefined
Element: No context for txtCanvas. Returning empty text metrics.
Error: Not implemented: HTMLCanvasElement.prototype.getContext (without installing the canvas npm package)
    at module.exports 
(C:\Users\denni\OneDrive\Documents\piano-app\node_modules\jsdom\lib\jsdom\browser\not-implemented.js:9:17)
    at HTMLCanvasElementImpl.getContext 
(C:\Users\denni\OneDrive\Documents\piano-app\node_modules\jsdom\lib\jsdom\living\nodes\HTMLCanvasElement-impl.js:42:5)
    at HTMLCanvasElement.getContext 
(C:\Users\denni\OneDrive\Documents\piano-app\node_modules\jsdom\lib\jsdom\living\generated\HTMLCanvasElement.js:131:58)
    at NoteHead.measureText 
(file:///C:/Users/denni/OneDrive/Documents/piano-app/node_modules/vexflow/build/esm/src/element.js:341:107)
    at NoteHead.get width [as width] 
(file:///C:/Users/denni/OneDrive/Documents/piano-app/node_modules/vexflow/build/esm/src/element.js:277:18)
    at NoteHead.getWidth 
(file:///C:/Users/denni/OneDrive/Documents/piano-app/node_modules/vexflow/build/esm/src/notehead.js:43:21)
    at StaveNote.getGlyphWidth 
(file:///C:/Users/denni/OneDrive/Documents/piano-app/node_modules/vexflow/build/esm/src/stavenote.js:592:34)
    at StaveNote.drawLedgerLines 
(file:///C:/Users/denni/OneDrive/Documents/piano-app/node_modules/vexflow/build/esm/src/stavenote.js:690:28)
    at StaveNote.draw 
(file:///C:/Users/denni/OneDrive/Documents/piano-app/node_modules/vexflow/build/esm/src/stavenote.js:827:14)
    at StaveNote.drawWithStyle 
(file:///C:/Users/denni/OneDrive/Documents/piano-app/node_modules/vexflow/build/esm/src/element.js:109:14) undefined
Element: No context for txtCanvas. Returning empty text metrics.
Error: Not implemented: HTMLCanvasElement.prototype.getContext (without installing the canvas npm package)
    at module.exports 
(C:\Users\denni\OneDrive\Documents\piano-app\node_modules\jsdom\lib\jsdom\browser\not-implemented.js:9:17)
    at HTMLCanvasElementImpl.getContext 
(C:\Users\denni\OneDrive\Documents\piano-app\node_modules\jsdom\lib\jsdom\living\nodes\HTMLCanvasElement-impl.js:42:5)
    at HTMLCanvasElement.getContext 
(C:\Users\denni\OneDrive\Documents\piano-app\node_modules\jsdom\lib\jsdom\living\generated\HTMLCanvasElement.js:131:58)
    at NoteHead.measureText 
(file:///C:/Users/denni/OneDrive/Documents/piano-app/node_modules/vexflow/build/esm/src/element.js:341:107)
    at NoteHead.get width [as width] 
(file:///C:/Users/denni/OneDrive/Documents/piano-app/node_modules/vexflow/build/esm/src/element.js:277:18)
    at NoteHead.getWidth 
(file:///C:/Users/denni/OneDrive/Documents/piano-app/node_modules/vexflow/build/esm/src/notehead.js:43:21)
    at StaveNote.getGlyphWidth 
(file:///C:/Users/denni/OneDrive/Documents/piano-app/node_modules/vexflow/build/esm/src/stavenote.js:592:34)
    at StaveNote.drawLedgerLines 
(file:///C:/Users/denni/OneDrive/Documents/piano-app/node_modules/vexflow/build/esm/src/stavenote.js:691:39)
    at StaveNote.draw 
(file:///C:/Users/denni/OneDrive/Documents/piano-app/node_modules/vexflow/build/esm/src/stavenote.js:827:14)
    at StaveNote.drawWithStyle 
(file:///C:/Users/denni/OneDrive/Documents/piano-app/node_modules/vexflow/build/esm/src/element.js:109:14) undefined
Element: No context for txtCanvas. Returning empty text metrics.
Error: Not implemented: HTMLCanvasElement.prototype.getContext (without installing the canvas npm package)
    at module.exports 
(C:\Users\denni\OneDrive\Documents\piano-app\node_modules\jsdom\lib\jsdom\browser\not-implemented.js:9:17)
    at HTMLCanvasElementImpl.getContext 
(C:\Users\denni\OneDrive\Documents\piano-app\node_modules\jsdom\lib\jsdom\living\nodes\HTMLCanvasElement-impl.js:42:5)
    at HTMLCanvasElement.getContext 
(C:\Users\denni\OneDrive\Documents\piano-app\node_modules\jsdom\lib\jsdom\living\generated\HTMLCanvasElement.js:131:58)
    at NoteHead.measureText 
(file:///C:/Users/denni/OneDrive/Documents/piano-app/node_modules/vexflow/build/esm/src/element.js:341:107)
    at NoteHead.get textMetrics [as textMetrics] 
(file:///C:/Users/denni/OneDrive/Documents/piano-app/node_modules/vexflow/build/esm/src/element.js:368:18)
    at NoteHead.getBoundingBox 
(file:///C:/Users/denni/OneDrive/Documents/piano-app/node_modules/vexflow/build/esm/src/element.js:187:82)
    at NoteHead.getBoundingBox 
(file:///C:/Users/denni/OneDrive/Documents/piano-app/node_modules/vexflow/build/esm/src/note.js:377:35)
    at file:///C:/Users/denni/OneDrive/Documents/piano-app/node_modules/vexflow/build/esm/src/stavenote.js:410:44
    at Array.forEach (<anonymous>)
    at StaveNote.getBoundingBox 
(file:///C:/Users/denni/OneDrive/Documents/piano-app/node_modules/vexflow/build/esm/src/stavenote.js:409:25) undefined
Element: No context for txtCanvas. Returning empty text metrics.
Error: Not implemented: HTMLCanvasElement.prototype.getContext (without installing the canvas npm package)
    at module.exports 
(C:\Users\denni\OneDrive\Documents\piano-app\node_modules\jsdom\lib\jsdom\browser\not-implemented.js:9:17)
    at HTMLCanvasElementImpl.getContext 
(C:\Users\denni\OneDrive\Documents\piano-app\node_modules\jsdom\lib\jsdom\living\nodes\HTMLCanvasElement-impl.js:42:5)
    at HTMLCanvasElement.getContext 
(C:\Users\denni\OneDrive\Documents\piano-app\node_modules\jsdom\lib\jsdom\living\generated\HTMLCanvasElement.js:131:58)
    at NoteHead.measureText 
(file:///C:/Users/denni/OneDrive/Documents/piano-app/node_modules/vexflow/build/esm/src/element.js:341:107)
    at NoteHead.get width [as width] 
(file:///C:/Users/denni/OneDrive/Documents/piano-app/node_modules/vexflow/build/esm/src/element.js:277:18)
    at NoteHead.getBoundingBox 
(file:///C:/Users/denni/OneDrive/Documents/piano-app/node_modules/vexflow/build/esm/src/element.js:187:124)
    at NoteHead.getBoundingBox 
(file:///C:/Users/denni/OneDrive/Documents/piano-app/node_modules/vexflow/build/esm/src/note.js:377:35)
    at file:///C:/Users/denni/OneDrive/Documents/piano-app/node_modules/vexflow/build/esm/src/stavenote.js:410:44
    at Array.forEach (<anonymous>)
    at StaveNote.getBoundingBox 
(file:///C:/Users/denni/OneDrive/Documents/piano-app/node_modules/vexflow/build/esm/src/stavenote.js:409:25) undefined
Element: No context for txtCanvas. Returning empty text metrics.
Error: Not implemented: HTMLCanvasElement.prototype.getContext (without installing the canvas npm package)
    at module.exports 
(C:\Users\denni\OneDrive\Documents\piano-app\node_modules\jsdom\lib\jsdom\browser\not-implemented.js:9:17)
    at HTMLCanvasElementImpl.getContext 
(C:\Users\denni\OneDrive\Documents\piano-app\node_modules\jsdom\lib\jsdom\living\nodes\HTMLCanvasElement-impl.js:42:5)
    at HTMLCanvasElement.getContext 
(C:\Users\denni\OneDrive\Documents\piano-app\node_modules\jsdom\lib\jsdom\living\generated\HTMLCanvasElement.js:131:58)
    at NoteHead.measureText 
(file:///C:/Users/denni/OneDrive/Documents/piano-app/node_modules/vexflow/build/esm/src/element.js:341:107)
    at NoteHead.get height [as height] 
(file:///C:/Users/denni/OneDrive/Documents/piano-app/node_modules/vexflow/build/esm/src/element.js:376:18)
    at NoteHead.getBoundingBox 
(file:///C:/Users/denni/OneDrive/Documents/piano-app/node_modules/vexflow/build/esm/src/element.js:187:136)
    at NoteHead.getBoundingBox 
(file:///C:/Users/denni/OneDrive/Documents/piano-app/node_modules/vexflow/build/esm/src/note.js:377:35)
    at file:///C:/Users/denni/OneDrive/Documents/piano-app/node_modules/vexflow/build/esm/src/stavenote.js:410:44
    at Array.forEach (<anonymous>)
    at StaveNote.getBoundingBox 
(file:///C:/Users/denni/OneDrive/Documents/piano-app/node_modules/vexflow/build/esm/src/stavenote.js:409:25) undefined
Element: No context for txtCanvas. Returning empty text metrics.
Error: Not implemented: HTMLCanvasElement.prototype.getContext (without installing the canvas npm package)
    at module.exports 
(C:\Users\denni\OneDrive\Documents\piano-app\node_modules\jsdom\lib\jsdom\browser\not-implemented.js:9:17)
    at HTMLCanvasElementImpl.getContext 
(C:\Users\denni\OneDrive\Documents\piano-app\node_modules\jsdom\lib\jsdom\living\nodes\HTMLCanvasElement-impl.js:42:5)
    at HTMLCanvasElement.getContext 
(C:\Users\denni\OneDrive\Documents\piano-app\node_modules\jsdom\lib\jsdom\living\generated\HTMLCanvasElement.js:131:58)
    at NoteHead.measureText 
(file:///C:/Users/denni/OneDrive/Documents/piano-app/node_modules/vexflow/build/esm/src/element.js:341:107)
    at NoteHead.get textMetrics [as textMetrics] 
(file:///C:/Users/denni/OneDrive/Documents/piano-app/node_modules/vexflow/build/esm/src/element.js:368:18)
    at NoteHead.getBoundingBox 
(file:///C:/Users/denni/OneDrive/Documents/piano-app/node_modules/vexflow/build/esm/src/element.js:187:82)
    at NoteHead.getBoundingBox 
(file:///C:/Users/denni/OneDrive/Documents/piano-app/node_modules/vexflow/build/esm/src/note.js:377:35)
    at file:///C:/Users/denni/OneDrive/Documents/piano-app/node_modules/vexflow/build/esm/src/stavenote.js:410:44
    at Array.forEach (<anonymous>)
    at StaveNote.getBoundingBox 
(file:///C:/Users/denni/OneDrive/Documents/piano-app/node_modules/vexflow/build/esm/src/stavenote.js:409:25) undefined
Element: No context for txtCanvas. Returning empty text metrics.
Error: Not implemented: HTMLCanvasElement.prototype.getContext (without installing the canvas npm package)
    at module.exports 
(C:\Users\denni\OneDrive\Documents\piano-app\node_modules\jsdom\lib\jsdom\browser\not-implemented.js:9:17)
    at HTMLCanvasElementImpl.getContext 
(C:\Users\denni\OneDrive\Documents\piano-app\node_modules\jsdom\lib\jsdom\living\nodes\HTMLCanvasElement-impl.js:42:5)
    at HTMLCanvasElement.getContext 
(C:\Users\denni\OneDrive\Documents\piano-app\node_modules\jsdom\lib\jsdom\living\generated\HTMLCanvasElement.js:131:58)
    at NoteHead.measureText 
(file:///C:/Users/denni/OneDrive/Documents/piano-app/node_modules/vexflow/build/esm/src/element.js:341:107)
    at NoteHead.get width [as width] 
(file:///C:/Users/denni/OneDrive/Documents/piano-app/node_modules/vexflow/build/esm/src/element.js:277:18)
    at NoteHead.getBoundingBox 
(file:///C:/Users/denni/OneDrive/Documents/piano-app/node_modules/vexflow/build/esm/src/element.js:187:124)
    at NoteHead.getBoundingBox 
(file:///C:/Users/denni/OneDrive/Documents/piano-app/node_modules/vexflow/build/esm/src/note.js:377:35)
    at file:///C:/Users/denni/OneDrive/Documents/piano-app/node_modules/vexflow/build/esm/src/stavenote.js:410:44
    at Array.forEach (<anonymous>)
    at StaveNote.getBoundingBox 
(file:///C:/Users/denni/OneDrive/Documents/piano-app/node_modules/vexflow/build/esm/src/stavenote.js:409:25) undefined
Element: No context for txtCanvas. Returning empty text metrics.
Error: Not implemented: HTMLCanvasElement.prototype.getContext (without installing the canvas npm package)
    at module.exports 
(C:\Users\denni\OneDrive\Documents\piano-app\node_modules\jsdom\lib\jsdom\browser\not-implemented.js:9:17)
    at HTMLCanvasElementImpl.getContext 
(C:\Users\denni\OneDrive\Documents\piano-app\node_modules\jsdom\lib\jsdom\living\nodes\HTMLCanvasElement-impl.js:42:5)
    at HTMLCanvasElement.getContext 
(C:\Users\denni\OneDrive\Documents\piano-app\node_modules\jsdom\lib\jsdom\living\generated\HTMLCanvasElement.js:131:58)
    at NoteHead.measureText 
(file:///C:/Users/denni/OneDrive/Documents/piano-app/node_modules/vexflow/build/esm/src/element.js:341:107)
    at NoteHead.get height [as height] 
(file:///C:/Users/denni/OneDrive/Documents/piano-app/node_modules/vexflow/build/esm/src/element.js:376:18)
    at NoteHead.getBoundingBox 
(file:///C:/Users/denni/OneDrive/Documents/piano-app/node_modules/vexflow/build/esm/src/element.js:187:136)
    at NoteHead.getBoundingBox 
(file:///C:/Users/denni/OneDrive/Documents/piano-app/node_modules/vexflow/build/esm/src/note.js:377:35)
    at file:///C:/Users/denni/OneDrive/Documents/piano-app/node_modules/vexflow/build/esm/src/stavenote.js:410:44
    at Array.forEach (<anonymous>)
    at StaveNote.getBoundingBox 
(file:///C:/Users/denni/OneDrive/Documents/piano-app/node_modules/vexflow/build/esm/src/stavenote.js:409:25) undefined
Element: No context for txtCanvas. Returning empty text metrics.
Error: Not implemented: HTMLCanvasElement.prototype.getContext (without installing the canvas npm package)
    at module.exports 
(C:\Users\denni\OneDrive\Documents\piano-app\node_modules\jsdom\lib\jsdom\browser\not-implemented.js:9:17)
    at HTMLCanvasElementImpl.getContext 
(C:\Users\denni\OneDrive\Documents\piano-app\node_modules\jsdom\lib\jsdom\living\nodes\HTMLCanvasElement-impl.js:42:5)
    at HTMLCanvasElement.getContext 
(C:\Users\denni\OneDrive\Documents\piano-app\node_modules\jsdom\lib\jsdom\living\generated\HTMLCanvasElement.js:131:58)
    at NoteHead.measureText 
(file:///C:/Users/denni/OneDrive/Documents/piano-app/node_modules/vexflow/build/esm/src/element.js:341:107)
    at NoteHead.get textMetrics [as textMetrics] 
(file:///C:/Users/denni/OneDrive/Documents/piano-app/node_modules/vexflow/build/esm/src/element.js:368:18)
    at NoteHead.getBoundingBox 
(file:///C:/Users/denni/OneDrive/Documents/piano-app/node_modules/vexflow/build/esm/src/element.js:187:82)
    at NoteHead.getBoundingBox 
(file:///C:/Users/denni/OneDrive/Documents/piano-app/node_modules/vexflow/build/esm/src/note.js:377:35)
    at file:///C:/Users/denni/OneDrive/Documents/piano-app/node_modules/vexflow/build/esm/src/stavenote.js:410:44
    at Array.forEach (<anonymous>)
    at StaveNote.getBoundingBox 
(file:///C:/Users/denni/OneDrive/Documents/piano-app/node_modules/vexflow/build/esm/src/stavenote.js:409:25) undefined
Element: No context for txtCanvas. Returning empty text metrics.
Error: Not implemented: HTMLCanvasElement.prototype.getContext (without installing the canvas npm package)
    at module.exports 
(C:\Users\denni\OneDrive\Documents\piano-app\node_modules\jsdom\lib\jsdom\browser\not-implemented.js:9:17)
    at HTMLCanvasElementImpl.getContext 
(C:\Users\denni\OneDrive\Documents\piano-app\node_modules\jsdom\lib\jsdom\living\nodes\HTMLCanvasElement-impl.js:42:5)
    at HTMLCanvasElement.getContext 
(C:\Users\denni\OneDrive\Documents\piano-app\node_modules\jsdom\lib\jsdom\living\generated\HTMLCanvasElement.js:131:58)
    at NoteHead.measureText 
(file:///C:/Users/denni/OneDrive/Documents/piano-app/node_modules/vexflow/build/esm/src/element.js:341:107)
    at NoteHead.get width [as width] 
(file:///C:/Users/denni/OneDrive/Documents/piano-app/node_modules/vexflow/build/esm/src/element.js:277:18)
    at NoteHead.getBoundingBox 
(file:///C:/Users/denni/OneDrive/Documents/piano-app/node_modules/vexflow/build/esm/src/element.js:187:124)
    at NoteHead.getBoundingBox 
(file:///C:/Users/denni/OneDrive/Documents/piano-app/node_modules/vexflow/build/esm/src/note.js:377:35)
    at file:///C:/Users/denni/OneDrive/Documents/piano-app/node_modules/vexflow/build/esm/src/stavenote.js:410:44
    at Array.forEach (<anonymous>)
    at StaveNote.getBoundingBox 
(file:///C:/Users/denni/OneDrive/Documents/piano-app/node_modules/vexflow/build/esm/src/stavenote.js:409:25) undefined
Element: No context for txtCanvas. Returning empty text metrics.
Error: Not implemented: HTMLCanvasElement.prototype.getContext (without installing the canvas npm package)
    at module.exports 
(C:\Users\denni\OneDrive\Documents\piano-app\node_modules\jsdom\lib\jsdom\browser\not-implemented.js:9:17)
    at HTMLCanvasElementImpl.getContext 
(C:\Users\denni\OneDrive\Documents\piano-app\node_modules\jsdom\lib\jsdom\living\nodes\HTMLCanvasElement-impl.js:42:5)
    at HTMLCanvasElement.getContext 
(C:\Users\denni\OneDrive\Documents\piano-app\node_modules\jsdom\lib\jsdom\living\generated\HTMLCanvasElement.js:131:58)
    at NoteHead.measureText 
(file:///C:/Users/denni/OneDrive/Documents/piano-app/node_modules/vexflow/build/esm/src/element.js:341:107)
    at NoteHead.get height [as height] 
(file:///C:/Users/denni/OneDrive/Documents/piano-app/node_modules/vexflow/build/esm/src/element.js:376:18)
    at NoteHead.getBoundingBox 
(file:///C:/Users/denni/OneDrive/Documents/piano-app/node_modules/vexflow/build/esm/src/element.js:187:136)
    at NoteHead.getBoundingBox 
(file:///C:/Users/denni/OneDrive/Documents/piano-app/node_modules/vexflow/build/esm/src/note.js:377:35)
    at file:///C:/Users/denni/OneDrive/Documents/piano-app/node_modules/vexflow/build/esm/src/stavenote.js:410:44
    at Array.forEach (<anonymous>)
    at StaveNote.getBoundingBox 
(file:///C:/Users/denni/OneDrive/Documents/piano-app/node_modules/vexflow/build/esm/src/stavenote.js:409:25) undefined
Element: No context for txtCanvas. Returning empty text metrics.

 Γ£ô src/test/i4v5-inversion-tracking.test.jsx  (6 tests) 3935ms
