
[7m[1m[36m RUN [39m[22m[27m [36mv1.6.1[39m [90mC:/Users/denni/OneDrive/Documents/piano-app[39m

[90mstdout[2m | src/test/CircleOfFifthsHighlighting.test.jsx[2m > [22m[2mCircleOfFifths Highlighting[2m > [22m[2mshould highlight Em segment when detectedChord is E Minor[22m[39m
CircleOfFifths Debug: {
  detectedChord: { root: [32m'E'[39m, type: [32m'minor'[39m, name: [32m'E Minor'[39m },
  root: [32m'E'[39m,
  isMinor: [33mtrue[39m
}
CircleOfFifths Debug: {
  detectedChord: { root: [32m'E'[39m, type: [32m'minor'[39m, name: [32m'E Minor'[39m },
  root: [32m'E'[39m,
  isMinor: [33mtrue[39m
}

[90mstdout[2m | src/test/CircleOfFifthsHighlighting.test.jsx[2m > [22m[2mCircleOfFifths Highlighting[2m > [22m[2mshould highlight Em segment when detectedChord name is "Em" (compact format)[22m[39m
CircleOfFifths Debug: { detectedChord: { name: [32m'Em'[39m }, root: [32m'E'[39m, isMinor: [33mtrue[39m }
CircleOfFifths Debug: { detectedChord: { name: [32m'Em'[39m }, root: [32m'E'[39m, isMinor: [33mtrue[39m }

 [33mΓ¥»[39m src/test/CircleOfFifthsHighlighting.test.jsx [2m ([22m[2m2 tests[22m [2m|[22m [31m2 failed[39m[2m)[22m[90m 16[2mms[22m[39m
[31m   [33mΓ¥»[31m src/test/CircleOfFifthsHighlighting.test.jsx[2m > [22mCircleOfFifths Highlighting[2m > [22mshould highlight Em segment when detectedChord is E Minor[39m
[31m     ΓåÆ angle is not defined[39m
[31m   [33mΓ¥»[31m src/test/CircleOfFifthsHighlighting.test.jsx[2m > [22mCircleOfFifths Highlighting[2m > [22mshould highlight Em segment when detectedChord name is "Em" (compact format)[39m
[31m     ΓåÆ angle is not defined[39m

[2m Test Files [22m [1m[31m1 failed[39m[22m[90m (1)[39m
[2m      Tests [22m [1m[31m2 failed[39m[22m[90m (2)[39m
[2m   Start at [22m 21:32:53
[2m   Duration [22m 879ms[2m (transform 43ms, setup 53ms, collect 153ms, tests 16ms, environment 364ms, prepare 112ms)[22m

